__objc_module_register  cls_def_cnt=0 cat_def_cnt=0
__objc_module_register  cls_def_cnt=1 cat_def_cnt=0
__objc_class_register -[NXAutoreleasePool] @0x0000000102a48350 size=48
__objc_statics_register [NXConstantString]
__objc_module_register  cls_def_cnt=1 cat_def_cnt=0
__objc_class_register -[NXNumber] @0x0000000102a486b0 size=32
__objc_module_register  cls_def_cnt=1 cat_def_cnt=0
__objc_class_register -[NXNumberBool] @0x0000000102a489f8 size=40
__objc_module_register  cls_def_cnt=1 cat_def_cnt=0
__objc_class_register -[NXNumberInt16] @0x0000000102a48d80 size=40
__objc_statics_register [NXConstantString]
__objc_module_register  cls_def_cnt=1 cat_def_cnt=0
__objc_class_register -[NXNumberInt32] @0x0000000102a49120 size=40
__objc_statics_register [NXConstantString]
__objc_module_register  cls_def_cnt=1 cat_def_cnt=0
__objc_class_register -[NXNumberInt64] @0x0000000102a494c0 size=40
__objc_statics_register [NXConstantString]
__objc_module_register  cls_def_cnt=1 cat_def_cnt=0
__objc_class_register -[NXNumberUnsignedInt16] @0x0000000102a49860 size=40
__objc_statics_register [NXConstantString]
__objc_module_register  cls_def_cnt=1 cat_def_cnt=0
__objc_class_register -[NXNumberUnsignedInt32] @0x0000000102a49bf0 size=40
__objc_statics_register [NXConstantString]
__objc_module_register  cls_def_cnt=1 cat_def_cnt=0
__objc_class_register -[NXNumberUnsignedInt64] @0x0000000102a49f80 size=40
__objc_statics_register [NXConstantString]
__objc_module_register  cls_def_cnt=1 cat_def_cnt=0
__objc_class_register -[NXObject] @0x0000000102a4a270 size=32
__objc_module_register  cls_def_cnt=1 cat_def_cnt=0
__objc_class_register -[NXString] @0x0000000102a4a650 size=56
__objc_protocol_register <NXConstantStringProtocol>
__objc_statics_register [Protocol]
__objc_module_register  cls_def_cnt=1 cat_def_cnt=0
__objc_class_register -[NXZone] @0x0000000102a4ab68 size=64
__objc_statics_register [NXConstantString]
__objc_module_register  cls_def_cnt=0 cat_def_cnt=0
__objc_statics_register [NXConstantString]
__objc_module_register  cls_def_cnt=0 cat_def_cnt=1
__objc_category_register [Object+Description]
__objc_module_register  cls_def_cnt=0 cat_def_cnt=0
__objc_module_register  cls_def_cnt=1 cat_def_cnt=0
__objc_class_register -[NXConstantString] @0x0000000102a4b0b0 size=24
__objc_protocol_register <NXConstantStringProtocol>
Warning: Duplicate protocol named: NXConstantStringProtocol. Registration skipped.
__objc_module_register  cls_def_cnt=1 cat_def_cnt=0
__objc_class_register -[Object] @0x0000000102a4b520 size=8
__objc_protocol_register <ObjectProtocol>
__objc_module_register  cls_def_cnt=1 cat_def_cnt=0
__objc_class_register -[Protocol] @0x0000000102a4b748 size=16
NXFoundation_19
objc_lookup_class -[NXZone] @0x0000000102a4ab68
  __objc_class_register_methods -[NXZone] @0x0000000102a4ab68 size=64
    -[NXZone bytesFree] types=Q16@0:8 imp=0x0000000102a386c4
    -[NXZone bytesUsed] types=Q16@0:8 imp=0x0000000102a38664
    -[NXZone bytesTotal] types=Q16@0:8 imp=0x0000000102a38604
    -[NXZone dump] types=v16@0:8 imp=0x0000000102a383a0
    -[NXZone free:] types=v24@0:8^v16 imp=0x0000000102a38288
    -[NXZone allocWithSize:] types=^v24@0:8Q16 imp=0x0000000102a38104
    -[NXZone dealloc] types=v16@0:8 imp=0x0000000102a38028
    -[NXZone init] types=@16@0:8 imp=0x0000000102a37ecc
objc_lookup_class -[NXObject] @0x0000000102a4a270
  __objc_class_register_methods -[NXObject] @0x0000000102a4a270 size=32
    -[NXObject autorelease] types=@16@0:8 imp=0x0000000102a36ed8
    -[NXObject release] types=v16@0:8 imp=0x0000000102a36df4
    -[NXObject retain] types=@16@0:8 imp=0x0000000102a36da4
    -[NXObject dealloc] types=v16@0:8 imp=0x0000000102a36ca0
objc_lookup_class -[Object] @0x0000000102a4b520
  __objc_class_register_methods -[Object] @0x0000000102a4b520 size=8
    -[Object conformsTo:] types=B24@0:8@16 imp=0x0000000102a3b1f8
    -[Object isKindOfClass:] types=B24@0:8#16 imp=0x0000000102a3b1a8
    -[Object isEqual:] types=B24@0:8@16 imp=0x0000000102a3b17c
    -[Object superclass] types=#16@0:8 imp=0x0000000102a3b11c
    -[Object class] types=#16@0:8 imp=0x0000000102a3b0e4
    -[Object dealloc] types=v16@0:8 imp=0x0000000102a3b0c0
    -[Object init] types=@16@0:8 imp=0x0000000102a3b0a8
  __objc_class_register_methods +[Object] @0x0000000102a4b3e0 size=104
    +[Object conformsTo:] types=B24@0:8@16 imp=0x0000000102a3b1d0
    +[Object name] types=r*16@0:8 imp=0x0000000102a3b15c
    +[Object superclass] types=#16@0:8 imp=0x0000000102a3b13c
    +[Object class] types=#16@0:8 imp=0x0000000102a3b104
    +[Object alloc] types=@16@0:8 imp=0x0000000102a3b064
    +[Object initialize] types=v16@0:8 imp=0x0000000102a3b04c
  __objc_class_register_methods +[NXObject] @0x0000000102a4a148 size=104
    +[NXObject allocWithZone:] types=@24@0:8@16 imp=0x0000000102a36b8c
    +[NXObject alloc] types=@16@0:8 imp=0x0000000102a36b40
  __objc_class_register_methods +[NXZone] @0x0000000102a4a9c8 size=104
    +[NXZone defaultZone] types=@16@0:8 imp=0x0000000102a380e4
    +[NXZone zoneWithSize:] types=@24@0:8Q16 imp=0x0000000102a37ee4
    +[NXZone alloc] types=@16@0:8 imp=0x0000000102a37eb4
objc_lookup_class -[NXConstantString] @0x0000000102a4b0b0
  __objc_class_register_methods -[NXConstantString] @0x0000000102a4b0b0 size=24
    -[NXConstantString isEqual:] types=B24@0:8@16 imp=0x0000000102a3af3c
    -[NXConstantString release] types=v16@0:8 imp=0x0000000102a3af24
    -[NXConstantString retain] types=@16@0:8 imp=0x0000000102a3af0c
    -[NXConstantString length] types=I16@0:8 imp=0x0000000102a3aef0
    -[NXConstantString cStr] types=r*16@0:8 imp=0x0000000102a3aed4
    -[NXConstantString dealloc] types=v16@0:8 imp=0x0000000102a3aebc
objc_lookup_class -[Object] @0x0000000102a4b520
  __objc_class_register_methods +[NXConstantString] @0x0000000102a4af70 size=104
    +[NXConstantString alloc] types=@16@0:8 imp=0x0000000102a3aea4
objc_lookup_class -[NXConstantString] @0x0000000102a4b0b0
objc_lookup_class -[NXConstantString] @0x0000000102a4b0b0
objc_lookup_class -[NXConstantString] @0x0000000102a4b0b0
objc_lookup_class -[NXConstantString] @0x0000000102a4b0b0
objc_lookup_class -[NXConstantString] @0x0000000102a4b0b0
objc_lookup_class -[NXConstantString] @0x0000000102a4b0b0
objc_lookup_class -[Protocol] @0x0000000102a4b748
  __objc_class_register_methods -[Protocol] @0x0000000102a4b748 size=16
    -[Protocol isEqual:] types=B24@0:8@16 imp=0x0000000102a3b2a0
    -[Protocol conformsTo:] types=B24@0:8@16 imp=0x0000000102a3b278
    -[Protocol name] types=r*16@0:8 imp=0x0000000102a3b240
objc_lookup_class -[Object] @0x0000000102a4b520
  __objc_class_register_methods +[Protocol] @0x0000000102a4b668 size=104
    +[Protocol name] types=r*16@0:8 imp=0x0000000102a3b25c
objc_lookup_class -[NXConstantString] @0x0000000102a4b0b0
objc_lookup_class -[NXConstantString] @0x0000000102a4b0b0
objc_lookup_class -[Object] @0x0000000102a4b520
  __objc_category_load_category [Object+Description]
    -[Object description] types=@16@0:8 imp=0x0000000102a393d4
    +[Object description] types=@16@0:8 imp=0x0000000102a39484
objc_msg_lookup +[NXZone zoneWithSize:]
  +[NXZone zoneWithSize:] types=@24@0:8Q16
    => IMP @0x0000000102a37ee4
  +[NXZone initialize] 
objc_msg_lookup +[Object initialize]
  +[Object initialize] types=v16@0:8
objc_msg_lookup +[NXObject initialize]
  +[NXObject initialize] types=v16@0:8
  +[Object initialize] types=v16@0:8
objc_msg_lookup +[NXZone initialize]
  +[NXZone initialize] types=v16@0:8
  +[NXObject initialize] types=v16@0:8
  +[Object initialize] types=v16@0:8
objc_msg_lookup -[NXConstantString cStr]
  -[NXConstantString cStr] types=r*16@0:8
    => IMP @0x0000000102a3aed4
  +[NXConstantString initialize] 
objc_msg_lookup +[NXConstantString initialize]
  +[NXConstantString initialize] types=v16@0:8
  +[Object initialize] types=v16@0:8
  __zone_malloc: size=1048672 => @0x0000000140008000
objc_lookup_class -[NXAutoreleasePool] @0x0000000102a48350
  __objc_class_register_methods -[NXAutoreleasePool] @0x0000000102a48350 size=48
    -[NXAutoreleasePool drain] types=v16@0:8 imp=0x0000000102a3323c
    -[NXAutoreleasePool addObject:] types=v24@0:8@16 imp=0x0000000102a330a4
    -[NXAutoreleasePool dealloc] types=v16@0:8 imp=0x0000000102a32f84
    -[NXAutoreleasePool init] types=@16@0:8 imp=0x0000000102a32ea0
objc_lookup_class -[NXObject] @0x0000000102a4a270
  __objc_class_register_methods +[NXAutoreleasePool] @0x0000000102a48240 size=104
    +[NXAutoreleasePool currentPool] types=@16@0:8 imp=0x0000000102a33060
objc_msg_lookup +[NXAutoreleasePool alloc]
  +[NXAutoreleasePool alloc] types=@16@0:8
  +[NXObject alloc] types=@16@0:8
    => IMP @0x0000000102a36b40
  +[NXAutoreleasePool initialize] 
objc_msg_lookup +[NXAutoreleasePool initialize]
  +[NXAutoreleasePool initialize] types=v16@0:8
  +[NXObject initialize] types=v16@0:8
  +[Object initialize] types=v16@0:8
objc_msg_lookup +[NXAutoreleasePool allocWithZone:]
  +[NXAutoreleasePool allocWithZone:] types=@24@0:8@16
  +[NXObject allocWithZone:] types=@24@0:8@16
    => IMP @0x0000000102a36b8c
objc_lookup_class -[NXZone] @0x0000000102a4ab68
objc_msg_lookup +[NXZone defaultZone]
  +[NXZone defaultZone] types=@16@0:8
    => IMP @0x0000000102a380e4
objc_msg_lookup -[NXZone allocWithSize:]
  -[NXZone allocWithSize:] types=^v24@0:8Q16
    => IMP @0x0000000102a38104
objc_msg_lookup -[NXConstantString cStr]
  -[NXConstantString cStr] types=r*16@0:8
    => IMP @0x0000000102a3aed4
  allocWithSize: size=48 => @0x0000000140107fd8
objc_msg_lookup -[NXAutoreleasePool init]
  -[NXAutoreleasePool init] types=@16@0:8
    => IMP @0x0000000102a32ea0
objc_msg_lookup -[NXObject init]
  -[NXObject init] types=@16@0:8
  -[Object init] types=@16@0:8
objc_msg_lookup -[NXAutoreleasePool class]
  -[NXAutoreleasePool class] types=#16@0:8
  -[NXObject class] types=#16@0:8
  -[Object class] types=#16@0:8
    => IMP @0x0000000102a3b0e4
objc_lookup_class -[NXNumber] @0x0000000102a486b0
  __objc_class_register_methods -[NXNumber] @0x0000000102a486b0 size=32
    -[NXNumber unsignedInt64Value] types=Q16@0:8 imp=0x0000000102a3381c
    -[NXNumber int64Value] types=q16@0:8 imp=0x0000000102a33804
    -[NXNumber unsignedInt32Value] types=I16@0:8 imp=0x0000000102a337ec
    -[NXNumber int32Value] types=i16@0:8 imp=0x0000000102a337d4
    -[NXNumber unsignedInt16Value] types=S16@0:8 imp=0x0000000102a337bc
    -[NXNumber int16Value] types=s16@0:8 imp=0x0000000102a337a4
    -[NXNumber boolValue] types=B16@0:8 imp=0x0000000102a3378c
objc_lookup_class -[NXObject] @0x0000000102a4a270
  __objc_class_register_methods +[NXNumber] @0x0000000102a48590 size=104
    +[NXNumber zeroValue] types=@16@0:8 imp=0x0000000102a33734
    +[NXNumber falseValue] types=@16@0:8 imp=0x0000000102a336e0
    +[NXNumber trueValue] types=@16@0:8 imp=0x0000000102a3368c
    +[NXNumber numberWithUnsignedInt64:] types=@24@0:8Q16 imp=0x0000000102a33630
    +[NXNumber numberWithInt64:] types=@24@0:8q16 imp=0x0000000102a335d4
    +[NXNumber numberWithUnsignedInt32:] types=@20@0:8I16 imp=0x0000000102a33578
    +[NXNumber numberWithInt32:] types=@20@0:8i16 imp=0x0000000102a3351c
    +[NXNumber numberWithUnsignedInt16:] types=@20@0:8S16 imp=0x0000000102a334b8
    +[NXNumber numberWithInt16:] types=@20@0:8s16 imp=0x0000000102a33454
    +[NXNumber numberWithBool:] types=@20@0:8B16 imp=0x0000000102a333b0
objc_msg_lookup +[NXNumber numberWithInt64:]
  +[NXNumber numberWithInt64:] types=@24@0:8q16
    => IMP @0x0000000102a335d4
  +[NXNumber initialize] 
objc_msg_lookup +[NXNumber initialize]
  +[NXNumber initialize] types=v16@0:8
  +[NXObject initialize] types=v16@0:8
  +[Object initialize] types=v16@0:8
objc_lookup_class -[NXNumberInt64] @0x0000000102a494c0
  __objc_class_register_methods -[NXNumberInt64] @0x0000000102a494c0 size=40
    -[NXNumberInt64 isEqual:] types=B24@0:8@16 imp=0x0000000102a354a4
    -[NXNumberInt64 description] types=@16@0:8 imp=0x0000000102a35434
    -[NXNumberInt64 unsignedInt64Value] types=Q16@0:8 imp=0x0000000102a353d0
    -[NXNumberInt64 unsignedInt32Value] types=I16@0:8 imp=0x0000000102a35358
    -[NXNumberInt64 int64Value] types=q16@0:8 imp=0x0000000102a3533c
    -[NXNumberInt64 int32Value] types=i16@0:8 imp=0x0000000102a352c0
    -[NXNumberInt64 unsignedInt16Value] types=S16@0:8 imp=0x0000000102a35244
    -[NXNumberInt64 int16Value] types=s16@0:8 imp=0x0000000102a351c8
    -[NXNumberInt64 boolValue] types=B16@0:8 imp=0x0000000102a351a0
    -[NXNumberInt64 initWithInt64:] types=@24@0:8q16 imp=0x0000000102a34ea8
objc_lookup_class -[NXNumber] @0x0000000102a486b0
  __objc_class_register_methods +[NXNumberInt64] @0x0000000102a49338 size=104
    +[NXNumberInt64 zeroValue] types=@16@0:8 imp=0x0000000102a35014
    +[NXNumberInt64 numberWithInt64:] types=@24@0:8q16 imp=0x0000000102a34f24
objc_msg_lookup +[NXNumberInt64 numberWithInt64:]
  +[NXNumberInt64 numberWithInt64:] types=@24@0:8q16
    => IMP @0x0000000102a34f24
  +[NXNumberInt64 initialize] 
objc_msg_lookup +[NXNumberInt64 initialize]
  +[NXNumberInt64 initialize] types=v16@0:8
  +[NXNumber initialize] types=v16@0:8
  +[NXObject initialize] types=v16@0:8
  +[Object initialize] types=v16@0:8
objc_lookup_class -[NXNumberInt64] @0x0000000102a494c0
objc_msg_lookup +[NXNumberInt64 alloc]
  +[NXNumberInt64 alloc] types=@16@0:8
  +[NXNumber alloc] types=@16@0:8
  +[NXObject alloc] types=@16@0:8
    => IMP @0x0000000102a36b40
objc_msg_lookup +[NXNumberInt64 allocWithZone:]
  +[NXNumberInt64 allocWithZone:] types=@24@0:8@16
  +[NXNumber allocWithZone:] types=@24@0:8@16
  +[NXObject allocWithZone:] types=@24@0:8@16
    => IMP @0x0000000102a36b8c
objc_lookup_class -[NXZone] @0x0000000102a4ab68
objc_msg_lookup +[NXZone defaultZone]
  +[NXZone defaultZone] types=@16@0:8
    => IMP @0x0000000102a380e4
objc_msg_lookup -[NXZone allocWithSize:]
  -[NXZone allocWithSize:] types=^v24@0:8Q16
    => IMP @0x0000000102a38104
objc_msg_lookup -[NXConstantString cStr]
  -[NXConstantString cStr] types=r*16@0:8
    => IMP @0x0000000102a3aed4
  allocWithSize: size=40 => @0x0000000140107f98
objc_msg_lookup -[NXNumberInt64 initWithInt64:]
  -[NXNumberInt64 initWithInt64:] types=@24@0:8q16
    => IMP @0x0000000102a34ea8
objc_msg_lookup -[NXNumber init]
  -[NXNumber init] types=@16@0:8
  -[NXObject init] types=@16@0:8
  -[Object init] types=@16@0:8
objc_msg_lookup -[NXNumberInt64 autorelease]
  -[NXNumberInt64 autorelease] types=@16@0:8
  -[NXNumber autorelease] types=@16@0:8
  -[NXObject autorelease] types=@16@0:8
    => IMP @0x0000000102a36ed8
objc_lookup_class -[NXAutoreleasePool] @0x0000000102a48350
objc_msg_lookup +[NXAutoreleasePool currentPool]
  +[NXAutoreleasePool currentPool] types=@16@0:8
    => IMP @0x0000000102a33060
objc_msg_lookup -[NXAutoreleasePool addObject:]
  -[NXAutoreleasePool addObject:] types=v24@0:8@16
    => IMP @0x0000000102a330a4
objc_lookup_class -[NXObject] @0x0000000102a4a270
objc_msg_lookup +[NXObject class]
  +[NXObject class] types=#16@0:8
  +[Object class] types=#16@0:8
    => IMP @0x0000000102a3b104
objc_msg_lookup -[NXConstantString cStr]
  -[NXConstantString cStr] types=r*16@0:8
    => IMP @0x0000000102a3aed4
  autorelease retain: [NXNumberInt64] @0x0000000140107f98
objc_msg_lookup -[NXNumberInt64 int64Value]
  -[NXNumberInt64 int64Value] types=q16@0:8
    => IMP @0x0000000102a3533c
objc_lookup_class -[NXNumber] @0x0000000102a486b0
objc_msg_lookup +[NXNumber numberWithInt64:]
  +[NXNumber numberWithInt64:] types=@24@0:8q16
    => IMP @0x0000000102a335d4
objc_lookup_class -[NXNumberInt64] @0x0000000102a494c0
objc_msg_lookup +[NXNumberInt64 numberWithInt64:]
  +[NXNumberInt64 numberWithInt64:] types=@24@0:8q16
    => IMP @0x0000000102a34f24
objc_lookup_class -[NXNumberInt64] @0x0000000102a494c0
objc_msg_lookup +[NXNumberInt64 alloc]
  +[NXNumberInt64 alloc] types=@16@0:8
  +[NXNumber alloc] types=@16@0:8
  +[NXObject alloc] types=@16@0:8
    => IMP @0x0000000102a36b40
objc_msg_lookup +[NXNumberInt64 allocWithZone:]
  +[NXNumberInt64 allocWithZone:] types=@24@0:8@16
  +[NXNumber allocWithZone:] types=@24@0:8@16
  +[NXObject allocWithZone:] types=@24@0:8@16
    => IMP @0x0000000102a36b8c
objc_lookup_class -[NXZone] @0x0000000102a4ab68
objc_msg_lookup +[NXZone defaultZone]
  +[NXZone defaultZone] types=@16@0:8
    => IMP @0x0000000102a380e4
objc_msg_lookup -[NXZone allocWithSize:]
  -[NXZone allocWithSize:] types=^v24@0:8Q16
    => IMP @0x0000000102a38104
objc_msg_lookup -[NXConstantString cStr]
  -[NXConstantString cStr] types=r*16@0:8
    => IMP @0x0000000102a3aed4
  allocWithSize: size=40 => @0x0000000140107f58
objc_msg_lookup -[NXNumberInt64 initWithInt64:]
  -[NXNumberInt64 initWithInt64:] types=@24@0:8q16
    => IMP @0x0000000102a34ea8
objc_msg_lookup -[NXNumber init]
  -[NXNumber init] types=@16@0:8
  -[NXObject init] types=@16@0:8
  -[Object init] types=@16@0:8
objc_msg_lookup -[NXNumberInt64 autorelease]
  -[NXNumberInt64 autorelease] types=@16@0:8
  -[NXNumber autorelease] types=@16@0:8
  -[NXObject autorelease] types=@16@0:8
    => IMP @0x0000000102a36ed8
objc_lookup_class -[NXAutoreleasePool] @0x0000000102a48350
objc_msg_lookup +[NXAutoreleasePool currentPool]
  +[NXAutoreleasePool currentPool] types=@16@0:8
    => IMP @0x0000000102a33060
objc_msg_lookup -[NXAutoreleasePool addObject:]
  -[NXAutoreleasePool addObject:] types=v24@0:8@16
    => IMP @0x0000000102a330a4
objc_lookup_class -[NXObject] @0x0000000102a4a270
objc_msg_lookup +[NXObject class]
  +[NXObject class] types=#16@0:8
  +[Object class] types=#16@0:8
    => IMP @0x0000000102a3b104
objc_msg_lookup -[NXConstantString cStr]
  -[NXConstantString cStr] types=r*16@0:8
    => IMP @0x0000000102a3aed4
  autorelease retain: [NXNumberInt64] @0x0000000140107f58
objc_msg_lookup -[NXNumberInt64 int64Value]
  -[NXNumberInt64 int64Value] types=q16@0:8
    => IMP @0x0000000102a3533c
objc_lookup_class -[NXNumber] @0x0000000102a486b0
objc_msg_lookup +[NXNumber numberWithInt64:]
  +[NXNumber numberWithInt64:] types=@24@0:8q16
    => IMP @0x0000000102a335d4
objc_lookup_class -[NXNumberInt64] @0x0000000102a494c0
objc_msg_lookup +[NXNumberInt64 numberWithInt64:]
  +[NXNumberInt64 numberWithInt64:] types=@24@0:8q16
    => IMP @0x0000000102a34f24
objc_lookup_class -[NXNumberInt64] @0x0000000102a494c0
objc_msg_lookup +[NXNumberInt64 zeroValue]
  +[NXNumberInt64 zeroValue] types=@16@0:8
    => IMP @0x0000000102a35014
objc_lookup_class -[NXAutoreleasePool] @0x0000000102a48350
objc_msg_lookup +[NXAutoreleasePool currentPool]
  +[NXAutoreleasePool currentPool] types=@16@0:8
    => IMP @0x0000000102a33060
objc_lookup_class -[NXNumberInt64] @0x0000000102a494c0
objc_msg_lookup +[NXNumberInt64 alloc]
  +[NXNumberInt64 alloc] types=@16@0:8
  +[NXNumber alloc] types=@16@0:8
  +[NXObject alloc] types=@16@0:8
    => IMP @0x0000000102a36b40
objc_msg_lookup +[NXNumberInt64 allocWithZone:]
  +[NXNumberInt64 allocWithZone:] types=@24@0:8@16
  +[NXNumber allocWithZone:] types=@24@0:8@16
  +[NXObject allocWithZone:] types=@24@0:8@16
    => IMP @0x0000000102a36b8c
objc_lookup_class -[NXZone] @0x0000000102a4ab68
objc_msg_lookup +[NXZone defaultZone]
  +[NXZone defaultZone] types=@16@0:8
    => IMP @0x0000000102a380e4
objc_msg_lookup -[NXZone allocWithSize:]
  -[NXZone allocWithSize:] types=^v24@0:8Q16
    => IMP @0x0000000102a38104
objc_msg_lookup -[NXConstantString cStr]
  -[NXConstantString cStr] types=r*16@0:8
    => IMP @0x0000000102a3aed4
  allocWithSize: size=40 => @0x0000000140107f18
objc_msg_lookup -[NXNumberInt64 initWithInt64:]
  -[NXNumberInt64 initWithInt64:] types=@24@0:8q16
    => IMP @0x0000000102a34ea8
objc_msg_lookup -[NXNumber init]
  -[NXNumber init] types=@16@0:8
  -[NXObject init] types=@16@0:8
  -[Object init] types=@16@0:8
objc_msg_lookup -[NXNumberInt64 autorelease]
  -[NXNumberInt64 autorelease] types=@16@0:8
  -[NXNumber autorelease] types=@16@0:8
  -[NXObject autorelease] types=@16@0:8
    => IMP @0x0000000102a36ed8
objc_lookup_class -[NXAutoreleasePool] @0x0000000102a48350
objc_msg_lookup +[NXAutoreleasePool currentPool]
  +[NXAutoreleasePool currentPool] types=@16@0:8
    => IMP @0x0000000102a33060
objc_msg_lookup -[NXAutoreleasePool addObject:]
  -[NXAutoreleasePool addObject:] types=v24@0:8@16
    => IMP @0x0000000102a330a4
objc_lookup_class -[NXObject] @0x0000000102a4a270
objc_msg_lookup +[NXObject class]
  +[NXObject class] types=#16@0:8
  +[Object class] types=#16@0:8
    => IMP @0x0000000102a3b104
objc_msg_lookup -[NXConstantString cStr]
  -[NXConstantString cStr] types=r*16@0:8
    => IMP @0x0000000102a3aed4
  autorelease retain: [NXNumberInt64] @0x0000000140107f18
objc_msg_lookup -[NXNumberInt64 int64Value]
  -[NXNumberInt64 int64Value] types=q16@0:8
    => IMP @0x0000000102a3533c
objc_lookup_class -[NXNumber] @0x0000000102a486b0
objc_msg_lookup +[NXNumber numberWithUnsignedInt64:]
  +[NXNumber numberWithUnsignedInt64:] types=@24@0:8Q16
    => IMP @0x0000000102a33630
objc_lookup_class -[NXNumberUnsignedInt64] @0x0000000102a49f80
  __objc_class_register_methods -[NXNumberUnsignedInt64] @0x0000000102a49f80 size=40
    -[NXNumberUnsignedInt64 isEqual:] types=B24@0:8@16 imp=0x0000000102a36960
    -[NXNumberUnsignedInt64 description] types=@16@0:8 imp=0x0000000102a368f0
    -[NXNumberUnsignedInt64 unsignedInt64Value] types=Q16@0:8 imp=0x0000000102a368d4
    -[NXNumberUnsignedInt64 int64Value] types=q16@0:8 imp=0x0000000102a368b8
    -[NXNumberUnsignedInt64 unsignedInt32Value] types=I16@0:8 imp=0x0000000102a36850
    -[NXNumberUnsignedInt64 int32Value] types=i16@0:8 imp=0x0000000102a367e8
    -[NXNumberUnsignedInt64 unsignedInt16Value] types=S16@0:8 imp=0x0000000102a3677c
    -[NXNumberUnsignedInt64 int16Value] types=s16@0:8 imp=0x0000000102a36710
    -[NXNumberUnsignedInt64 boolValue] types=B16@0:8 imp=0x0000000102a366e8
    -[NXNumberUnsignedInt64 initWithUnsignedInt64:] types=@24@0:8Q16 imp=0x0000000102a363f0
objc_lookup_class -[NXNumber] @0x0000000102a486b0
  __objc_class_register_methods +[NXNumberUnsignedInt64] @0x0000000102a49df8 size=104
    +[NXNumberUnsignedInt64 zeroValue] types=@16@0:8 imp=0x0000000102a3655c
    +[NXNumberUnsignedInt64 numberWithUnsignedInt64:] types=@24@0:8Q16 imp=0x0000000102a3646c
objc_msg_lookup +[NXNumberUnsignedInt64 numberWithUnsignedInt64:]
  +[NXNumberUnsignedInt64 numberWithUnsignedInt64:] types=@24@0:8Q16
    => IMP @0x0000000102a3646c
  +[NXNumberUnsignedInt64 initialize] 
objc_msg_lookup +[NXNumberUnsignedInt64 initialize]
  +[NXNumberUnsignedInt64 initialize] types=v16@0:8
  +[NXNumber initialize] types=v16@0:8
  +[NXObject initialize] types=v16@0:8
  +[Object initialize] types=v16@0:8
objc_lookup_class -[NXNumberUnsignedInt64] @0x0000000102a49f80
objc_msg_lookup +[NXNumberUnsignedInt64 alloc]
  +[NXNumberUnsignedInt64 alloc] types=@16@0:8
  +[NXNumber alloc] types=@16@0:8
  +[NXObject alloc] types=@16@0:8
    => IMP @0x0000000102a36b40
objc_msg_lookup +[NXNumberUnsignedInt64 allocWithZone:]
  +[NXNumberUnsignedInt64 allocWithZone:] types=@24@0:8@16
  +[NXNumber allocWithZone:] types=@24@0:8@16
  +[NXObject allocWithZone:] types=@24@0:8@16
    => IMP @0x0000000102a36b8c
objc_lookup_class -[NXZone] @0x0000000102a4ab68
objc_msg_lookup +[NXZone defaultZone]
  +[NXZone defaultZone] types=@16@0:8
    => IMP @0x0000000102a380e4
objc_msg_lookup -[NXZone allocWithSize:]
  -[NXZone allocWithSize:] types=^v24@0:8Q16
    => IMP @0x0000000102a38104
objc_msg_lookup -[NXConstantString cStr]
  -[NXConstantString cStr] types=r*16@0:8
    => IMP @0x0000000102a3aed4
  allocWithSize: size=40 => @0x0000000140107ed8
objc_msg_lookup -[NXNumberUnsignedInt64 initWithUnsignedInt64:]
  -[NXNumberUnsignedInt64 initWithUnsignedInt64:] types=@24@0:8Q16
    => IMP @0x0000000102a363f0
objc_msg_lookup -[NXNumber init]
  -[NXNumber init] types=@16@0:8
  -[NXObject init] types=@16@0:8
  -[Object init] types=@16@0:8
objc_msg_lookup -[NXNumberUnsignedInt64 autorelease]
  -[NXNumberUnsignedInt64 autorelease] types=@16@0:8
  -[NXNumber autorelease] types=@16@0:8
  -[NXObject autorelease] types=@16@0:8
    => IMP @0x0000000102a36ed8
objc_lookup_class -[NXAutoreleasePool] @0x0000000102a48350
objc_msg_lookup +[NXAutoreleasePool currentPool]
  +[NXAutoreleasePool currentPool] types=@16@0:8
    => IMP @0x0000000102a33060
objc_msg_lookup -[NXAutoreleasePool addObject:]
  -[NXAutoreleasePool addObject:] types=v24@0:8@16
    => IMP @0x0000000102a330a4
objc_lookup_class -[NXObject] @0x0000000102a4a270
objc_msg_lookup +[NXObject class]
  +[NXObject class] types=#16@0:8
  +[Object class] types=#16@0:8
    => IMP @0x0000000102a3b104
objc_msg_lookup -[NXConstantString cStr]
  -[NXConstantString cStr] types=r*16@0:8
    => IMP @0x0000000102a3aed4
  autorelease retain: [NXNumberUnsignedInt64] @0x0000000140107ed8
objc_msg_lookup -[NXNumberUnsignedInt64 unsignedInt64Value]
  -[NXNumberUnsignedInt64 unsignedInt64Value] types=Q16@0:8
    => IMP @0x0000000102a368d4
objc_lookup_class -[NXNumber] @0x0000000102a486b0
objc_msg_lookup +[NXNumber numberWithUnsignedInt64:]
  +[NXNumber numberWithUnsignedInt64:] types=@24@0:8Q16
    => IMP @0x0000000102a33630
objc_lookup_class -[NXNumberUnsignedInt64] @0x0000000102a49f80
objc_msg_lookup +[NXNumberUnsignedInt64 numberWithUnsignedInt64:]
  +[NXNumberUnsignedInt64 numberWithUnsignedInt64:] types=@24@0:8Q16
    => IMP @0x0000000102a3646c
objc_lookup_class -[NXNumberUnsignedInt64] @0x0000000102a49f80
objc_msg_lookup +[NXNumberUnsignedInt64 alloc]
  +[NXNumberUnsignedInt64 alloc] types=@16@0:8
  +[NXNumber alloc] types=@16@0:8
  +[NXObject alloc] types=@16@0:8
    => IMP @0x0000000102a36b40
objc_msg_lookup +[NXNumberUnsignedInt64 allocWithZone:]
  +[NXNumberUnsignedInt64 allocWithZone:] types=@24@0:8@16
  +[NXNumber allocWithZone:] types=@24@0:8@16
  +[NXObject allocWithZone:] types=@24@0:8@16
    => IMP @0x0000000102a36b8c
objc_lookup_class -[NXZone] @0x0000000102a4ab68
objc_msg_lookup +[NXZone defaultZone]
  +[NXZone defaultZone] types=@16@0:8
    => IMP @0x0000000102a380e4
objc_msg_lookup -[NXZone allocWithSize:]
  -[NXZone allocWithSize:] types=^v24@0:8Q16
    => IMP @0x0000000102a38104
objc_msg_lookup -[NXConstantString cStr]
  -[NXConstantString cStr] types=r*16@0:8
    => IMP @0x0000000102a3aed4
  allocWithSize: size=40 => @0x0000000140107e98
objc_msg_lookup -[NXNumberUnsignedInt64 initWithUnsignedInt64:]
  -[NXNumberUnsignedInt64 initWithUnsignedInt64:] types=@24@0:8Q16
    => IMP @0x0000000102a363f0
objc_msg_lookup -[NXNumber init]
  -[NXNumber init] types=@16@0:8
  -[NXObject init] types=@16@0:8
  -[Object init] types=@16@0:8
objc_msg_lookup -[NXNumberUnsignedInt64 autorelease]
  -[NXNumberUnsignedInt64 autorelease] types=@16@0:8
  -[NXNumber autorelease] types=@16@0:8
  -[NXObject autorelease] types=@16@0:8
    => IMP @0x0000000102a36ed8
objc_lookup_class -[NXAutoreleasePool] @0x0000000102a48350
objc_msg_lookup +[NXAutoreleasePool currentPool]
  +[NXAutoreleasePool currentPool] types=@16@0:8
    => IMP @0x0000000102a33060
objc_msg_lookup -[NXAutoreleasePool addObject:]
  -[NXAutoreleasePool addObject:] types=v24@0:8@16
    => IMP @0x0000000102a330a4
objc_lookup_class -[NXObject] @0x0000000102a4a270
objc_msg_lookup +[NXObject class]
  +[NXObject class] types=#16@0:8
  +[Object class] types=#16@0:8
    => IMP @0x0000000102a3b104
objc_msg_lookup -[NXConstantString cStr]
  -[NXConstantString cStr] types=r*16@0:8
    => IMP @0x0000000102a3aed4
  autorelease retain: [NXNumberUnsignedInt64] @0x0000000140107e98
objc_msg_lookup -[NXNumberUnsignedInt64 unsignedInt64Value]
  -[NXNumberUnsignedInt64 unsignedInt64Value] types=Q16@0:8
    => IMP @0x0000000102a368d4
objc_lookup_class -[NXNumber] @0x0000000102a486b0
objc_msg_lookup +[NXNumber numberWithUnsignedInt64:]
  +[NXNumber numberWithUnsignedInt64:] types=@24@0:8Q16
    => IMP @0x0000000102a33630
objc_lookup_class -[NXNumberUnsignedInt64] @0x0000000102a49f80
objc_msg_lookup +[NXNumberUnsignedInt64 numberWithUnsignedInt64:]
  +[NXNumberUnsignedInt64 numberWithUnsignedInt64:] types=@24@0:8Q16
    => IMP @0x0000000102a3646c
objc_lookup_class -[NXNumberUnsignedInt64] @0x0000000102a49f80
objc_msg_lookup +[NXNumberUnsignedInt64 zeroValue]
  +[NXNumberUnsignedInt64 zeroValue] types=@16@0:8
    => IMP @0x0000000102a3655c
objc_lookup_class -[NXAutoreleasePool] @0x0000000102a48350
objc_msg_lookup +[NXAutoreleasePool currentPool]
  +[NXAutoreleasePool currentPool] types=@16@0:8
    => IMP @0x0000000102a33060
objc_lookup_class -[NXNumberUnsignedInt64] @0x0000000102a49f80
objc_msg_lookup +[NXNumberUnsignedInt64 alloc]
  +[NXNumberUnsignedInt64 alloc] types=@16@0:8
  +[NXNumber alloc] types=@16@0:8
  +[NXObject alloc] types=@16@0:8
    => IMP @0x0000000102a36b40
objc_msg_lookup +[NXNumberUnsignedInt64 allocWithZone:]
  +[NXNumberUnsignedInt64 allocWithZone:] types=@24@0:8@16
  +[NXNumber allocWithZone:] types=@24@0:8@16
  +[NXObject allocWithZone:] types=@24@0:8@16
    => IMP @0x0000000102a36b8c
objc_lookup_class -[NXZone] @0x0000000102a4ab68
objc_msg_lookup +[NXZone defaultZone]
  +[NXZone defaultZone] types=@16@0:8
    => IMP @0x0000000102a380e4
objc_msg_lookup -[NXZone allocWithSize:]
  -[NXZone allocWithSize:] types=^v24@0:8Q16
    => IMP @0x0000000102a38104
objc_msg_lookup -[NXConstantString cStr]
  -[NXConstantString cStr] types=r*16@0:8
    => IMP @0x0000000102a3aed4
  allocWithSize: size=40 => @0x0000000140107e58
objc_msg_lookup -[NXNumberUnsignedInt64 initWithUnsignedInt64:]
  -[NXNumberUnsignedInt64 initWithUnsignedInt64:] types=@24@0:8Q16
    => IMP @0x0000000102a363f0
objc_msg_lookup -[NXNumber init]
  -[NXNumber init] types=@16@0:8
  -[NXObject init] types=@16@0:8
  -[Object init] types=@16@0:8
objc_msg_lookup -[NXNumberUnsignedInt64 autorelease]
  -[NXNumberUnsignedInt64 autorelease] types=@16@0:8
  -[NXNumber autorelease] types=@16@0:8
  -[NXObject autorelease] types=@16@0:8
    => IMP @0x0000000102a36ed8
objc_lookup_class -[NXAutoreleasePool] @0x0000000102a48350
objc_msg_lookup +[NXAutoreleasePool currentPool]
  +[NXAutoreleasePool currentPool] types=@16@0:8
    => IMP @0x0000000102a33060
objc_msg_lookup -[NXAutoreleasePool addObject:]
  -[NXAutoreleasePool addObject:] types=v24@0:8@16
    => IMP @0x0000000102a330a4
objc_lookup_class -[NXObject] @0x0000000102a4a270
objc_msg_lookup +[NXObject class]
  +[NXObject class] types=#16@0:8
  +[Object class] types=#16@0:8
    => IMP @0x0000000102a3b104
objc_msg_lookup -[NXConstantString cStr]
  -[NXConstantString cStr] types=r*16@0:8
    => IMP @0x0000000102a3aed4
  autorelease retain: [NXNumberUnsignedInt64] @0x0000000140107e58
objc_msg_lookup -[NXNumberUnsignedInt64 unsignedInt64Value]
  -[NXNumberUnsignedInt64 unsignedInt64Value] types=Q16@0:8
    => IMP @0x0000000102a368d4
objc_lookup_class -[NXNumber] @0x0000000102a486b0
objc_msg_lookup +[NXNumber numberWithBool:]
  +[NXNumber numberWithBool:] types=@20@0:8B16
    => IMP @0x0000000102a333b0
objc_lookup_class -[NXNumberBool] @0x0000000102a489f8
  __objc_class_register_methods -[NXNumberBool] @0x0000000102a489f8 size=40
    -[NXNumberBool isEqual:] types=B24@0:8@16 imp=0x0000000102a33d38
    -[NXNumberBool description] types=@16@0:8 imp=0x0000000102a33cb8
    -[NXNumberBool unsignedInt64Value] types=Q16@0:8 imp=0x0000000102a33c98
    -[NXNumberBool int64Value] types=q16@0:8 imp=0x0000000102a33c78
    -[NXNumberBool unsignedInt32Value] types=I16@0:8 imp=0x0000000102a33c5c
    -[NXNumberBool int32Value] types=i16@0:8 imp=0x0000000102a33c40
    -[NXNumberBool unsignedInt16Value] types=S16@0:8 imp=0x0000000102a33c24
    -[NXNumberBool int16Value] types=s16@0:8 imp=0x0000000102a33c04
    -[NXNumberBool boolValue] types=B16@0:8 imp=0x0000000102a33be8
    -[NXNumberBool initWithBool:] types=@20@0:8B16 imp=0x0000000102a33850
objc_lookup_class -[NXNumber] @0x0000000102a486b0
  __objc_class_register_methods +[NXNumberBool] @0x0000000102a48870 size=104
    +[NXNumberBool falseValue] types=@16@0:8 imp=0x0000000102a33a5c
    +[NXNumberBool trueValue] types=@16@0:8 imp=0x0000000102a338d0
objc_msg_lookup +[NXNumberBool trueValue]
  +[NXNumberBool trueValue] types=@16@0:8
    => IMP @0x0000000102a338d0
  +[NXNumberBool initialize] 
objc_msg_lookup +[NXNumberBool initialize]
  +[NXNumberBool initialize] types=v16@0:8
  +[NXNumber initialize] types=v16@0:8
  +[NXObject initialize] types=v16@0:8
  +[Object initialize] types=v16@0:8
objc_lookup_class -[NXAutoreleasePool] @0x0000000102a48350
objc_msg_lookup +[NXAutoreleasePool currentPool]
  +[NXAutoreleasePool currentPool] types=@16@0:8
    => IMP @0x0000000102a33060
objc_lookup_class -[NXNumberBool] @0x0000000102a489f8
objc_msg_lookup +[NXNumberBool alloc]
  +[NXNumberBool alloc] types=@16@0:8
  +[NXNumber alloc] types=@16@0:8
  +[NXObject alloc] types=@16@0:8
    => IMP @0x0000000102a36b40
objc_msg_lookup +[NXNumberBool allocWithZone:]
  +[NXNumberBool allocWithZone:] types=@24@0:8@16
  +[NXNumber allocWithZone:] types=@24@0:8@16
  +[NXObject allocWithZone:] types=@24@0:8@16
    => IMP @0x0000000102a36b8c
objc_lookup_class -[NXZone] @0x0000000102a4ab68
objc_msg_lookup +[NXZone defaultZone]
  +[NXZone defaultZone] types=@16@0:8
    => IMP @0x0000000102a380e4
objc_msg_lookup -[NXZone allocWithSize:]
  -[NXZone allocWithSize:] types=^v24@0:8Q16
    => IMP @0x0000000102a38104
objc_msg_lookup -[NXConstantString cStr]
  -[NXConstantString cStr] types=r*16@0:8
    => IMP @0x0000000102a3aed4
  allocWithSize: size=40 => @0x0000000140107e18
objc_msg_lookup -[NXNumberBool initWithBool:]
  -[NXNumberBool initWithBool:] types=@20@0:8B16
    => IMP @0x0000000102a33850
objc_msg_lookup -[NXNumber init]
  -[NXNumber init] types=@16@0:8
  -[NXObject init] types=@16@0:8
  -[Object init] types=@16@0:8
objc_msg_lookup -[NXNumberBool autorelease]
  -[NXNumberBool autorelease] types=@16@0:8
  -[NXNumber autorelease] types=@16@0:8
  -[NXObject autorelease] types=@16@0:8
    => IMP @0x0000000102a36ed8
objc_lookup_class -[NXAutoreleasePool] @0x0000000102a48350
objc_msg_lookup +[NXAutoreleasePool currentPool]
  +[NXAutoreleasePool currentPool] types=@16@0:8
    => IMP @0x0000000102a33060
objc_msg_lookup -[NXAutoreleasePool addObject:]
  -[NXAutoreleasePool addObject:] types=v24@0:8@16
    => IMP @0x0000000102a330a4
objc_lookup_class -[NXObject] @0x0000000102a4a270
objc_msg_lookup +[NXObject class]
  +[NXObject class] types=#16@0:8
  +[Object class] types=#16@0:8
    => IMP @0x0000000102a3b104
objc_msg_lookup -[NXConstantString cStr]
  -[NXConstantString cStr] types=r*16@0:8
    => IMP @0x0000000102a3aed4
  autorelease retain: [NXNumberBool] @0x0000000140107e18
objc_msg_lookup -[NXNumberBool boolValue]
  -[NXNumberBool boolValue] types=B16@0:8
    => IMP @0x0000000102a33be8
objc_lookup_class -[NXNumber] @0x0000000102a486b0
objc_msg_lookup +[NXNumber numberWithBool:]
  +[NXNumber numberWithBool:] types=@20@0:8B16
    => IMP @0x0000000102a333b0
objc_lookup_class -[NXNumberBool] @0x0000000102a489f8
objc_msg_lookup +[NXNumberBool falseValue]
  +[NXNumberBool falseValue] types=@16@0:8
    => IMP @0x0000000102a33a5c
objc_lookup_class -[NXAutoreleasePool] @0x0000000102a48350
objc_msg_lookup +[NXAutoreleasePool currentPool]
  +[NXAutoreleasePool currentPool] types=@16@0:8
    => IMP @0x0000000102a33060
objc_lookup_class -[NXNumberBool] @0x0000000102a489f8
objc_msg_lookup +[NXNumberBool alloc]
  +[NXNumberBool alloc] types=@16@0:8
  +[NXNumber alloc] types=@16@0:8
  +[NXObject alloc] types=@16@0:8
    => IMP @0x0000000102a36b40
objc_msg_lookup +[NXNumberBool allocWithZone:]
  +[NXNumberBool allocWithZone:] types=@24@0:8@16
  +[NXNumber allocWithZone:] types=@24@0:8@16
  +[NXObject allocWithZone:] types=@24@0:8@16
    => IMP @0x0000000102a36b8c
objc_lookup_class -[NXZone] @0x0000000102a4ab68
objc_msg_lookup +[NXZone defaultZone]
  +[NXZone defaultZone] types=@16@0:8
    => IMP @0x0000000102a380e4
objc_msg_lookup -[NXZone allocWithSize:]
  -[NXZone allocWithSize:] types=^v24@0:8Q16
    => IMP @0x0000000102a38104
objc_msg_lookup -[NXConstantString cStr]
  -[NXConstantString cStr] types=r*16@0:8
    => IMP @0x0000000102a3aed4
  allocWithSize: size=40 => @0x0000000140107dd8
objc_msg_lookup -[NXNumberBool initWithBool:]
  -[NXNumberBool initWithBool:] types=@20@0:8B16
    => IMP @0x0000000102a33850
objc_msg_lookup -[NXNumber init]
  -[NXNumber init] types=@16@0:8
  -[NXObject init] types=@16@0:8
  -[Object init] types=@16@0:8
objc_msg_lookup -[NXNumberBool autorelease]
  -[NXNumberBool autorelease] types=@16@0:8
  -[NXNumber autorelease] types=@16@0:8
  -[NXObject autorelease] types=@16@0:8
    => IMP @0x0000000102a36ed8
objc_lookup_class -[NXAutoreleasePool] @0x0000000102a48350
objc_msg_lookup +[NXAutoreleasePool currentPool]
  +[NXAutoreleasePool currentPool] types=@16@0:8
    => IMP @0x0000000102a33060
objc_msg_lookup -[NXAutoreleasePool addObject:]
  -[NXAutoreleasePool addObject:] types=v24@0:8@16
    => IMP @0x0000000102a330a4
objc_lookup_class -[NXObject] @0x0000000102a4a270
objc_msg_lookup +[NXObject class]
  +[NXObject class] types=#16@0:8
  +[Object class] types=#16@0:8
    => IMP @0x0000000102a3b104
objc_msg_lookup -[NXConstantString cStr]
  -[NXConstantString cStr] types=r*16@0:8
    => IMP @0x0000000102a3aed4
  autorelease retain: [NXNumberBool] @0x0000000140107dd8
objc_msg_lookup -[NXNumberBool boolValue]
  -[NXNumberBool boolValue] types=B16@0:8
    => IMP @0x0000000102a33be8
objc_lookup_class -[NXNumber] @0x0000000102a486b0
objc_msg_lookup +[NXNumber numberWithInt64:]
  +[NXNumber numberWithInt64:] types=@24@0:8q16
    => IMP @0x0000000102a335d4
objc_lookup_class -[NXNumberInt64] @0x0000000102a494c0
objc_msg_lookup +[NXNumberInt64 numberWithInt64:]
  +[NXNumberInt64 numberWithInt64:] types=@24@0:8q16
    => IMP @0x0000000102a34f24
objc_lookup_class -[NXNumberInt64] @0x0000000102a494c0
objc_msg_lookup +[NXNumberInt64 alloc]
  +[NXNumberInt64 alloc] types=@16@0:8
  +[NXNumber alloc] types=@16@0:8
  +[NXObject alloc] types=@16@0:8
    => IMP @0x0000000102a36b40
objc_msg_lookup +[NXNumberInt64 allocWithZone:]
  +[NXNumberInt64 allocWithZone:] types=@24@0:8@16
  +[NXNumber allocWithZone:] types=@24@0:8@16
  +[NXObject allocWithZone:] types=@24@0:8@16
    => IMP @0x0000000102a36b8c
objc_lookup_class -[NXZone] @0x0000000102a4ab68
objc_msg_lookup +[NXZone defaultZone]
  +[NXZone defaultZone] types=@16@0:8
    => IMP @0x0000000102a380e4
objc_msg_lookup -[NXZone allocWithSize:]
  -[NXZone allocWithSize:] types=^v24@0:8Q16
    => IMP @0x0000000102a38104
objc_msg_lookup -[NXConstantString cStr]
  -[NXConstantString cStr] types=r*16@0:8
    => IMP @0x0000000102a3aed4
  allocWithSize: size=40 => @0x0000000140107d98
objc_msg_lookup -[NXNumberInt64 initWithInt64:]
  -[NXNumberInt64 initWithInt64:] types=@24@0:8q16
    => IMP @0x0000000102a34ea8
objc_msg_lookup -[NXNumber init]
  -[NXNumber init] types=@16@0:8
  -[NXObject init] types=@16@0:8
  -[Object init] types=@16@0:8
objc_msg_lookup -[NXNumberInt64 autorelease]
  -[NXNumberInt64 autorelease] types=@16@0:8
  -[NXNumber autorelease] types=@16@0:8
  -[NXObject autorelease] types=@16@0:8
    => IMP @0x0000000102a36ed8
objc_lookup_class -[NXAutoreleasePool] @0x0000000102a48350
objc_msg_lookup +[NXAutoreleasePool currentPool]
  +[NXAutoreleasePool currentPool] types=@16@0:8
    => IMP @0x0000000102a33060
objc_msg_lookup -[NXAutoreleasePool addObject:]
  -[NXAutoreleasePool addObject:] types=v24@0:8@16
    => IMP @0x0000000102a330a4
objc_lookup_class -[NXObject] @0x0000000102a4a270
objc_msg_lookup +[NXObject class]
  +[NXObject class] types=#16@0:8
  +[Object class] types=#16@0:8
    => IMP @0x0000000102a3b104
objc_msg_lookup -[NXConstantString cStr]
  -[NXConstantString cStr] types=r*16@0:8
    => IMP @0x0000000102a3aed4
  autorelease retain: [NXNumberInt64] @0x0000000140107d98
objc_msg_lookup -[NXNumberInt64 int64Value]
  -[NXNumberInt64 int64Value] types=q16@0:8
    => IMP @0x0000000102a3533c
objc_lookup_class -[NXNumber] @0x0000000102a486b0
objc_msg_lookup +[NXNumber numberWithInt64:]
  +[NXNumber numberWithInt64:] types=@24@0:8q16
    => IMP @0x0000000102a335d4
objc_lookup_class -[NXNumberInt64] @0x0000000102a494c0
objc_msg_lookup +[NXNumberInt64 numberWithInt64:]
  +[NXNumberInt64 numberWithInt64:] types=@24@0:8q16
    => IMP @0x0000000102a34f24
objc_lookup_class -[NXNumberInt64] @0x0000000102a494c0
objc_msg_lookup +[NXNumberInt64 alloc]
  +[NXNumberInt64 alloc] types=@16@0:8
  +[NXNumber alloc] types=@16@0:8
  +[NXObject alloc] types=@16@0:8
    => IMP @0x0000000102a36b40
objc_msg_lookup +[NXNumberInt64 allocWithZone:]
  +[NXNumberInt64 allocWithZone:] types=@24@0:8@16
  +[NXNumber allocWithZone:] types=@24@0:8@16
  +[NXObject allocWithZone:] types=@24@0:8@16
    => IMP @0x0000000102a36b8c
objc_lookup_class -[NXZone] @0x0000000102a4ab68
objc_msg_lookup +[NXZone defaultZone]
  +[NXZone defaultZone] types=@16@0:8
    => IMP @0x0000000102a380e4
objc_msg_lookup -[NXZone allocWithSize:]
  -[NXZone allocWithSize:] types=^v24@0:8Q16
    => IMP @0x0000000102a38104
objc_msg_lookup -[NXConstantString cStr]
  -[NXConstantString cStr] types=r*16@0:8
    => IMP @0x0000000102a3aed4
  allocWithSize: size=40 => @0x0000000140107d58
objc_msg_lookup -[NXNumberInt64 initWithInt64:]
  -[NXNumberInt64 initWithInt64:] types=@24@0:8q16
    => IMP @0x0000000102a34ea8
objc_msg_lookup -[NXNumber init]
  -[NXNumber init] types=@16@0:8
  -[NXObject init] types=@16@0:8
  -[Object init] types=@16@0:8
objc_msg_lookup -[NXNumberInt64 autorelease]
  -[NXNumberInt64 autorelease] types=@16@0:8
  -[NXNumber autorelease] types=@16@0:8
  -[NXObject autorelease] types=@16@0:8
    => IMP @0x0000000102a36ed8
objc_lookup_class -[NXAutoreleasePool] @0x0000000102a48350
objc_msg_lookup +[NXAutoreleasePool currentPool]
  +[NXAutoreleasePool currentPool] types=@16@0:8
    => IMP @0x0000000102a33060
objc_msg_lookup -[NXAutoreleasePool addObject:]
  -[NXAutoreleasePool addObject:] types=v24@0:8@16
    => IMP @0x0000000102a330a4
objc_lookup_class -[NXObject] @0x0000000102a4a270
objc_msg_lookup +[NXObject class]
  +[NXObject class] types=#16@0:8
  +[Object class] types=#16@0:8
    => IMP @0x0000000102a3b104
objc_msg_lookup -[NXConstantString cStr]
  -[NXConstantString cStr] types=r*16@0:8
    => IMP @0x0000000102a3aed4
  autorelease retain: [NXNumberInt64] @0x0000000140107d58
objc_msg_lookup -[NXNumberInt64 int64Value]
  -[NXNumberInt64 int64Value] types=q16@0:8
    => IMP @0x0000000102a3533c
objc_lookup_class -[NXNumber] @0x0000000102a486b0
objc_msg_lookup +[NXNumber numberWithInt64:]
  +[NXNumber numberWithInt64:] types=@24@0:8q16
    => IMP @0x0000000102a335d4
objc_lookup_class -[NXNumberInt64] @0x0000000102a494c0
objc_msg_lookup +[NXNumberInt64 numberWithInt64:]
  +[NXNumberInt64 numberWithInt64:] types=@24@0:8q16
    => IMP @0x0000000102a34f24
objc_lookup_class -[NXNumberInt64] @0x0000000102a494c0
objc_msg_lookup +[NXNumberInt64 alloc]
  +[NXNumberInt64 alloc] types=@16@0:8
  +[NXNumber alloc] types=@16@0:8
  +[NXObject alloc] types=@16@0:8
    => IMP @0x0000000102a36b40
objc_msg_lookup +[NXNumberInt64 allocWithZone:]
  +[NXNumberInt64 allocWithZone:] types=@24@0:8@16
  +[NXNumber allocWithZone:] types=@24@0:8@16
  +[NXObject allocWithZone:] types=@24@0:8@16
    => IMP @0x0000000102a36b8c
objc_lookup_class -[NXZone] @0x0000000102a4ab68
objc_msg_lookup +[NXZone defaultZone]
  +[NXZone defaultZone] types=@16@0:8
    => IMP @0x0000000102a380e4
objc_msg_lookup -[NXZone allocWithSize:]
  -[NXZone allocWithSize:] types=^v24@0:8Q16
    => IMP @0x0000000102a38104
objc_msg_lookup -[NXConstantString cStr]
  -[NXConstantString cStr] types=r*16@0:8
    => IMP @0x0000000102a3aed4
  allocWithSize: size=40 => @0x0000000140107d18
objc_msg_lookup -[NXNumberInt64 initWithInt64:]
  -[NXNumberInt64 initWithInt64:] types=@24@0:8q16
    => IMP @0x0000000102a34ea8
objc_msg_lookup -[NXNumber init]
  -[NXNumber init] types=@16@0:8
  -[NXObject init] types=@16@0:8
  -[Object init] types=@16@0:8
objc_msg_lookup -[NXNumberInt64 autorelease]
  -[NXNumberInt64 autorelease] types=@16@0:8
  -[NXNumber autorelease] types=@16@0:8
  -[NXObject autorelease] types=@16@0:8
    => IMP @0x0000000102a36ed8
objc_lookup_class -[NXAutoreleasePool] @0x0000000102a48350
objc_msg_lookup +[NXAutoreleasePool currentPool]
  +[NXAutoreleasePool currentPool] types=@16@0:8
    => IMP @0x0000000102a33060
objc_msg_lookup -[NXAutoreleasePool addObject:]
  -[NXAutoreleasePool addObject:] types=v24@0:8@16
    => IMP @0x0000000102a330a4
objc_lookup_class -[NXObject] @0x0000000102a4a270
objc_msg_lookup +[NXObject class]
  +[NXObject class] types=#16@0:8
  +[Object class] types=#16@0:8
    => IMP @0x0000000102a3b104
objc_msg_lookup -[NXConstantString cStr]
  -[NXConstantString cStr] types=r*16@0:8
    => IMP @0x0000000102a3aed4
  autorelease retain: [NXNumberInt64] @0x0000000140107d18
objc_msg_lookup -[NXNumberInt64 int64Value]
  -[NXNumberInt64 int64Value] types=q16@0:8
    => IMP @0x0000000102a3533c
objc_lookup_class -[NXNumber] @0x0000000102a486b0
objc_msg_lookup +[NXNumber numberWithInt64:]
  +[NXNumber numberWithInt64:] types=@24@0:8q16
    => IMP @0x0000000102a335d4
objc_lookup_class -[NXNumberInt64] @0x0000000102a494c0
objc_msg_lookup +[NXNumberInt64 numberWithInt64:]
  +[NXNumberInt64 numberWithInt64:] types=@24@0:8q16
    => IMP @0x0000000102a34f24
objc_lookup_class -[NXNumberInt64] @0x0000000102a494c0
objc_msg_lookup +[NXNumberInt64 alloc]
  +[NXNumberInt64 alloc] types=@16@0:8
  +[NXNumber alloc] types=@16@0:8
  +[NXObject alloc] types=@16@0:8
    => IMP @0x0000000102a36b40
objc_msg_lookup +[NXNumberInt64 allocWithZone:]
  +[NXNumberInt64 allocWithZone:] types=@24@0:8@16
  +[NXNumber allocWithZone:] types=@24@0:8@16
  +[NXObject allocWithZone:] types=@24@0:8@16
    => IMP @0x0000000102a36b8c
objc_lookup_class -[NXZone] @0x0000000102a4ab68
objc_msg_lookup +[NXZone defaultZone]
  +[NXZone defaultZone] types=@16@0:8
    => IMP @0x0000000102a380e4
objc_msg_lookup -[NXZone allocWithSize:]
  -[NXZone allocWithSize:] types=^v24@0:8Q16
    => IMP @0x0000000102a38104
objc_msg_lookup -[NXConstantString cStr]
  -[NXConstantString cStr] types=r*16@0:8
    => IMP @0x0000000102a3aed4
  allocWithSize: size=40 => @0x0000000140107cd8
objc_msg_lookup -[NXNumberInt64 initWithInt64:]
  -[NXNumberInt64 initWithInt64:] types=@24@0:8q16
    => IMP @0x0000000102a34ea8
objc_msg_lookup -[NXNumber init]
  -[NXNumber init] types=@16@0:8
  -[NXObject init] types=@16@0:8
  -[Object init] types=@16@0:8
objc_msg_lookup -[NXNumberInt64 autorelease]
  -[NXNumberInt64 autorelease] types=@16@0:8
  -[NXNumber autorelease] types=@16@0:8
  -[NXObject autorelease] types=@16@0:8
    => IMP @0x0000000102a36ed8
objc_lookup_class -[NXAutoreleasePool] @0x0000000102a48350
objc_msg_lookup +[NXAutoreleasePool currentPool]
  +[NXAutoreleasePool currentPool] types=@16@0:8
    => IMP @0x0000000102a33060
objc_msg_lookup -[NXAutoreleasePool addObject:]
  -[NXAutoreleasePool addObject:] types=v24@0:8@16
    => IMP @0x0000000102a330a4
objc_lookup_class -[NXObject] @0x0000000102a4a270
objc_msg_lookup +[NXObject class]
  +[NXObject class] types=#16@0:8
  +[Object class] types=#16@0:8
    => IMP @0x0000000102a3b104
objc_msg_lookup -[NXConstantString cStr]
  -[NXConstantString cStr] types=r*16@0:8
    => IMP @0x0000000102a3aed4
  autorelease retain: [NXNumberInt64] @0x0000000140107cd8
objc_msg_lookup -[NXNumberInt64 int64Value]
  -[NXNumberInt64 int64Value] types=q16@0:8
    => IMP @0x0000000102a3533c
objc_lookup_class -[NXNumber] @0x0000000102a486b0
objc_msg_lookup +[NXNumber numberWithInt64:]
  +[NXNumber numberWithInt64:] types=@24@0:8q16
    => IMP @0x0000000102a335d4
objc_lookup_class -[NXNumberInt64] @0x0000000102a494c0
objc_msg_lookup +[NXNumberInt64 numberWithInt64:]
  +[NXNumberInt64 numberWithInt64:] types=@24@0:8q16
    => IMP @0x0000000102a34f24
objc_lookup_class -[NXNumberInt64] @0x0000000102a494c0
objc_msg_lookup +[NXNumberInt64 alloc]
  +[NXNumberInt64 alloc] types=@16@0:8
  +[NXNumber alloc] types=@16@0:8
  +[NXObject alloc] types=@16@0:8
    => IMP @0x0000000102a36b40
objc_msg_lookup +[NXNumberInt64 allocWithZone:]
  +[NXNumberInt64 allocWithZone:] types=@24@0:8@16
  +[NXNumber allocWithZone:] types=@24@0:8@16
  +[NXObject allocWithZone:] types=@24@0:8@16
    => IMP @0x0000000102a36b8c
objc_lookup_class -[NXZone] @0x0000000102a4ab68
objc_msg_lookup +[NXZone defaultZone]
  +[NXZone defaultZone] types=@16@0:8
    => IMP @0x0000000102a380e4
objc_msg_lookup -[NXZone allocWithSize:]
  -[NXZone allocWithSize:] types=^v24@0:8Q16
    => IMP @0x0000000102a38104
objc_msg_lookup -[NXConstantString cStr]
  -[NXConstantString cStr] types=r*16@0:8
    => IMP @0x0000000102a3aed4
  allocWithSize: size=40 => @0x0000000140107c98
objc_msg_lookup -[NXNumberInt64 initWithInt64:]
  -[NXNumberInt64 initWithInt64:] types=@24@0:8q16
    => IMP @0x0000000102a34ea8
objc_msg_lookup -[NXNumber init]
  -[NXNumber init] types=@16@0:8
  -[NXObject init] types=@16@0:8
  -[Object init] types=@16@0:8
objc_msg_lookup -[NXNumberInt64 autorelease]
  -[NXNumberInt64 autorelease] types=@16@0:8
  -[NXNumber autorelease] types=@16@0:8
  -[NXObject autorelease] types=@16@0:8
    => IMP @0x0000000102a36ed8
objc_lookup_class -[NXAutoreleasePool] @0x0000000102a48350
objc_msg_lookup +[NXAutoreleasePool currentPool]
  +[NXAutoreleasePool currentPool] types=@16@0:8
    => IMP @0x0000000102a33060
objc_msg_lookup -[NXAutoreleasePool addObject:]
  -[NXAutoreleasePool addObject:] types=v24@0:8@16
    => IMP @0x0000000102a330a4
objc_lookup_class -[NXObject] @0x0000000102a4a270
objc_msg_lookup +[NXObject class]
  +[NXObject class] types=#16@0:8
  +[Object class] types=#16@0:8
    => IMP @0x0000000102a3b104
objc_msg_lookup -[NXConstantString cStr]
  -[NXConstantString cStr] types=r*16@0:8
    => IMP @0x0000000102a3aed4
  autorelease retain: [NXNumberInt64] @0x0000000140107c98
objc_msg_lookup -[NXNumberInt64 int64Value]
  -[NXNumberInt64 int64Value] types=q16@0:8
    => IMP @0x0000000102a3533c
objc_lookup_class -[NXNumber] @0x0000000102a486b0
objc_msg_lookup +[NXNumber numberWithInt64:]
  +[NXNumber numberWithInt64:] types=@24@0:8q16
    => IMP @0x0000000102a335d4
objc_lookup_class -[NXNumberInt64] @0x0000000102a494c0
objc_msg_lookup +[NXNumberInt64 numberWithInt64:]
  +[NXNumberInt64 numberWithInt64:] types=@24@0:8q16
    => IMP @0x0000000102a34f24
objc_lookup_class -[NXNumberInt64] @0x0000000102a494c0
objc_msg_lookup +[NXNumberInt64 alloc]
  +[NXNumberInt64 alloc] types=@16@0:8
  +[NXNumber alloc] types=@16@0:8
  +[NXObject alloc] types=@16@0:8
    => IMP @0x0000000102a36b40
objc_msg_lookup +[NXNumberInt64 allocWithZone:]
  +[NXNumberInt64 allocWithZone:] types=@24@0:8@16
  +[NXNumber allocWithZone:] types=@24@0:8@16
  +[NXObject allocWithZone:] types=@24@0:8@16
    => IMP @0x0000000102a36b8c
objc_lookup_class -[NXZone] @0x0000000102a4ab68
objc_msg_lookup +[NXZone defaultZone]
  +[NXZone defaultZone] types=@16@0:8
    => IMP @0x0000000102a380e4
objc_msg_lookup -[NXZone allocWithSize:]
  -[NXZone allocWithSize:] types=^v24@0:8Q16
    => IMP @0x0000000102a38104
objc_msg_lookup -[NXConstantString cStr]
  -[NXConstantString cStr] types=r*16@0:8
    => IMP @0x0000000102a3aed4
  allocWithSize: size=40 => @0x0000000140107c58
objc_msg_lookup -[NXNumberInt64 initWithInt64:]
  -[NXNumberInt64 initWithInt64:] types=@24@0:8q16
    => IMP @0x0000000102a34ea8
objc_msg_lookup -[NXNumber init]
  -[NXNumber init] types=@16@0:8
  -[NXObject init] types=@16@0:8
  -[Object init] types=@16@0:8
objc_msg_lookup -[NXNumberInt64 autorelease]
  -[NXNumberInt64 autorelease] types=@16@0:8
  -[NXNumber autorelease] types=@16@0:8
  -[NXObject autorelease] types=@16@0:8
    => IMP @0x0000000102a36ed8
objc_lookup_class -[NXAutoreleasePool] @0x0000000102a48350
objc_msg_lookup +[NXAutoreleasePool currentPool]
  +[NXAutoreleasePool currentPool] types=@16@0:8
    => IMP @0x0000000102a33060
objc_msg_lookup -[NXAutoreleasePool addObject:]
  -[NXAutoreleasePool addObject:] types=v24@0:8@16
    => IMP @0x0000000102a330a4
objc_lookup_class -[NXObject] @0x0000000102a4a270
objc_msg_lookup +[NXObject class]
  +[NXObject class] types=#16@0:8
  +[Object class] types=#16@0:8
    => IMP @0x0000000102a3b104
objc_msg_lookup -[NXConstantString cStr]
  -[NXConstantString cStr] types=r*16@0:8
    => IMP @0x0000000102a3aed4
  autorelease retain: [NXNumberInt64] @0x0000000140107c58
objc_msg_lookup -[NXNumberInt64 int64Value]
  -[NXNumberInt64 int64Value] types=q16@0:8
    => IMP @0x0000000102a3533c
objc_lookup_class -[NXNumber] @0x0000000102a486b0
objc_msg_lookup +[NXNumber numberWithInt64:]
  +[NXNumber numberWithInt64:] types=@24@0:8q16
    => IMP @0x0000000102a335d4
objc_lookup_class -[NXNumberInt64] @0x0000000102a494c0
objc_msg_lookup +[NXNumberInt64 numberWithInt64:]
  +[NXNumberInt64 numberWithInt64:] types=@24@0:8q16
    => IMP @0x0000000102a34f24
objc_lookup_class -[NXNumberInt64] @0x0000000102a494c0
objc_msg_lookup +[NXNumberInt64 alloc]
  +[NXNumberInt64 alloc] types=@16@0:8
  +[NXNumber alloc] types=@16@0:8
  +[NXObject alloc] types=@16@0:8
    => IMP @0x0000000102a36b40
objc_msg_lookup +[NXNumberInt64 allocWithZone:]
  +[NXNumberInt64 allocWithZone:] types=@24@0:8@16
  +[NXNumber allocWithZone:] types=@24@0:8@16
  +[NXObject allocWithZone:] types=@24@0:8@16
    => IMP @0x0000000102a36b8c
objc_lookup_class -[NXZone] @0x0000000102a4ab68
objc_msg_lookup +[NXZone defaultZone]
  +[NXZone defaultZone] types=@16@0:8
    => IMP @0x0000000102a380e4
objc_msg_lookup -[NXZone allocWithSize:]
  -[NXZone allocWithSize:] types=^v24@0:8Q16
    => IMP @0x0000000102a38104
objc_msg_lookup -[NXConstantString cStr]
  -[NXConstantString cStr] types=r*16@0:8
    => IMP @0x0000000102a3aed4
  allocWithSize: size=40 => @0x0000000140107c18
objc_msg_lookup -[NXNumberInt64 initWithInt64:]
  -[NXNumberInt64 initWithInt64:] types=@24@0:8q16
    => IMP @0x0000000102a34ea8
objc_msg_lookup -[NXNumber init]
  -[NXNumber init] types=@16@0:8
  -[NXObject init] types=@16@0:8
  -[Object init] types=@16@0:8
objc_msg_lookup -[NXNumberInt64 autorelease]
  -[NXNumberInt64 autorelease] types=@16@0:8
  -[NXNumber autorelease] types=@16@0:8
  -[NXObject autorelease] types=@16@0:8
    => IMP @0x0000000102a36ed8
objc_lookup_class -[NXAutoreleasePool] @0x0000000102a48350
objc_msg_lookup +[NXAutoreleasePool currentPool]
  +[NXAutoreleasePool currentPool] types=@16@0:8
    => IMP @0x0000000102a33060
objc_msg_lookup -[NXAutoreleasePool addObject:]
  -[NXAutoreleasePool addObject:] types=v24@0:8@16
    => IMP @0x0000000102a330a4
objc_lookup_class -[NXObject] @0x0000000102a4a270
objc_msg_lookup +[NXObject class]
  +[NXObject class] types=#16@0:8
  +[Object class] types=#16@0:8
    => IMP @0x0000000102a3b104
objc_msg_lookup -[NXConstantString cStr]
  -[NXConstantString cStr] types=r*16@0:8
    => IMP @0x0000000102a3aed4
  autorelease retain: [NXNumberInt64] @0x0000000140107c18
objc_msg_lookup -[NXNumberInt64 int64Value]
  -[NXNumberInt64 int64Value] types=q16@0:8
    => IMP @0x0000000102a3533c
objc_lookup_class -[NXNumber] @0x0000000102a486b0
objc_msg_lookup +[NXNumber numberWithInt64:]
  +[NXNumber numberWithInt64:] types=@24@0:8q16
    => IMP @0x0000000102a335d4
objc_lookup_class -[NXNumberInt64] @0x0000000102a494c0
objc_msg_lookup +[NXNumberInt64 numberWithInt64:]
  +[NXNumberInt64 numberWithInt64:] types=@24@0:8q16
    => IMP @0x0000000102a34f24
objc_lookup_class -[NXNumberInt64] @0x0000000102a494c0
objc_msg_lookup +[NXNumberInt64 alloc]
  +[NXNumberInt64 alloc] types=@16@0:8
  +[NXNumber alloc] types=@16@0:8
  +[NXObject alloc] types=@16@0:8
    => IMP @0x0000000102a36b40
objc_msg_lookup +[NXNumberInt64 allocWithZone:]
  +[NXNumberInt64 allocWithZone:] types=@24@0:8@16
  +[NXNumber allocWithZone:] types=@24@0:8@16
  +[NXObject allocWithZone:] types=@24@0:8@16
    => IMP @0x0000000102a36b8c
objc_lookup_class -[NXZone] @0x0000000102a4ab68
objc_msg_lookup +[NXZone defaultZone]
  +[NXZone defaultZone] types=@16@0:8
    => IMP @0x0000000102a380e4
objc_msg_lookup -[NXZone allocWithSize:]
  -[NXZone allocWithSize:] types=^v24@0:8Q16
    => IMP @0x0000000102a38104
objc_msg_lookup -[NXConstantString cStr]
  -[NXConstantString cStr] types=r*16@0:8
    => IMP @0x0000000102a3aed4
  allocWithSize: size=40 => @0x0000000140107bd8
objc_msg_lookup -[NXNumberInt64 initWithInt64:]
  -[NXNumberInt64 initWithInt64:] types=@24@0:8q16
    => IMP @0x0000000102a34ea8
objc_msg_lookup -[NXNumber init]
  -[NXNumber init] types=@16@0:8
  -[NXObject init] types=@16@0:8
  -[Object init] types=@16@0:8
objc_msg_lookup -[NXNumberInt64 autorelease]
  -[NXNumberInt64 autorelease] types=@16@0:8
  -[NXNumber autorelease] types=@16@0:8
  -[NXObject autorelease] types=@16@0:8
    => IMP @0x0000000102a36ed8
objc_lookup_class -[NXAutoreleasePool] @0x0000000102a48350
objc_msg_lookup +[NXAutoreleasePool currentPool]
  +[NXAutoreleasePool currentPool] types=@16@0:8
    => IMP @0x0000000102a33060
objc_msg_lookup -[NXAutoreleasePool addObject:]
  -[NXAutoreleasePool addObject:] types=v24@0:8@16
    => IMP @0x0000000102a330a4
objc_lookup_class -[NXObject] @0x0000000102a4a270
objc_msg_lookup +[NXObject class]
  +[NXObject class] types=#16@0:8
  +[Object class] types=#16@0:8
    => IMP @0x0000000102a3b104
objc_msg_lookup -[NXConstantString cStr]
  -[NXConstantString cStr] types=r*16@0:8
    => IMP @0x0000000102a3aed4
  autorelease retain: [NXNumberInt64] @0x0000000140107bd8
objc_msg_lookup -[NXNumberInt64 int64Value]
  -[NXNumberInt64 int64Value] types=q16@0:8
    => IMP @0x0000000102a3533c
objc_lookup_class -[NXNumber] @0x0000000102a486b0
objc_msg_lookup +[NXNumber numberWithInt64:]
  +[NXNumber numberWithInt64:] types=@24@0:8q16
    => IMP @0x0000000102a335d4
objc_lookup_class -[NXNumberInt64] @0x0000000102a494c0
objc_msg_lookup +[NXNumberInt64 numberWithInt64:]
  +[NXNumberInt64 numberWithInt64:] types=@24@0:8q16
    => IMP @0x0000000102a34f24
objc_lookup_class -[NXNumberInt64] @0x0000000102a494c0
objc_msg_lookup +[NXNumberInt64 alloc]
  +[NXNumberInt64 alloc] types=@16@0:8
  +[NXNumber alloc] types=@16@0:8
  +[NXObject alloc] types=@16@0:8
    => IMP @0x0000000102a36b40
objc_msg_lookup +[NXNumberInt64 allocWithZone:]
  +[NXNumberInt64 allocWithZone:] types=@24@0:8@16
  +[NXNumber allocWithZone:] types=@24@0:8@16
  +[NXObject allocWithZone:] types=@24@0:8@16
    => IMP @0x0000000102a36b8c
objc_lookup_class -[NXZone] @0x0000000102a4ab68
objc_msg_lookup +[NXZone defaultZone]
  +[NXZone defaultZone] types=@16@0:8
    => IMP @0x0000000102a380e4
objc_msg_lookup -[NXZone allocWithSize:]
  -[NXZone allocWithSize:] types=^v24@0:8Q16
    => IMP @0x0000000102a38104
objc_msg_lookup -[NXConstantString cStr]
  -[NXConstantString cStr] types=r*16@0:8
    => IMP @0x0000000102a3aed4
  allocWithSize: size=40 => @0x0000000140107b98
objc_msg_lookup -[NXNumberInt64 initWithInt64:]
  -[NXNumberInt64 initWithInt64:] types=@24@0:8q16
    => IMP @0x0000000102a34ea8
objc_msg_lookup -[NXNumber init]
  -[NXNumber init] types=@16@0:8
  -[NXObject init] types=@16@0:8
  -[Object init] types=@16@0:8
objc_msg_lookup -[NXNumberInt64 autorelease]
  -[NXNumberInt64 autorelease] types=@16@0:8
  -[NXNumber autorelease] types=@16@0:8
  -[NXObject autorelease] types=@16@0:8
    => IMP @0x0000000102a36ed8
objc_lookup_class -[NXAutoreleasePool] @0x0000000102a48350
objc_msg_lookup +[NXAutoreleasePool currentPool]
  +[NXAutoreleasePool currentPool] types=@16@0:8
    => IMP @0x0000000102a33060
objc_msg_lookup -[NXAutoreleasePool addObject:]
  -[NXAutoreleasePool addObject:] types=v24@0:8@16
    => IMP @0x0000000102a330a4
objc_lookup_class -[NXObject] @0x0000000102a4a270
objc_msg_lookup +[NXObject class]
  +[NXObject class] types=#16@0:8
  +[Object class] types=#16@0:8
    => IMP @0x0000000102a3b104
objc_msg_lookup -[NXConstantString cStr]
  -[NXConstantString cStr] types=r*16@0:8
    => IMP @0x0000000102a3aed4
  autorelease retain: [NXNumberInt64] @0x0000000140107b98
objc_msg_lookup -[NXNumberInt64 int64Value]
  -[NXNumberInt64 int64Value] types=q16@0:8
    => IMP @0x0000000102a3533c
objc_lookup_class -[NXNumber] @0x0000000102a486b0
objc_msg_lookup +[NXNumber numberWithInt64:]
  +[NXNumber numberWithInt64:] types=@24@0:8q16
    => IMP @0x0000000102a335d4
objc_lookup_class -[NXNumberInt64] @0x0000000102a494c0
objc_msg_lookup +[NXNumberInt64 numberWithInt64:]
  +[NXNumberInt64 numberWithInt64:] types=@24@0:8q16
    => IMP @0x0000000102a34f24
objc_lookup_class -[NXNumberInt64] @0x0000000102a494c0
objc_msg_lookup +[NXNumberInt64 alloc]
  +[NXNumberInt64 alloc] types=@16@0:8
  +[NXNumber alloc] types=@16@0:8
  +[NXObject alloc] types=@16@0:8
    => IMP @0x0000000102a36b40
objc_msg_lookup +[NXNumberInt64 allocWithZone:]
  +[NXNumberInt64 allocWithZone:] types=@24@0:8@16
  +[NXNumber allocWithZone:] types=@24@0:8@16
  +[NXObject allocWithZone:] types=@24@0:8@16
    => IMP @0x0000000102a36b8c
objc_lookup_class -[NXZone] @0x0000000102a4ab68
objc_msg_lookup +[NXZone defaultZone]
  +[NXZone defaultZone] types=@16@0:8
    => IMP @0x0000000102a380e4
objc_msg_lookup -[NXZone allocWithSize:]
  -[NXZone allocWithSize:] types=^v24@0:8Q16
    => IMP @0x0000000102a38104
objc_msg_lookup -[NXConstantString cStr]
  -[NXConstantString cStr] types=r*16@0:8
    => IMP @0x0000000102a3aed4
  allocWithSize: size=40 => @0x0000000140107b58
objc_msg_lookup -[NXNumberInt64 initWithInt64:]
  -[NXNumberInt64 initWithInt64:] types=@24@0:8q16
    => IMP @0x0000000102a34ea8
objc_msg_lookup -[NXNumber init]
  -[NXNumber init] types=@16@0:8
  -[NXObject init] types=@16@0:8
  -[Object init] types=@16@0:8
objc_msg_lookup -[NXNumberInt64 autorelease]
  -[NXNumberInt64 autorelease] types=@16@0:8
  -[NXNumber autorelease] types=@16@0:8
  -[NXObject autorelease] types=@16@0:8
    => IMP @0x0000000102a36ed8
objc_lookup_class -[NXAutoreleasePool] @0x0000000102a48350
objc_msg_lookup +[NXAutoreleasePool currentPool]
  +[NXAutoreleasePool currentPool] types=@16@0:8
    => IMP @0x0000000102a33060
objc_msg_lookup -[NXAutoreleasePool addObject:]
  -[NXAutoreleasePool addObject:] types=v24@0:8@16
    => IMP @0x0000000102a330a4
objc_lookup_class -[NXObject] @0x0000000102a4a270
objc_msg_lookup +[NXObject class]
  +[NXObject class] types=#16@0:8
  +[Object class] types=#16@0:8
    => IMP @0x0000000102a3b104
objc_msg_lookup -[NXConstantString cStr]
  -[NXConstantString cStr] types=r*16@0:8
    => IMP @0x0000000102a3aed4
  autorelease retain: [NXNumberInt64] @0x0000000140107b58
objc_msg_lookup -[NXNumberInt64 int64Value]
  -[NXNumberInt64 int64Value] types=q16@0:8
    => IMP @0x0000000102a3533c
objc_lookup_class -[NXNumber] @0x0000000102a486b0
objc_msg_lookup +[NXNumber numberWithUnsignedInt64:]
  +[NXNumber numberWithUnsignedInt64:] types=@24@0:8Q16
    => IMP @0x0000000102a33630
objc_lookup_class -[NXNumberUnsignedInt64] @0x0000000102a49f80
objc_msg_lookup +[NXNumberUnsignedInt64 numberWithUnsignedInt64:]
  +[NXNumberUnsignedInt64 numberWithUnsignedInt64:] types=@24@0:8Q16
    => IMP @0x0000000102a3646c
objc_lookup_class -[NXNumberUnsignedInt64] @0x0000000102a49f80
objc_msg_lookup +[NXNumberUnsignedInt64 alloc]
  +[NXNumberUnsignedInt64 alloc] types=@16@0:8
  +[NXNumber alloc] types=@16@0:8
  +[NXObject alloc] types=@16@0:8
    => IMP @0x0000000102a36b40
objc_msg_lookup +[NXNumberUnsignedInt64 allocWithZone:]
  +[NXNumberUnsignedInt64 allocWithZone:] types=@24@0:8@16
  +[NXNumber allocWithZone:] types=@24@0:8@16
  +[NXObject allocWithZone:] types=@24@0:8@16
    => IMP @0x0000000102a36b8c
objc_lookup_class -[NXZone] @0x0000000102a4ab68
objc_msg_lookup +[NXZone defaultZone]
  +[NXZone defaultZone] types=@16@0:8
    => IMP @0x0000000102a380e4
objc_msg_lookup -[NXZone allocWithSize:]
  -[NXZone allocWithSize:] types=^v24@0:8Q16
    => IMP @0x0000000102a38104
objc_msg_lookup -[NXConstantString cStr]
  -[NXConstantString cStr] types=r*16@0:8
    => IMP @0x0000000102a3aed4
  allocWithSize: size=40 => @0x0000000140107b18
objc_msg_lookup -[NXNumberUnsignedInt64 initWithUnsignedInt64:]
  -[NXNumberUnsignedInt64 initWithUnsignedInt64:] types=@24@0:8Q16
    => IMP @0x0000000102a363f0
objc_msg_lookup -[NXNumber init]
  -[NXNumber init] types=@16@0:8
  -[NXObject init] types=@16@0:8
  -[Object init] types=@16@0:8
objc_msg_lookup -[NXNumberUnsignedInt64 autorelease]
  -[NXNumberUnsignedInt64 autorelease] types=@16@0:8
  -[NXNumber autorelease] types=@16@0:8
  -[NXObject autorelease] types=@16@0:8
    => IMP @0x0000000102a36ed8
objc_lookup_class -[NXAutoreleasePool] @0x0000000102a48350
objc_msg_lookup +[NXAutoreleasePool currentPool]
  +[NXAutoreleasePool currentPool] types=@16@0:8
    => IMP @0x0000000102a33060
objc_msg_lookup -[NXAutoreleasePool addObject:]
  -[NXAutoreleasePool addObject:] types=v24@0:8@16
    => IMP @0x0000000102a330a4
objc_lookup_class -[NXObject] @0x0000000102a4a270
objc_msg_lookup +[NXObject class]
  +[NXObject class] types=#16@0:8
  +[Object class] types=#16@0:8
    => IMP @0x0000000102a3b104
objc_msg_lookup -[NXConstantString cStr]
  -[NXConstantString cStr] types=r*16@0:8
    => IMP @0x0000000102a3aed4
  autorelease retain: [NXNumberUnsignedInt64] @0x0000000140107b18
objc_msg_lookup -[NXNumberUnsignedInt64 unsignedInt64Value]
  -[NXNumberUnsignedInt64 unsignedInt64Value] types=Q16@0:8
    => IMP @0x0000000102a368d4
objc_lookup_class -[NXNumber] @0x0000000102a486b0
objc_msg_lookup +[NXNumber numberWithUnsignedInt64:]
  +[NXNumber numberWithUnsignedInt64:] types=@24@0:8Q16
    => IMP @0x0000000102a33630
objc_lookup_class -[NXNumberUnsignedInt64] @0x0000000102a49f80
objc_msg_lookup +[NXNumberUnsignedInt64 numberWithUnsignedInt64:]
  +[NXNumberUnsignedInt64 numberWithUnsignedInt64:] types=@24@0:8Q16
    => IMP @0x0000000102a3646c
objc_lookup_class -[NXNumberUnsignedInt64] @0x0000000102a49f80
objc_msg_lookup +[NXNumberUnsignedInt64 alloc]
  +[NXNumberUnsignedInt64 alloc] types=@16@0:8
  +[NXNumber alloc] types=@16@0:8
  +[NXObject alloc] types=@16@0:8
    => IMP @0x0000000102a36b40
objc_msg_lookup +[NXNumberUnsignedInt64 allocWithZone:]
  +[NXNumberUnsignedInt64 allocWithZone:] types=@24@0:8@16
  +[NXNumber allocWithZone:] types=@24@0:8@16
  +[NXObject allocWithZone:] types=@24@0:8@16
    => IMP @0x0000000102a36b8c
objc_lookup_class -[NXZone] @0x0000000102a4ab68
objc_msg_lookup +[NXZone defaultZone]
  +[NXZone defaultZone] types=@16@0:8
    => IMP @0x0000000102a380e4
objc_msg_lookup -[NXZone allocWithSize:]
  -[NXZone allocWithSize:] types=^v24@0:8Q16
    => IMP @0x0000000102a38104
objc_msg_lookup -[NXConstantString cStr]
  -[NXConstantString cStr] types=r*16@0:8
    => IMP @0x0000000102a3aed4
  allocWithSize: size=40 => @0x0000000140107ad8
objc_msg_lookup -[NXNumberUnsignedInt64 initWithUnsignedInt64:]
  -[NXNumberUnsignedInt64 initWithUnsignedInt64:] types=@24@0:8Q16
    => IMP @0x0000000102a363f0
objc_msg_lookup -[NXNumber init]
  -[NXNumber init] types=@16@0:8
  -[NXObject init] types=@16@0:8
  -[Object init] types=@16@0:8
objc_msg_lookup -[NXNumberUnsignedInt64 autorelease]
  -[NXNumberUnsignedInt64 autorelease] types=@16@0:8
  -[NXNumber autorelease] types=@16@0:8
  -[NXObject autorelease] types=@16@0:8
    => IMP @0x0000000102a36ed8
objc_lookup_class -[NXAutoreleasePool] @0x0000000102a48350
objc_msg_lookup +[NXAutoreleasePool currentPool]
  +[NXAutoreleasePool currentPool] types=@16@0:8
    => IMP @0x0000000102a33060
objc_msg_lookup -[NXAutoreleasePool addObject:]
  -[NXAutoreleasePool addObject:] types=v24@0:8@16
    => IMP @0x0000000102a330a4
objc_lookup_class -[NXObject] @0x0000000102a4a270
objc_msg_lookup +[NXObject class]
  +[NXObject class] types=#16@0:8
  +[Object class] types=#16@0:8
    => IMP @0x0000000102a3b104
objc_msg_lookup -[NXConstantString cStr]
  -[NXConstantString cStr] types=r*16@0:8
    => IMP @0x0000000102a3aed4
  autorelease retain: [NXNumberUnsignedInt64] @0x0000000140107ad8
objc_msg_lookup -[NXNumberUnsignedInt64 unsignedInt64Value]
  -[NXNumberUnsignedInt64 unsignedInt64Value] types=Q16@0:8
    => IMP @0x0000000102a368d4
objc_lookup_class -[NXNumber] @0x0000000102a486b0
objc_msg_lookup +[NXNumber numberWithUnsignedInt64:]
  +[NXNumber numberWithUnsignedInt64:] types=@24@0:8Q16
    => IMP @0x0000000102a33630
objc_lookup_class -[NXNumberUnsignedInt64] @0x0000000102a49f80
objc_msg_lookup +[NXNumberUnsignedInt64 numberWithUnsignedInt64:]
  +[NXNumberUnsignedInt64 numberWithUnsignedInt64:] types=@24@0:8Q16
    => IMP @0x0000000102a3646c
objc_lookup_class -[NXNumberUnsignedInt64] @0x0000000102a49f80
objc_msg_lookup +[NXNumberUnsignedInt64 alloc]
  +[NXNumberUnsignedInt64 alloc] types=@16@0:8
  +[NXNumber alloc] types=@16@0:8
  +[NXObject alloc] types=@16@0:8
    => IMP @0x0000000102a36b40
objc_msg_lookup +[NXNumberUnsignedInt64 allocWithZone:]
  +[NXNumberUnsignedInt64 allocWithZone:] types=@24@0:8@16
  +[NXNumber allocWithZone:] types=@24@0:8@16
  +[NXObject allocWithZone:] types=@24@0:8@16
    => IMP @0x0000000102a36b8c
objc_lookup_class -[NXZone] @0x0000000102a4ab68
objc_msg_lookup +[NXZone defaultZone]
  +[NXZone defaultZone] types=@16@0:8
    => IMP @0x0000000102a380e4
objc_msg_lookup -[NXZone allocWithSize:]
  -[NXZone allocWithSize:] types=^v24@0:8Q16
    => IMP @0x0000000102a38104
objc_msg_lookup -[NXConstantString cStr]
  -[NXConstantString cStr] types=r*16@0:8
    => IMP @0x0000000102a3aed4
  allocWithSize: size=40 => @0x0000000140107a98
objc_msg_lookup -[NXNumberUnsignedInt64 initWithUnsignedInt64:]
  -[NXNumberUnsignedInt64 initWithUnsignedInt64:] types=@24@0:8Q16
    => IMP @0x0000000102a363f0
objc_msg_lookup -[NXNumber init]
  -[NXNumber init] types=@16@0:8
  -[NXObject init] types=@16@0:8
  -[Object init] types=@16@0:8
objc_msg_lookup -[NXNumberUnsignedInt64 autorelease]
  -[NXNumberUnsignedInt64 autorelease] types=@16@0:8
  -[NXNumber autorelease] types=@16@0:8
  -[NXObject autorelease] types=@16@0:8
    => IMP @0x0000000102a36ed8
objc_lookup_class -[NXAutoreleasePool] @0x0000000102a48350
objc_msg_lookup +[NXAutoreleasePool currentPool]
  +[NXAutoreleasePool currentPool] types=@16@0:8
    => IMP @0x0000000102a33060
objc_msg_lookup -[NXAutoreleasePool addObject:]
  -[NXAutoreleasePool addObject:] types=v24@0:8@16
    => IMP @0x0000000102a330a4
objc_lookup_class -[NXObject] @0x0000000102a4a270
objc_msg_lookup +[NXObject class]
  +[NXObject class] types=#16@0:8
  +[Object class] types=#16@0:8
    => IMP @0x0000000102a3b104
objc_msg_lookup -[NXConstantString cStr]
  -[NXConstantString cStr] types=r*16@0:8
    => IMP @0x0000000102a3aed4
  autorelease retain: [NXNumberUnsignedInt64] @0x0000000140107a98
objc_msg_lookup -[NXNumberUnsignedInt64 unsignedInt64Value]
  -[NXNumberUnsignedInt64 unsignedInt64Value] types=Q16@0:8
    => IMP @0x0000000102a368d4
objc_lookup_class -[NXNumber] @0x0000000102a486b0
objc_msg_lookup +[NXNumber numberWithUnsignedInt64:]
  +[NXNumber numberWithUnsignedInt64:] types=@24@0:8Q16
    => IMP @0x0000000102a33630
objc_lookup_class -[NXNumberUnsignedInt64] @0x0000000102a49f80
objc_msg_lookup +[NXNumberUnsignedInt64 numberWithUnsignedInt64:]
  +[NXNumberUnsignedInt64 numberWithUnsignedInt64:] types=@24@0:8Q16
    => IMP @0x0000000102a3646c
objc_lookup_class -[NXNumberUnsignedInt64] @0x0000000102a49f80
objc_msg_lookup +[NXNumberUnsignedInt64 alloc]
  +[NXNumberUnsignedInt64 alloc] types=@16@0:8
  +[NXNumber alloc] types=@16@0:8
  +[NXObject alloc] types=@16@0:8
    => IMP @0x0000000102a36b40
objc_msg_lookup +[NXNumberUnsignedInt64 allocWithZone:]
  +[NXNumberUnsignedInt64 allocWithZone:] types=@24@0:8@16
  +[NXNumber allocWithZone:] types=@24@0:8@16
  +[NXObject allocWithZone:] types=@24@0:8@16
    => IMP @0x0000000102a36b8c
objc_lookup_class -[NXZone] @0x0000000102a4ab68
objc_msg_lookup +[NXZone defaultZone]
  +[NXZone defaultZone] types=@16@0:8
    => IMP @0x0000000102a380e4
objc_msg_lookup -[NXZone allocWithSize:]
  -[NXZone allocWithSize:] types=^v24@0:8Q16
    => IMP @0x0000000102a38104
objc_msg_lookup -[NXConstantString cStr]
  -[NXConstantString cStr] types=r*16@0:8
    => IMP @0x0000000102a3aed4
  allocWithSize: size=40 => @0x0000000140107a58
objc_msg_lookup -[NXNumberUnsignedInt64 initWithUnsignedInt64:]
  -[NXNumberUnsignedInt64 initWithUnsignedInt64:] types=@24@0:8Q16
    => IMP @0x0000000102a363f0
objc_msg_lookup -[NXNumber init]
  -[NXNumber init] types=@16@0:8
  -[NXObject init] types=@16@0:8
  -[Object init] types=@16@0:8
objc_msg_lookup -[NXNumberUnsignedInt64 autorelease]
  -[NXNumberUnsignedInt64 autorelease] types=@16@0:8
  -[NXNumber autorelease] types=@16@0:8
  -[NXObject autorelease] types=@16@0:8
    => IMP @0x0000000102a36ed8
objc_lookup_class -[NXAutoreleasePool] @0x0000000102a48350
objc_msg_lookup +[NXAutoreleasePool currentPool]
  +[NXAutoreleasePool currentPool] types=@16@0:8
    => IMP @0x0000000102a33060
objc_msg_lookup -[NXAutoreleasePool addObject:]
  -[NXAutoreleasePool addObject:] types=v24@0:8@16
    => IMP @0x0000000102a330a4
objc_lookup_class -[NXObject] @0x0000000102a4a270
objc_msg_lookup +[NXObject class]
  +[NXObject class] types=#16@0:8
  +[Object class] types=#16@0:8
    => IMP @0x0000000102a3b104
objc_msg_lookup -[NXConstantString cStr]
  -[NXConstantString cStr] types=r*16@0:8
    => IMP @0x0000000102a3aed4
  autorelease retain: [NXNumberUnsignedInt64] @0x0000000140107a58
objc_msg_lookup -[NXNumberUnsignedInt64 unsignedInt64Value]
  -[NXNumberUnsignedInt64 unsignedInt64Value] types=Q16@0:8
    => IMP @0x0000000102a368d4
objc_lookup_class -[NXNumber] @0x0000000102a486b0
objc_msg_lookup +[NXNumber numberWithUnsignedInt64:]
  +[NXNumber numberWithUnsignedInt64:] types=@24@0:8Q16
    => IMP @0x0000000102a33630
objc_lookup_class -[NXNumberUnsignedInt64] @0x0000000102a49f80
objc_msg_lookup +[NXNumberUnsignedInt64 numberWithUnsignedInt64:]
  +[NXNumberUnsignedInt64 numberWithUnsignedInt64:] types=@24@0:8Q16
    => IMP @0x0000000102a3646c
objc_lookup_class -[NXNumberUnsignedInt64] @0x0000000102a49f80
objc_msg_lookup +[NXNumberUnsignedInt64 alloc]
  +[NXNumberUnsignedInt64 alloc] types=@16@0:8
  +[NXNumber alloc] types=@16@0:8
  +[NXObject alloc] types=@16@0:8
    => IMP @0x0000000102a36b40
objc_msg_lookup +[NXNumberUnsignedInt64 allocWithZone:]
  +[NXNumberUnsignedInt64 allocWithZone:] types=@24@0:8@16
  +[NXNumber allocWithZone:] types=@24@0:8@16
  +[NXObject allocWithZone:] types=@24@0:8@16
    => IMP @0x0000000102a36b8c
objc_lookup_class -[NXZone] @0x0000000102a4ab68
objc_msg_lookup +[NXZone defaultZone]
  +[NXZone defaultZone] types=@16@0:8
    => IMP @0x0000000102a380e4
objc_msg_lookup -[NXZone allocWithSize:]
  -[NXZone allocWithSize:] types=^v24@0:8Q16
    => IMP @0x0000000102a38104
objc_msg_lookup -[NXConstantString cStr]
  -[NXConstantString cStr] types=r*16@0:8
    => IMP @0x0000000102a3aed4
  allocWithSize: size=40 => @0x0000000140107a18
objc_msg_lookup -[NXNumberUnsignedInt64 initWithUnsignedInt64:]
  -[NXNumberUnsignedInt64 initWithUnsignedInt64:] types=@24@0:8Q16
    => IMP @0x0000000102a363f0
objc_msg_lookup -[NXNumber init]
  -[NXNumber init] types=@16@0:8
  -[NXObject init] types=@16@0:8
  -[Object init] types=@16@0:8
objc_msg_lookup -[NXNumberUnsignedInt64 autorelease]
  -[NXNumberUnsignedInt64 autorelease] types=@16@0:8
  -[NXNumber autorelease] types=@16@0:8
  -[NXObject autorelease] types=@16@0:8
    => IMP @0x0000000102a36ed8
objc_lookup_class -[NXAutoreleasePool] @0x0000000102a48350
objc_msg_lookup +[NXAutoreleasePool currentPool]
  +[NXAutoreleasePool currentPool] types=@16@0:8
    => IMP @0x0000000102a33060
objc_msg_lookup -[NXAutoreleasePool addObject:]
  -[NXAutoreleasePool addObject:] types=v24@0:8@16
    => IMP @0x0000000102a330a4
objc_lookup_class -[NXObject] @0x0000000102a4a270
objc_msg_lookup +[NXObject class]
  +[NXObject class] types=#16@0:8
  +[Object class] types=#16@0:8
    => IMP @0x0000000102a3b104
objc_msg_lookup -[NXConstantString cStr]
  -[NXConstantString cStr] types=r*16@0:8
    => IMP @0x0000000102a3aed4
  autorelease retain: [NXNumberUnsignedInt64] @0x0000000140107a18
objc_msg_lookup -[NXNumberUnsignedInt64 unsignedInt64Value]
  -[NXNumberUnsignedInt64 unsignedInt64Value] types=Q16@0:8
    => IMP @0x0000000102a368d4
objc_lookup_class -[NXNumber] @0x0000000102a486b0
objc_msg_lookup +[NXNumber numberWithUnsignedInt64:]
  +[NXNumber numberWithUnsignedInt64:] types=@24@0:8Q16
    => IMP @0x0000000102a33630
objc_lookup_class -[NXNumberUnsignedInt64] @0x0000000102a49f80
objc_msg_lookup +[NXNumberUnsignedInt64 numberWithUnsignedInt64:]
  +[NXNumberUnsignedInt64 numberWithUnsignedInt64:] types=@24@0:8Q16
    => IMP @0x0000000102a3646c
objc_lookup_class -[NXNumberUnsignedInt64] @0x0000000102a49f80
objc_msg_lookup +[NXNumberUnsignedInt64 alloc]
  +[NXNumberUnsignedInt64 alloc] types=@16@0:8
  +[NXNumber alloc] types=@16@0:8
  +[NXObject alloc] types=@16@0:8
    => IMP @0x0000000102a36b40
objc_msg_lookup +[NXNumberUnsignedInt64 allocWithZone:]
  +[NXNumberUnsignedInt64 allocWithZone:] types=@24@0:8@16
  +[NXNumber allocWithZone:] types=@24@0:8@16
  +[NXObject allocWithZone:] types=@24@0:8@16
    => IMP @0x0000000102a36b8c
objc_lookup_class -[NXZone] @0x0000000102a4ab68
objc_msg_lookup +[NXZone defaultZone]
  +[NXZone defaultZone] types=@16@0:8
    => IMP @0x0000000102a380e4
objc_msg_lookup -[NXZone allocWithSize:]
  -[NXZone allocWithSize:] types=^v24@0:8Q16
    => IMP @0x0000000102a38104
objc_msg_lookup -[NXConstantString cStr]
  -[NXConstantString cStr] types=r*16@0:8
    => IMP @0x0000000102a3aed4
  allocWithSize: size=40 => @0x00000001401079d8
objc_msg_lookup -[NXNumberUnsignedInt64 initWithUnsignedInt64:]
  -[NXNumberUnsignedInt64 initWithUnsignedInt64:] types=@24@0:8Q16
    => IMP @0x0000000102a363f0
objc_msg_lookup -[NXNumber init]
  -[NXNumber init] types=@16@0:8
  -[NXObject init] types=@16@0:8
  -[Object init] types=@16@0:8
objc_msg_lookup -[NXNumberUnsignedInt64 autorelease]
  -[NXNumberUnsignedInt64 autorelease] types=@16@0:8
  -[NXNumber autorelease] types=@16@0:8
  -[NXObject autorelease] types=@16@0:8
    => IMP @0x0000000102a36ed8
objc_lookup_class -[NXAutoreleasePool] @0x0000000102a48350
objc_msg_lookup +[NXAutoreleasePool currentPool]
  +[NXAutoreleasePool currentPool] types=@16@0:8
    => IMP @0x0000000102a33060
objc_msg_lookup -[NXAutoreleasePool addObject:]
  -[NXAutoreleasePool addObject:] types=v24@0:8@16
    => IMP @0x0000000102a330a4
objc_lookup_class -[NXObject] @0x0000000102a4a270
objc_msg_lookup +[NXObject class]
  +[NXObject class] types=#16@0:8
  +[Object class] types=#16@0:8
    => IMP @0x0000000102a3b104
objc_msg_lookup -[NXConstantString cStr]
  -[NXConstantString cStr] types=r*16@0:8
    => IMP @0x0000000102a3aed4
  autorelease retain: [NXNumberUnsignedInt64] @0x00000001401079d8
objc_msg_lookup -[NXNumberUnsignedInt64 unsignedInt64Value]
  -[NXNumberUnsignedInt64 unsignedInt64Value] types=Q16@0:8
    => IMP @0x0000000102a368d4
objc_lookup_class -[NXNumber] @0x0000000102a486b0
objc_msg_lookup +[NXNumber numberWithUnsignedInt64:]
  +[NXNumber numberWithUnsignedInt64:] types=@24@0:8Q16
    => IMP @0x0000000102a33630
objc_lookup_class -[NXNumberUnsignedInt64] @0x0000000102a49f80
objc_msg_lookup +[NXNumberUnsignedInt64 numberWithUnsignedInt64:]
  +[NXNumberUnsignedInt64 numberWithUnsignedInt64:] types=@24@0:8Q16
    => IMP @0x0000000102a3646c
objc_lookup_class -[NXNumberUnsignedInt64] @0x0000000102a49f80
objc_msg_lookup +[NXNumberUnsignedInt64 alloc]
  +[NXNumberUnsignedInt64 alloc] types=@16@0:8
  +[NXNumber alloc] types=@16@0:8
  +[NXObject alloc] types=@16@0:8
    => IMP @0x0000000102a36b40
objc_msg_lookup +[NXNumberUnsignedInt64 allocWithZone:]
  +[NXNumberUnsignedInt64 allocWithZone:] types=@24@0:8@16
  +[NXNumber allocWithZone:] types=@24@0:8@16
  +[NXObject allocWithZone:] types=@24@0:8@16
    => IMP @0x0000000102a36b8c
objc_lookup_class -[NXZone] @0x0000000102a4ab68
objc_msg_lookup +[NXZone defaultZone]
  +[NXZone defaultZone] types=@16@0:8
    => IMP @0x0000000102a380e4
objc_msg_lookup -[NXZone allocWithSize:]
  -[NXZone allocWithSize:] types=^v24@0:8Q16
    => IMP @0x0000000102a38104
objc_msg_lookup -[NXConstantString cStr]
  -[NXConstantString cStr] types=r*16@0:8
    => IMP @0x0000000102a3aed4
  allocWithSize: size=40 => @0x0000000140107998
objc_msg_lookup -[NXNumberUnsignedInt64 initWithUnsignedInt64:]
  -[NXNumberUnsignedInt64 initWithUnsignedInt64:] types=@24@0:8Q16
    => IMP @0x0000000102a363f0
objc_msg_lookup -[NXNumber init]
  -[NXNumber init] types=@16@0:8
  -[NXObject init] types=@16@0:8
  -[Object init] types=@16@0:8
objc_msg_lookup -[NXNumberUnsignedInt64 autorelease]
  -[NXNumberUnsignedInt64 autorelease] types=@16@0:8
  -[NXNumber autorelease] types=@16@0:8
  -[NXObject autorelease] types=@16@0:8
    => IMP @0x0000000102a36ed8
objc_lookup_class -[NXAutoreleasePool] @0x0000000102a48350
objc_msg_lookup +[NXAutoreleasePool currentPool]
  +[NXAutoreleasePool currentPool] types=@16@0:8
    => IMP @0x0000000102a33060
objc_msg_lookup -[NXAutoreleasePool addObject:]
  -[NXAutoreleasePool addObject:] types=v24@0:8@16
    => IMP @0x0000000102a330a4
objc_lookup_class -[NXObject] @0x0000000102a4a270
objc_msg_lookup +[NXObject class]
  +[NXObject class] types=#16@0:8
  +[Object class] types=#16@0:8
    => IMP @0x0000000102a3b104
objc_msg_lookup -[NXConstantString cStr]
  -[NXConstantString cStr] types=r*16@0:8
    => IMP @0x0000000102a3aed4
  autorelease retain: [NXNumberUnsignedInt64] @0x0000000140107998
objc_msg_lookup -[NXNumberUnsignedInt64 unsignedInt64Value]
  -[NXNumberUnsignedInt64 unsignedInt64Value] types=Q16@0:8
    => IMP @0x0000000102a368d4
objc_lookup_class -[NXNumber] @0x0000000102a486b0
objc_msg_lookup +[NXNumber numberWithUnsignedInt64:]
  +[NXNumber numberWithUnsignedInt64:] types=@24@0:8Q16
    => IMP @0x0000000102a33630
objc_lookup_class -[NXNumberUnsignedInt64] @0x0000000102a49f80
objc_msg_lookup +[NXNumberUnsignedInt64 numberWithUnsignedInt64:]
  +[NXNumberUnsignedInt64 numberWithUnsignedInt64:] types=@24@0:8Q16
    => IMP @0x0000000102a3646c
objc_lookup_class -[NXNumberUnsignedInt64] @0x0000000102a49f80
objc_msg_lookup +[NXNumberUnsignedInt64 alloc]
  +[NXNumberUnsignedInt64 alloc] types=@16@0:8
  +[NXNumber alloc] types=@16@0:8
  +[NXObject alloc] types=@16@0:8
    => IMP @0x0000000102a36b40
objc_msg_lookup +[NXNumberUnsignedInt64 allocWithZone:]
  +[NXNumberUnsignedInt64 allocWithZone:] types=@24@0:8@16
  +[NXNumber allocWithZone:] types=@24@0:8@16
  +[NXObject allocWithZone:] types=@24@0:8@16
    => IMP @0x0000000102a36b8c
objc_lookup_class -[NXZone] @0x0000000102a4ab68
objc_msg_lookup +[NXZone defaultZone]
  +[NXZone defaultZone] types=@16@0:8
    => IMP @0x0000000102a380e4
objc_msg_lookup -[NXZone allocWithSize:]
  -[NXZone allocWithSize:] types=^v24@0:8Q16
    => IMP @0x0000000102a38104
objc_msg_lookup -[NXConstantString cStr]
  -[NXConstantString cStr] types=r*16@0:8
    => IMP @0x0000000102a3aed4
  allocWithSize: size=40 => @0x0000000140107958
objc_msg_lookup -[NXNumberUnsignedInt64 initWithUnsignedInt64:]
  -[NXNumberUnsignedInt64 initWithUnsignedInt64:] types=@24@0:8Q16
    => IMP @0x0000000102a363f0
objc_msg_lookup -[NXNumber init]
  -[NXNumber init] types=@16@0:8
  -[NXObject init] types=@16@0:8
  -[Object init] types=@16@0:8
objc_msg_lookup -[NXNumberUnsignedInt64 autorelease]
  -[NXNumberUnsignedInt64 autorelease] types=@16@0:8
  -[NXNumber autorelease] types=@16@0:8
  -[NXObject autorelease] types=@16@0:8
    => IMP @0x0000000102a36ed8
objc_lookup_class -[NXAutoreleasePool] @0x0000000102a48350
objc_msg_lookup +[NXAutoreleasePool currentPool]
  +[NXAutoreleasePool currentPool] types=@16@0:8
    => IMP @0x0000000102a33060
objc_msg_lookup -[NXAutoreleasePool addObject:]
  -[NXAutoreleasePool addObject:] types=v24@0:8@16
    => IMP @0x0000000102a330a4
objc_lookup_class -[NXObject] @0x0000000102a4a270
objc_msg_lookup +[NXObject class]
  +[NXObject class] types=#16@0:8
  +[Object class] types=#16@0:8
    => IMP @0x0000000102a3b104
objc_msg_lookup -[NXConstantString cStr]
  -[NXConstantString cStr] types=r*16@0:8
    => IMP @0x0000000102a3aed4
  autorelease retain: [NXNumberUnsignedInt64] @0x0000000140107958
objc_msg_lookup -[NXNumberUnsignedInt64 unsignedInt64Value]
  -[NXNumberUnsignedInt64 unsignedInt64Value] types=Q16@0:8
    => IMP @0x0000000102a368d4
objc_lookup_class -[NXNumber] @0x0000000102a486b0
objc_msg_lookup +[NXNumber numberWithUnsignedInt64:]
  +[NXNumber numberWithUnsignedInt64:] types=@24@0:8Q16
    => IMP @0x0000000102a33630
objc_lookup_class -[NXNumberUnsignedInt64] @0x0000000102a49f80
objc_msg_lookup +[NXNumberUnsignedInt64 numberWithUnsignedInt64:]
  +[NXNumberUnsignedInt64 numberWithUnsignedInt64:] types=@24@0:8Q16
    => IMP @0x0000000102a3646c
objc_lookup_class -[NXNumberUnsignedInt64] @0x0000000102a49f80
objc_msg_lookup +[NXNumberUnsignedInt64 alloc]
  +[NXNumberUnsignedInt64 alloc] types=@16@0:8
  +[NXNumber alloc] types=@16@0:8
  +[NXObject alloc] types=@16@0:8
    => IMP @0x0000000102a36b40
objc_msg_lookup +[NXNumberUnsignedInt64 allocWithZone:]
  +[NXNumberUnsignedInt64 allocWithZone:] types=@24@0:8@16
  +[NXNumber allocWithZone:] types=@24@0:8@16
  +[NXObject allocWithZone:] types=@24@0:8@16
    => IMP @0x0000000102a36b8c
objc_lookup_class -[NXZone] @0x0000000102a4ab68
objc_msg_lookup +[NXZone defaultZone]
  +[NXZone defaultZone] types=@16@0:8
    => IMP @0x0000000102a380e4
objc_msg_lookup -[NXZone allocWithSize:]
  -[NXZone allocWithSize:] types=^v24@0:8Q16
    => IMP @0x0000000102a38104
objc_msg_lookup -[NXConstantString cStr]
  -[NXConstantString cStr] types=r*16@0:8
    => IMP @0x0000000102a3aed4
  allocWithSize: size=40 => @0x0000000140107918
objc_msg_lookup -[NXNumberUnsignedInt64 initWithUnsignedInt64:]
  -[NXNumberUnsignedInt64 initWithUnsignedInt64:] types=@24@0:8Q16
    => IMP @0x0000000102a363f0
objc_msg_lookup -[NXNumber init]
  -[NXNumber init] types=@16@0:8
  -[NXObject init] types=@16@0:8
  -[Object init] types=@16@0:8
objc_msg_lookup -[NXNumberUnsignedInt64 autorelease]
  -[NXNumberUnsignedInt64 autorelease] types=@16@0:8
  -[NXNumber autorelease] types=@16@0:8
  -[NXObject autorelease] types=@16@0:8
    => IMP @0x0000000102a36ed8
objc_lookup_class -[NXAutoreleasePool] @0x0000000102a48350
objc_msg_lookup +[NXAutoreleasePool currentPool]
  +[NXAutoreleasePool currentPool] types=@16@0:8
    => IMP @0x0000000102a33060
objc_msg_lookup -[NXAutoreleasePool addObject:]
  -[NXAutoreleasePool addObject:] types=v24@0:8@16
    => IMP @0x0000000102a330a4
objc_lookup_class -[NXObject] @0x0000000102a4a270
objc_msg_lookup +[NXObject class]
  +[NXObject class] types=#16@0:8
  +[Object class] types=#16@0:8
    => IMP @0x0000000102a3b104
objc_msg_lookup -[NXConstantString cStr]
  -[NXConstantString cStr] types=r*16@0:8
    => IMP @0x0000000102a3aed4
  autorelease retain: [NXNumberUnsignedInt64] @0x0000000140107918
objc_msg_lookup -[NXNumberUnsignedInt64 unsignedInt64Value]
  -[NXNumberUnsignedInt64 unsignedInt64Value] types=Q16@0:8
    => IMP @0x0000000102a368d4
objc_lookup_class -[NXNumber] @0x0000000102a486b0
objc_msg_lookup +[NXNumber numberWithUnsignedInt64:]
  +[NXNumber numberWithUnsignedInt64:] types=@24@0:8Q16
    => IMP @0x0000000102a33630
objc_lookup_class -[NXNumberUnsignedInt64] @0x0000000102a49f80
objc_msg_lookup +[NXNumberUnsignedInt64 numberWithUnsignedInt64:]
  +[NXNumberUnsignedInt64 numberWithUnsignedInt64:] types=@24@0:8Q16
    => IMP @0x0000000102a3646c
objc_lookup_class -[NXNumberUnsignedInt64] @0x0000000102a49f80
objc_msg_lookup +[NXNumberUnsignedInt64 zeroValue]
  +[NXNumberUnsignedInt64 zeroValue] types=@16@0:8
    => IMP @0x0000000102a3655c
objc_msg_lookup -[NXNumberUnsignedInt64 unsignedInt64Value]
  -[NXNumberUnsignedInt64 unsignedInt64Value] types=Q16@0:8
    => IMP @0x0000000102a368d4
objc_msg_lookup -[NXNumberUnsignedInt64 boolValue]
  -[NXNumberUnsignedInt64 boolValue] types=B16@0:8
    => IMP @0x0000000102a366e8
objc_lookup_class -[NXNumber] @0x0000000102a486b0
objc_msg_lookup +[NXNumber numberWithInt64:]
  +[NXNumber numberWithInt64:] types=@24@0:8q16
    => IMP @0x0000000102a335d4
objc_lookup_class -[NXNumberInt64] @0x0000000102a494c0
objc_msg_lookup +[NXNumberInt64 numberWithInt64:]
  +[NXNumberInt64 numberWithInt64:] types=@24@0:8q16
    => IMP @0x0000000102a34f24
objc_lookup_class -[NXNumberInt64] @0x0000000102a494c0
objc_msg_lookup +[NXNumberInt64 alloc]
  +[NXNumberInt64 alloc] types=@16@0:8
  +[NXNumber alloc] types=@16@0:8
  +[NXObject alloc] types=@16@0:8
    => IMP @0x0000000102a36b40
objc_msg_lookup +[NXNumberInt64 allocWithZone:]
  +[NXNumberInt64 allocWithZone:] types=@24@0:8@16
  +[NXNumber allocWithZone:] types=@24@0:8@16
  +[NXObject allocWithZone:] types=@24@0:8@16
    => IMP @0x0000000102a36b8c
objc_lookup_class -[NXZone] @0x0000000102a4ab68
objc_msg_lookup +[NXZone defaultZone]
  +[NXZone defaultZone] types=@16@0:8
    => IMP @0x0000000102a380e4
objc_msg_lookup -[NXZone allocWithSize:]
  -[NXZone allocWithSize:] types=^v24@0:8Q16
    => IMP @0x0000000102a38104
objc_msg_lookup -[NXConstantString cStr]
  -[NXConstantString cStr] types=r*16@0:8
    => IMP @0x0000000102a3aed4
  allocWithSize: size=40 => @0x00000001401078d8
objc_msg_lookup -[NXNumberInt64 initWithInt64:]
  -[NXNumberInt64 initWithInt64:] types=@24@0:8q16
    => IMP @0x0000000102a34ea8
objc_msg_lookup -[NXNumber init]
  -[NXNumber init] types=@16@0:8
  -[NXObject init] types=@16@0:8
  -[Object init] types=@16@0:8
objc_msg_lookup -[NXNumberInt64 autorelease]
  -[NXNumberInt64 autorelease] types=@16@0:8
  -[NXNumber autorelease] types=@16@0:8
  -[NXObject autorelease] types=@16@0:8
    => IMP @0x0000000102a36ed8
objc_lookup_class -[NXAutoreleasePool] @0x0000000102a48350
objc_msg_lookup +[NXAutoreleasePool currentPool]
  +[NXAutoreleasePool currentPool] types=@16@0:8
    => IMP @0x0000000102a33060
objc_msg_lookup -[NXAutoreleasePool addObject:]
  -[NXAutoreleasePool addObject:] types=v24@0:8@16
    => IMP @0x0000000102a330a4
objc_lookup_class -[NXObject] @0x0000000102a4a270
objc_msg_lookup +[NXObject class]
  +[NXObject class] types=#16@0:8
  +[Object class] types=#16@0:8
    => IMP @0x0000000102a3b104
objc_msg_lookup -[NXConstantString cStr]
  -[NXConstantString cStr] types=r*16@0:8
    => IMP @0x0000000102a3aed4
  autorelease retain: [NXNumberInt64] @0x00000001401078d8
objc_msg_lookup -[NXNumberInt64 boolValue]
  -[NXNumberInt64 boolValue] types=B16@0:8
    => IMP @0x0000000102a351a0
objc_lookup_class -[NXNumber] @0x0000000102a486b0
objc_msg_lookup +[NXNumber numberWithInt64:]
  +[NXNumber numberWithInt64:] types=@24@0:8q16
    => IMP @0x0000000102a335d4
objc_lookup_class -[NXNumberInt64] @0x0000000102a494c0
objc_msg_lookup +[NXNumberInt64 numberWithInt64:]
  +[NXNumberInt64 numberWithInt64:] types=@24@0:8q16
    => IMP @0x0000000102a34f24
objc_lookup_class -[NXNumberInt64] @0x0000000102a494c0
objc_msg_lookup +[NXNumberInt64 alloc]
  +[NXNumberInt64 alloc] types=@16@0:8
  +[NXNumber alloc] types=@16@0:8
  +[NXObject alloc] types=@16@0:8
    => IMP @0x0000000102a36b40
objc_msg_lookup +[NXNumberInt64 allocWithZone:]
  +[NXNumberInt64 allocWithZone:] types=@24@0:8@16
  +[NXNumber allocWithZone:] types=@24@0:8@16
  +[NXObject allocWithZone:] types=@24@0:8@16
    => IMP @0x0000000102a36b8c
objc_lookup_class -[NXZone] @0x0000000102a4ab68
objc_msg_lookup +[NXZone defaultZone]
  +[NXZone defaultZone] types=@16@0:8
    => IMP @0x0000000102a380e4
objc_msg_lookup -[NXZone allocWithSize:]
  -[NXZone allocWithSize:] types=^v24@0:8Q16
    => IMP @0x0000000102a38104
objc_msg_lookup -[NXConstantString cStr]
  -[NXConstantString cStr] types=r*16@0:8
    => IMP @0x0000000102a3aed4
  allocWithSize: size=40 => @0x0000000140107898
objc_msg_lookup -[NXNumberInt64 initWithInt64:]
  -[NXNumberInt64 initWithInt64:] types=@24@0:8q16
    => IMP @0x0000000102a34ea8
objc_msg_lookup -[NXNumber init]
  -[NXNumber init] types=@16@0:8
  -[NXObject init] types=@16@0:8
  -[Object init] types=@16@0:8
objc_msg_lookup -[NXNumberInt64 autorelease]
  -[NXNumberInt64 autorelease] types=@16@0:8
  -[NXNumber autorelease] types=@16@0:8
  -[NXObject autorelease] types=@16@0:8
    => IMP @0x0000000102a36ed8
objc_lookup_class -[NXAutoreleasePool] @0x0000000102a48350
objc_msg_lookup +[NXAutoreleasePool currentPool]
  +[NXAutoreleasePool currentPool] types=@16@0:8
    => IMP @0x0000000102a33060
objc_msg_lookup -[NXAutoreleasePool addObject:]
  -[NXAutoreleasePool addObject:] types=v24@0:8@16
    => IMP @0x0000000102a330a4
objc_lookup_class -[NXObject] @0x0000000102a4a270
objc_msg_lookup +[NXObject class]
  +[NXObject class] types=#16@0:8
  +[Object class] types=#16@0:8
    => IMP @0x0000000102a3b104
objc_msg_lookup -[NXConstantString cStr]
  -[NXConstantString cStr] types=r*16@0:8
    => IMP @0x0000000102a3aed4
  autorelease retain: [NXNumberInt64] @0x0000000140107898
objc_msg_lookup -[NXNumberInt64 boolValue]
  -[NXNumberInt64 boolValue] types=B16@0:8
    => IMP @0x0000000102a351a0
objc_lookup_class -[NXNumber] @0x0000000102a486b0
objc_msg_lookup +[NXNumber numberWithInt64:]
  +[NXNumber numberWithInt64:] types=@24@0:8q16
    => IMP @0x0000000102a335d4
objc_lookup_class -[NXNumberInt64] @0x0000000102a494c0
objc_msg_lookup +[NXNumberInt64 numberWithInt64:]
  +[NXNumberInt64 numberWithInt64:] types=@24@0:8q16
    => IMP @0x0000000102a34f24
objc_lookup_class -[NXNumberInt64] @0x0000000102a494c0
objc_msg_lookup +[NXNumberInt64 alloc]
  +[NXNumberInt64 alloc] types=@16@0:8
  +[NXNumber alloc] types=@16@0:8
  +[NXObject alloc] types=@16@0:8
    => IMP @0x0000000102a36b40
objc_msg_lookup +[NXNumberInt64 allocWithZone:]
  +[NXNumberInt64 allocWithZone:] types=@24@0:8@16
  +[NXNumber allocWithZone:] types=@24@0:8@16
  +[NXObject allocWithZone:] types=@24@0:8@16
    => IMP @0x0000000102a36b8c
objc_lookup_class -[NXZone] @0x0000000102a4ab68
objc_msg_lookup +[NXZone defaultZone]
  +[NXZone defaultZone] types=@16@0:8
    => IMP @0x0000000102a380e4
objc_msg_lookup -[NXZone allocWithSize:]
  -[NXZone allocWithSize:] types=^v24@0:8Q16
    => IMP @0x0000000102a38104
objc_msg_lookup -[NXConstantString cStr]
  -[NXConstantString cStr] types=r*16@0:8
    => IMP @0x0000000102a3aed4
  allocWithSize: size=40 => @0x0000000140107858
objc_msg_lookup -[NXNumberInt64 initWithInt64:]
  -[NXNumberInt64 initWithInt64:] types=@24@0:8q16
    => IMP @0x0000000102a34ea8
objc_msg_lookup -[NXNumber init]
  -[NXNumber init] types=@16@0:8
  -[NXObject init] types=@16@0:8
  -[Object init] types=@16@0:8
objc_msg_lookup -[NXNumberInt64 autorelease]
  -[NXNumberInt64 autorelease] types=@16@0:8
  -[NXNumber autorelease] types=@16@0:8
  -[NXObject autorelease] types=@16@0:8
    => IMP @0x0000000102a36ed8
objc_lookup_class -[NXAutoreleasePool] @0x0000000102a48350
objc_msg_lookup +[NXAutoreleasePool currentPool]
  +[NXAutoreleasePool currentPool] types=@16@0:8
    => IMP @0x0000000102a33060
objc_msg_lookup -[NXAutoreleasePool addObject:]
  -[NXAutoreleasePool addObject:] types=v24@0:8@16
    => IMP @0x0000000102a330a4
objc_lookup_class -[NXObject] @0x0000000102a4a270
objc_msg_lookup +[NXObject class]
  +[NXObject class] types=#16@0:8
  +[Object class] types=#16@0:8
    => IMP @0x0000000102a3b104
objc_msg_lookup -[NXConstantString cStr]
  -[NXConstantString cStr] types=r*16@0:8
    => IMP @0x0000000102a3aed4
  autorelease retain: [NXNumberInt64] @0x0000000140107858
objc_msg_lookup -[NXNumberInt64 boolValue]
  -[NXNumberInt64 boolValue] types=B16@0:8
    => IMP @0x0000000102a351a0
objc_lookup_class -[NXNumber] @0x0000000102a486b0
objc_msg_lookup +[NXNumber numberWithUnsignedInt64:]
  +[NXNumber numberWithUnsignedInt64:] types=@24@0:8Q16
    => IMP @0x0000000102a33630
objc_lookup_class -[NXNumberUnsignedInt64] @0x0000000102a49f80
objc_msg_lookup +[NXNumberUnsignedInt64 numberWithUnsignedInt64:]
  +[NXNumberUnsignedInt64 numberWithUnsignedInt64:] types=@24@0:8Q16
    => IMP @0x0000000102a3646c
objc_lookup_class -[NXNumberUnsignedInt64] @0x0000000102a49f80
objc_msg_lookup +[NXNumberUnsignedInt64 alloc]
  +[NXNumberUnsignedInt64 alloc] types=@16@0:8
  +[NXNumber alloc] types=@16@0:8
  +[NXObject alloc] types=@16@0:8
    => IMP @0x0000000102a36b40
objc_msg_lookup +[NXNumberUnsignedInt64 allocWithZone:]
  +[NXNumberUnsignedInt64 allocWithZone:] types=@24@0:8@16
  +[NXNumber allocWithZone:] types=@24@0:8@16
  +[NXObject allocWithZone:] types=@24@0:8@16
    => IMP @0x0000000102a36b8c
objc_lookup_class -[NXZone] @0x0000000102a4ab68
objc_msg_lookup +[NXZone defaultZone]
  +[NXZone defaultZone] types=@16@0:8
    => IMP @0x0000000102a380e4
objc_msg_lookup -[NXZone allocWithSize:]
  -[NXZone allocWithSize:] types=^v24@0:8Q16
    => IMP @0x0000000102a38104
objc_msg_lookup -[NXConstantString cStr]
  -[NXConstantString cStr] types=r*16@0:8
    => IMP @0x0000000102a3aed4
  allocWithSize: size=40 => @0x0000000140107818
objc_msg_lookup -[NXNumberUnsignedInt64 initWithUnsignedInt64:]
  -[NXNumberUnsignedInt64 initWithUnsignedInt64:] types=@24@0:8Q16
    => IMP @0x0000000102a363f0
objc_msg_lookup -[NXNumber init]
  -[NXNumber init] types=@16@0:8
  -[NXObject init] types=@16@0:8
  -[Object init] types=@16@0:8
objc_msg_lookup -[NXNumberUnsignedInt64 autorelease]
  -[NXNumberUnsignedInt64 autorelease] types=@16@0:8
  -[NXNumber autorelease] types=@16@0:8
  -[NXObject autorelease] types=@16@0:8
    => IMP @0x0000000102a36ed8
objc_lookup_class -[NXAutoreleasePool] @0x0000000102a48350
objc_msg_lookup +[NXAutoreleasePool currentPool]
  +[NXAutoreleasePool currentPool] types=@16@0:8
    => IMP @0x0000000102a33060
objc_msg_lookup -[NXAutoreleasePool addObject:]
  -[NXAutoreleasePool addObject:] types=v24@0:8@16
    => IMP @0x0000000102a330a4
objc_lookup_class -[NXObject] @0x0000000102a4a270
objc_msg_lookup +[NXObject class]
  +[NXObject class] types=#16@0:8
  +[Object class] types=#16@0:8
    => IMP @0x0000000102a3b104
objc_msg_lookup -[NXConstantString cStr]
  -[NXConstantString cStr] types=r*16@0:8
    => IMP @0x0000000102a3aed4
  autorelease retain: [NXNumberUnsignedInt64] @0x0000000140107818
objc_msg_lookup -[NXNumberUnsignedInt64 boolValue]
  -[NXNumberUnsignedInt64 boolValue] types=B16@0:8
    => IMP @0x0000000102a366e8
objc_lookup_class -[NXNumber] @0x0000000102a486b0
objc_msg_lookup +[NXNumber numberWithUnsignedInt64:]
  +[NXNumber numberWithUnsignedInt64:] types=@24@0:8Q16
    => IMP @0x0000000102a33630
objc_lookup_class -[NXNumberUnsignedInt64] @0x0000000102a49f80
objc_msg_lookup +[NXNumberUnsignedInt64 numberWithUnsignedInt64:]
  +[NXNumberUnsignedInt64 numberWithUnsignedInt64:] types=@24@0:8Q16
    => IMP @0x0000000102a3646c
objc_lookup_class -[NXNumberUnsignedInt64] @0x0000000102a49f80
objc_msg_lookup +[NXNumberUnsignedInt64 alloc]
  +[NXNumberUnsignedInt64 alloc] types=@16@0:8
  +[NXNumber alloc] types=@16@0:8
  +[NXObject alloc] types=@16@0:8
    => IMP @0x0000000102a36b40
objc_msg_lookup +[NXNumberUnsignedInt64 allocWithZone:]
  +[NXNumberUnsignedInt64 allocWithZone:] types=@24@0:8@16
  +[NXNumber allocWithZone:] types=@24@0:8@16
  +[NXObject allocWithZone:] types=@24@0:8@16
    => IMP @0x0000000102a36b8c
objc_lookup_class -[NXZone] @0x0000000102a4ab68
objc_msg_lookup +[NXZone defaultZone]
  +[NXZone defaultZone] types=@16@0:8
    => IMP @0x0000000102a380e4
objc_msg_lookup -[NXZone allocWithSize:]
  -[NXZone allocWithSize:] types=^v24@0:8Q16
    => IMP @0x0000000102a38104
objc_msg_lookup -[NXConstantString cStr]
  -[NXConstantString cStr] types=r*16@0:8
    => IMP @0x0000000102a3aed4
  allocWithSize: size=40 => @0x00000001401077d8
objc_msg_lookup -[NXNumberUnsignedInt64 initWithUnsignedInt64:]
  -[NXNumberUnsignedInt64 initWithUnsignedInt64:] types=@24@0:8Q16
    => IMP @0x0000000102a363f0
objc_msg_lookup -[NXNumber init]
  -[NXNumber init] types=@16@0:8
  -[NXObject init] types=@16@0:8
  -[Object init] types=@16@0:8
objc_msg_lookup -[NXNumberUnsignedInt64 autorelease]
  -[NXNumberUnsignedInt64 autorelease] types=@16@0:8
  -[NXNumber autorelease] types=@16@0:8
  -[NXObject autorelease] types=@16@0:8
    => IMP @0x0000000102a36ed8
objc_lookup_class -[NXAutoreleasePool] @0x0000000102a48350
objc_msg_lookup +[NXAutoreleasePool currentPool]
  +[NXAutoreleasePool currentPool] types=@16@0:8
    => IMP @0x0000000102a33060
objc_msg_lookup -[NXAutoreleasePool addObject:]
  -[NXAutoreleasePool addObject:] types=v24@0:8@16
    => IMP @0x0000000102a330a4
objc_lookup_class -[NXObject] @0x0000000102a4a270
objc_msg_lookup +[NXObject class]
  +[NXObject class] types=#16@0:8
  +[Object class] types=#16@0:8
    => IMP @0x0000000102a3b104
objc_msg_lookup -[NXConstantString cStr]
  -[NXConstantString cStr] types=r*16@0:8
    => IMP @0x0000000102a3aed4
  autorelease retain: [NXNumberUnsignedInt64] @0x00000001401077d8
objc_msg_lookup -[NXNumberUnsignedInt64 boolValue]
  -[NXNumberUnsignedInt64 boolValue] types=B16@0:8
    => IMP @0x0000000102a366e8
objc_lookup_class -[NXNumber] @0x0000000102a486b0
objc_msg_lookup +[NXNumber numberWithUnsignedInt64:]
  +[NXNumber numberWithUnsignedInt64:] types=@24@0:8Q16
    => IMP @0x0000000102a33630
objc_lookup_class -[NXNumberUnsignedInt64] @0x0000000102a49f80
objc_msg_lookup +[NXNumberUnsignedInt64 numberWithUnsignedInt64:]
  +[NXNumberUnsignedInt64 numberWithUnsignedInt64:] types=@24@0:8Q16
    => IMP @0x0000000102a3646c
objc_lookup_class -[NXNumberUnsignedInt64] @0x0000000102a49f80
objc_msg_lookup +[NXNumberUnsignedInt64 alloc]
  +[NXNumberUnsignedInt64 alloc] types=@16@0:8
  +[NXNumber alloc] types=@16@0:8
  +[NXObject alloc] types=@16@0:8
    => IMP @0x0000000102a36b40
objc_msg_lookup +[NXNumberUnsignedInt64 allocWithZone:]
  +[NXNumberUnsignedInt64 allocWithZone:] types=@24@0:8@16
  +[NXNumber allocWithZone:] types=@24@0:8@16
  +[NXObject allocWithZone:] types=@24@0:8@16
    => IMP @0x0000000102a36b8c
objc_lookup_class -[NXZone] @0x0000000102a4ab68
objc_msg_lookup +[NXZone defaultZone]
  +[NXZone defaultZone] types=@16@0:8
    => IMP @0x0000000102a380e4
objc_msg_lookup -[NXZone allocWithSize:]
  -[NXZone allocWithSize:] types=^v24@0:8Q16
    => IMP @0x0000000102a38104
objc_msg_lookup -[NXConstantString cStr]
  -[NXConstantString cStr] types=r*16@0:8
    => IMP @0x0000000102a3aed4
  allocWithSize: size=40 => @0x0000000140107798
objc_msg_lookup -[NXNumberUnsignedInt64 initWithUnsignedInt64:]
  -[NXNumberUnsignedInt64 initWithUnsignedInt64:] types=@24@0:8Q16
    => IMP @0x0000000102a363f0
objc_msg_lookup -[NXNumber init]
  -[NXNumber init] types=@16@0:8
  -[NXObject init] types=@16@0:8
  -[Object init] types=@16@0:8
objc_msg_lookup -[NXNumberUnsignedInt64 autorelease]
  -[NXNumberUnsignedInt64 autorelease] types=@16@0:8
  -[NXNumber autorelease] types=@16@0:8
  -[NXObject autorelease] types=@16@0:8
    => IMP @0x0000000102a36ed8
objc_lookup_class -[NXAutoreleasePool] @0x0000000102a48350
objc_msg_lookup +[NXAutoreleasePool currentPool]
  +[NXAutoreleasePool currentPool] types=@16@0:8
    => IMP @0x0000000102a33060
objc_msg_lookup -[NXAutoreleasePool addObject:]
  -[NXAutoreleasePool addObject:] types=v24@0:8@16
    => IMP @0x0000000102a330a4
objc_lookup_class -[NXObject] @0x0000000102a4a270
objc_msg_lookup +[NXObject class]
  +[NXObject class] types=#16@0:8
  +[Object class] types=#16@0:8
    => IMP @0x0000000102a3b104
objc_msg_lookup -[NXConstantString cStr]
  -[NXConstantString cStr] types=r*16@0:8
    => IMP @0x0000000102a3aed4
  autorelease retain: [NXNumberUnsignedInt64] @0x0000000140107798
objc_msg_lookup -[NXNumberUnsignedInt64 boolValue]
  -[NXNumberUnsignedInt64 boolValue] types=B16@0:8
    => IMP @0x0000000102a366e8
objc_lookup_class -[NXNumber] @0x0000000102a486b0
objc_msg_lookup +[NXNumber numberWithInt64:]
  +[NXNumber numberWithInt64:] types=@24@0:8q16
    => IMP @0x0000000102a335d4
objc_lookup_class -[NXNumberInt64] @0x0000000102a494c0
objc_msg_lookup +[NXNumberInt64 numberWithInt64:]
  +[NXNumberInt64 numberWithInt64:] types=@24@0:8q16
    => IMP @0x0000000102a34f24
objc_lookup_class -[NXNumberInt64] @0x0000000102a494c0
objc_msg_lookup +[NXNumberInt64 zeroValue]
  +[NXNumberInt64 zeroValue] types=@16@0:8
    => IMP @0x0000000102a35014
objc_msg_lookup -[NXNumberInt64 boolValue]
  -[NXNumberInt64 boolValue] types=B16@0:8
    => IMP @0x0000000102a351a0
objc_lookup_class -[NXNumber] @0x0000000102a486b0
objc_msg_lookup +[NXNumber numberWithUnsignedInt64:]
  +[NXNumber numberWithUnsignedInt64:] types=@24@0:8Q16
    => IMP @0x0000000102a33630
objc_lookup_class -[NXNumberUnsignedInt64] @0x0000000102a49f80
objc_msg_lookup +[NXNumberUnsignedInt64 numberWithUnsignedInt64:]
  +[NXNumberUnsignedInt64 numberWithUnsignedInt64:] types=@24@0:8Q16
    => IMP @0x0000000102a3646c
objc_lookup_class -[NXNumberUnsignedInt64] @0x0000000102a49f80
objc_msg_lookup +[NXNumberUnsignedInt64 zeroValue]
  +[NXNumberUnsignedInt64 zeroValue] types=@16@0:8
    => IMP @0x0000000102a3655c
objc_msg_lookup -[NXNumberUnsignedInt64 boolValue]
  -[NXNumberUnsignedInt64 boolValue] types=B16@0:8
    => IMP @0x0000000102a366e8
objc_lookup_class -[NXNumber] @0x0000000102a486b0
objc_msg_lookup +[NXNumber numberWithBool:]
  +[NXNumber numberWithBool:] types=@20@0:8B16
    => IMP @0x0000000102a333b0
objc_lookup_class -[NXNumberBool] @0x0000000102a489f8
objc_msg_lookup +[NXNumberBool trueValue]
  +[NXNumberBool trueValue] types=@16@0:8
    => IMP @0x0000000102a338d0
objc_msg_lookup -[NXNumberBool boolValue]
  -[NXNumberBool boolValue] types=B16@0:8
    => IMP @0x0000000102a33be8
objc_lookup_class -[NXNumber] @0x0000000102a486b0
objc_msg_lookup +[NXNumber numberWithBool:]
  +[NXNumber numberWithBool:] types=@20@0:8B16
    => IMP @0x0000000102a333b0
objc_lookup_class -[NXNumberBool] @0x0000000102a489f8
objc_msg_lookup +[NXNumberBool falseValue]
  +[NXNumberBool falseValue] types=@16@0:8
    => IMP @0x0000000102a33a5c
objc_msg_lookup -[NXNumberBool boolValue]
  -[NXNumberBool boolValue] types=B16@0:8
    => IMP @0x0000000102a33be8
objc_lookup_class -[NXNumber] @0x0000000102a486b0
objc_msg_lookup +[NXNumber numberWithInt64:]
  +[NXNumber numberWithInt64:] types=@24@0:8q16
    => IMP @0x0000000102a335d4
objc_lookup_class -[NXNumberInt64] @0x0000000102a494c0
objc_msg_lookup +[NXNumberInt64 numberWithInt64:]
  +[NXNumberInt64 numberWithInt64:] types=@24@0:8q16
    => IMP @0x0000000102a34f24
objc_lookup_class -[NXNumberInt64] @0x0000000102a494c0
objc_msg_lookup +[NXNumberInt64 zeroValue]
  +[NXNumberInt64 zeroValue] types=@16@0:8
    => IMP @0x0000000102a35014
objc_lookup_class -[NXNumber] @0x0000000102a486b0
objc_msg_lookup +[NXNumber numberWithInt64:]
  +[NXNumber numberWithInt64:] types=@24@0:8q16
    => IMP @0x0000000102a335d4
objc_lookup_class -[NXNumberInt64] @0x0000000102a494c0
objc_msg_lookup +[NXNumberInt64 numberWithInt64:]
  +[NXNumberInt64 numberWithInt64:] types=@24@0:8q16
    => IMP @0x0000000102a34f24
objc_lookup_class -[NXNumberInt64] @0x0000000102a494c0
objc_msg_lookup +[NXNumberInt64 zeroValue]
  +[NXNumberInt64 zeroValue] types=@16@0:8
    => IMP @0x0000000102a35014
objc_msg_lookup -[NXNumberInt64 int64Value]
  -[NXNumberInt64 int64Value] types=q16@0:8
    => IMP @0x0000000102a3533c
objc_msg_lookup -[NXNumberInt64 int64Value]
  -[NXNumberInt64 int64Value] types=q16@0:8
    => IMP @0x0000000102a3533c
objc_msg_lookup -[NXNumberInt64 boolValue]
  -[NXNumberInt64 boolValue] types=B16@0:8
    => IMP @0x0000000102a351a0
objc_lookup_class -[NXNumber] @0x0000000102a486b0
objc_msg_lookup +[NXNumber numberWithUnsignedInt64:]
  +[NXNumber numberWithUnsignedInt64:] types=@24@0:8Q16
    => IMP @0x0000000102a33630
objc_lookup_class -[NXNumberUnsignedInt64] @0x0000000102a49f80
objc_msg_lookup +[NXNumberUnsignedInt64 numberWithUnsignedInt64:]
  +[NXNumberUnsignedInt64 numberWithUnsignedInt64:] types=@24@0:8Q16
    => IMP @0x0000000102a3646c
objc_lookup_class -[NXNumberUnsignedInt64] @0x0000000102a49f80
objc_msg_lookup +[NXNumberUnsignedInt64 zeroValue]
  +[NXNumberUnsignedInt64 zeroValue] types=@16@0:8
    => IMP @0x0000000102a3655c
objc_lookup_class -[NXNumber] @0x0000000102a486b0
objc_msg_lookup +[NXNumber numberWithUnsignedInt64:]
  +[NXNumber numberWithUnsignedInt64:] types=@24@0:8Q16
    => IMP @0x0000000102a33630
objc_lookup_class -[NXNumberUnsignedInt64] @0x0000000102a49f80
objc_msg_lookup +[NXNumberUnsignedInt64 numberWithUnsignedInt64:]
  +[NXNumberUnsignedInt64 numberWithUnsignedInt64:] types=@24@0:8Q16
    => IMP @0x0000000102a3646c
objc_lookup_class -[NXNumberUnsignedInt64] @0x0000000102a49f80
objc_msg_lookup +[NXNumberUnsignedInt64 zeroValue]
  +[NXNumberUnsignedInt64 zeroValue] types=@16@0:8
    => IMP @0x0000000102a3655c
objc_msg_lookup -[NXNumberUnsignedInt64 unsignedInt64Value]
  -[NXNumberUnsignedInt64 unsignedInt64Value] types=Q16@0:8
    => IMP @0x0000000102a368d4
objc_msg_lookup -[NXNumberUnsignedInt64 unsignedInt64Value]
  -[NXNumberUnsignedInt64 unsignedInt64Value] types=Q16@0:8
    => IMP @0x0000000102a368d4
objc_msg_lookup -[NXNumberUnsignedInt64 boolValue]
  -[NXNumberUnsignedInt64 boolValue] types=B16@0:8
    => IMP @0x0000000102a366e8
objc_lookup_class -[NXNumber] @0x0000000102a486b0
objc_msg_lookup +[NXNumber numberWithInt64:]
  +[NXNumber numberWithInt64:] types=@24@0:8q16
    => IMP @0x0000000102a335d4
objc_lookup_class -[NXNumberInt64] @0x0000000102a494c0
objc_msg_lookup +[NXNumberInt64 numberWithInt64:]
  +[NXNumberInt64 numberWithInt64:] types=@24@0:8q16
    => IMP @0x0000000102a34f24
objc_lookup_class -[NXNumberInt64] @0x0000000102a494c0
objc_msg_lookup +[NXNumberInt64 alloc]
  +[NXNumberInt64 alloc] types=@16@0:8
  +[NXNumber alloc] types=@16@0:8
  +[NXObject alloc] types=@16@0:8
    => IMP @0x0000000102a36b40
objc_msg_lookup +[NXNumberInt64 allocWithZone:]
  +[NXNumberInt64 allocWithZone:] types=@24@0:8@16
  +[NXNumber allocWithZone:] types=@24@0:8@16
  +[NXObject allocWithZone:] types=@24@0:8@16
    => IMP @0x0000000102a36b8c
objc_lookup_class -[NXZone] @0x0000000102a4ab68
objc_msg_lookup +[NXZone defaultZone]
  +[NXZone defaultZone] types=@16@0:8
    => IMP @0x0000000102a380e4
objc_msg_lookup -[NXZone allocWithSize:]
  -[NXZone allocWithSize:] types=^v24@0:8Q16
    => IMP @0x0000000102a38104
objc_msg_lookup -[NXConstantString cStr]
  -[NXConstantString cStr] types=r*16@0:8
    => IMP @0x0000000102a3aed4
  allocWithSize: size=40 => @0x0000000140107758
objc_msg_lookup -[NXNumberInt64 initWithInt64:]
  -[NXNumberInt64 initWithInt64:] types=@24@0:8q16
    => IMP @0x0000000102a34ea8
objc_msg_lookup -[NXNumber init]
  -[NXNumber init] types=@16@0:8
  -[NXObject init] types=@16@0:8
  -[Object init] types=@16@0:8
objc_msg_lookup -[NXNumberInt64 autorelease]
  -[NXNumberInt64 autorelease] types=@16@0:8
  -[NXNumber autorelease] types=@16@0:8
  -[NXObject autorelease] types=@16@0:8
    => IMP @0x0000000102a36ed8
objc_lookup_class -[NXAutoreleasePool] @0x0000000102a48350
objc_msg_lookup +[NXAutoreleasePool currentPool]
  +[NXAutoreleasePool currentPool] types=@16@0:8
    => IMP @0x0000000102a33060
objc_msg_lookup -[NXAutoreleasePool addObject:]
  -[NXAutoreleasePool addObject:] types=v24@0:8@16
    => IMP @0x0000000102a330a4
objc_lookup_class -[NXObject] @0x0000000102a4a270
objc_msg_lookup +[NXObject class]
  +[NXObject class] types=#16@0:8
  +[Object class] types=#16@0:8
    => IMP @0x0000000102a3b104
objc_msg_lookup -[NXConstantString cStr]
  -[NXConstantString cStr] types=r*16@0:8
    => IMP @0x0000000102a3aed4
  autorelease retain: [NXNumberInt64] @0x0000000140107758
objc_lookup_class -[NXNumber] @0x0000000102a486b0
objc_msg_lookup +[NXNumber numberWithInt64:]
  +[NXNumber numberWithInt64:] types=@24@0:8q16
    => IMP @0x0000000102a335d4
objc_lookup_class -[NXNumberInt64] @0x0000000102a494c0
objc_msg_lookup +[NXNumberInt64 numberWithInt64:]
  +[NXNumberInt64 numberWithInt64:] types=@24@0:8q16
    => IMP @0x0000000102a34f24
objc_lookup_class -[NXNumberInt64] @0x0000000102a494c0
objc_msg_lookup +[NXNumberInt64 alloc]
  +[NXNumberInt64 alloc] types=@16@0:8
  +[NXNumber alloc] types=@16@0:8
  +[NXObject alloc] types=@16@0:8
    => IMP @0x0000000102a36b40
objc_msg_lookup +[NXNumberInt64 allocWithZone:]
  +[NXNumberInt64 allocWithZone:] types=@24@0:8@16
  +[NXNumber allocWithZone:] types=@24@0:8@16
  +[NXObject allocWithZone:] types=@24@0:8@16
    => IMP @0x0000000102a36b8c
objc_lookup_class -[NXZone] @0x0000000102a4ab68
objc_msg_lookup +[NXZone defaultZone]
  +[NXZone defaultZone] types=@16@0:8
    => IMP @0x0000000102a380e4
objc_msg_lookup -[NXZone allocWithSize:]
  -[NXZone allocWithSize:] types=^v24@0:8Q16
    => IMP @0x0000000102a38104
objc_msg_lookup -[NXConstantString cStr]
  -[NXConstantString cStr] types=r*16@0:8
    => IMP @0x0000000102a3aed4
  allocWithSize: size=40 => @0x0000000140107718
objc_msg_lookup -[NXNumberInt64 initWithInt64:]
  -[NXNumberInt64 initWithInt64:] types=@24@0:8q16
    => IMP @0x0000000102a34ea8
objc_msg_lookup -[NXNumber init]
  -[NXNumber init] types=@16@0:8
  -[NXObject init] types=@16@0:8
  -[Object init] types=@16@0:8
objc_msg_lookup -[NXNumberInt64 autorelease]
  -[NXNumberInt64 autorelease] types=@16@0:8
  -[NXNumber autorelease] types=@16@0:8
  -[NXObject autorelease] types=@16@0:8
    => IMP @0x0000000102a36ed8
objc_lookup_class -[NXAutoreleasePool] @0x0000000102a48350
objc_msg_lookup +[NXAutoreleasePool currentPool]
  +[NXAutoreleasePool currentPool] types=@16@0:8
    => IMP @0x0000000102a33060
objc_msg_lookup -[NXAutoreleasePool addObject:]
  -[NXAutoreleasePool addObject:] types=v24@0:8@16
    => IMP @0x0000000102a330a4
objc_lookup_class -[NXObject] @0x0000000102a4a270
objc_msg_lookup +[NXObject class]
  +[NXObject class] types=#16@0:8
  +[Object class] types=#16@0:8
    => IMP @0x0000000102a3b104
objc_msg_lookup -[NXConstantString cStr]
  -[NXConstantString cStr] types=r*16@0:8
    => IMP @0x0000000102a3aed4
  autorelease retain: [NXNumberInt64] @0x0000000140107718
objc_lookup_class -[NXNumber] @0x0000000102a486b0
objc_msg_lookup +[NXNumber numberWithInt64:]
  +[NXNumber numberWithInt64:] types=@24@0:8q16
    => IMP @0x0000000102a335d4
objc_lookup_class -[NXNumberInt64] @0x0000000102a494c0
objc_msg_lookup +[NXNumberInt64 numberWithInt64:]
  +[NXNumberInt64 numberWithInt64:] types=@24@0:8q16
    => IMP @0x0000000102a34f24
objc_lookup_class -[NXNumberInt64] @0x0000000102a494c0
objc_msg_lookup +[NXNumberInt64 alloc]
  +[NXNumberInt64 alloc] types=@16@0:8
  +[NXNumber alloc] types=@16@0:8
  +[NXObject alloc] types=@16@0:8
    => IMP @0x0000000102a36b40
objc_msg_lookup +[NXNumberInt64 allocWithZone:]
  +[NXNumberInt64 allocWithZone:] types=@24@0:8@16
  +[NXNumber allocWithZone:] types=@24@0:8@16
  +[NXObject allocWithZone:] types=@24@0:8@16
    => IMP @0x0000000102a36b8c
objc_lookup_class -[NXZone] @0x0000000102a4ab68
objc_msg_lookup +[NXZone defaultZone]
  +[NXZone defaultZone] types=@16@0:8
    => IMP @0x0000000102a380e4
objc_msg_lookup -[NXZone allocWithSize:]
  -[NXZone allocWithSize:] types=^v24@0:8Q16
    => IMP @0x0000000102a38104
objc_msg_lookup -[NXConstantString cStr]
  -[NXConstantString cStr] types=r*16@0:8
    => IMP @0x0000000102a3aed4
  allocWithSize: size=40 => @0x00000001401076d8
objc_msg_lookup -[NXNumberInt64 initWithInt64:]
  -[NXNumberInt64 initWithInt64:] types=@24@0:8q16
    => IMP @0x0000000102a34ea8
objc_msg_lookup -[NXNumber init]
  -[NXNumber init] types=@16@0:8
  -[NXObject init] types=@16@0:8
  -[Object init] types=@16@0:8
objc_msg_lookup -[NXNumberInt64 autorelease]
  -[NXNumberInt64 autorelease] types=@16@0:8
  -[NXNumber autorelease] types=@16@0:8
  -[NXObject autorelease] types=@16@0:8
    => IMP @0x0000000102a36ed8
objc_lookup_class -[NXAutoreleasePool] @0x0000000102a48350
objc_msg_lookup +[NXAutoreleasePool currentPool]
  +[NXAutoreleasePool currentPool] types=@16@0:8
    => IMP @0x0000000102a33060
objc_msg_lookup -[NXAutoreleasePool addObject:]
  -[NXAutoreleasePool addObject:] types=v24@0:8@16
    => IMP @0x0000000102a330a4
objc_lookup_class -[NXObject] @0x0000000102a4a270
objc_msg_lookup +[NXObject class]
  +[NXObject class] types=#16@0:8
  +[Object class] types=#16@0:8
    => IMP @0x0000000102a3b104
objc_msg_lookup -[NXConstantString cStr]
  -[NXConstantString cStr] types=r*16@0:8
    => IMP @0x0000000102a3aed4
  autorelease retain: [NXNumberInt64] @0x00000001401076d8
objc_msg_lookup -[NXNumberInt64 isEqual:]
  -[NXNumberInt64 isEqual:] types=B24@0:8@16
    => IMP @0x0000000102a354a4
objc_msg_lookup -[NXNumberInt64 isKindOfClass:]
  -[NXNumberInt64 isKindOfClass:] types=B24@0:8#16
  -[NXNumber isKindOfClass:] types=B24@0:8#16
  -[NXObject isKindOfClass:] types=B24@0:8#16
  -[Object isKindOfClass:] types=B24@0:8#16
    => IMP @0x0000000102a3b1a8
objc_lookup_class -[NXNumberInt64] @0x0000000102a494c0
objc_msg_lookup +[NXNumberInt64 class]
  +[NXNumberInt64 class] types=#16@0:8
  +[NXNumber class] types=#16@0:8
  +[NXObject class] types=#16@0:8
  +[Object class] types=#16@0:8
    => IMP @0x0000000102a3b104
objc_msg_lookup -[NXNumberInt64 isEqual:]
  -[NXNumberInt64 isEqual:] types=B24@0:8@16
    => IMP @0x0000000102a354a4
objc_msg_lookup -[NXNumberInt64 isKindOfClass:]
  -[NXNumberInt64 isKindOfClass:] types=B24@0:8#16
  -[NXNumber isKindOfClass:] types=B24@0:8#16
  -[NXObject isKindOfClass:] types=B24@0:8#16
  -[Object isKindOfClass:] types=B24@0:8#16
    => IMP @0x0000000102a3b1a8
objc_lookup_class -[NXNumberInt64] @0x0000000102a494c0
objc_msg_lookup +[NXNumberInt64 class]
  +[NXNumberInt64 class] types=#16@0:8
  +[NXNumber class] types=#16@0:8
  +[NXObject class] types=#16@0:8
  +[Object class] types=#16@0:8
    => IMP @0x0000000102a3b104
objc_msg_lookup -[NXNumberInt64 isEqual:]
  -[NXNumberInt64 isEqual:] types=B24@0:8@16
    => IMP @0x0000000102a354a4
objc_msg_lookup -[NXNumberInt64 isKindOfClass:]
  -[NXNumberInt64 isKindOfClass:] types=B24@0:8#16
  -[NXNumber isKindOfClass:] types=B24@0:8#16
  -[NXObject isKindOfClass:] types=B24@0:8#16
  -[Object isKindOfClass:] types=B24@0:8#16
    => IMP @0x0000000102a3b1a8
objc_lookup_class -[NXNumberInt64] @0x0000000102a494c0
objc_msg_lookup +[NXNumberInt64 class]
  +[NXNumberInt64 class] types=#16@0:8
  +[NXNumber class] types=#16@0:8
  +[NXObject class] types=#16@0:8
  +[Object class] types=#16@0:8
    => IMP @0x0000000102a3b104
objc_msg_lookup -[NXNumberInt64 isEqual:]
  -[NXNumberInt64 isEqual:] types=B24@0:8@16
    => IMP @0x0000000102a354a4
objc_msg_lookup -[NXNumberInt64 isKindOfClass:]
  -[NXNumberInt64 isKindOfClass:] types=B24@0:8#16
  -[NXNumber isKindOfClass:] types=B24@0:8#16
  -[NXObject isKindOfClass:] types=B24@0:8#16
  -[Object isKindOfClass:] types=B24@0:8#16
    => IMP @0x0000000102a3b1a8
objc_lookup_class -[NXNumberInt64] @0x0000000102a494c0
objc_msg_lookup +[NXNumberInt64 class]
  +[NXNumberInt64 class] types=#16@0:8
  +[NXNumber class] types=#16@0:8
  +[NXObject class] types=#16@0:8
  +[Object class] types=#16@0:8
    => IMP @0x0000000102a3b104
objc_msg_lookup -[NXNumberInt64 isEqual:]
  -[NXNumberInt64 isEqual:] types=B24@0:8@16
    => IMP @0x0000000102a354a4
objc_msg_lookup -[NXNumberInt64 isEqual:]
  -[NXNumberInt64 isEqual:] types=B24@0:8@16
    => IMP @0x0000000102a354a4
objc_lookup_class -[NXNumberInt64] @0x0000000102a494c0
objc_msg_lookup +[NXNumberInt64 class]
  +[NXNumberInt64 class] types=#16@0:8
  +[NXNumber class] types=#16@0:8
  +[NXObject class] types=#16@0:8
  +[Object class] types=#16@0:8
    => IMP @0x0000000102a3b104
objc_lookup_class -[NXNumber] @0x0000000102a486b0
objc_msg_lookup +[NXNumber class]
  +[NXNumber class] types=#16@0:8
  +[NXObject class] types=#16@0:8
  +[Object class] types=#16@0:8
    => IMP @0x0000000102a3b104
objc_lookup_class -[NXNumber] @0x0000000102a486b0
objc_msg_lookup +[NXNumber numberWithUnsignedInt64:]
  +[NXNumber numberWithUnsignedInt64:] types=@24@0:8Q16
    => IMP @0x0000000102a33630
objc_lookup_class -[NXNumberUnsignedInt64] @0x0000000102a49f80
objc_msg_lookup +[NXNumberUnsignedInt64 numberWithUnsignedInt64:]
  +[NXNumberUnsignedInt64 numberWithUnsignedInt64:] types=@24@0:8Q16
    => IMP @0x0000000102a3646c
objc_lookup_class -[NXNumberUnsignedInt64] @0x0000000102a49f80
objc_msg_lookup +[NXNumberUnsignedInt64 alloc]
  +[NXNumberUnsignedInt64 alloc] types=@16@0:8
  +[NXNumber alloc] types=@16@0:8
  +[NXObject alloc] types=@16@0:8
    => IMP @0x0000000102a36b40
objc_msg_lookup +[NXNumberUnsignedInt64 allocWithZone:]
  +[NXNumberUnsignedInt64 allocWithZone:] types=@24@0:8@16
  +[NXNumber allocWithZone:] types=@24@0:8@16
  +[NXObject allocWithZone:] types=@24@0:8@16
    => IMP @0x0000000102a36b8c
objc_lookup_class -[NXZone] @0x0000000102a4ab68
objc_msg_lookup +[NXZone defaultZone]
  +[NXZone defaultZone] types=@16@0:8
    => IMP @0x0000000102a380e4
objc_msg_lookup -[NXZone allocWithSize:]
  -[NXZone allocWithSize:] types=^v24@0:8Q16
    => IMP @0x0000000102a38104
objc_msg_lookup -[NXConstantString cStr]
  -[NXConstantString cStr] types=r*16@0:8
    => IMP @0x0000000102a3aed4
  allocWithSize: size=40 => @0x0000000140107698
objc_msg_lookup -[NXNumberUnsignedInt64 initWithUnsignedInt64:]
  -[NXNumberUnsignedInt64 initWithUnsignedInt64:] types=@24@0:8Q16
    => IMP @0x0000000102a363f0
objc_msg_lookup -[NXNumber init]
  -[NXNumber init] types=@16@0:8
  -[NXObject init] types=@16@0:8
  -[Object init] types=@16@0:8
objc_msg_lookup -[NXNumberUnsignedInt64 autorelease]
  -[NXNumberUnsignedInt64 autorelease] types=@16@0:8
  -[NXNumber autorelease] types=@16@0:8
  -[NXObject autorelease] types=@16@0:8
    => IMP @0x0000000102a36ed8
objc_lookup_class -[NXAutoreleasePool] @0x0000000102a48350
objc_msg_lookup +[NXAutoreleasePool currentPool]
  +[NXAutoreleasePool currentPool] types=@16@0:8
    => IMP @0x0000000102a33060
objc_msg_lookup -[NXAutoreleasePool addObject:]
  -[NXAutoreleasePool addObject:] types=v24@0:8@16
    => IMP @0x0000000102a330a4
objc_lookup_class -[NXObject] @0x0000000102a4a270
objc_msg_lookup +[NXObject class]
  +[NXObject class] types=#16@0:8
  +[Object class] types=#16@0:8
    => IMP @0x0000000102a3b104
objc_msg_lookup -[NXConstantString cStr]
  -[NXConstantString cStr] types=r*16@0:8
    => IMP @0x0000000102a3aed4
  autorelease retain: [NXNumberUnsignedInt64] @0x0000000140107698
objc_lookup_class -[NXNumber] @0x0000000102a486b0
objc_msg_lookup +[NXNumber numberWithUnsignedInt64:]
  +[NXNumber numberWithUnsignedInt64:] types=@24@0:8Q16
    => IMP @0x0000000102a33630
objc_lookup_class -[NXNumberUnsignedInt64] @0x0000000102a49f80
objc_msg_lookup +[NXNumberUnsignedInt64 numberWithUnsignedInt64:]
  +[NXNumberUnsignedInt64 numberWithUnsignedInt64:] types=@24@0:8Q16
    => IMP @0x0000000102a3646c
objc_lookup_class -[NXNumberUnsignedInt64] @0x0000000102a49f80
objc_msg_lookup +[NXNumberUnsignedInt64 alloc]
  +[NXNumberUnsignedInt64 alloc] types=@16@0:8
  +[NXNumber alloc] types=@16@0:8
  +[NXObject alloc] types=@16@0:8
    => IMP @0x0000000102a36b40
objc_msg_lookup +[NXNumberUnsignedInt64 allocWithZone:]
  +[NXNumberUnsignedInt64 allocWithZone:] types=@24@0:8@16
  +[NXNumber allocWithZone:] types=@24@0:8@16
  +[NXObject allocWithZone:] types=@24@0:8@16
    => IMP @0x0000000102a36b8c
objc_lookup_class -[NXZone] @0x0000000102a4ab68
objc_msg_lookup +[NXZone defaultZone]
  +[NXZone defaultZone] types=@16@0:8
    => IMP @0x0000000102a380e4
objc_msg_lookup -[NXZone allocWithSize:]
  -[NXZone allocWithSize:] types=^v24@0:8Q16
    => IMP @0x0000000102a38104
objc_msg_lookup -[NXConstantString cStr]
  -[NXConstantString cStr] types=r*16@0:8
    => IMP @0x0000000102a3aed4
  allocWithSize: size=40 => @0x0000000140107658
objc_msg_lookup -[NXNumberUnsignedInt64 initWithUnsignedInt64:]
  -[NXNumberUnsignedInt64 initWithUnsignedInt64:] types=@24@0:8Q16
    => IMP @0x0000000102a363f0
objc_msg_lookup -[NXNumber init]
  -[NXNumber init] types=@16@0:8
  -[NXObject init] types=@16@0:8
  -[Object init] types=@16@0:8
objc_msg_lookup -[NXNumberUnsignedInt64 autorelease]
  -[NXNumberUnsignedInt64 autorelease] types=@16@0:8
  -[NXNumber autorelease] types=@16@0:8
  -[NXObject autorelease] types=@16@0:8
    => IMP @0x0000000102a36ed8
objc_lookup_class -[NXAutoreleasePool] @0x0000000102a48350
objc_msg_lookup +[NXAutoreleasePool currentPool]
  +[NXAutoreleasePool currentPool] types=@16@0:8
    => IMP @0x0000000102a33060
objc_msg_lookup -[NXAutoreleasePool addObject:]
  -[NXAutoreleasePool addObject:] types=v24@0:8@16
    => IMP @0x0000000102a330a4
objc_lookup_class -[NXObject] @0x0000000102a4a270
objc_msg_lookup +[NXObject class]
  +[NXObject class] types=#16@0:8
  +[Object class] types=#16@0:8
    => IMP @0x0000000102a3b104
objc_msg_lookup -[NXConstantString cStr]
  -[NXConstantString cStr] types=r*16@0:8
    => IMP @0x0000000102a3aed4
  autorelease retain: [NXNumberUnsignedInt64] @0x0000000140107658
objc_lookup_class -[NXNumber] @0x0000000102a486b0
objc_msg_lookup +[NXNumber numberWithUnsignedInt64:]
  +[NXNumber numberWithUnsignedInt64:] types=@24@0:8Q16
    => IMP @0x0000000102a33630
objc_lookup_class -[NXNumberUnsignedInt64] @0x0000000102a49f80
objc_msg_lookup +[NXNumberUnsignedInt64 numberWithUnsignedInt64:]
  +[NXNumberUnsignedInt64 numberWithUnsignedInt64:] types=@24@0:8Q16
    => IMP @0x0000000102a3646c
objc_lookup_class -[NXNumberUnsignedInt64] @0x0000000102a49f80
objc_msg_lookup +[NXNumberUnsignedInt64 alloc]
  +[NXNumberUnsignedInt64 alloc] types=@16@0:8
  +[NXNumber alloc] types=@16@0:8
  +[NXObject alloc] types=@16@0:8
    => IMP @0x0000000102a36b40
objc_msg_lookup +[NXNumberUnsignedInt64 allocWithZone:]
  +[NXNumberUnsignedInt64 allocWithZone:] types=@24@0:8@16
  +[NXNumber allocWithZone:] types=@24@0:8@16
  +[NXObject allocWithZone:] types=@24@0:8@16
    => IMP @0x0000000102a36b8c
objc_lookup_class -[NXZone] @0x0000000102a4ab68
objc_msg_lookup +[NXZone defaultZone]
  +[NXZone defaultZone] types=@16@0:8
    => IMP @0x0000000102a380e4
objc_msg_lookup -[NXZone allocWithSize:]
  -[NXZone allocWithSize:] types=^v24@0:8Q16
    => IMP @0x0000000102a38104
objc_msg_lookup -[NXConstantString cStr]
  -[NXConstantString cStr] types=r*16@0:8
    => IMP @0x0000000102a3aed4
  allocWithSize: size=40 => @0x0000000140107618
objc_msg_lookup -[NXNumberUnsignedInt64 initWithUnsignedInt64:]
  -[NXNumberUnsignedInt64 initWithUnsignedInt64:] types=@24@0:8Q16
    => IMP @0x0000000102a363f0
objc_msg_lookup -[NXNumber init]
  -[NXNumber init] types=@16@0:8
  -[NXObject init] types=@16@0:8
  -[Object init] types=@16@0:8
objc_msg_lookup -[NXNumberUnsignedInt64 autorelease]
  -[NXNumberUnsignedInt64 autorelease] types=@16@0:8
  -[NXNumber autorelease] types=@16@0:8
  -[NXObject autorelease] types=@16@0:8
    => IMP @0x0000000102a36ed8
objc_lookup_class -[NXAutoreleasePool] @0x0000000102a48350
objc_msg_lookup +[NXAutoreleasePool currentPool]
  +[NXAutoreleasePool currentPool] types=@16@0:8
    => IMP @0x0000000102a33060
objc_msg_lookup -[NXAutoreleasePool addObject:]
  -[NXAutoreleasePool addObject:] types=v24@0:8@16
    => IMP @0x0000000102a330a4
objc_lookup_class -[NXObject] @0x0000000102a4a270
objc_msg_lookup +[NXObject class]
  +[NXObject class] types=#16@0:8
  +[Object class] types=#16@0:8
    => IMP @0x0000000102a3b104
objc_msg_lookup -[NXConstantString cStr]
  -[NXConstantString cStr] types=r*16@0:8
    => IMP @0x0000000102a3aed4
  autorelease retain: [NXNumberUnsignedInt64] @0x0000000140107618
objc_msg_lookup -[NXNumberUnsignedInt64 isEqual:]
  -[NXNumberUnsignedInt64 isEqual:] types=B24@0:8@16
    => IMP @0x0000000102a36960
objc_msg_lookup -[NXNumberUnsignedInt64 isKindOfClass:]
  -[NXNumberUnsignedInt64 isKindOfClass:] types=B24@0:8#16
  -[NXNumber isKindOfClass:] types=B24@0:8#16
  -[NXObject isKindOfClass:] types=B24@0:8#16
  -[Object isKindOfClass:] types=B24@0:8#16
    => IMP @0x0000000102a3b1a8
objc_lookup_class -[NXNumberUnsignedInt64] @0x0000000102a49f80
objc_msg_lookup +[NXNumberUnsignedInt64 class]
  +[NXNumberUnsignedInt64 class] types=#16@0:8
  +[NXNumber class] types=#16@0:8
  +[NXObject class] types=#16@0:8
  +[Object class] types=#16@0:8
    => IMP @0x0000000102a3b104
objc_msg_lookup -[NXNumberUnsignedInt64 isEqual:]
  -[NXNumberUnsignedInt64 isEqual:] types=B24@0:8@16
    => IMP @0x0000000102a36960
objc_msg_lookup -[NXNumberUnsignedInt64 isKindOfClass:]
  -[NXNumberUnsignedInt64 isKindOfClass:] types=B24@0:8#16
  -[NXNumber isKindOfClass:] types=B24@0:8#16
  -[NXObject isKindOfClass:] types=B24@0:8#16
  -[Object isKindOfClass:] types=B24@0:8#16
    => IMP @0x0000000102a3b1a8
objc_lookup_class -[NXNumberUnsignedInt64] @0x0000000102a49f80
objc_msg_lookup +[NXNumberUnsignedInt64 class]
  +[NXNumberUnsignedInt64 class] types=#16@0:8
  +[NXNumber class] types=#16@0:8
  +[NXObject class] types=#16@0:8
  +[Object class] types=#16@0:8
    => IMP @0x0000000102a3b104
objc_msg_lookup -[NXNumberUnsignedInt64 isEqual:]
  -[NXNumberUnsignedInt64 isEqual:] types=B24@0:8@16
    => IMP @0x0000000102a36960
objc_msg_lookup -[NXNumberUnsignedInt64 isKindOfClass:]
  -[NXNumberUnsignedInt64 isKindOfClass:] types=B24@0:8#16
  -[NXNumber isKindOfClass:] types=B24@0:8#16
  -[NXObject isKindOfClass:] types=B24@0:8#16
  -[Object isKindOfClass:] types=B24@0:8#16
    => IMP @0x0000000102a3b1a8
objc_lookup_class -[NXNumberUnsignedInt64] @0x0000000102a49f80
objc_msg_lookup +[NXNumberUnsignedInt64 class]
  +[NXNumberUnsignedInt64 class] types=#16@0:8
  +[NXNumber class] types=#16@0:8
  +[NXObject class] types=#16@0:8
  +[Object class] types=#16@0:8
    => IMP @0x0000000102a3b104
objc_msg_lookup -[NXNumberUnsignedInt64 isEqual:]
  -[NXNumberUnsignedInt64 isEqual:] types=B24@0:8@16
    => IMP @0x0000000102a36960
objc_msg_lookup -[NXNumberUnsignedInt64 isKindOfClass:]
  -[NXNumberUnsignedInt64 isKindOfClass:] types=B24@0:8#16
  -[NXNumber isKindOfClass:] types=B24@0:8#16
  -[NXObject isKindOfClass:] types=B24@0:8#16
  -[Object isKindOfClass:] types=B24@0:8#16
    => IMP @0x0000000102a3b1a8
objc_lookup_class -[NXNumberUnsignedInt64] @0x0000000102a49f80
objc_msg_lookup +[NXNumberUnsignedInt64 class]
  +[NXNumberUnsignedInt64 class] types=#16@0:8
  +[NXNumber class] types=#16@0:8
  +[NXObject class] types=#16@0:8
  +[Object class] types=#16@0:8
    => IMP @0x0000000102a3b104
objc_msg_lookup -[NXNumberUnsignedInt64 isEqual:]
  -[NXNumberUnsignedInt64 isEqual:] types=B24@0:8@16
    => IMP @0x0000000102a36960
objc_lookup_class -[NXNumber] @0x0000000102a486b0
objc_msg_lookup +[NXNumber numberWithUnsignedInt64:]
  +[NXNumber numberWithUnsignedInt64:] types=@24@0:8Q16
    => IMP @0x0000000102a33630
objc_lookup_class -[NXNumberUnsignedInt64] @0x0000000102a49f80
objc_msg_lookup +[NXNumberUnsignedInt64 numberWithUnsignedInt64:]
  +[NXNumberUnsignedInt64 numberWithUnsignedInt64:] types=@24@0:8Q16
    => IMP @0x0000000102a3646c
objc_lookup_class -[NXNumberUnsignedInt64] @0x0000000102a49f80
objc_msg_lookup +[NXNumberUnsignedInt64 alloc]
  +[NXNumberUnsignedInt64 alloc] types=@16@0:8
  +[NXNumber alloc] types=@16@0:8
  +[NXObject alloc] types=@16@0:8
    => IMP @0x0000000102a36b40
objc_msg_lookup +[NXNumberUnsignedInt64 allocWithZone:]
  +[NXNumberUnsignedInt64 allocWithZone:] types=@24@0:8@16
  +[NXNumber allocWithZone:] types=@24@0:8@16
  +[NXObject allocWithZone:] types=@24@0:8@16
    => IMP @0x0000000102a36b8c
objc_lookup_class -[NXZone] @0x0000000102a4ab68
objc_msg_lookup +[NXZone defaultZone]
  +[NXZone defaultZone] types=@16@0:8
    => IMP @0x0000000102a380e4
objc_msg_lookup -[NXZone allocWithSize:]
  -[NXZone allocWithSize:] types=^v24@0:8Q16
    => IMP @0x0000000102a38104
objc_msg_lookup -[NXConstantString cStr]
  -[NXConstantString cStr] types=r*16@0:8
    => IMP @0x0000000102a3aed4
  allocWithSize: size=40 => @0x00000001401075d8
objc_msg_lookup -[NXNumberUnsignedInt64 initWithUnsignedInt64:]
  -[NXNumberUnsignedInt64 initWithUnsignedInt64:] types=@24@0:8Q16
    => IMP @0x0000000102a363f0
objc_msg_lookup -[NXNumber init]
  -[NXNumber init] types=@16@0:8
  -[NXObject init] types=@16@0:8
  -[Object init] types=@16@0:8
objc_msg_lookup -[NXNumberUnsignedInt64 autorelease]
  -[NXNumberUnsignedInt64 autorelease] types=@16@0:8
  -[NXNumber autorelease] types=@16@0:8
  -[NXObject autorelease] types=@16@0:8
    => IMP @0x0000000102a36ed8
objc_lookup_class -[NXAutoreleasePool] @0x0000000102a48350
objc_msg_lookup +[NXAutoreleasePool currentPool]
  +[NXAutoreleasePool currentPool] types=@16@0:8
    => IMP @0x0000000102a33060
objc_msg_lookup -[NXAutoreleasePool addObject:]
  -[NXAutoreleasePool addObject:] types=v24@0:8@16
    => IMP @0x0000000102a330a4
objc_lookup_class -[NXObject] @0x0000000102a4a270
objc_msg_lookup +[NXObject class]
  +[NXObject class] types=#16@0:8
  +[Object class] types=#16@0:8
    => IMP @0x0000000102a3b104
objc_msg_lookup -[NXConstantString cStr]
  -[NXConstantString cStr] types=r*16@0:8
    => IMP @0x0000000102a3aed4
  autorelease retain: [NXNumberUnsignedInt64] @0x00000001401075d8
objc_lookup_class -[NXNumber] @0x0000000102a486b0
objc_msg_lookup +[NXNumber numberWithUnsignedInt64:]
  +[NXNumber numberWithUnsignedInt64:] types=@24@0:8Q16
    => IMP @0x0000000102a33630
objc_lookup_class -[NXNumberUnsignedInt64] @0x0000000102a49f80
objc_msg_lookup +[NXNumberUnsignedInt64 numberWithUnsignedInt64:]
  +[NXNumberUnsignedInt64 numberWithUnsignedInt64:] types=@24@0:8Q16
    => IMP @0x0000000102a3646c
objc_lookup_class -[NXNumberUnsignedInt64] @0x0000000102a49f80
objc_msg_lookup +[NXNumberUnsignedInt64 alloc]
  +[NXNumberUnsignedInt64 alloc] types=@16@0:8
  +[NXNumber alloc] types=@16@0:8
  +[NXObject alloc] types=@16@0:8
    => IMP @0x0000000102a36b40
objc_msg_lookup +[NXNumberUnsignedInt64 allocWithZone:]
  +[NXNumberUnsignedInt64 allocWithZone:] types=@24@0:8@16
  +[NXNumber allocWithZone:] types=@24@0:8@16
  +[NXObject allocWithZone:] types=@24@0:8@16
    => IMP @0x0000000102a36b8c
objc_lookup_class -[NXZone] @0x0000000102a4ab68
objc_msg_lookup +[NXZone defaultZone]
  +[NXZone defaultZone] types=@16@0:8
    => IMP @0x0000000102a380e4
objc_msg_lookup -[NXZone allocWithSize:]
  -[NXZone allocWithSize:] types=^v24@0:8Q16
    => IMP @0x0000000102a38104
objc_msg_lookup -[NXConstantString cStr]
  -[NXConstantString cStr] types=r*16@0:8
    => IMP @0x0000000102a3aed4
  allocWithSize: size=40 => @0x0000000140107598
objc_msg_lookup -[NXNumberUnsignedInt64 initWithUnsignedInt64:]
  -[NXNumberUnsignedInt64 initWithUnsignedInt64:] types=@24@0:8Q16
    => IMP @0x0000000102a363f0
objc_msg_lookup -[NXNumber init]
  -[NXNumber init] types=@16@0:8
  -[NXObject init] types=@16@0:8
  -[Object init] types=@16@0:8
objc_msg_lookup -[NXNumberUnsignedInt64 autorelease]
  -[NXNumberUnsignedInt64 autorelease] types=@16@0:8
  -[NXNumber autorelease] types=@16@0:8
  -[NXObject autorelease] types=@16@0:8
    => IMP @0x0000000102a36ed8
objc_lookup_class -[NXAutoreleasePool] @0x0000000102a48350
objc_msg_lookup +[NXAutoreleasePool currentPool]
  +[NXAutoreleasePool currentPool] types=@16@0:8
    => IMP @0x0000000102a33060
objc_msg_lookup -[NXAutoreleasePool addObject:]
  -[NXAutoreleasePool addObject:] types=v24@0:8@16
    => IMP @0x0000000102a330a4
objc_lookup_class -[NXObject] @0x0000000102a4a270
objc_msg_lookup +[NXObject class]
  +[NXObject class] types=#16@0:8
  +[Object class] types=#16@0:8
    => IMP @0x0000000102a3b104
objc_msg_lookup -[NXConstantString cStr]
  -[NXConstantString cStr] types=r*16@0:8
    => IMP @0x0000000102a3aed4
  autorelease retain: [NXNumberUnsignedInt64] @0x0000000140107598
objc_msg_lookup -[NXNumberUnsignedInt64 isEqual:]
  -[NXNumberUnsignedInt64 isEqual:] types=B24@0:8@16
    => IMP @0x0000000102a36960
objc_msg_lookup -[NXNumberUnsignedInt64 isKindOfClass:]
  -[NXNumberUnsignedInt64 isKindOfClass:] types=B24@0:8#16
  -[NXNumber isKindOfClass:] types=B24@0:8#16
  -[NXObject isKindOfClass:] types=B24@0:8#16
  -[Object isKindOfClass:] types=B24@0:8#16
    => IMP @0x0000000102a3b1a8
objc_lookup_class -[NXNumberUnsignedInt64] @0x0000000102a49f80
objc_msg_lookup +[NXNumberUnsignedInt64 class]
  +[NXNumberUnsignedInt64 class] types=#16@0:8
  +[NXNumber class] types=#16@0:8
  +[NXObject class] types=#16@0:8
  +[Object class] types=#16@0:8
    => IMP @0x0000000102a3b104
objc_lookup_class -[NXNumber] @0x0000000102a486b0
objc_msg_lookup +[NXNumber numberWithInt64:]
  +[NXNumber numberWithInt64:] types=@24@0:8q16
    => IMP @0x0000000102a335d4
objc_lookup_class -[NXNumberInt64] @0x0000000102a494c0
objc_msg_lookup +[NXNumberInt64 numberWithInt64:]
  +[NXNumberInt64 numberWithInt64:] types=@24@0:8q16
    => IMP @0x0000000102a34f24
objc_lookup_class -[NXNumberInt64] @0x0000000102a494c0
objc_msg_lookup +[NXNumberInt64 alloc]
  +[NXNumberInt64 alloc] types=@16@0:8
  +[NXNumber alloc] types=@16@0:8
  +[NXObject alloc] types=@16@0:8
    => IMP @0x0000000102a36b40
objc_msg_lookup +[NXNumberInt64 allocWithZone:]
  +[NXNumberInt64 allocWithZone:] types=@24@0:8@16
  +[NXNumber allocWithZone:] types=@24@0:8@16
  +[NXObject allocWithZone:] types=@24@0:8@16
    => IMP @0x0000000102a36b8c
objc_lookup_class -[NXZone] @0x0000000102a4ab68
objc_msg_lookup +[NXZone defaultZone]
  +[NXZone defaultZone] types=@16@0:8
    => IMP @0x0000000102a380e4
objc_msg_lookup -[NXZone allocWithSize:]
  -[NXZone allocWithSize:] types=^v24@0:8Q16
    => IMP @0x0000000102a38104
objc_msg_lookup -[NXConstantString cStr]
  -[NXConstantString cStr] types=r*16@0:8
    => IMP @0x0000000102a3aed4
  allocWithSize: size=40 => @0x0000000140107558
objc_msg_lookup -[NXNumberInt64 initWithInt64:]
  -[NXNumberInt64 initWithInt64:] types=@24@0:8q16
    => IMP @0x0000000102a34ea8
objc_msg_lookup -[NXNumber init]
  -[NXNumber init] types=@16@0:8
  -[NXObject init] types=@16@0:8
  -[Object init] types=@16@0:8
objc_msg_lookup -[NXNumberInt64 autorelease]
  -[NXNumberInt64 autorelease] types=@16@0:8
  -[NXNumber autorelease] types=@16@0:8
  -[NXObject autorelease] types=@16@0:8
    => IMP @0x0000000102a36ed8
objc_lookup_class -[NXAutoreleasePool] @0x0000000102a48350
objc_msg_lookup +[NXAutoreleasePool currentPool]
  +[NXAutoreleasePool currentPool] types=@16@0:8
    => IMP @0x0000000102a33060
objc_msg_lookup -[NXAutoreleasePool addObject:]
  -[NXAutoreleasePool addObject:] types=v24@0:8@16
    => IMP @0x0000000102a330a4
objc_lookup_class -[NXObject] @0x0000000102a4a270
objc_msg_lookup +[NXObject class]
  +[NXObject class] types=#16@0:8
  +[Object class] types=#16@0:8
    => IMP @0x0000000102a3b104
objc_msg_lookup -[NXConstantString cStr]
  -[NXConstantString cStr] types=r*16@0:8
    => IMP @0x0000000102a3aed4
  autorelease retain: [NXNumberInt64] @0x0000000140107558
objc_lookup_class -[NXNumber] @0x0000000102a486b0
objc_msg_lookup +[NXNumber numberWithUnsignedInt64:]
  +[NXNumber numberWithUnsignedInt64:] types=@24@0:8Q16
    => IMP @0x0000000102a33630
objc_lookup_class -[NXNumberUnsignedInt64] @0x0000000102a49f80
objc_msg_lookup +[NXNumberUnsignedInt64 numberWithUnsignedInt64:]
  +[NXNumberUnsignedInt64 numberWithUnsignedInt64:] types=@24@0:8Q16
    => IMP @0x0000000102a3646c
objc_lookup_class -[NXNumberUnsignedInt64] @0x0000000102a49f80
objc_msg_lookup +[NXNumberUnsignedInt64 alloc]
  +[NXNumberUnsignedInt64 alloc] types=@16@0:8
  +[NXNumber alloc] types=@16@0:8
  +[NXObject alloc] types=@16@0:8
    => IMP @0x0000000102a36b40
objc_msg_lookup +[NXNumberUnsignedInt64 allocWithZone:]
  +[NXNumberUnsignedInt64 allocWithZone:] types=@24@0:8@16
  +[NXNumber allocWithZone:] types=@24@0:8@16
  +[NXObject allocWithZone:] types=@24@0:8@16
    => IMP @0x0000000102a36b8c
objc_lookup_class -[NXZone] @0x0000000102a4ab68
objc_msg_lookup +[NXZone defaultZone]
  +[NXZone defaultZone] types=@16@0:8
    => IMP @0x0000000102a380e4
objc_msg_lookup -[NXZone allocWithSize:]
  -[NXZone allocWithSize:] types=^v24@0:8Q16
    => IMP @0x0000000102a38104
objc_msg_lookup -[NXConstantString cStr]
  -[NXConstantString cStr] types=r*16@0:8
    => IMP @0x0000000102a3aed4
  allocWithSize: size=40 => @0x0000000140107518
objc_msg_lookup -[NXNumberUnsignedInt64 initWithUnsignedInt64:]
  -[NXNumberUnsignedInt64 initWithUnsignedInt64:] types=@24@0:8Q16
    => IMP @0x0000000102a363f0
objc_msg_lookup -[NXNumber init]
  -[NXNumber init] types=@16@0:8
  -[NXObject init] types=@16@0:8
  -[Object init] types=@16@0:8
objc_msg_lookup -[NXNumberUnsignedInt64 autorelease]
  -[NXNumberUnsignedInt64 autorelease] types=@16@0:8
  -[NXNumber autorelease] types=@16@0:8
  -[NXObject autorelease] types=@16@0:8
    => IMP @0x0000000102a36ed8
objc_lookup_class -[NXAutoreleasePool] @0x0000000102a48350
objc_msg_lookup +[NXAutoreleasePool currentPool]
  +[NXAutoreleasePool currentPool] types=@16@0:8
    => IMP @0x0000000102a33060
objc_msg_lookup -[NXAutoreleasePool addObject:]
  -[NXAutoreleasePool addObject:] types=v24@0:8@16
    => IMP @0x0000000102a330a4
objc_lookup_class -[NXObject] @0x0000000102a4a270
objc_msg_lookup +[NXObject class]
  +[NXObject class] types=#16@0:8
  +[Object class] types=#16@0:8
    => IMP @0x0000000102a3b104
objc_msg_lookup -[NXConstantString cStr]
  -[NXConstantString cStr] types=r*16@0:8
    => IMP @0x0000000102a3aed4
  autorelease retain: [NXNumberUnsignedInt64] @0x0000000140107518
objc_msg_lookup -[NXNumberInt64 isEqual:]
  -[NXNumberInt64 isEqual:] types=B24@0:8@16
    => IMP @0x0000000102a354a4
objc_msg_lookup -[NXNumberUnsignedInt64 isKindOfClass:]
  -[NXNumberUnsignedInt64 isKindOfClass:] types=B24@0:8#16
  -[NXNumber isKindOfClass:] types=B24@0:8#16
  -[NXObject isKindOfClass:] types=B24@0:8#16
  -[Object isKindOfClass:] types=B24@0:8#16
    => IMP @0x0000000102a3b1a8
objc_lookup_class -[NXNumberInt64] @0x0000000102a494c0
objc_msg_lookup +[NXNumberInt64 class]
  +[NXNumberInt64 class] types=#16@0:8
  +[NXNumber class] types=#16@0:8
  +[NXObject class] types=#16@0:8
  +[Object class] types=#16@0:8
    => IMP @0x0000000102a3b104
objc_msg_lookup -[NXNumberUnsignedInt64 isKindOfClass:]
  -[NXNumberUnsignedInt64 isKindOfClass:] types=B24@0:8#16
  -[NXNumber isKindOfClass:] types=B24@0:8#16
  -[NXObject isKindOfClass:] types=B24@0:8#16
  -[Object isKindOfClass:] types=B24@0:8#16
    => IMP @0x0000000102a3b1a8
objc_lookup_class -[NXNumber] @0x0000000102a486b0
objc_msg_lookup +[NXNumber class]
  +[NXNumber class] types=#16@0:8
  +[NXObject class] types=#16@0:8
  +[Object class] types=#16@0:8
    => IMP @0x0000000102a3b104
objc_msg_lookup -[NXNumberUnsignedInt64 unsignedInt64Value]
  -[NXNumberUnsignedInt64 unsignedInt64Value] types=Q16@0:8
    => IMP @0x0000000102a368d4
objc_msg_lookup -[NXNumberUnsignedInt64 isEqual:]
  -[NXNumberUnsignedInt64 isEqual:] types=B24@0:8@16
    => IMP @0x0000000102a36960
objc_msg_lookup -[NXNumberInt64 isKindOfClass:]
  -[NXNumberInt64 isKindOfClass:] types=B24@0:8#16
  -[NXNumber isKindOfClass:] types=B24@0:8#16
  -[NXObject isKindOfClass:] types=B24@0:8#16
  -[Object isKindOfClass:] types=B24@0:8#16
    => IMP @0x0000000102a3b1a8
objc_lookup_class -[NXNumberUnsignedInt64] @0x0000000102a49f80
objc_msg_lookup +[NXNumberUnsignedInt64 class]
  +[NXNumberUnsignedInt64 class] types=#16@0:8
  +[NXNumber class] types=#16@0:8
  +[NXObject class] types=#16@0:8
  +[Object class] types=#16@0:8
    => IMP @0x0000000102a3b104
objc_msg_lookup -[NXNumberInt64 isKindOfClass:]
  -[NXNumberInt64 isKindOfClass:] types=B24@0:8#16
  -[NXNumber isKindOfClass:] types=B24@0:8#16
  -[NXObject isKindOfClass:] types=B24@0:8#16
  -[Object isKindOfClass:] types=B24@0:8#16
    => IMP @0x0000000102a3b1a8
objc_lookup_class -[NXNumber] @0x0000000102a486b0
objc_msg_lookup +[NXNumber class]
  +[NXNumber class] types=#16@0:8
  +[NXObject class] types=#16@0:8
  +[Object class] types=#16@0:8
    => IMP @0x0000000102a3b104
objc_msg_lookup -[NXNumberInt64 int64Value]
  -[NXNumberInt64 int64Value] types=q16@0:8
    => IMP @0x0000000102a3533c
objc_lookup_class -[NXNumber] @0x0000000102a486b0
objc_msg_lookup +[NXNumber numberWithInt64:]
  +[NXNumber numberWithInt64:] types=@24@0:8q16
    => IMP @0x0000000102a335d4
objc_lookup_class -[NXNumberInt64] @0x0000000102a494c0
objc_msg_lookup +[NXNumberInt64 numberWithInt64:]
  +[NXNumberInt64 numberWithInt64:] types=@24@0:8q16
    => IMP @0x0000000102a34f24
objc_lookup_class -[NXNumberInt64] @0x0000000102a494c0
objc_msg_lookup +[NXNumberInt64 zeroValue]
  +[NXNumberInt64 zeroValue] types=@16@0:8
    => IMP @0x0000000102a35014
objc_lookup_class -[NXNumber] @0x0000000102a486b0
objc_msg_lookup +[NXNumber numberWithUnsignedInt64:]
  +[NXNumber numberWithUnsignedInt64:] types=@24@0:8Q16
    => IMP @0x0000000102a33630
objc_lookup_class -[NXNumberUnsignedInt64] @0x0000000102a49f80
objc_msg_lookup +[NXNumberUnsignedInt64 numberWithUnsignedInt64:]
  +[NXNumberUnsignedInt64 numberWithUnsignedInt64:] types=@24@0:8Q16
    => IMP @0x0000000102a3646c
objc_lookup_class -[NXNumberUnsignedInt64] @0x0000000102a49f80
objc_msg_lookup +[NXNumberUnsignedInt64 zeroValue]
  +[NXNumberUnsignedInt64 zeroValue] types=@16@0:8
    => IMP @0x0000000102a3655c
objc_msg_lookup -[NXNumberInt64 isEqual:]
  -[NXNumberInt64 isEqual:] types=B24@0:8@16
    => IMP @0x0000000102a354a4
objc_msg_lookup -[NXNumberUnsignedInt64 isKindOfClass:]
  -[NXNumberUnsignedInt64 isKindOfClass:] types=B24@0:8#16
  -[NXNumber isKindOfClass:] types=B24@0:8#16
  -[NXObject isKindOfClass:] types=B24@0:8#16
  -[Object isKindOfClass:] types=B24@0:8#16
    => IMP @0x0000000102a3b1a8
objc_lookup_class -[NXNumberInt64] @0x0000000102a494c0
objc_msg_lookup +[NXNumberInt64 class]
  +[NXNumberInt64 class] types=#16@0:8
  +[NXNumber class] types=#16@0:8
  +[NXObject class] types=#16@0:8
  +[Object class] types=#16@0:8
    => IMP @0x0000000102a3b104
objc_msg_lookup -[NXNumberUnsignedInt64 isKindOfClass:]
  -[NXNumberUnsignedInt64 isKindOfClass:] types=B24@0:8#16
  -[NXNumber isKindOfClass:] types=B24@0:8#16
  -[NXObject isKindOfClass:] types=B24@0:8#16
  -[Object isKindOfClass:] types=B24@0:8#16
    => IMP @0x0000000102a3b1a8
objc_lookup_class -[NXNumber] @0x0000000102a486b0
objc_msg_lookup +[NXNumber class]
  +[NXNumber class] types=#16@0:8
  +[NXObject class] types=#16@0:8
  +[Object class] types=#16@0:8
    => IMP @0x0000000102a3b104
objc_msg_lookup -[NXNumberUnsignedInt64 unsignedInt64Value]
  -[NXNumberUnsignedInt64 unsignedInt64Value] types=Q16@0:8
    => IMP @0x0000000102a368d4
objc_msg_lookup -[NXNumberUnsignedInt64 isEqual:]
  -[NXNumberUnsignedInt64 isEqual:] types=B24@0:8@16
    => IMP @0x0000000102a36960
objc_msg_lookup -[NXNumberInt64 isKindOfClass:]
  -[NXNumberInt64 isKindOfClass:] types=B24@0:8#16
  -[NXNumber isKindOfClass:] types=B24@0:8#16
  -[NXObject isKindOfClass:] types=B24@0:8#16
  -[Object isKindOfClass:] types=B24@0:8#16
    => IMP @0x0000000102a3b1a8
objc_lookup_class -[NXNumberUnsignedInt64] @0x0000000102a49f80
objc_msg_lookup +[NXNumberUnsignedInt64 class]
  +[NXNumberUnsignedInt64 class] types=#16@0:8
  +[NXNumber class] types=#16@0:8
  +[NXObject class] types=#16@0:8
  +[Object class] types=#16@0:8
    => IMP @0x0000000102a3b104
objc_msg_lookup -[NXNumberInt64 isKindOfClass:]
  -[NXNumberInt64 isKindOfClass:] types=B24@0:8#16
  -[NXNumber isKindOfClass:] types=B24@0:8#16
  -[NXObject isKindOfClass:] types=B24@0:8#16
  -[Object isKindOfClass:] types=B24@0:8#16
    => IMP @0x0000000102a3b1a8
objc_lookup_class -[NXNumber] @0x0000000102a486b0
objc_msg_lookup +[NXNumber class]
  +[NXNumber class] types=#16@0:8
  +[NXObject class] types=#16@0:8
  +[Object class] types=#16@0:8
    => IMP @0x0000000102a3b104
objc_msg_lookup -[NXNumberInt64 int64Value]
  -[NXNumberInt64 int64Value] types=q16@0:8
    => IMP @0x0000000102a3533c
objc_lookup_class -[NXNumber] @0x0000000102a486b0
objc_msg_lookup +[NXNumber numberWithInt64:]
  +[NXNumber numberWithInt64:] types=@24@0:8q16
    => IMP @0x0000000102a335d4
objc_lookup_class -[NXNumberInt64] @0x0000000102a494c0
objc_msg_lookup +[NXNumberInt64 numberWithInt64:]
  +[NXNumberInt64 numberWithInt64:] types=@24@0:8q16
    => IMP @0x0000000102a34f24
objc_lookup_class -[NXNumberInt64] @0x0000000102a494c0
objc_msg_lookup +[NXNumberInt64 alloc]
  +[NXNumberInt64 alloc] types=@16@0:8
  +[NXNumber alloc] types=@16@0:8
  +[NXObject alloc] types=@16@0:8
    => IMP @0x0000000102a36b40
objc_msg_lookup +[NXNumberInt64 allocWithZone:]
  +[NXNumberInt64 allocWithZone:] types=@24@0:8@16
  +[NXNumber allocWithZone:] types=@24@0:8@16
  +[NXObject allocWithZone:] types=@24@0:8@16
    => IMP @0x0000000102a36b8c
objc_lookup_class -[NXZone] @0x0000000102a4ab68
objc_msg_lookup +[NXZone defaultZone]
  +[NXZone defaultZone] types=@16@0:8
    => IMP @0x0000000102a380e4
objc_msg_lookup -[NXZone allocWithSize:]
  -[NXZone allocWithSize:] types=^v24@0:8Q16
    => IMP @0x0000000102a38104
objc_msg_lookup -[NXConstantString cStr]
  -[NXConstantString cStr] types=r*16@0:8
    => IMP @0x0000000102a3aed4
  allocWithSize: size=40 => @0x00000001401074d8
objc_msg_lookup -[NXNumberInt64 initWithInt64:]
  -[NXNumberInt64 initWithInt64:] types=@24@0:8q16
    => IMP @0x0000000102a34ea8
objc_msg_lookup -[NXNumber init]
  -[NXNumber init] types=@16@0:8
  -[NXObject init] types=@16@0:8
  -[Object init] types=@16@0:8
objc_msg_lookup -[NXNumberInt64 autorelease]
  -[NXNumberInt64 autorelease] types=@16@0:8
  -[NXNumber autorelease] types=@16@0:8
  -[NXObject autorelease] types=@16@0:8
    => IMP @0x0000000102a36ed8
objc_lookup_class -[NXAutoreleasePool] @0x0000000102a48350
objc_msg_lookup +[NXAutoreleasePool currentPool]
  +[NXAutoreleasePool currentPool] types=@16@0:8
    => IMP @0x0000000102a33060
objc_msg_lookup -[NXAutoreleasePool addObject:]
  -[NXAutoreleasePool addObject:] types=v24@0:8@16
    => IMP @0x0000000102a330a4
objc_lookup_class -[NXObject] @0x0000000102a4a270
objc_msg_lookup +[NXObject class]
  +[NXObject class] types=#16@0:8
  +[Object class] types=#16@0:8
    => IMP @0x0000000102a3b104
objc_msg_lookup -[NXConstantString cStr]
  -[NXConstantString cStr] types=r*16@0:8
    => IMP @0x0000000102a3aed4
  autorelease retain: [NXNumberInt64] @0x00000001401074d8
objc_lookup_class -[NXNumber] @0x0000000102a486b0
objc_msg_lookup +[NXNumber numberWithUnsignedInt64:]
  +[NXNumber numberWithUnsignedInt64:] types=@24@0:8Q16
    => IMP @0x0000000102a33630
objc_lookup_class -[NXNumberUnsignedInt64] @0x0000000102a49f80
objc_msg_lookup +[NXNumberUnsignedInt64 numberWithUnsignedInt64:]
  +[NXNumberUnsignedInt64 numberWithUnsignedInt64:] types=@24@0:8Q16
    => IMP @0x0000000102a3646c
objc_lookup_class -[NXNumberUnsignedInt64] @0x0000000102a49f80
objc_msg_lookup +[NXNumberUnsignedInt64 alloc]
  +[NXNumberUnsignedInt64 alloc] types=@16@0:8
  +[NXNumber alloc] types=@16@0:8
  +[NXObject alloc] types=@16@0:8
    => IMP @0x0000000102a36b40
objc_msg_lookup +[NXNumberUnsignedInt64 allocWithZone:]
  +[NXNumberUnsignedInt64 allocWithZone:] types=@24@0:8@16
  +[NXNumber allocWithZone:] types=@24@0:8@16
  +[NXObject allocWithZone:] types=@24@0:8@16
    => IMP @0x0000000102a36b8c
objc_lookup_class -[NXZone] @0x0000000102a4ab68
objc_msg_lookup +[NXZone defaultZone]
  +[NXZone defaultZone] types=@16@0:8
    => IMP @0x0000000102a380e4
objc_msg_lookup -[NXZone allocWithSize:]
  -[NXZone allocWithSize:] types=^v24@0:8Q16
    => IMP @0x0000000102a38104
objc_msg_lookup -[NXConstantString cStr]
  -[NXConstantString cStr] types=r*16@0:8
    => IMP @0x0000000102a3aed4
  allocWithSize: size=40 => @0x0000000140107498
objc_msg_lookup -[NXNumberUnsignedInt64 initWithUnsignedInt64:]
  -[NXNumberUnsignedInt64 initWithUnsignedInt64:] types=@24@0:8Q16
    => IMP @0x0000000102a363f0
objc_msg_lookup -[NXNumber init]
  -[NXNumber init] types=@16@0:8
  -[NXObject init] types=@16@0:8
  -[Object init] types=@16@0:8
objc_msg_lookup -[NXNumberUnsignedInt64 autorelease]
  -[NXNumberUnsignedInt64 autorelease] types=@16@0:8
  -[NXNumber autorelease] types=@16@0:8
  -[NXObject autorelease] types=@16@0:8
    => IMP @0x0000000102a36ed8
objc_lookup_class -[NXAutoreleasePool] @0x0000000102a48350
objc_msg_lookup +[NXAutoreleasePool currentPool]
  +[NXAutoreleasePool currentPool] types=@16@0:8
    => IMP @0x0000000102a33060
objc_msg_lookup -[NXAutoreleasePool addObject:]
  -[NXAutoreleasePool addObject:] types=v24@0:8@16
    => IMP @0x0000000102a330a4
objc_lookup_class -[NXObject] @0x0000000102a4a270
objc_msg_lookup +[NXObject class]
  +[NXObject class] types=#16@0:8
  +[Object class] types=#16@0:8
    => IMP @0x0000000102a3b104
objc_msg_lookup -[NXConstantString cStr]
  -[NXConstantString cStr] types=r*16@0:8
    => IMP @0x0000000102a3aed4
  autorelease retain: [NXNumberUnsignedInt64] @0x0000000140107498
objc_msg_lookup -[NXNumberInt64 isEqual:]
  -[NXNumberInt64 isEqual:] types=B24@0:8@16
    => IMP @0x0000000102a354a4
objc_msg_lookup -[NXNumberUnsignedInt64 isKindOfClass:]
  -[NXNumberUnsignedInt64 isKindOfClass:] types=B24@0:8#16
  -[NXNumber isKindOfClass:] types=B24@0:8#16
  -[NXObject isKindOfClass:] types=B24@0:8#16
  -[Object isKindOfClass:] types=B24@0:8#16
    => IMP @0x0000000102a3b1a8
objc_lookup_class -[NXNumberInt64] @0x0000000102a494c0
objc_msg_lookup +[NXNumberInt64 class]
  +[NXNumberInt64 class] types=#16@0:8
  +[NXNumber class] types=#16@0:8
  +[NXObject class] types=#16@0:8
  +[Object class] types=#16@0:8
    => IMP @0x0000000102a3b104
objc_msg_lookup -[NXNumberUnsignedInt64 isKindOfClass:]
  -[NXNumberUnsignedInt64 isKindOfClass:] types=B24@0:8#16
  -[NXNumber isKindOfClass:] types=B24@0:8#16
  -[NXObject isKindOfClass:] types=B24@0:8#16
  -[Object isKindOfClass:] types=B24@0:8#16
    => IMP @0x0000000102a3b1a8
objc_lookup_class -[NXNumber] @0x0000000102a486b0
objc_msg_lookup +[NXNumber class]
  +[NXNumber class] types=#16@0:8
  +[NXObject class] types=#16@0:8
  +[Object class] types=#16@0:8
    => IMP @0x0000000102a3b104
objc_msg_lookup -[NXNumberUnsignedInt64 int64Value]
  -[NXNumberUnsignedInt64 int64Value] types=q16@0:8
    => IMP @0x0000000102a368b8
objc_msg_lookup -[NXNumberUnsignedInt64 isEqual:]
  -[NXNumberUnsignedInt64 isEqual:] types=B24@0:8@16
    => IMP @0x0000000102a36960
objc_msg_lookup -[NXNumberInt64 isKindOfClass:]
  -[NXNumberInt64 isKindOfClass:] types=B24@0:8#16
  -[NXNumber isKindOfClass:] types=B24@0:8#16
  -[NXObject isKindOfClass:] types=B24@0:8#16
  -[Object isKindOfClass:] types=B24@0:8#16
    => IMP @0x0000000102a3b1a8
objc_lookup_class -[NXNumberUnsignedInt64] @0x0000000102a49f80
objc_msg_lookup +[NXNumberUnsignedInt64 class]
  +[NXNumberUnsignedInt64 class] types=#16@0:8
  +[NXNumber class] types=#16@0:8
  +[NXObject class] types=#16@0:8
  +[Object class] types=#16@0:8
    => IMP @0x0000000102a3b104
objc_msg_lookup -[NXNumberInt64 isKindOfClass:]
  -[NXNumberInt64 isKindOfClass:] types=B24@0:8#16
  -[NXNumber isKindOfClass:] types=B24@0:8#16
  -[NXObject isKindOfClass:] types=B24@0:8#16
  -[Object isKindOfClass:] types=B24@0:8#16
    => IMP @0x0000000102a3b1a8
objc_lookup_class -[NXNumber] @0x0000000102a486b0
objc_msg_lookup +[NXNumber class]
  +[NXNumber class] types=#16@0:8
  +[NXObject class] types=#16@0:8
  +[Object class] types=#16@0:8
    => IMP @0x0000000102a3b104
objc_msg_lookup -[NXNumberInt64 int64Value]
  -[NXNumberInt64 int64Value] types=q16@0:8
    => IMP @0x0000000102a3533c
objc_lookup_class -[NXNumber] @0x0000000102a486b0
objc_msg_lookup +[NXNumber numberWithInt64:]
  +[NXNumber numberWithInt64:] types=@24@0:8q16
    => IMP @0x0000000102a335d4
objc_lookup_class -[NXNumberInt64] @0x0000000102a494c0
objc_msg_lookup +[NXNumberInt64 numberWithInt64:]
  +[NXNumberInt64 numberWithInt64:] types=@24@0:8q16
    => IMP @0x0000000102a34f24
objc_lookup_class -[NXNumberInt64] @0x0000000102a494c0
objc_msg_lookup +[NXNumberInt64 alloc]
  +[NXNumberInt64 alloc] types=@16@0:8
  +[NXNumber alloc] types=@16@0:8
  +[NXObject alloc] types=@16@0:8
    => IMP @0x0000000102a36b40
objc_msg_lookup +[NXNumberInt64 allocWithZone:]
  +[NXNumberInt64 allocWithZone:] types=@24@0:8@16
  +[NXNumber allocWithZone:] types=@24@0:8@16
  +[NXObject allocWithZone:] types=@24@0:8@16
    => IMP @0x0000000102a36b8c
objc_lookup_class -[NXZone] @0x0000000102a4ab68
objc_msg_lookup +[NXZone defaultZone]
  +[NXZone defaultZone] types=@16@0:8
    => IMP @0x0000000102a380e4
objc_msg_lookup -[NXZone allocWithSize:]
  -[NXZone allocWithSize:] types=^v24@0:8Q16
    => IMP @0x0000000102a38104
objc_msg_lookup -[NXConstantString cStr]
  -[NXConstantString cStr] types=r*16@0:8
    => IMP @0x0000000102a3aed4
  allocWithSize: size=40 => @0x0000000140107458
objc_msg_lookup -[NXNumberInt64 initWithInt64:]
  -[NXNumberInt64 initWithInt64:] types=@24@0:8q16
    => IMP @0x0000000102a34ea8
objc_msg_lookup -[NXNumber init]
  -[NXNumber init] types=@16@0:8
  -[NXObject init] types=@16@0:8
  -[Object init] types=@16@0:8
objc_msg_lookup -[NXNumberInt64 autorelease]
  -[NXNumberInt64 autorelease] types=@16@0:8
  -[NXNumber autorelease] types=@16@0:8
  -[NXObject autorelease] types=@16@0:8
    => IMP @0x0000000102a36ed8
objc_lookup_class -[NXAutoreleasePool] @0x0000000102a48350
objc_msg_lookup +[NXAutoreleasePool currentPool]
  +[NXAutoreleasePool currentPool] types=@16@0:8
    => IMP @0x0000000102a33060
objc_msg_lookup -[NXAutoreleasePool addObject:]
  -[NXAutoreleasePool addObject:] types=v24@0:8@16
    => IMP @0x0000000102a330a4
objc_lookup_class -[NXObject] @0x0000000102a4a270
objc_msg_lookup +[NXObject class]
  +[NXObject class] types=#16@0:8
  +[Object class] types=#16@0:8
    => IMP @0x0000000102a3b104
objc_msg_lookup -[NXConstantString cStr]
  -[NXConstantString cStr] types=r*16@0:8
    => IMP @0x0000000102a3aed4
  autorelease retain: [NXNumberInt64] @0x0000000140107458
objc_lookup_class -[NXNumber] @0x0000000102a486b0
objc_msg_lookup +[NXNumber numberWithUnsignedInt64:]
  +[NXNumber numberWithUnsignedInt64:] types=@24@0:8Q16
    => IMP @0x0000000102a33630
objc_lookup_class -[NXNumberUnsignedInt64] @0x0000000102a49f80
objc_msg_lookup +[NXNumberUnsignedInt64 numberWithUnsignedInt64:]
  +[NXNumberUnsignedInt64 numberWithUnsignedInt64:] types=@24@0:8Q16
    => IMP @0x0000000102a3646c
objc_lookup_class -[NXNumberUnsignedInt64] @0x0000000102a49f80
objc_msg_lookup +[NXNumberUnsignedInt64 alloc]
  +[NXNumberUnsignedInt64 alloc] types=@16@0:8
  +[NXNumber alloc] types=@16@0:8
  +[NXObject alloc] types=@16@0:8
    => IMP @0x0000000102a36b40
objc_msg_lookup +[NXNumberUnsignedInt64 allocWithZone:]
  +[NXNumberUnsignedInt64 allocWithZone:] types=@24@0:8@16
  +[NXNumber allocWithZone:] types=@24@0:8@16
  +[NXObject allocWithZone:] types=@24@0:8@16
    => IMP @0x0000000102a36b8c
objc_lookup_class -[NXZone] @0x0000000102a4ab68
objc_msg_lookup +[NXZone defaultZone]
  +[NXZone defaultZone] types=@16@0:8
    => IMP @0x0000000102a380e4
objc_msg_lookup -[NXZone allocWithSize:]
  -[NXZone allocWithSize:] types=^v24@0:8Q16
    => IMP @0x0000000102a38104
objc_msg_lookup -[NXConstantString cStr]
  -[NXConstantString cStr] types=r*16@0:8
    => IMP @0x0000000102a3aed4
  allocWithSize: size=40 => @0x0000000140107418
objc_msg_lookup -[NXNumberUnsignedInt64 initWithUnsignedInt64:]
  -[NXNumberUnsignedInt64 initWithUnsignedInt64:] types=@24@0:8Q16
    => IMP @0x0000000102a363f0
objc_msg_lookup -[NXNumber init]
  -[NXNumber init] types=@16@0:8
  -[NXObject init] types=@16@0:8
  -[Object init] types=@16@0:8
objc_msg_lookup -[NXNumberUnsignedInt64 autorelease]
  -[NXNumberUnsignedInt64 autorelease] types=@16@0:8
  -[NXNumber autorelease] types=@16@0:8
  -[NXObject autorelease] types=@16@0:8
    => IMP @0x0000000102a36ed8
objc_lookup_class -[NXAutoreleasePool] @0x0000000102a48350
objc_msg_lookup +[NXAutoreleasePool currentPool]
  +[NXAutoreleasePool currentPool] types=@16@0:8
    => IMP @0x0000000102a33060
objc_msg_lookup -[NXAutoreleasePool addObject:]
  -[NXAutoreleasePool addObject:] types=v24@0:8@16
    => IMP @0x0000000102a330a4
objc_lookup_class -[NXObject] @0x0000000102a4a270
objc_msg_lookup +[NXObject class]
  +[NXObject class] types=#16@0:8
  +[Object class] types=#16@0:8
    => IMP @0x0000000102a3b104
objc_msg_lookup -[NXConstantString cStr]
  -[NXConstantString cStr] types=r*16@0:8
    => IMP @0x0000000102a3aed4
  autorelease retain: [NXNumberUnsignedInt64] @0x0000000140107418
objc_msg_lookup -[NXNumberInt64 isEqual:]
  -[NXNumberInt64 isEqual:] types=B24@0:8@16
    => IMP @0x0000000102a354a4
objc_msg_lookup -[NXNumberUnsignedInt64 isKindOfClass:]
  -[NXNumberUnsignedInt64 isKindOfClass:] types=B24@0:8#16
  -[NXNumber isKindOfClass:] types=B24@0:8#16
  -[NXObject isKindOfClass:] types=B24@0:8#16
  -[Object isKindOfClass:] types=B24@0:8#16
    => IMP @0x0000000102a3b1a8
objc_lookup_class -[NXNumberInt64] @0x0000000102a494c0
objc_msg_lookup +[NXNumberInt64 class]
  +[NXNumberInt64 class] types=#16@0:8
  +[NXNumber class] types=#16@0:8
  +[NXObject class] types=#16@0:8
  +[Object class] types=#16@0:8
    => IMP @0x0000000102a3b104
objc_msg_lookup -[NXNumberUnsignedInt64 isKindOfClass:]
  -[NXNumberUnsignedInt64 isKindOfClass:] types=B24@0:8#16
  -[NXNumber isKindOfClass:] types=B24@0:8#16
  -[NXObject isKindOfClass:] types=B24@0:8#16
  -[Object isKindOfClass:] types=B24@0:8#16
    => IMP @0x0000000102a3b1a8
objc_lookup_class -[NXNumber] @0x0000000102a486b0
objc_msg_lookup +[NXNumber class]
  +[NXNumber class] types=#16@0:8
  +[NXObject class] types=#16@0:8
  +[Object class] types=#16@0:8
    => IMP @0x0000000102a3b104
objc_msg_lookup -[NXNumberUnsignedInt64 unsignedInt64Value]
  -[NXNumberUnsignedInt64 unsignedInt64Value] types=Q16@0:8
    => IMP @0x0000000102a368d4
objc_msg_lookup -[NXNumberUnsignedInt64 isEqual:]
  -[NXNumberUnsignedInt64 isEqual:] types=B24@0:8@16
    => IMP @0x0000000102a36960
objc_msg_lookup -[NXNumberInt64 isKindOfClass:]
  -[NXNumberInt64 isKindOfClass:] types=B24@0:8#16
  -[NXNumber isKindOfClass:] types=B24@0:8#16
  -[NXObject isKindOfClass:] types=B24@0:8#16
  -[Object isKindOfClass:] types=B24@0:8#16
    => IMP @0x0000000102a3b1a8
objc_lookup_class -[NXNumberUnsignedInt64] @0x0000000102a49f80
objc_msg_lookup +[NXNumberUnsignedInt64 class]
  +[NXNumberUnsignedInt64 class] types=#16@0:8
  +[NXNumber class] types=#16@0:8
  +[NXObject class] types=#16@0:8
  +[Object class] types=#16@0:8
    => IMP @0x0000000102a3b104
objc_msg_lookup -[NXNumberInt64 isKindOfClass:]
  -[NXNumberInt64 isKindOfClass:] types=B24@0:8#16
  -[NXNumber isKindOfClass:] types=B24@0:8#16
  -[NXObject isKindOfClass:] types=B24@0:8#16
  -[Object isKindOfClass:] types=B24@0:8#16
    => IMP @0x0000000102a3b1a8
objc_lookup_class -[NXNumber] @0x0000000102a486b0
objc_msg_lookup +[NXNumber class]
  +[NXNumber class] types=#16@0:8
  +[NXObject class] types=#16@0:8
  +[Object class] types=#16@0:8
    => IMP @0x0000000102a3b104
objc_msg_lookup -[NXNumberInt64 int64Value]
  -[NXNumberInt64 int64Value] types=q16@0:8
    => IMP @0x0000000102a3533c
objc_lookup_class -[NXNumber] @0x0000000102a486b0
objc_msg_lookup +[NXNumber numberWithBool:]
  +[NXNumber numberWithBool:] types=@20@0:8B16
    => IMP @0x0000000102a333b0
objc_lookup_class -[NXNumberBool] @0x0000000102a489f8
objc_msg_lookup +[NXNumberBool trueValue]
  +[NXNumberBool trueValue] types=@16@0:8
    => IMP @0x0000000102a338d0
objc_lookup_class -[NXNumber] @0x0000000102a486b0
objc_msg_lookup +[NXNumber numberWithInt64:]
  +[NXNumber numberWithInt64:] types=@24@0:8q16
    => IMP @0x0000000102a335d4
objc_lookup_class -[NXNumberInt64] @0x0000000102a494c0
objc_msg_lookup +[NXNumberInt64 numberWithInt64:]
  +[NXNumberInt64 numberWithInt64:] types=@24@0:8q16
    => IMP @0x0000000102a34f24
objc_lookup_class -[NXNumberInt64] @0x0000000102a494c0
objc_msg_lookup +[NXNumberInt64 alloc]
  +[NXNumberInt64 alloc] types=@16@0:8
  +[NXNumber alloc] types=@16@0:8
  +[NXObject alloc] types=@16@0:8
    => IMP @0x0000000102a36b40
objc_msg_lookup +[NXNumberInt64 allocWithZone:]
  +[NXNumberInt64 allocWithZone:] types=@24@0:8@16
  +[NXNumber allocWithZone:] types=@24@0:8@16
  +[NXObject allocWithZone:] types=@24@0:8@16
    => IMP @0x0000000102a36b8c
objc_lookup_class -[NXZone] @0x0000000102a4ab68
objc_msg_lookup +[NXZone defaultZone]
  +[NXZone defaultZone] types=@16@0:8
    => IMP @0x0000000102a380e4
objc_msg_lookup -[NXZone allocWithSize:]
  -[NXZone allocWithSize:] types=^v24@0:8Q16
    => IMP @0x0000000102a38104
objc_msg_lookup -[NXConstantString cStr]
  -[NXConstantString cStr] types=r*16@0:8
    => IMP @0x0000000102a3aed4
  allocWithSize: size=40 => @0x00000001401073d8
objc_msg_lookup -[NXNumberInt64 initWithInt64:]
  -[NXNumberInt64 initWithInt64:] types=@24@0:8q16
    => IMP @0x0000000102a34ea8
objc_msg_lookup -[NXNumber init]
  -[NXNumber init] types=@16@0:8
  -[NXObject init] types=@16@0:8
  -[Object init] types=@16@0:8
objc_msg_lookup -[NXNumberInt64 autorelease]
  -[NXNumberInt64 autorelease] types=@16@0:8
  -[NXNumber autorelease] types=@16@0:8
  -[NXObject autorelease] types=@16@0:8
    => IMP @0x0000000102a36ed8
objc_lookup_class -[NXAutoreleasePool] @0x0000000102a48350
objc_msg_lookup +[NXAutoreleasePool currentPool]
  +[NXAutoreleasePool currentPool] types=@16@0:8
    => IMP @0x0000000102a33060
objc_msg_lookup -[NXAutoreleasePool addObject:]
  -[NXAutoreleasePool addObject:] types=v24@0:8@16
    => IMP @0x0000000102a330a4
objc_lookup_class -[NXObject] @0x0000000102a4a270
objc_msg_lookup +[NXObject class]
  +[NXObject class] types=#16@0:8
  +[Object class] types=#16@0:8
    => IMP @0x0000000102a3b104
objc_msg_lookup -[NXConstantString cStr]
  -[NXConstantString cStr] types=r*16@0:8
    => IMP @0x0000000102a3aed4
  autorelease retain: [NXNumberInt64] @0x00000001401073d8
objc_lookup_class -[NXNumber] @0x0000000102a486b0
objc_msg_lookup +[NXNumber numberWithUnsignedInt64:]
  +[NXNumber numberWithUnsignedInt64:] types=@24@0:8Q16
    => IMP @0x0000000102a33630
objc_lookup_class -[NXNumberUnsignedInt64] @0x0000000102a49f80
objc_msg_lookup +[NXNumberUnsignedInt64 numberWithUnsignedInt64:]
  +[NXNumberUnsignedInt64 numberWithUnsignedInt64:] types=@24@0:8Q16
    => IMP @0x0000000102a3646c
objc_lookup_class -[NXNumberUnsignedInt64] @0x0000000102a49f80
objc_msg_lookup +[NXNumberUnsignedInt64 alloc]
  +[NXNumberUnsignedInt64 alloc] types=@16@0:8
  +[NXNumber alloc] types=@16@0:8
  +[NXObject alloc] types=@16@0:8
    => IMP @0x0000000102a36b40
objc_msg_lookup +[NXNumberUnsignedInt64 allocWithZone:]
  +[NXNumberUnsignedInt64 allocWithZone:] types=@24@0:8@16
  +[NXNumber allocWithZone:] types=@24@0:8@16
  +[NXObject allocWithZone:] types=@24@0:8@16
    => IMP @0x0000000102a36b8c
objc_lookup_class -[NXZone] @0x0000000102a4ab68
objc_msg_lookup +[NXZone defaultZone]
  +[NXZone defaultZone] types=@16@0:8
    => IMP @0x0000000102a380e4
objc_msg_lookup -[NXZone allocWithSize:]
  -[NXZone allocWithSize:] types=^v24@0:8Q16
    => IMP @0x0000000102a38104
objc_msg_lookup -[NXConstantString cStr]
  -[NXConstantString cStr] types=r*16@0:8
    => IMP @0x0000000102a3aed4
  allocWithSize: size=40 => @0x0000000140107398
objc_msg_lookup -[NXNumberUnsignedInt64 initWithUnsignedInt64:]
  -[NXNumberUnsignedInt64 initWithUnsignedInt64:] types=@24@0:8Q16
    => IMP @0x0000000102a363f0
objc_msg_lookup -[NXNumber init]
  -[NXNumber init] types=@16@0:8
  -[NXObject init] types=@16@0:8
  -[Object init] types=@16@0:8
objc_msg_lookup -[NXNumberUnsignedInt64 autorelease]
  -[NXNumberUnsignedInt64 autorelease] types=@16@0:8
  -[NXNumber autorelease] types=@16@0:8
  -[NXObject autorelease] types=@16@0:8
    => IMP @0x0000000102a36ed8
objc_lookup_class -[NXAutoreleasePool] @0x0000000102a48350
objc_msg_lookup +[NXAutoreleasePool currentPool]
  +[NXAutoreleasePool currentPool] types=@16@0:8
    => IMP @0x0000000102a33060
objc_msg_lookup -[NXAutoreleasePool addObject:]
  -[NXAutoreleasePool addObject:] types=v24@0:8@16
    => IMP @0x0000000102a330a4
objc_lookup_class -[NXObject] @0x0000000102a4a270
objc_msg_lookup +[NXObject class]
  +[NXObject class] types=#16@0:8
  +[Object class] types=#16@0:8
    => IMP @0x0000000102a3b104
objc_msg_lookup -[NXConstantString cStr]
  -[NXConstantString cStr] types=r*16@0:8
    => IMP @0x0000000102a3aed4
  autorelease retain: [NXNumberUnsignedInt64] @0x0000000140107398
objc_msg_lookup -[NXNumberBool isEqual:]
  -[NXNumberBool isEqual:] types=B24@0:8@16
    => IMP @0x0000000102a33d38
objc_msg_lookup -[NXNumberInt64 isKindOfClass:]
  -[NXNumberInt64 isKindOfClass:] types=B24@0:8#16
  -[NXNumber isKindOfClass:] types=B24@0:8#16
  -[NXObject isKindOfClass:] types=B24@0:8#16
  -[Object isKindOfClass:] types=B24@0:8#16
    => IMP @0x0000000102a3b1a8
objc_lookup_class -[NXNumberBool] @0x0000000102a489f8
objc_msg_lookup +[NXNumberBool class]
  +[NXNumberBool class] types=#16@0:8
  +[NXNumber class] types=#16@0:8
  +[NXObject class] types=#16@0:8
  +[Object class] types=#16@0:8
    => IMP @0x0000000102a3b104
objc_msg_lookup -[NXNumberInt64 isKindOfClass:]
  -[NXNumberInt64 isKindOfClass:] types=B24@0:8#16
  -[NXNumber isKindOfClass:] types=B24@0:8#16
  -[NXObject isKindOfClass:] types=B24@0:8#16
  -[Object isKindOfClass:] types=B24@0:8#16
    => IMP @0x0000000102a3b1a8
objc_lookup_class -[NXNumber] @0x0000000102a486b0
objc_msg_lookup +[NXNumber class]
  +[NXNumber class] types=#16@0:8
  +[NXObject class] types=#16@0:8
  +[Object class] types=#16@0:8
    => IMP @0x0000000102a3b104
objc_msg_lookup -[NXNumberInt64 int64Value]
  -[NXNumberInt64 int64Value] types=q16@0:8
    => IMP @0x0000000102a3533c
objc_msg_lookup -[NXNumberInt64 unsignedInt64Value]
  -[NXNumberInt64 unsignedInt64Value] types=Q16@0:8
    => IMP @0x0000000102a353d0
objc_msg_lookup -[NXNumberInt64 isEqual:]
  -[NXNumberInt64 isEqual:] types=B24@0:8@16
    => IMP @0x0000000102a354a4
objc_msg_lookup -[NXNumberBool isKindOfClass:]
  -[NXNumberBool isKindOfClass:] types=B24@0:8#16
  -[NXNumber isKindOfClass:] types=B24@0:8#16
  -[NXObject isKindOfClass:] types=B24@0:8#16
  -[Object isKindOfClass:] types=B24@0:8#16
    => IMP @0x0000000102a3b1a8
objc_lookup_class -[NXNumberInt64] @0x0000000102a494c0
objc_msg_lookup +[NXNumberInt64 class]
  +[NXNumberInt64 class] types=#16@0:8
  +[NXNumber class] types=#16@0:8
  +[NXObject class] types=#16@0:8
  +[Object class] types=#16@0:8
    => IMP @0x0000000102a3b104
objc_msg_lookup -[NXNumberBool isKindOfClass:]
  -[NXNumberBool isKindOfClass:] types=B24@0:8#16
  -[NXNumber isKindOfClass:] types=B24@0:8#16
  -[NXObject isKindOfClass:] types=B24@0:8#16
  -[Object isKindOfClass:] types=B24@0:8#16
    => IMP @0x0000000102a3b1a8
objc_lookup_class -[NXNumber] @0x0000000102a486b0
objc_msg_lookup +[NXNumber class]
  +[NXNumber class] types=#16@0:8
  +[NXObject class] types=#16@0:8
  +[Object class] types=#16@0:8
    => IMP @0x0000000102a3b104
objc_msg_lookup -[NXNumberBool unsignedInt64Value]
  -[NXNumberBool unsignedInt64Value] types=Q16@0:8
    => IMP @0x0000000102a33c98
objc_msg_lookup -[NXNumberBool isEqual:]
  -[NXNumberBool isEqual:] types=B24@0:8@16
    => IMP @0x0000000102a33d38
objc_msg_lookup -[NXNumberUnsignedInt64 isKindOfClass:]
  -[NXNumberUnsignedInt64 isKindOfClass:] types=B24@0:8#16
  -[NXNumber isKindOfClass:] types=B24@0:8#16
  -[NXObject isKindOfClass:] types=B24@0:8#16
  -[Object isKindOfClass:] types=B24@0:8#16
    => IMP @0x0000000102a3b1a8
objc_lookup_class -[NXNumberBool] @0x0000000102a489f8
objc_msg_lookup +[NXNumberBool class]
  +[NXNumberBool class] types=#16@0:8
  +[NXNumber class] types=#16@0:8
  +[NXObject class] types=#16@0:8
  +[Object class] types=#16@0:8
    => IMP @0x0000000102a3b104
objc_msg_lookup -[NXNumberUnsignedInt64 isKindOfClass:]
  -[NXNumberUnsignedInt64 isKindOfClass:] types=B24@0:8#16
  -[NXNumber isKindOfClass:] types=B24@0:8#16
  -[NXObject isKindOfClass:] types=B24@0:8#16
  -[Object isKindOfClass:] types=B24@0:8#16
    => IMP @0x0000000102a3b1a8
objc_lookup_class -[NXNumber] @0x0000000102a486b0
objc_msg_lookup +[NXNumber class]
  +[NXNumber class] types=#16@0:8
  +[NXObject class] types=#16@0:8
  +[Object class] types=#16@0:8
    => IMP @0x0000000102a3b104
objc_msg_lookup -[NXNumberUnsignedInt64 int64Value]
  -[NXNumberUnsignedInt64 int64Value] types=q16@0:8
    => IMP @0x0000000102a368b8
objc_msg_lookup -[NXNumberUnsignedInt64 unsignedInt64Value]
  -[NXNumberUnsignedInt64 unsignedInt64Value] types=Q16@0:8
    => IMP @0x0000000102a368d4
objc_msg_lookup -[NXNumberUnsignedInt64 isEqual:]
  -[NXNumberUnsignedInt64 isEqual:] types=B24@0:8@16
    => IMP @0x0000000102a36960
objc_msg_lookup -[NXNumberBool isKindOfClass:]
  -[NXNumberBool isKindOfClass:] types=B24@0:8#16
  -[NXNumber isKindOfClass:] types=B24@0:8#16
  -[NXObject isKindOfClass:] types=B24@0:8#16
  -[Object isKindOfClass:] types=B24@0:8#16
    => IMP @0x0000000102a3b1a8
objc_lookup_class -[NXNumberUnsignedInt64] @0x0000000102a49f80
objc_msg_lookup +[NXNumberUnsignedInt64 class]
  +[NXNumberUnsignedInt64 class] types=#16@0:8
  +[NXNumber class] types=#16@0:8
  +[NXObject class] types=#16@0:8
  +[Object class] types=#16@0:8
    => IMP @0x0000000102a3b104
objc_msg_lookup -[NXNumberBool isKindOfClass:]
  -[NXNumberBool isKindOfClass:] types=B24@0:8#16
  -[NXNumber isKindOfClass:] types=B24@0:8#16
  -[NXObject isKindOfClass:] types=B24@0:8#16
  -[Object isKindOfClass:] types=B24@0:8#16
    => IMP @0x0000000102a3b1a8
objc_lookup_class -[NXNumber] @0x0000000102a486b0
objc_msg_lookup +[NXNumber class]
  +[NXNumber class] types=#16@0:8
  +[NXObject class] types=#16@0:8
  +[Object class] types=#16@0:8
    => IMP @0x0000000102a3b104
objc_msg_lookup -[NXNumberBool int64Value]
  -[NXNumberBool int64Value] types=q16@0:8
    => IMP @0x0000000102a33c78
objc_lookup_class -[NXNumber] @0x0000000102a486b0
objc_msg_lookup +[NXNumber numberWithBool:]
  +[NXNumber numberWithBool:] types=@20@0:8B16
    => IMP @0x0000000102a333b0
objc_lookup_class -[NXNumberBool] @0x0000000102a489f8
objc_msg_lookup +[NXNumberBool falseValue]
  +[NXNumberBool falseValue] types=@16@0:8
    => IMP @0x0000000102a33a5c
objc_msg_lookup -[NXNumberBool isEqual:]
  -[NXNumberBool isEqual:] types=B24@0:8@16
    => IMP @0x0000000102a33d38
objc_msg_lookup -[NXNumberInt64 isKindOfClass:]
  -[NXNumberInt64 isKindOfClass:] types=B24@0:8#16
  -[NXNumber isKindOfClass:] types=B24@0:8#16
  -[NXObject isKindOfClass:] types=B24@0:8#16
  -[Object isKindOfClass:] types=B24@0:8#16
    => IMP @0x0000000102a3b1a8
objc_lookup_class -[NXNumberBool] @0x0000000102a489f8
objc_msg_lookup +[NXNumberBool class]
  +[NXNumberBool class] types=#16@0:8
  +[NXNumber class] types=#16@0:8
  +[NXObject class] types=#16@0:8
  +[Object class] types=#16@0:8
    => IMP @0x0000000102a3b104
objc_msg_lookup -[NXNumberInt64 isKindOfClass:]
  -[NXNumberInt64 isKindOfClass:] types=B24@0:8#16
  -[NXNumber isKindOfClass:] types=B24@0:8#16
  -[NXObject isKindOfClass:] types=B24@0:8#16
  -[Object isKindOfClass:] types=B24@0:8#16
    => IMP @0x0000000102a3b1a8
objc_lookup_class -[NXNumber] @0x0000000102a486b0
objc_msg_lookup +[NXNumber class]
  +[NXNumber class] types=#16@0:8
  +[NXObject class] types=#16@0:8
  +[Object class] types=#16@0:8
    => IMP @0x0000000102a3b104
objc_msg_lookup -[NXNumberInt64 int64Value]
  -[NXNumberInt64 int64Value] types=q16@0:8
    => IMP @0x0000000102a3533c
objc_msg_lookup -[NXNumberInt64 unsignedInt64Value]
  -[NXNumberInt64 unsignedInt64Value] types=Q16@0:8
    => IMP @0x0000000102a353d0
objc_msg_lookup -[NXNumberInt64 isEqual:]
  -[NXNumberInt64 isEqual:] types=B24@0:8@16
    => IMP @0x0000000102a354a4
objc_msg_lookup -[NXNumberBool isKindOfClass:]
  -[NXNumberBool isKindOfClass:] types=B24@0:8#16
  -[NXNumber isKindOfClass:] types=B24@0:8#16
  -[NXObject isKindOfClass:] types=B24@0:8#16
  -[Object isKindOfClass:] types=B24@0:8#16
    => IMP @0x0000000102a3b1a8
objc_lookup_class -[NXNumberInt64] @0x0000000102a494c0
objc_msg_lookup +[NXNumberInt64 class]
  +[NXNumberInt64 class] types=#16@0:8
  +[NXNumber class] types=#16@0:8
  +[NXObject class] types=#16@0:8
  +[Object class] types=#16@0:8
    => IMP @0x0000000102a3b104
objc_msg_lookup -[NXNumberBool isKindOfClass:]
  -[NXNumberBool isKindOfClass:] types=B24@0:8#16
  -[NXNumber isKindOfClass:] types=B24@0:8#16
  -[NXObject isKindOfClass:] types=B24@0:8#16
  -[Object isKindOfClass:] types=B24@0:8#16
    => IMP @0x0000000102a3b1a8
objc_lookup_class -[NXNumber] @0x0000000102a486b0
objc_msg_lookup +[NXNumber class]
  +[NXNumber class] types=#16@0:8
  +[NXObject class] types=#16@0:8
  +[Object class] types=#16@0:8
    => IMP @0x0000000102a3b104
objc_msg_lookup -[NXNumberBool unsignedInt64Value]
  -[NXNumberBool unsignedInt64Value] types=Q16@0:8
    => IMP @0x0000000102a33c98
objc_msg_lookup -[NXNumberBool isEqual:]
  -[NXNumberBool isEqual:] types=B24@0:8@16
    => IMP @0x0000000102a33d38
objc_msg_lookup -[NXNumberUnsignedInt64 isKindOfClass:]
  -[NXNumberUnsignedInt64 isKindOfClass:] types=B24@0:8#16
  -[NXNumber isKindOfClass:] types=B24@0:8#16
  -[NXObject isKindOfClass:] types=B24@0:8#16
  -[Object isKindOfClass:] types=B24@0:8#16
    => IMP @0x0000000102a3b1a8
objc_lookup_class -[NXNumberBool] @0x0000000102a489f8
objc_msg_lookup +[NXNumberBool class]
  +[NXNumberBool class] types=#16@0:8
  +[NXNumber class] types=#16@0:8
  +[NXObject class] types=#16@0:8
  +[Object class] types=#16@0:8
    => IMP @0x0000000102a3b104
objc_msg_lookup -[NXNumberUnsignedInt64 isKindOfClass:]
  -[NXNumberUnsignedInt64 isKindOfClass:] types=B24@0:8#16
  -[NXNumber isKindOfClass:] types=B24@0:8#16
  -[NXObject isKindOfClass:] types=B24@0:8#16
  -[Object isKindOfClass:] types=B24@0:8#16
    => IMP @0x0000000102a3b1a8
objc_lookup_class -[NXNumber] @0x0000000102a486b0
objc_msg_lookup +[NXNumber class]
  +[NXNumber class] types=#16@0:8
  +[NXObject class] types=#16@0:8
  +[Object class] types=#16@0:8
    => IMP @0x0000000102a3b104
objc_msg_lookup -[NXNumberUnsignedInt64 int64Value]
  -[NXNumberUnsignedInt64 int64Value] types=q16@0:8
    => IMP @0x0000000102a368b8
objc_msg_lookup -[NXNumberUnsignedInt64 unsignedInt64Value]
  -[NXNumberUnsignedInt64 unsignedInt64Value] types=Q16@0:8
    => IMP @0x0000000102a368d4
objc_msg_lookup -[NXNumberUnsignedInt64 isEqual:]
  -[NXNumberUnsignedInt64 isEqual:] types=B24@0:8@16
    => IMP @0x0000000102a36960
objc_msg_lookup -[NXNumberBool isKindOfClass:]
  -[NXNumberBool isKindOfClass:] types=B24@0:8#16
  -[NXNumber isKindOfClass:] types=B24@0:8#16
  -[NXObject isKindOfClass:] types=B24@0:8#16
  -[Object isKindOfClass:] types=B24@0:8#16
    => IMP @0x0000000102a3b1a8
objc_lookup_class -[NXNumberUnsignedInt64] @0x0000000102a49f80
objc_msg_lookup +[NXNumberUnsignedInt64 class]
  +[NXNumberUnsignedInt64 class] types=#16@0:8
  +[NXNumber class] types=#16@0:8
  +[NXObject class] types=#16@0:8
  +[Object class] types=#16@0:8
    => IMP @0x0000000102a3b104
objc_msg_lookup -[NXNumberBool isKindOfClass:]
  -[NXNumberBool isKindOfClass:] types=B24@0:8#16
  -[NXNumber isKindOfClass:] types=B24@0:8#16
  -[NXObject isKindOfClass:] types=B24@0:8#16
  -[Object isKindOfClass:] types=B24@0:8#16
    => IMP @0x0000000102a3b1a8
objc_lookup_class -[NXNumber] @0x0000000102a486b0
objc_msg_lookup +[NXNumber class]
  +[NXNumber class] types=#16@0:8
  +[NXObject class] types=#16@0:8
  +[Object class] types=#16@0:8
    => IMP @0x0000000102a3b104
objc_msg_lookup -[NXNumberBool int64Value]
  -[NXNumberBool int64Value] types=q16@0:8
    => IMP @0x0000000102a33c78
objc_lookup_class -[NXNumber] @0x0000000102a486b0
objc_msg_lookup +[NXNumber numberWithInt64:]
  +[NXNumber numberWithInt64:] types=@24@0:8q16
    => IMP @0x0000000102a335d4
objc_lookup_class -[NXNumberInt64] @0x0000000102a494c0
objc_msg_lookup +[NXNumberInt64 numberWithInt64:]
  +[NXNumberInt64 numberWithInt64:] types=@24@0:8q16
    => IMP @0x0000000102a34f24
objc_lookup_class -[NXNumberInt64] @0x0000000102a494c0
objc_msg_lookup +[NXNumberInt64 alloc]
  +[NXNumberInt64 alloc] types=@16@0:8
  +[NXNumber alloc] types=@16@0:8
  +[NXObject alloc] types=@16@0:8
    => IMP @0x0000000102a36b40
objc_msg_lookup +[NXNumberInt64 allocWithZone:]
  +[NXNumberInt64 allocWithZone:] types=@24@0:8@16
  +[NXNumber allocWithZone:] types=@24@0:8@16
  +[NXObject allocWithZone:] types=@24@0:8@16
    => IMP @0x0000000102a36b8c
objc_lookup_class -[NXZone] @0x0000000102a4ab68
objc_msg_lookup +[NXZone defaultZone]
  +[NXZone defaultZone] types=@16@0:8
    => IMP @0x0000000102a380e4
objc_msg_lookup -[NXZone allocWithSize:]
  -[NXZone allocWithSize:] types=^v24@0:8Q16
    => IMP @0x0000000102a38104
objc_msg_lookup -[NXConstantString cStr]
  -[NXConstantString cStr] types=r*16@0:8
    => IMP @0x0000000102a3aed4
  allocWithSize: size=40 => @0x0000000140107358
objc_msg_lookup -[NXNumberInt64 initWithInt64:]
  -[NXNumberInt64 initWithInt64:] types=@24@0:8q16
    => IMP @0x0000000102a34ea8
objc_msg_lookup -[NXNumber init]
  -[NXNumber init] types=@16@0:8
  -[NXObject init] types=@16@0:8
  -[Object init] types=@16@0:8
objc_msg_lookup -[NXNumberInt64 autorelease]
  -[NXNumberInt64 autorelease] types=@16@0:8
  -[NXNumber autorelease] types=@16@0:8
  -[NXObject autorelease] types=@16@0:8
    => IMP @0x0000000102a36ed8
objc_lookup_class -[NXAutoreleasePool] @0x0000000102a48350
objc_msg_lookup +[NXAutoreleasePool currentPool]
  +[NXAutoreleasePool currentPool] types=@16@0:8
    => IMP @0x0000000102a33060
objc_msg_lookup -[NXAutoreleasePool addObject:]
  -[NXAutoreleasePool addObject:] types=v24@0:8@16
    => IMP @0x0000000102a330a4
objc_lookup_class -[NXObject] @0x0000000102a4a270
objc_msg_lookup +[NXObject class]
  +[NXObject class] types=#16@0:8
  +[Object class] types=#16@0:8
    => IMP @0x0000000102a3b104
objc_msg_lookup -[NXConstantString cStr]
  -[NXConstantString cStr] types=r*16@0:8
    => IMP @0x0000000102a3aed4
  autorelease retain: [NXNumberInt64] @0x0000000140107358
objc_msg_lookup -[NXNumberInt64 description]
  -[NXNumberInt64 description] types=@16@0:8
    => IMP @0x0000000102a35434
objc_lookup_class -[NXString] @0x0000000102a4a650
  __objc_class_register_methods -[NXString] @0x0000000102a4a650 size=56
    -[NXString countOccurrencesOfByte:] types=I20@0:8rc16 imp=0x0000000102a37e1c
    -[NXString compare:] types=i24@0:8@16 imp=0x0000000102a37d2c
    -[NXString isEqual:] types=B24@0:8@16 imp=0x0000000102a37bbc
    -[NXString description] types=@16@0:8 imp=0x0000000102a37ba4
    -[NXString length] types=I16@0:8 imp=0x0000000102a37b70
    -[NXString cStr] types=r*16@0:8 imp=0x0000000102a37b38
    -[NXString dealloc] types=v16@0:8 imp=0x0000000102a37a8c
    -[NXString initWithFormat:] types=@24@0:8@16 imp=0x0000000102a3760c
    -[NXString initWithCString:] types=@24@0:8r*16 imp=0x0000000102a37470
    -[NXString initWithString:] types=@24@0:8@16 imp=0x0000000102a37134
    -[NXString init] types=@16@0:8 imp=0x0000000102a36f9c
objc_lookup_class -[NXObject] @0x0000000102a4a270
  __objc_class_register_methods +[NXString] @0x0000000102a4a480 size=104
    +[NXString stringWithFormat:] types=@24@0:8@16 imp=0x0000000102a3780c
    +[NXString stringWithCString:] types=@24@0:8r*16 imp=0x0000000102a374f0
    +[NXString stringWithString:] types=@24@0:8@16 imp=0x0000000102a37354
    +[NXString new] types=@16@0:8 imp=0x0000000102a37020
objc_msg_lookup +[NXString stringWithFormat:]
  +[NXString stringWithFormat:] types=@24@0:8@16
    => IMP @0x0000000102a3780c
  +[NXString initialize] 
objc_msg_lookup +[NXString initialize]
  +[NXString initialize] types=v16@0:8
  +[NXObject initialize] types=v16@0:8
  +[Object initialize] types=v16@0:8
objc_lookup_class -[NXAutoreleasePool] @0x0000000102a48350
objc_msg_lookup +[NXAutoreleasePool currentPool]
  +[NXAutoreleasePool currentPool] types=@16@0:8
    => IMP @0x0000000102a33060
objc_lookup_class -[NXString] @0x0000000102a4a650
objc_msg_lookup +[NXString alloc]
  +[NXString alloc] types=@16@0:8
  +[NXObject alloc] types=@16@0:8
    => IMP @0x0000000102a36b40
objc_msg_lookup +[NXString allocWithZone:]
  +[NXString allocWithZone:] types=@24@0:8@16
  +[NXObject allocWithZone:] types=@24@0:8@16
    => IMP @0x0000000102a36b8c
objc_lookup_class -[NXZone] @0x0000000102a4ab68
objc_msg_lookup +[NXZone defaultZone]
  +[NXZone defaultZone] types=@16@0:8
    => IMP @0x0000000102a380e4
objc_msg_lookup -[NXZone allocWithSize:]
  -[NXZone allocWithSize:] types=^v24@0:8Q16
    => IMP @0x0000000102a38104
objc_msg_lookup -[NXConstantString cStr]
  -[NXConstantString cStr] types=r*16@0:8
    => IMP @0x0000000102a3aed4
  allocWithSize: size=56 => @0x0000000140107308
objc_msg_lookup -[NXConstantString cStr]
  -[NXConstantString cStr] types=r*16@0:8
    => IMP @0x0000000102a3aed4
objc_msg_lookup -[NXZone allocWithSize:]
  -[NXZone allocWithSize:] types=^v24@0:8Q16
    => IMP @0x0000000102a38104
objc_msg_lookup -[NXConstantString cStr]
  -[NXConstantString cStr] types=r*16@0:8
    => IMP @0x0000000102a3aed4
  allocWithSize: size=3 => @0x00000001401072e8
objc_msg_lookup -[NXString autorelease]
  -[NXString autorelease] types=@16@0:8
  -[NXObject autorelease] types=@16@0:8
    => IMP @0x0000000102a36ed8
objc_lookup_class -[NXAutoreleasePool] @0x0000000102a48350
objc_msg_lookup +[NXAutoreleasePool currentPool]
  +[NXAutoreleasePool currentPool] types=@16@0:8
    => IMP @0x0000000102a33060
objc_msg_lookup -[NXAutoreleasePool addObject:]
  -[NXAutoreleasePool addObject:] types=v24@0:8@16
    => IMP @0x0000000102a330a4
objc_lookup_class -[NXObject] @0x0000000102a4a270
objc_msg_lookup +[NXObject class]
  +[NXObject class] types=#16@0:8
  +[Object class] types=#16@0:8
    => IMP @0x0000000102a3b104
objc_msg_lookup -[NXConstantString cStr]
  -[NXConstantString cStr] types=r*16@0:8
    => IMP @0x0000000102a3aed4
  autorelease retain: [NXString] @0x0000000140107308
objc_msg_lookup -[NXString cStr]
  -[NXString cStr] types=r*16@0:8
    => IMP @0x0000000102a37b38
objc_lookup_class -[NXNumber] @0x0000000102a486b0
objc_msg_lookup +[NXNumber numberWithInt64:]
  +[NXNumber numberWithInt64:] types=@24@0:8q16
    => IMP @0x0000000102a335d4
objc_lookup_class -[NXNumberInt64] @0x0000000102a494c0
objc_msg_lookup +[NXNumberInt64 numberWithInt64:]
  +[NXNumberInt64 numberWithInt64:] types=@24@0:8q16
    => IMP @0x0000000102a34f24
objc_lookup_class -[NXNumberInt64] @0x0000000102a494c0
objc_msg_lookup +[NXNumberInt64 alloc]
  +[NXNumberInt64 alloc] types=@16@0:8
  +[NXNumber alloc] types=@16@0:8
  +[NXObject alloc] types=@16@0:8
    => IMP @0x0000000102a36b40
objc_msg_lookup +[NXNumberInt64 allocWithZone:]
  +[NXNumberInt64 allocWithZone:] types=@24@0:8@16
  +[NXNumber allocWithZone:] types=@24@0:8@16
  +[NXObject allocWithZone:] types=@24@0:8@16
    => IMP @0x0000000102a36b8c
objc_lookup_class -[NXZone] @0x0000000102a4ab68
objc_msg_lookup +[NXZone defaultZone]
  +[NXZone defaultZone] types=@16@0:8
    => IMP @0x0000000102a380e4
objc_msg_lookup -[NXZone allocWithSize:]
  -[NXZone allocWithSize:] types=^v24@0:8Q16
    => IMP @0x0000000102a38104
objc_msg_lookup -[NXConstantString cStr]
  -[NXConstantString cStr] types=r*16@0:8
    => IMP @0x0000000102a3aed4
  allocWithSize: size=40 => @0x00000001401072a8
objc_msg_lookup -[NXNumberInt64 initWithInt64:]
  -[NXNumberInt64 initWithInt64:] types=@24@0:8q16
    => IMP @0x0000000102a34ea8
objc_msg_lookup -[NXNumber init]
  -[NXNumber init] types=@16@0:8
  -[NXObject init] types=@16@0:8
  -[Object init] types=@16@0:8
objc_msg_lookup -[NXNumberInt64 autorelease]
  -[NXNumberInt64 autorelease] types=@16@0:8
  -[NXNumber autorelease] types=@16@0:8
  -[NXObject autorelease] types=@16@0:8
    => IMP @0x0000000102a36ed8
objc_lookup_class -[NXAutoreleasePool] @0x0000000102a48350
objc_msg_lookup +[NXAutoreleasePool currentPool]
  +[NXAutoreleasePool currentPool] types=@16@0:8
    => IMP @0x0000000102a33060
objc_msg_lookup -[NXAutoreleasePool addObject:]
  -[NXAutoreleasePool addObject:] types=v24@0:8@16
    => IMP @0x0000000102a330a4
objc_lookup_class -[NXObject] @0x0000000102a4a270
objc_msg_lookup +[NXObject class]
  +[NXObject class] types=#16@0:8
  +[Object class] types=#16@0:8
    => IMP @0x0000000102a3b104
objc_msg_lookup -[NXConstantString cStr]
  -[NXConstantString cStr] types=r*16@0:8
    => IMP @0x0000000102a3aed4
  autorelease retain: [NXNumberInt64] @0x00000001401072a8
objc_msg_lookup -[NXNumberInt64 description]
  -[NXNumberInt64 description] types=@16@0:8
    => IMP @0x0000000102a35434
objc_lookup_class -[NXString] @0x0000000102a4a650
objc_msg_lookup +[NXString stringWithFormat:]
  +[NXString stringWithFormat:] types=@24@0:8@16
    => IMP @0x0000000102a3780c
objc_lookup_class -[NXAutoreleasePool] @0x0000000102a48350
objc_msg_lookup +[NXAutoreleasePool currentPool]
  +[NXAutoreleasePool currentPool] types=@16@0:8
    => IMP @0x0000000102a33060
objc_lookup_class -[NXString] @0x0000000102a4a650
objc_msg_lookup +[NXString alloc]
  +[NXString alloc] types=@16@0:8
  +[NXObject alloc] types=@16@0:8
    => IMP @0x0000000102a36b40
objc_msg_lookup +[NXString allocWithZone:]
  +[NXString allocWithZone:] types=@24@0:8@16
  +[NXObject allocWithZone:] types=@24@0:8@16
    => IMP @0x0000000102a36b8c
objc_lookup_class -[NXZone] @0x0000000102a4ab68
objc_msg_lookup +[NXZone defaultZone]
  +[NXZone defaultZone] types=@16@0:8
    => IMP @0x0000000102a380e4
objc_msg_lookup -[NXZone allocWithSize:]
  -[NXZone allocWithSize:] types=^v24@0:8Q16
    => IMP @0x0000000102a38104
objc_msg_lookup -[NXConstantString cStr]
  -[NXConstantString cStr] types=r*16@0:8
    => IMP @0x0000000102a3aed4
  allocWithSize: size=56 => @0x0000000140107258
objc_msg_lookup -[NXConstantString cStr]
  -[NXConstantString cStr] types=r*16@0:8
    => IMP @0x0000000102a3aed4
objc_msg_lookup -[NXZone allocWithSize:]
  -[NXZone allocWithSize:] types=^v24@0:8Q16
    => IMP @0x0000000102a38104
objc_msg_lookup -[NXConstantString cStr]
  -[NXConstantString cStr] types=r*16@0:8
    => IMP @0x0000000102a3aed4
  allocWithSize: size=5 => @0x0000000140107238
objc_msg_lookup -[NXString autorelease]
  -[NXString autorelease] types=@16@0:8
  -[NXObject autorelease] types=@16@0:8
    => IMP @0x0000000102a36ed8
objc_lookup_class -[NXAutoreleasePool] @0x0000000102a48350
objc_msg_lookup +[NXAutoreleasePool currentPool]
  +[NXAutoreleasePool currentPool] types=@16@0:8
    => IMP @0x0000000102a33060
objc_msg_lookup -[NXAutoreleasePool addObject:]
  -[NXAutoreleasePool addObject:] types=v24@0:8@16
    => IMP @0x0000000102a330a4
objc_lookup_class -[NXObject] @0x0000000102a4a270
objc_msg_lookup +[NXObject class]
  +[NXObject class] types=#16@0:8
  +[Object class] types=#16@0:8
    => IMP @0x0000000102a3b104
objc_msg_lookup -[NXConstantString cStr]
  -[NXConstantString cStr] types=r*16@0:8
    => IMP @0x0000000102a3aed4
  autorelease retain: [NXString] @0x0000000140107258
objc_lookup_class -[NXNumber] @0x0000000102a486b0
objc_msg_lookup +[NXNumber numberWithInt64:]
  +[NXNumber numberWithInt64:] types=@24@0:8q16
    => IMP @0x0000000102a335d4
objc_lookup_class -[NXNumberInt64] @0x0000000102a494c0
objc_msg_lookup +[NXNumberInt64 numberWithInt64:]
  +[NXNumberInt64 numberWithInt64:] types=@24@0:8q16
    => IMP @0x0000000102a34f24
objc_lookup_class -[NXNumberInt64] @0x0000000102a494c0
objc_msg_lookup +[NXNumberInt64 zeroValue]
  +[NXNumberInt64 zeroValue] types=@16@0:8
    => IMP @0x0000000102a35014
objc_msg_lookup -[NXNumberInt64 description]
  -[NXNumberInt64 description] types=@16@0:8
    => IMP @0x0000000102a35434
objc_lookup_class -[NXString] @0x0000000102a4a650
objc_msg_lookup +[NXString stringWithFormat:]
  +[NXString stringWithFormat:] types=@24@0:8@16
    => IMP @0x0000000102a3780c
objc_lookup_class -[NXAutoreleasePool] @0x0000000102a48350
objc_msg_lookup +[NXAutoreleasePool currentPool]
  +[NXAutoreleasePool currentPool] types=@16@0:8
    => IMP @0x0000000102a33060
objc_lookup_class -[NXString] @0x0000000102a4a650
objc_msg_lookup +[NXString alloc]
  +[NXString alloc] types=@16@0:8
  +[NXObject alloc] types=@16@0:8
    => IMP @0x0000000102a36b40
objc_msg_lookup +[NXString allocWithZone:]
  +[NXString allocWithZone:] types=@24@0:8@16
  +[NXObject allocWithZone:] types=@24@0:8@16
    => IMP @0x0000000102a36b8c
objc_lookup_class -[NXZone] @0x0000000102a4ab68
objc_msg_lookup +[NXZone defaultZone]
  +[NXZone defaultZone] types=@16@0:8
    => IMP @0x0000000102a380e4
objc_msg_lookup -[NXZone allocWithSize:]
  -[NXZone allocWithSize:] types=^v24@0:8Q16
    => IMP @0x0000000102a38104
objc_msg_lookup -[NXConstantString cStr]
  -[NXConstantString cStr] types=r*16@0:8
    => IMP @0x0000000102a3aed4
  allocWithSize: size=56 => @0x00000001401071e8
objc_msg_lookup -[NXConstantString cStr]
  -[NXConstantString cStr] types=r*16@0:8
    => IMP @0x0000000102a3aed4
objc_msg_lookup -[NXZone allocWithSize:]
  -[NXZone allocWithSize:] types=^v24@0:8Q16
    => IMP @0x0000000102a38104
objc_msg_lookup -[NXConstantString cStr]
  -[NXConstantString cStr] types=r*16@0:8
    => IMP @0x0000000102a3aed4
  allocWithSize: size=2 => @0x00000001401071c8
objc_msg_lookup -[NXString autorelease]
  -[NXString autorelease] types=@16@0:8
  -[NXObject autorelease] types=@16@0:8
    => IMP @0x0000000102a36ed8
objc_lookup_class -[NXAutoreleasePool] @0x0000000102a48350
objc_msg_lookup +[NXAutoreleasePool currentPool]
  +[NXAutoreleasePool currentPool] types=@16@0:8
    => IMP @0x0000000102a33060
objc_msg_lookup -[NXAutoreleasePool addObject:]
  -[NXAutoreleasePool addObject:] types=v24@0:8@16
    => IMP @0x0000000102a330a4
objc_lookup_class -[NXObject] @0x0000000102a4a270
objc_msg_lookup +[NXObject class]
  +[NXObject class] types=#16@0:8
  +[Object class] types=#16@0:8
    => IMP @0x0000000102a3b104
objc_msg_lookup -[NXConstantString cStr]
  -[NXConstantString cStr] types=r*16@0:8
    => IMP @0x0000000102a3aed4
  autorelease retain: [NXString] @0x00000001401071e8
objc_lookup_class -[NXNumber] @0x0000000102a486b0
objc_msg_lookup +[NXNumber numberWithUnsignedInt64:]
  +[NXNumber numberWithUnsignedInt64:] types=@24@0:8Q16
    => IMP @0x0000000102a33630
objc_lookup_class -[NXNumberUnsignedInt64] @0x0000000102a49f80
objc_msg_lookup +[NXNumberUnsignedInt64 numberWithUnsignedInt64:]
  +[NXNumberUnsignedInt64 numberWithUnsignedInt64:] types=@24@0:8Q16
    => IMP @0x0000000102a3646c
objc_lookup_class -[NXNumberUnsignedInt64] @0x0000000102a49f80
objc_msg_lookup +[NXNumberUnsignedInt64 alloc]
  +[NXNumberUnsignedInt64 alloc] types=@16@0:8
  +[NXNumber alloc] types=@16@0:8
  +[NXObject alloc] types=@16@0:8
    => IMP @0x0000000102a36b40
objc_msg_lookup +[NXNumberUnsignedInt64 allocWithZone:]
  +[NXNumberUnsignedInt64 allocWithZone:] types=@24@0:8@16
  +[NXNumber allocWithZone:] types=@24@0:8@16
  +[NXObject allocWithZone:] types=@24@0:8@16
    => IMP @0x0000000102a36b8c
objc_lookup_class -[NXZone] @0x0000000102a4ab68
objc_msg_lookup +[NXZone defaultZone]
  +[NXZone defaultZone] types=@16@0:8
    => IMP @0x0000000102a380e4
objc_msg_lookup -[NXZone allocWithSize:]
  -[NXZone allocWithSize:] types=^v24@0:8Q16
    => IMP @0x0000000102a38104
objc_msg_lookup -[NXConstantString cStr]
  -[NXConstantString cStr] types=r*16@0:8
    => IMP @0x0000000102a3aed4
  allocWithSize: size=40 => @0x0000000140107188
objc_msg_lookup -[NXNumberUnsignedInt64 initWithUnsignedInt64:]
  -[NXNumberUnsignedInt64 initWithUnsignedInt64:] types=@24@0:8Q16
    => IMP @0x0000000102a363f0
objc_msg_lookup -[NXNumber init]
  -[NXNumber init] types=@16@0:8
  -[NXObject init] types=@16@0:8
  -[Object init] types=@16@0:8
objc_msg_lookup -[NXNumberUnsignedInt64 autorelease]
  -[NXNumberUnsignedInt64 autorelease] types=@16@0:8
  -[NXNumber autorelease] types=@16@0:8
  -[NXObject autorelease] types=@16@0:8
    => IMP @0x0000000102a36ed8
objc_lookup_class -[NXAutoreleasePool] @0x0000000102a48350
objc_msg_lookup +[NXAutoreleasePool currentPool]
  +[NXAutoreleasePool currentPool] types=@16@0:8
    => IMP @0x0000000102a33060
objc_msg_lookup -[NXAutoreleasePool addObject:]
  -[NXAutoreleasePool addObject:] types=v24@0:8@16
    => IMP @0x0000000102a330a4
objc_lookup_class -[NXObject] @0x0000000102a4a270
objc_msg_lookup +[NXObject class]
  +[NXObject class] types=#16@0:8
  +[Object class] types=#16@0:8
    => IMP @0x0000000102a3b104
objc_msg_lookup -[NXConstantString cStr]
  -[NXConstantString cStr] types=r*16@0:8
    => IMP @0x0000000102a3aed4
  autorelease retain: [NXNumberUnsignedInt64] @0x0000000140107188
objc_msg_lookup -[NXNumberUnsignedInt64 description]
  -[NXNumberUnsignedInt64 description] types=@16@0:8
    => IMP @0x0000000102a368f0
objc_lookup_class -[NXString] @0x0000000102a4a650
objc_msg_lookup +[NXString stringWithFormat:]
  +[NXString stringWithFormat:] types=@24@0:8@16
    => IMP @0x0000000102a3780c
objc_lookup_class -[NXAutoreleasePool] @0x0000000102a48350
objc_msg_lookup +[NXAutoreleasePool currentPool]
  +[NXAutoreleasePool currentPool] types=@16@0:8
    => IMP @0x0000000102a33060
objc_lookup_class -[NXString] @0x0000000102a4a650
objc_msg_lookup +[NXString alloc]
  +[NXString alloc] types=@16@0:8
  +[NXObject alloc] types=@16@0:8
    => IMP @0x0000000102a36b40
objc_msg_lookup +[NXString allocWithZone:]
  +[NXString allocWithZone:] types=@24@0:8@16
  +[NXObject allocWithZone:] types=@24@0:8@16
    => IMP @0x0000000102a36b8c
objc_lookup_class -[NXZone] @0x0000000102a4ab68
objc_msg_lookup +[NXZone defaultZone]
  +[NXZone defaultZone] types=@16@0:8
    => IMP @0x0000000102a380e4
objc_msg_lookup -[NXZone allocWithSize:]
  -[NXZone allocWithSize:] types=^v24@0:8Q16
    => IMP @0x0000000102a38104
objc_msg_lookup -[NXConstantString cStr]
  -[NXConstantString cStr] types=r*16@0:8
    => IMP @0x0000000102a3aed4
  allocWithSize: size=56 => @0x0000000140107138
objc_msg_lookup -[NXConstantString cStr]
  -[NXConstantString cStr] types=r*16@0:8
    => IMP @0x0000000102a3aed4
objc_msg_lookup -[NXZone allocWithSize:]
  -[NXZone allocWithSize:] types=^v24@0:8Q16
    => IMP @0x0000000102a38104
objc_msg_lookup -[NXConstantString cStr]
  -[NXConstantString cStr] types=r*16@0:8
    => IMP @0x0000000102a3aed4
  allocWithSize: size=3 => @0x0000000140107118
objc_msg_lookup -[NXString autorelease]
  -[NXString autorelease] types=@16@0:8
  -[NXObject autorelease] types=@16@0:8
    => IMP @0x0000000102a36ed8
objc_lookup_class -[NXAutoreleasePool] @0x0000000102a48350
objc_msg_lookup +[NXAutoreleasePool currentPool]
  +[NXAutoreleasePool currentPool] types=@16@0:8
    => IMP @0x0000000102a33060
objc_msg_lookup -[NXAutoreleasePool addObject:]
  -[NXAutoreleasePool addObject:] types=v24@0:8@16
    => IMP @0x0000000102a330a4
objc_lookup_class -[NXObject] @0x0000000102a4a270
objc_msg_lookup +[NXObject class]
  +[NXObject class] types=#16@0:8
  +[Object class] types=#16@0:8
    => IMP @0x0000000102a3b104
objc_msg_lookup -[NXConstantString cStr]
  -[NXConstantString cStr] types=r*16@0:8
    => IMP @0x0000000102a3aed4
  autorelease retain: [NXString] @0x0000000140107138
objc_msg_lookup -[NXString cStr]
  -[NXString cStr] types=r*16@0:8
    => IMP @0x0000000102a37b38
objc_lookup_class -[NXNumber] @0x0000000102a486b0
objc_msg_lookup +[NXNumber numberWithUnsignedInt64:]
  +[NXNumber numberWithUnsignedInt64:] types=@24@0:8Q16
    => IMP @0x0000000102a33630
objc_lookup_class -[NXNumberUnsignedInt64] @0x0000000102a49f80
objc_msg_lookup +[NXNumberUnsignedInt64 numberWithUnsignedInt64:]
  +[NXNumberUnsignedInt64 numberWithUnsignedInt64:] types=@24@0:8Q16
    => IMP @0x0000000102a3646c
objc_lookup_class -[NXNumberUnsignedInt64] @0x0000000102a49f80
objc_msg_lookup +[NXNumberUnsignedInt64 alloc]
  +[NXNumberUnsignedInt64 alloc] types=@16@0:8
  +[NXNumber alloc] types=@16@0:8
  +[NXObject alloc] types=@16@0:8
    => IMP @0x0000000102a36b40
objc_msg_lookup +[NXNumberUnsignedInt64 allocWithZone:]
  +[NXNumberUnsignedInt64 allocWithZone:] types=@24@0:8@16
  +[NXNumber allocWithZone:] types=@24@0:8@16
  +[NXObject allocWithZone:] types=@24@0:8@16
    => IMP @0x0000000102a36b8c
objc_lookup_class -[NXZone] @0x0000000102a4ab68
objc_msg_lookup +[NXZone defaultZone]
  +[NXZone defaultZone] types=@16@0:8
    => IMP @0x0000000102a380e4
objc_msg_lookup -[NXZone allocWithSize:]
  -[NXZone allocWithSize:] types=^v24@0:8Q16
    => IMP @0x0000000102a38104
objc_msg_lookup -[NXConstantString cStr]
  -[NXConstantString cStr] types=r*16@0:8
    => IMP @0x0000000102a3aed4
  allocWithSize: size=40 => @0x00000001401070d8
objc_msg_lookup -[NXNumberUnsignedInt64 initWithUnsignedInt64:]
  -[NXNumberUnsignedInt64 initWithUnsignedInt64:] types=@24@0:8Q16
    => IMP @0x0000000102a363f0
objc_msg_lookup -[NXNumber init]
  -[NXNumber init] types=@16@0:8
  -[NXObject init] types=@16@0:8
  -[Object init] types=@16@0:8
objc_msg_lookup -[NXNumberUnsignedInt64 autorelease]
  -[NXNumberUnsignedInt64 autorelease] types=@16@0:8
  -[NXNumber autorelease] types=@16@0:8
  -[NXObject autorelease] types=@16@0:8
    => IMP @0x0000000102a36ed8
objc_lookup_class -[NXAutoreleasePool] @0x0000000102a48350
objc_msg_lookup +[NXAutoreleasePool currentPool]
  +[NXAutoreleasePool currentPool] types=@16@0:8
    => IMP @0x0000000102a33060
objc_msg_lookup -[NXAutoreleasePool addObject:]
  -[NXAutoreleasePool addObject:] types=v24@0:8@16
    => IMP @0x0000000102a330a4
objc_lookup_class -[NXObject] @0x0000000102a4a270
objc_msg_lookup +[NXObject class]
  +[NXObject class] types=#16@0:8
  +[Object class] types=#16@0:8
    => IMP @0x0000000102a3b104
objc_msg_lookup -[NXConstantString cStr]
  -[NXConstantString cStr] types=r*16@0:8
    => IMP @0x0000000102a3aed4
  autorelease retain: [NXNumberUnsignedInt64] @0x00000001401070d8
objc_msg_lookup -[NXNumberUnsignedInt64 description]
  -[NXNumberUnsignedInt64 description] types=@16@0:8
    => IMP @0x0000000102a368f0
objc_lookup_class -[NXString] @0x0000000102a4a650
objc_msg_lookup +[NXString stringWithFormat:]
  +[NXString stringWithFormat:] types=@24@0:8@16
    => IMP @0x0000000102a3780c
objc_lookup_class -[NXAutoreleasePool] @0x0000000102a48350
objc_msg_lookup +[NXAutoreleasePool currentPool]
  +[NXAutoreleasePool currentPool] types=@16@0:8
    => IMP @0x0000000102a33060
objc_lookup_class -[NXString] @0x0000000102a4a650
objc_msg_lookup +[NXString alloc]
  +[NXString alloc] types=@16@0:8
  +[NXObject alloc] types=@16@0:8
    => IMP @0x0000000102a36b40
objc_msg_lookup +[NXString allocWithZone:]
  +[NXString allocWithZone:] types=@24@0:8@16
  +[NXObject allocWithZone:] types=@24@0:8@16
    => IMP @0x0000000102a36b8c
objc_lookup_class -[NXZone] @0x0000000102a4ab68
objc_msg_lookup +[NXZone defaultZone]
  +[NXZone defaultZone] types=@16@0:8
    => IMP @0x0000000102a380e4
objc_msg_lookup -[NXZone allocWithSize:]
  -[NXZone allocWithSize:] types=^v24@0:8Q16
    => IMP @0x0000000102a38104
objc_msg_lookup -[NXConstantString cStr]
  -[NXConstantString cStr] types=r*16@0:8
    => IMP @0x0000000102a3aed4
  allocWithSize: size=56 => @0x0000000140107088
objc_msg_lookup -[NXConstantString cStr]
  -[NXConstantString cStr] types=r*16@0:8
    => IMP @0x0000000102a3aed4
objc_msg_lookup -[NXZone allocWithSize:]
  -[NXZone allocWithSize:] types=^v24@0:8Q16
    => IMP @0x0000000102a38104
objc_msg_lookup -[NXConstantString cStr]
  -[NXConstantString cStr] types=r*16@0:8
    => IMP @0x0000000102a3aed4
  allocWithSize: size=21 => @0x0000000140107058
objc_msg_lookup -[NXString autorelease]
  -[NXString autorelease] types=@16@0:8
  -[NXObject autorelease] types=@16@0:8
    => IMP @0x0000000102a36ed8
objc_lookup_class -[NXAutoreleasePool] @0x0000000102a48350
objc_msg_lookup +[NXAutoreleasePool currentPool]
  +[NXAutoreleasePool currentPool] types=@16@0:8
    => IMP @0x0000000102a33060
objc_msg_lookup -[NXAutoreleasePool addObject:]
  -[NXAutoreleasePool addObject:] types=v24@0:8@16
    => IMP @0x0000000102a330a4
objc_lookup_class -[NXObject] @0x0000000102a4a270
objc_msg_lookup +[NXObject class]
  +[NXObject class] types=#16@0:8
  +[Object class] types=#16@0:8
    => IMP @0x0000000102a3b104
objc_msg_lookup -[NXConstantString cStr]
  -[NXConstantString cStr] types=r*16@0:8
    => IMP @0x0000000102a3aed4
  autorelease retain: [NXString] @0x0000000140107088
objc_msg_lookup -[NXString cStr]
  -[NXString cStr] types=r*16@0:8
    => IMP @0x0000000102a37b38
objc_lookup_class -[NXNumber] @0x0000000102a486b0
objc_msg_lookup +[NXNumber numberWithUnsignedInt64:]
  +[NXNumber numberWithUnsignedInt64:] types=@24@0:8Q16
    => IMP @0x0000000102a33630
objc_lookup_class -[NXNumberUnsignedInt64] @0x0000000102a49f80
objc_msg_lookup +[NXNumberUnsignedInt64 numberWithUnsignedInt64:]
  +[NXNumberUnsignedInt64 numberWithUnsignedInt64:] types=@24@0:8Q16
    => IMP @0x0000000102a3646c
objc_lookup_class -[NXNumberUnsignedInt64] @0x0000000102a49f80
objc_msg_lookup +[NXNumberUnsignedInt64 zeroValue]
  +[NXNumberUnsignedInt64 zeroValue] types=@16@0:8
    => IMP @0x0000000102a3655c
objc_msg_lookup -[NXNumberUnsignedInt64 description]
  -[NXNumberUnsignedInt64 description] types=@16@0:8
    => IMP @0x0000000102a368f0
objc_lookup_class -[NXString] @0x0000000102a4a650
objc_msg_lookup +[NXString stringWithFormat:]
  +[NXString stringWithFormat:] types=@24@0:8@16
    => IMP @0x0000000102a3780c
objc_lookup_class -[NXAutoreleasePool] @0x0000000102a48350
objc_msg_lookup +[NXAutoreleasePool currentPool]
  +[NXAutoreleasePool currentPool] types=@16@0:8
    => IMP @0x0000000102a33060
objc_lookup_class -[NXString] @0x0000000102a4a650
objc_msg_lookup +[NXString alloc]
  +[NXString alloc] types=@16@0:8
  +[NXObject alloc] types=@16@0:8
    => IMP @0x0000000102a36b40
objc_msg_lookup +[NXString allocWithZone:]
  +[NXString allocWithZone:] types=@24@0:8@16
  +[NXObject allocWithZone:] types=@24@0:8@16
    => IMP @0x0000000102a36b8c
objc_lookup_class -[NXZone] @0x0000000102a4ab68
objc_msg_lookup +[NXZone defaultZone]
  +[NXZone defaultZone] types=@16@0:8
    => IMP @0x0000000102a380e4
objc_msg_lookup -[NXZone allocWithSize:]
  -[NXZone allocWithSize:] types=^v24@0:8Q16
    => IMP @0x0000000102a38104
objc_msg_lookup -[NXConstantString cStr]
  -[NXConstantString cStr] types=r*16@0:8
    => IMP @0x0000000102a3aed4
  allocWithSize: size=56 => @0x0000000140107008
objc_msg_lookup -[NXConstantString cStr]
  -[NXConstantString cStr] types=r*16@0:8
    => IMP @0x0000000102a3aed4
objc_msg_lookup -[NXZone allocWithSize:]
  -[NXZone allocWithSize:] types=^v24@0:8Q16
    => IMP @0x0000000102a38104
objc_msg_lookup -[NXConstantString cStr]
  -[NXConstantString cStr] types=r*16@0:8
    => IMP @0x0000000102a3aed4
  allocWithSize: size=2 => @0x0000000140106fe8
objc_msg_lookup -[NXString autorelease]
  -[NXString autorelease] types=@16@0:8
  -[NXObject autorelease] types=@16@0:8
    => IMP @0x0000000102a36ed8
objc_lookup_class -[NXAutoreleasePool] @0x0000000102a48350
objc_msg_lookup +[NXAutoreleasePool currentPool]
  +[NXAutoreleasePool currentPool] types=@16@0:8
    => IMP @0x0000000102a33060
objc_msg_lookup -[NXAutoreleasePool addObject:]
  -[NXAutoreleasePool addObject:] types=v24@0:8@16
    => IMP @0x0000000102a330a4
objc_lookup_class -[NXObject] @0x0000000102a4a270
objc_msg_lookup +[NXObject class]
  +[NXObject class] types=#16@0:8
  +[Object class] types=#16@0:8
    => IMP @0x0000000102a3b104
objc_msg_lookup -[NXConstantString cStr]
  -[NXConstantString cStr] types=r*16@0:8
    => IMP @0x0000000102a3aed4
  autorelease retain: [NXString] @0x0000000140107008
objc_lookup_class -[NXNumber] @0x0000000102a486b0
objc_msg_lookup +[NXNumber numberWithInt64:]
  +[NXNumber numberWithInt64:] types=@24@0:8q16
    => IMP @0x0000000102a335d4
objc_lookup_class -[NXNumberInt64] @0x0000000102a494c0
objc_msg_lookup +[NXNumberInt64 numberWithInt64:]
  +[NXNumberInt64 numberWithInt64:] types=@24@0:8q16
    => IMP @0x0000000102a34f24
objc_lookup_class -[NXNumberInt64] @0x0000000102a494c0
objc_msg_lookup +[NXNumberInt64 alloc]
  +[NXNumberInt64 alloc] types=@16@0:8
  +[NXNumber alloc] types=@16@0:8
  +[NXObject alloc] types=@16@0:8
    => IMP @0x0000000102a36b40
objc_msg_lookup +[NXNumberInt64 allocWithZone:]
  +[NXNumberInt64 allocWithZone:] types=@24@0:8@16
  +[NXNumber allocWithZone:] types=@24@0:8@16
  +[NXObject allocWithZone:] types=@24@0:8@16
    => IMP @0x0000000102a36b8c
objc_lookup_class -[NXZone] @0x0000000102a4ab68
objc_msg_lookup +[NXZone defaultZone]
  +[NXZone defaultZone] types=@16@0:8
    => IMP @0x0000000102a380e4
objc_msg_lookup -[NXZone allocWithSize:]
  -[NXZone allocWithSize:] types=^v24@0:8Q16
    => IMP @0x0000000102a38104
objc_msg_lookup -[NXConstantString cStr]
  -[NXConstantString cStr] types=r*16@0:8
    => IMP @0x0000000102a3aed4
  allocWithSize: size=40 => @0x0000000140106fa8
objc_msg_lookup -[NXNumberInt64 initWithInt64:]
  -[NXNumberInt64 initWithInt64:] types=@24@0:8q16
    => IMP @0x0000000102a34ea8
objc_msg_lookup -[NXNumber init]
  -[NXNumber init] types=@16@0:8
  -[NXObject init] types=@16@0:8
  -[Object init] types=@16@0:8
objc_msg_lookup -[NXNumberInt64 autorelease]
  -[NXNumberInt64 autorelease] types=@16@0:8
  -[NXNumber autorelease] types=@16@0:8
  -[NXObject autorelease] types=@16@0:8
    => IMP @0x0000000102a36ed8
objc_lookup_class -[NXAutoreleasePool] @0x0000000102a48350
objc_msg_lookup +[NXAutoreleasePool currentPool]
  +[NXAutoreleasePool currentPool] types=@16@0:8
    => IMP @0x0000000102a33060
objc_msg_lookup -[NXAutoreleasePool addObject:]
  -[NXAutoreleasePool addObject:] types=v24@0:8@16
    => IMP @0x0000000102a330a4
objc_lookup_class -[NXObject] @0x0000000102a4a270
objc_msg_lookup +[NXObject class]
  +[NXObject class] types=#16@0:8
  +[Object class] types=#16@0:8
    => IMP @0x0000000102a3b104
objc_msg_lookup -[NXConstantString cStr]
  -[NXConstantString cStr] types=r*16@0:8
    => IMP @0x0000000102a3aed4
  autorelease retain: [NXNumberInt64] @0x0000000140106fa8
objc_msg_lookup -[NXNumberInt64 unsignedInt64Value]
  -[NXNumberInt64 unsignedInt64Value] types=Q16@0:8
    => IMP @0x0000000102a353d0
objc_lookup_class -[NXNumber] @0x0000000102a486b0
objc_msg_lookup +[NXNumber numberWithInt64:]
  +[NXNumber numberWithInt64:] types=@24@0:8q16
    => IMP @0x0000000102a335d4
objc_lookup_class -[NXNumberInt64] @0x0000000102a494c0
objc_msg_lookup +[NXNumberInt64 numberWithInt64:]
  +[NXNumberInt64 numberWithInt64:] types=@24@0:8q16
    => IMP @0x0000000102a34f24
objc_lookup_class -[NXNumberInt64] @0x0000000102a494c0
objc_msg_lookup +[NXNumberInt64 zeroValue]
  +[NXNumberInt64 zeroValue] types=@16@0:8
    => IMP @0x0000000102a35014
objc_msg_lookup -[NXNumberInt64 unsignedInt64Value]
  -[NXNumberInt64 unsignedInt64Value] types=Q16@0:8
    => IMP @0x0000000102a353d0
objc_lookup_class -[NXNumber] @0x0000000102a486b0
objc_msg_lookup +[NXNumber numberWithUnsignedInt64:]
  +[NXNumber numberWithUnsignedInt64:] types=@24@0:8Q16
    => IMP @0x0000000102a33630
objc_lookup_class -[NXNumberUnsignedInt64] @0x0000000102a49f80
objc_msg_lookup +[NXNumberUnsignedInt64 numberWithUnsignedInt64:]
  +[NXNumberUnsignedInt64 numberWithUnsignedInt64:] types=@24@0:8Q16
    => IMP @0x0000000102a3646c
objc_lookup_class -[NXNumberUnsignedInt64] @0x0000000102a49f80
objc_msg_lookup +[NXNumberUnsignedInt64 alloc]
  +[NXNumberUnsignedInt64 alloc] types=@16@0:8
  +[NXNumber alloc] types=@16@0:8
  +[NXObject alloc] types=@16@0:8
    => IMP @0x0000000102a36b40
objc_msg_lookup +[NXNumberUnsignedInt64 allocWithZone:]
  +[NXNumberUnsignedInt64 allocWithZone:] types=@24@0:8@16
  +[NXNumber allocWithZone:] types=@24@0:8@16
  +[NXObject allocWithZone:] types=@24@0:8@16
    => IMP @0x0000000102a36b8c
objc_lookup_class -[NXZone] @0x0000000102a4ab68
objc_msg_lookup +[NXZone defaultZone]
  +[NXZone defaultZone] types=@16@0:8
    => IMP @0x0000000102a380e4
objc_msg_lookup -[NXZone allocWithSize:]
  -[NXZone allocWithSize:] types=^v24@0:8Q16
    => IMP @0x0000000102a38104
objc_msg_lookup -[NXConstantString cStr]
  -[NXConstantString cStr] types=r*16@0:8
    => IMP @0x0000000102a3aed4
  allocWithSize: size=40 => @0x0000000140106f68
objc_msg_lookup -[NXNumberUnsignedInt64 initWithUnsignedInt64:]
  -[NXNumberUnsignedInt64 initWithUnsignedInt64:] types=@24@0:8Q16
    => IMP @0x0000000102a363f0
objc_msg_lookup -[NXNumber init]
  -[NXNumber init] types=@16@0:8
  -[NXObject init] types=@16@0:8
  -[Object init] types=@16@0:8
objc_msg_lookup -[NXNumberUnsignedInt64 autorelease]
  -[NXNumberUnsignedInt64 autorelease] types=@16@0:8
  -[NXNumber autorelease] types=@16@0:8
  -[NXObject autorelease] types=@16@0:8
    => IMP @0x0000000102a36ed8
objc_lookup_class -[NXAutoreleasePool] @0x0000000102a48350
objc_msg_lookup +[NXAutoreleasePool currentPool]
  +[NXAutoreleasePool currentPool] types=@16@0:8
    => IMP @0x0000000102a33060
objc_msg_lookup -[NXAutoreleasePool addObject:]
  -[NXAutoreleasePool addObject:] types=v24@0:8@16
    => IMP @0x0000000102a330a4
objc_lookup_class -[NXObject] @0x0000000102a4a270
objc_msg_lookup +[NXObject class]
  +[NXObject class] types=#16@0:8
  +[Object class] types=#16@0:8
    => IMP @0x0000000102a3b104
objc_msg_lookup -[NXConstantString cStr]
  -[NXConstantString cStr] types=r*16@0:8
    => IMP @0x0000000102a3aed4
  autorelease retain: [NXNumberUnsignedInt64] @0x0000000140106f68
objc_msg_lookup -[NXNumberUnsignedInt64 int64Value]
  -[NXNumberUnsignedInt64 int64Value] types=q16@0:8
    => IMP @0x0000000102a368b8
objc_lookup_class -[NXNumber] @0x0000000102a486b0
objc_msg_lookup +[NXNumber numberWithUnsignedInt64:]
  +[NXNumber numberWithUnsignedInt64:] types=@24@0:8Q16
    => IMP @0x0000000102a33630
objc_lookup_class -[NXNumberUnsignedInt64] @0x0000000102a49f80
objc_msg_lookup +[NXNumberUnsignedInt64 numberWithUnsignedInt64:]
  +[NXNumberUnsignedInt64 numberWithUnsignedInt64:] types=@24@0:8Q16
    => IMP @0x0000000102a3646c
objc_lookup_class -[NXNumberUnsignedInt64] @0x0000000102a49f80
objc_msg_lookup +[NXNumberUnsignedInt64 alloc]
  +[NXNumberUnsignedInt64 alloc] types=@16@0:8
  +[NXNumber alloc] types=@16@0:8
  +[NXObject alloc] types=@16@0:8
    => IMP @0x0000000102a36b40
objc_msg_lookup +[NXNumberUnsignedInt64 allocWithZone:]
  +[NXNumberUnsignedInt64 allocWithZone:] types=@24@0:8@16
  +[NXNumber allocWithZone:] types=@24@0:8@16
  +[NXObject allocWithZone:] types=@24@0:8@16
    => IMP @0x0000000102a36b8c
objc_lookup_class -[NXZone] @0x0000000102a4ab68
objc_msg_lookup +[NXZone defaultZone]
  +[NXZone defaultZone] types=@16@0:8
    => IMP @0x0000000102a380e4
objc_msg_lookup -[NXZone allocWithSize:]
  -[NXZone allocWithSize:] types=^v24@0:8Q16
    => IMP @0x0000000102a38104
objc_msg_lookup -[NXConstantString cStr]
  -[NXConstantString cStr] types=r*16@0:8
    => IMP @0x0000000102a3aed4
  allocWithSize: size=40 => @0x0000000140106f28
objc_msg_lookup -[NXNumberUnsignedInt64 initWithUnsignedInt64:]
  -[NXNumberUnsignedInt64 initWithUnsignedInt64:] types=@24@0:8Q16
    => IMP @0x0000000102a363f0
objc_msg_lookup -[NXNumber init]
  -[NXNumber init] types=@16@0:8
  -[NXObject init] types=@16@0:8
  -[Object init] types=@16@0:8
objc_msg_lookup -[NXNumberUnsignedInt64 autorelease]
  -[NXNumberUnsignedInt64 autorelease] types=@16@0:8
  -[NXNumber autorelease] types=@16@0:8
  -[NXObject autorelease] types=@16@0:8
    => IMP @0x0000000102a36ed8
objc_lookup_class -[NXAutoreleasePool] @0x0000000102a48350
objc_msg_lookup +[NXAutoreleasePool currentPool]
  +[NXAutoreleasePool currentPool] types=@16@0:8
    => IMP @0x0000000102a33060
objc_msg_lookup -[NXAutoreleasePool addObject:]
  -[NXAutoreleasePool addObject:] types=v24@0:8@16
    => IMP @0x0000000102a330a4
objc_lookup_class -[NXObject] @0x0000000102a4a270
objc_msg_lookup +[NXObject class]
  +[NXObject class] types=#16@0:8
  +[Object class] types=#16@0:8
    => IMP @0x0000000102a3b104
objc_msg_lookup -[NXConstantString cStr]
  -[NXConstantString cStr] types=r*16@0:8
    => IMP @0x0000000102a3aed4
  autorelease retain: [NXNumberUnsignedInt64] @0x0000000140106f28
objc_msg_lookup -[NXNumberUnsignedInt64 int64Value]
  -[NXNumberUnsignedInt64 int64Value] types=q16@0:8
    => IMP @0x0000000102a368b8
objc_lookup_class -[NXNumber] @0x0000000102a486b0
objc_msg_lookup +[NXNumber numberWithUnsignedInt64:]
  +[NXNumber numberWithUnsignedInt64:] types=@24@0:8Q16
    => IMP @0x0000000102a33630
objc_lookup_class -[NXNumberUnsignedInt64] @0x0000000102a49f80
objc_msg_lookup +[NXNumberUnsignedInt64 numberWithUnsignedInt64:]
  +[NXNumberUnsignedInt64 numberWithUnsignedInt64:] types=@24@0:8Q16
    => IMP @0x0000000102a3646c
objc_lookup_class -[NXNumberUnsignedInt64] @0x0000000102a49f80
objc_msg_lookup +[NXNumberUnsignedInt64 alloc]
  +[NXNumberUnsignedInt64 alloc] types=@16@0:8
  +[NXNumber alloc] types=@16@0:8
  +[NXObject alloc] types=@16@0:8
    => IMP @0x0000000102a36b40
objc_msg_lookup +[NXNumberUnsignedInt64 allocWithZone:]
  +[NXNumberUnsignedInt64 allocWithZone:] types=@24@0:8@16
  +[NXNumber allocWithZone:] types=@24@0:8@16
  +[NXObject allocWithZone:] types=@24@0:8@16
    => IMP @0x0000000102a36b8c
objc_lookup_class -[NXZone] @0x0000000102a4ab68
objc_msg_lookup +[NXZone defaultZone]
  +[NXZone defaultZone] types=@16@0:8
    => IMP @0x0000000102a380e4
objc_msg_lookup -[NXZone allocWithSize:]
  -[NXZone allocWithSize:] types=^v24@0:8Q16
    => IMP @0x0000000102a38104
objc_msg_lookup -[NXConstantString cStr]
  -[NXConstantString cStr] types=r*16@0:8
    => IMP @0x0000000102a3aed4
  allocWithSize: size=40 => @0x0000000140106ee8
objc_msg_lookup -[NXNumberUnsignedInt64 initWithUnsignedInt64:]
  -[NXNumberUnsignedInt64 initWithUnsignedInt64:] types=@24@0:8Q16
    => IMP @0x0000000102a363f0
objc_msg_lookup -[NXNumber init]
  -[NXNumber init] types=@16@0:8
  -[NXObject init] types=@16@0:8
  -[Object init] types=@16@0:8
objc_msg_lookup -[NXNumberUnsignedInt64 autorelease]
  -[NXNumberUnsignedInt64 autorelease] types=@16@0:8
  -[NXNumber autorelease] types=@16@0:8
  -[NXObject autorelease] types=@16@0:8
    => IMP @0x0000000102a36ed8
objc_lookup_class -[NXAutoreleasePool] @0x0000000102a48350
objc_msg_lookup +[NXAutoreleasePool currentPool]
  +[NXAutoreleasePool currentPool] types=@16@0:8
    => IMP @0x0000000102a33060
objc_msg_lookup -[NXAutoreleasePool addObject:]
  -[NXAutoreleasePool addObject:] types=v24@0:8@16
    => IMP @0x0000000102a330a4
objc_lookup_class -[NXObject] @0x0000000102a4a270
objc_msg_lookup +[NXObject class]
  +[NXObject class] types=#16@0:8
  +[Object class] types=#16@0:8
    => IMP @0x0000000102a3b104
objc_msg_lookup -[NXConstantString cStr]
  -[NXConstantString cStr] types=r*16@0:8
    => IMP @0x0000000102a3aed4
  autorelease retain: [NXNumberUnsignedInt64] @0x0000000140106ee8
objc_msg_lookup -[NXNumberUnsignedInt64 unsignedInt64Value]
  -[NXNumberUnsignedInt64 unsignedInt64Value] types=Q16@0:8
    => IMP @0x0000000102a368d4
objc_msg_lookup -[NXNumberUnsignedInt64 boolValue]
  -[NXNumberUnsignedInt64 boolValue] types=B16@0:8
    => IMP @0x0000000102a366e8
objc_lookup_class -[NXNumber] @0x0000000102a486b0
objc_msg_lookup +[NXNumber numberWithUnsignedInt64:]
  +[NXNumber numberWithUnsignedInt64:] types=@24@0:8Q16
    => IMP @0x0000000102a33630
objc_lookup_class -[NXNumberUnsignedInt64] @0x0000000102a49f80
objc_msg_lookup +[NXNumberUnsignedInt64 numberWithUnsignedInt64:]
  +[NXNumberUnsignedInt64 numberWithUnsignedInt64:] types=@24@0:8Q16
    => IMP @0x0000000102a3646c
objc_lookup_class -[NXNumberUnsignedInt64] @0x0000000102a49f80
objc_msg_lookup +[NXNumberUnsignedInt64 alloc]
  +[NXNumberUnsignedInt64 alloc] types=@16@0:8
  +[NXNumber alloc] types=@16@0:8
  +[NXObject alloc] types=@16@0:8
    => IMP @0x0000000102a36b40
objc_msg_lookup +[NXNumberUnsignedInt64 allocWithZone:]
  +[NXNumberUnsignedInt64 allocWithZone:] types=@24@0:8@16
  +[NXNumber allocWithZone:] types=@24@0:8@16
  +[NXObject allocWithZone:] types=@24@0:8@16
    => IMP @0x0000000102a36b8c
objc_lookup_class -[NXZone] @0x0000000102a4ab68
objc_msg_lookup +[NXZone defaultZone]
  +[NXZone defaultZone] types=@16@0:8
    => IMP @0x0000000102a380e4
objc_msg_lookup -[NXZone allocWithSize:]
  -[NXZone allocWithSize:] types=^v24@0:8Q16
    => IMP @0x0000000102a38104
objc_msg_lookup -[NXConstantString cStr]
  -[NXConstantString cStr] types=r*16@0:8
    => IMP @0x0000000102a3aed4
  allocWithSize: size=40 => @0x0000000140106ea8
objc_msg_lookup -[NXNumberUnsignedInt64 initWithUnsignedInt64:]
  -[NXNumberUnsignedInt64 initWithUnsignedInt64:] types=@24@0:8Q16
    => IMP @0x0000000102a363f0
objc_msg_lookup -[NXNumber init]
  -[NXNumber init] types=@16@0:8
  -[NXObject init] types=@16@0:8
  -[Object init] types=@16@0:8
objc_msg_lookup -[NXNumberUnsignedInt64 autorelease]
  -[NXNumberUnsignedInt64 autorelease] types=@16@0:8
  -[NXNumber autorelease] types=@16@0:8
  -[NXObject autorelease] types=@16@0:8
    => IMP @0x0000000102a36ed8
objc_lookup_class -[NXAutoreleasePool] @0x0000000102a48350
objc_msg_lookup +[NXAutoreleasePool currentPool]
  +[NXAutoreleasePool currentPool] types=@16@0:8
    => IMP @0x0000000102a33060
objc_msg_lookup -[NXAutoreleasePool addObject:]
  -[NXAutoreleasePool addObject:] types=v24@0:8@16
    => IMP @0x0000000102a330a4
objc_lookup_class -[NXObject] @0x0000000102a4a270
objc_msg_lookup +[NXObject class]
  +[NXObject class] types=#16@0:8
  +[Object class] types=#16@0:8
    => IMP @0x0000000102a3b104
objc_msg_lookup -[NXConstantString cStr]
  -[NXConstantString cStr] types=r*16@0:8
    => IMP @0x0000000102a3aed4
  autorelease retain: [NXNumberUnsignedInt64] @0x0000000140106ea8
objc_msg_lookup -[NXNumberUnsignedInt64 unsignedInt64Value]
  -[NXNumberUnsignedInt64 unsignedInt64Value] types=Q16@0:8
    => IMP @0x0000000102a368d4
objc_msg_lookup -[NXNumberUnsignedInt64 boolValue]
  -[NXNumberUnsignedInt64 boolValue] types=B16@0:8
    => IMP @0x0000000102a366e8
objc_lookup_class -[NXNumber] @0x0000000102a486b0
objc_msg_lookup +[NXNumber numberWithInt32:]
  +[NXNumber numberWithInt32:] types=@20@0:8i16
    => IMP @0x0000000102a3351c
objc_lookup_class -[NXNumberInt32] @0x0000000102a49120
  __objc_class_register_methods -[NXNumberInt32] @0x0000000102a49120 size=40
    -[NXNumberInt32 isEqual:] types=B24@0:8@16 imp=0x0000000102a34c94
    -[NXNumberInt32 description] types=@16@0:8 imp=0x0000000102a34c24
    -[NXNumberInt32 unsignedInt64Value] types=Q16@0:8 imp=0x0000000102a34bbc
    -[NXNumberInt32 int64Value] types=q16@0:8 imp=0x0000000102a34b9c
    -[NXNumberInt32 unsignedInt32Value] types=I16@0:8 imp=0x0000000102a34b38
    -[NXNumberInt32 int32Value] types=i16@0:8 imp=0x0000000102a34b1c
    -[NXNumberInt32 unsignedInt16Value] types=S16@0:8 imp=0x0000000102a34aa0
    -[NXNumberInt32 int16Value] types=s16@0:8 imp=0x0000000102a34a24
    -[NXNumberInt32 boolValue] types=B16@0:8 imp=0x0000000102a349fc
    -[NXNumberInt32 initWithInt32:] types=@20@0:8i16 imp=0x0000000102a34704
objc_lookup_class -[NXNumber] @0x0000000102a486b0
  __objc_class_register_methods +[NXNumberInt32] @0x0000000102a48f98 size=104
    +[NXNumberInt32 zeroValue] types=@16@0:8 imp=0x0000000102a34870
    +[NXNumberInt32 numberWithInt32:] types=@20@0:8i16 imp=0x0000000102a34780
objc_msg_lookup +[NXNumberInt32 numberWithInt32:]
  +[NXNumberInt32 numberWithInt32:] types=@20@0:8i16
    => IMP @0x0000000102a34780
  +[NXNumberInt32 initialize] 
objc_msg_lookup +[NXNumberInt32 initialize]
  +[NXNumberInt32 initialize] types=v16@0:8
  +[NXNumber initialize] types=v16@0:8
  +[NXObject initialize] types=v16@0:8
  +[Object initialize] types=v16@0:8
objc_lookup_class -[NXNumberInt32] @0x0000000102a49120
objc_msg_lookup +[NXNumberInt32 alloc]
  +[NXNumberInt32 alloc] types=@16@0:8
  +[NXNumber alloc] types=@16@0:8
  +[NXObject alloc] types=@16@0:8
    => IMP @0x0000000102a36b40
objc_msg_lookup +[NXNumberInt32 allocWithZone:]
  +[NXNumberInt32 allocWithZone:] types=@24@0:8@16
  +[NXNumber allocWithZone:] types=@24@0:8@16
  +[NXObject allocWithZone:] types=@24@0:8@16
    => IMP @0x0000000102a36b8c
objc_lookup_class -[NXZone] @0x0000000102a4ab68
objc_msg_lookup +[NXZone defaultZone]
  +[NXZone defaultZone] types=@16@0:8
    => IMP @0x0000000102a380e4
objc_msg_lookup -[NXZone allocWithSize:]
  -[NXZone allocWithSize:] types=^v24@0:8Q16
    => IMP @0x0000000102a38104
objc_msg_lookup -[NXConstantString cStr]
  -[NXConstantString cStr] types=r*16@0:8
    => IMP @0x0000000102a3aed4
  allocWithSize: size=40 => @0x0000000140106e68
objc_msg_lookup -[NXNumberInt32 initWithInt32:]
  -[NXNumberInt32 initWithInt32:] types=@20@0:8i16
    => IMP @0x0000000102a34704
objc_msg_lookup -[NXNumber init]
  -[NXNumber init] types=@16@0:8
  -[NXObject init] types=@16@0:8
  -[Object init] types=@16@0:8
objc_msg_lookup -[NXNumberInt32 autorelease]
  -[NXNumberInt32 autorelease] types=@16@0:8
  -[NXNumber autorelease] types=@16@0:8
  -[NXObject autorelease] types=@16@0:8
    => IMP @0x0000000102a36ed8
objc_lookup_class -[NXAutoreleasePool] @0x0000000102a48350
objc_msg_lookup +[NXAutoreleasePool currentPool]
  +[NXAutoreleasePool currentPool] types=@16@0:8
    => IMP @0x0000000102a33060
objc_msg_lookup -[NXAutoreleasePool addObject:]
  -[NXAutoreleasePool addObject:] types=v24@0:8@16
    => IMP @0x0000000102a330a4
objc_lookup_class -[NXObject] @0x0000000102a4a270
objc_msg_lookup +[NXObject class]
  +[NXObject class] types=#16@0:8
  +[Object class] types=#16@0:8
    => IMP @0x0000000102a3b104
objc_msg_lookup -[NXConstantString cStr]
  -[NXConstantString cStr] types=r*16@0:8
    => IMP @0x0000000102a3aed4
  autorelease retain: [NXNumberInt32] @0x0000000140106e68
objc_msg_lookup -[NXNumberInt32 int32Value]
  -[NXNumberInt32 int32Value] types=i16@0:8
    => IMP @0x0000000102a34b1c
objc_msg_lookup -[NXNumberInt32 int64Value]
  -[NXNumberInt32 int64Value] types=q16@0:8
    => IMP @0x0000000102a34b9c
objc_lookup_class -[NXNumber] @0x0000000102a486b0
objc_msg_lookup +[NXNumber numberWithInt32:]
  +[NXNumber numberWithInt32:] types=@20@0:8i16
    => IMP @0x0000000102a3351c
objc_lookup_class -[NXNumberInt32] @0x0000000102a49120
objc_msg_lookup +[NXNumberInt32 numberWithInt32:]
  +[NXNumberInt32 numberWithInt32:] types=@20@0:8i16
    => IMP @0x0000000102a34780
objc_lookup_class -[NXNumberInt32] @0x0000000102a49120
objc_msg_lookup +[NXNumberInt32 alloc]
  +[NXNumberInt32 alloc] types=@16@0:8
  +[NXNumber alloc] types=@16@0:8
  +[NXObject alloc] types=@16@0:8
    => IMP @0x0000000102a36b40
objc_msg_lookup +[NXNumberInt32 allocWithZone:]
  +[NXNumberInt32 allocWithZone:] types=@24@0:8@16
  +[NXNumber allocWithZone:] types=@24@0:8@16
  +[NXObject allocWithZone:] types=@24@0:8@16
    => IMP @0x0000000102a36b8c
objc_lookup_class -[NXZone] @0x0000000102a4ab68
objc_msg_lookup +[NXZone defaultZone]
  +[NXZone defaultZone] types=@16@0:8
    => IMP @0x0000000102a380e4
objc_msg_lookup -[NXZone allocWithSize:]
  -[NXZone allocWithSize:] types=^v24@0:8Q16
    => IMP @0x0000000102a38104
objc_msg_lookup -[NXConstantString cStr]
  -[NXConstantString cStr] types=r*16@0:8
    => IMP @0x0000000102a3aed4
  allocWithSize: size=40 => @0x0000000140106e28
objc_msg_lookup -[NXNumberInt32 initWithInt32:]
  -[NXNumberInt32 initWithInt32:] types=@20@0:8i16
    => IMP @0x0000000102a34704
objc_msg_lookup -[NXNumber init]
  -[NXNumber init] types=@16@0:8
  -[NXObject init] types=@16@0:8
  -[Object init] types=@16@0:8
objc_msg_lookup -[NXNumberInt32 autorelease]
  -[NXNumberInt32 autorelease] types=@16@0:8
  -[NXNumber autorelease] types=@16@0:8
  -[NXObject autorelease] types=@16@0:8
    => IMP @0x0000000102a36ed8
objc_lookup_class -[NXAutoreleasePool] @0x0000000102a48350
objc_msg_lookup +[NXAutoreleasePool currentPool]
  +[NXAutoreleasePool currentPool] types=@16@0:8
    => IMP @0x0000000102a33060
objc_msg_lookup -[NXAutoreleasePool addObject:]
  -[NXAutoreleasePool addObject:] types=v24@0:8@16
    => IMP @0x0000000102a330a4
objc_lookup_class -[NXObject] @0x0000000102a4a270
objc_msg_lookup +[NXObject class]
  +[NXObject class] types=#16@0:8
  +[Object class] types=#16@0:8
    => IMP @0x0000000102a3b104
objc_msg_lookup -[NXConstantString cStr]
  -[NXConstantString cStr] types=r*16@0:8
    => IMP @0x0000000102a3aed4
  autorelease retain: [NXNumberInt32] @0x0000000140106e28
objc_msg_lookup -[NXNumberInt32 int32Value]
  -[NXNumberInt32 int32Value] types=i16@0:8
    => IMP @0x0000000102a34b1c
objc_msg_lookup -[NXNumberInt32 int64Value]
  -[NXNumberInt32 int64Value] types=q16@0:8
    => IMP @0x0000000102a34b9c
objc_lookup_class -[NXNumber] @0x0000000102a486b0
objc_msg_lookup +[NXNumber numberWithInt32:]
  +[NXNumber numberWithInt32:] types=@20@0:8i16
    => IMP @0x0000000102a3351c
objc_lookup_class -[NXNumberInt32] @0x0000000102a49120
objc_msg_lookup +[NXNumberInt32 numberWithInt32:]
  +[NXNumberInt32 numberWithInt32:] types=@20@0:8i16
    => IMP @0x0000000102a34780
objc_lookup_class -[NXNumberInt32] @0x0000000102a49120
objc_msg_lookup +[NXNumberInt32 zeroValue]
  +[NXNumberInt32 zeroValue] types=@16@0:8
    => IMP @0x0000000102a34870
objc_lookup_class -[NXAutoreleasePool] @0x0000000102a48350
objc_msg_lookup +[NXAutoreleasePool currentPool]
  +[NXAutoreleasePool currentPool] types=@16@0:8
    => IMP @0x0000000102a33060
objc_lookup_class -[NXNumberInt32] @0x0000000102a49120
objc_msg_lookup +[NXNumberInt32 alloc]
  +[NXNumberInt32 alloc] types=@16@0:8
  +[NXNumber alloc] types=@16@0:8
  +[NXObject alloc] types=@16@0:8
    => IMP @0x0000000102a36b40
objc_msg_lookup +[NXNumberInt32 allocWithZone:]
  +[NXNumberInt32 allocWithZone:] types=@24@0:8@16
  +[NXNumber allocWithZone:] types=@24@0:8@16
  +[NXObject allocWithZone:] types=@24@0:8@16
    => IMP @0x0000000102a36b8c
objc_lookup_class -[NXZone] @0x0000000102a4ab68
objc_msg_lookup +[NXZone defaultZone]
  +[NXZone defaultZone] types=@16@0:8
    => IMP @0x0000000102a380e4
objc_msg_lookup -[NXZone allocWithSize:]
  -[NXZone allocWithSize:] types=^v24@0:8Q16
    => IMP @0x0000000102a38104
objc_msg_lookup -[NXConstantString cStr]
  -[NXConstantString cStr] types=r*16@0:8
    => IMP @0x0000000102a3aed4
  allocWithSize: size=40 => @0x0000000140106de8
objc_msg_lookup -[NXNumberInt32 initWithInt32:]
  -[NXNumberInt32 initWithInt32:] types=@20@0:8i16
    => IMP @0x0000000102a34704
objc_msg_lookup -[NXNumber init]
  -[NXNumber init] types=@16@0:8
  -[NXObject init] types=@16@0:8
  -[Object init] types=@16@0:8
objc_msg_lookup -[NXNumberInt32 autorelease]
  -[NXNumberInt32 autorelease] types=@16@0:8
  -[NXNumber autorelease] types=@16@0:8
  -[NXObject autorelease] types=@16@0:8
    => IMP @0x0000000102a36ed8
objc_lookup_class -[NXAutoreleasePool] @0x0000000102a48350
objc_msg_lookup +[NXAutoreleasePool currentPool]
  +[NXAutoreleasePool currentPool] types=@16@0:8
    => IMP @0x0000000102a33060
objc_msg_lookup -[NXAutoreleasePool addObject:]
  -[NXAutoreleasePool addObject:] types=v24@0:8@16
    => IMP @0x0000000102a330a4
objc_lookup_class -[NXObject] @0x0000000102a4a270
objc_msg_lookup +[NXObject class]
  +[NXObject class] types=#16@0:8
  +[Object class] types=#16@0:8
    => IMP @0x0000000102a3b104
objc_msg_lookup -[NXConstantString cStr]
  -[NXConstantString cStr] types=r*16@0:8
    => IMP @0x0000000102a3aed4
  autorelease retain: [NXNumberInt32] @0x0000000140106de8
objc_msg_lookup -[NXNumberInt32 int32Value]
  -[NXNumberInt32 int32Value] types=i16@0:8
    => IMP @0x0000000102a34b1c
objc_msg_lookup -[NXNumberInt32 int64Value]
  -[NXNumberInt32 int64Value] types=q16@0:8
    => IMP @0x0000000102a34b9c
objc_lookup_class -[NXNumber] @0x0000000102a486b0
objc_msg_lookup +[NXNumber numberWithInt32:]
  +[NXNumber numberWithInt32:] types=@20@0:8i16
    => IMP @0x0000000102a3351c
objc_lookup_class -[NXNumberInt32] @0x0000000102a49120
objc_msg_lookup +[NXNumberInt32 numberWithInt32:]
  +[NXNumberInt32 numberWithInt32:] types=@20@0:8i16
    => IMP @0x0000000102a34780
objc_lookup_class -[NXNumberInt32] @0x0000000102a49120
objc_msg_lookup +[NXNumberInt32 alloc]
  +[NXNumberInt32 alloc] types=@16@0:8
  +[NXNumber alloc] types=@16@0:8
  +[NXObject alloc] types=@16@0:8
    => IMP @0x0000000102a36b40
objc_msg_lookup +[NXNumberInt32 allocWithZone:]
  +[NXNumberInt32 allocWithZone:] types=@24@0:8@16
  +[NXNumber allocWithZone:] types=@24@0:8@16
  +[NXObject allocWithZone:] types=@24@0:8@16
    => IMP @0x0000000102a36b8c
objc_lookup_class -[NXZone] @0x0000000102a4ab68
objc_msg_lookup +[NXZone defaultZone]
  +[NXZone defaultZone] types=@16@0:8
    => IMP @0x0000000102a380e4
objc_msg_lookup -[NXZone allocWithSize:]
  -[NXZone allocWithSize:] types=^v24@0:8Q16
    => IMP @0x0000000102a38104
objc_msg_lookup -[NXConstantString cStr]
  -[NXConstantString cStr] types=r*16@0:8
    => IMP @0x0000000102a3aed4
  allocWithSize: size=40 => @0x0000000140106da8
objc_msg_lookup -[NXNumberInt32 initWithInt32:]
  -[NXNumberInt32 initWithInt32:] types=@20@0:8i16
    => IMP @0x0000000102a34704
objc_msg_lookup -[NXNumber init]
  -[NXNumber init] types=@16@0:8
  -[NXObject init] types=@16@0:8
  -[Object init] types=@16@0:8
objc_msg_lookup -[NXNumberInt32 autorelease]
  -[NXNumberInt32 autorelease] types=@16@0:8
  -[NXNumber autorelease] types=@16@0:8
  -[NXObject autorelease] types=@16@0:8
    => IMP @0x0000000102a36ed8
objc_lookup_class -[NXAutoreleasePool] @0x0000000102a48350
objc_msg_lookup +[NXAutoreleasePool currentPool]
  +[NXAutoreleasePool currentPool] types=@16@0:8
    => IMP @0x0000000102a33060
objc_msg_lookup -[NXAutoreleasePool addObject:]
  -[NXAutoreleasePool addObject:] types=v24@0:8@16
    => IMP @0x0000000102a330a4
objc_lookup_class -[NXObject] @0x0000000102a4a270
objc_msg_lookup +[NXObject class]
  +[NXObject class] types=#16@0:8
  +[Object class] types=#16@0:8
    => IMP @0x0000000102a3b104
objc_msg_lookup -[NXConstantString cStr]
  -[NXConstantString cStr] types=r*16@0:8
    => IMP @0x0000000102a3aed4
  autorelease retain: [NXNumberInt32] @0x0000000140106da8
objc_msg_lookup -[NXNumberInt32 int32Value]
  -[NXNumberInt32 int32Value] types=i16@0:8
    => IMP @0x0000000102a34b1c
objc_msg_lookup -[NXNumberInt32 int64Value]
  -[NXNumberInt32 int64Value] types=q16@0:8
    => IMP @0x0000000102a34b9c
objc_lookup_class -[NXNumber] @0x0000000102a486b0
objc_msg_lookup +[NXNumber numberWithInt32:]
  +[NXNumber numberWithInt32:] types=@20@0:8i16
    => IMP @0x0000000102a3351c
objc_lookup_class -[NXNumberInt32] @0x0000000102a49120
objc_msg_lookup +[NXNumberInt32 numberWithInt32:]
  +[NXNumberInt32 numberWithInt32:] types=@20@0:8i16
    => IMP @0x0000000102a34780
objc_lookup_class -[NXNumberInt32] @0x0000000102a49120
objc_msg_lookup +[NXNumberInt32 alloc]
  +[NXNumberInt32 alloc] types=@16@0:8
  +[NXNumber alloc] types=@16@0:8
  +[NXObject alloc] types=@16@0:8
    => IMP @0x0000000102a36b40
objc_msg_lookup +[NXNumberInt32 allocWithZone:]
  +[NXNumberInt32 allocWithZone:] types=@24@0:8@16
  +[NXNumber allocWithZone:] types=@24@0:8@16
  +[NXObject allocWithZone:] types=@24@0:8@16
    => IMP @0x0000000102a36b8c
objc_lookup_class -[NXZone] @0x0000000102a4ab68
objc_msg_lookup +[NXZone defaultZone]
  +[NXZone defaultZone] types=@16@0:8
    => IMP @0x0000000102a380e4
objc_msg_lookup -[NXZone allocWithSize:]
  -[NXZone allocWithSize:] types=^v24@0:8Q16
    => IMP @0x0000000102a38104
objc_msg_lookup -[NXConstantString cStr]
  -[NXConstantString cStr] types=r*16@0:8
    => IMP @0x0000000102a3aed4
  allocWithSize: size=40 => @0x0000000140106d68
objc_msg_lookup -[NXNumberInt32 initWithInt32:]
  -[NXNumberInt32 initWithInt32:] types=@20@0:8i16
    => IMP @0x0000000102a34704
objc_msg_lookup -[NXNumber init]
  -[NXNumber init] types=@16@0:8
  -[NXObject init] types=@16@0:8
  -[Object init] types=@16@0:8
objc_msg_lookup -[NXNumberInt32 autorelease]
  -[NXNumberInt32 autorelease] types=@16@0:8
  -[NXNumber autorelease] types=@16@0:8
  -[NXObject autorelease] types=@16@0:8
    => IMP @0x0000000102a36ed8
objc_lookup_class -[NXAutoreleasePool] @0x0000000102a48350
objc_msg_lookup +[NXAutoreleasePool currentPool]
  +[NXAutoreleasePool currentPool] types=@16@0:8
    => IMP @0x0000000102a33060
objc_msg_lookup -[NXAutoreleasePool addObject:]
  -[NXAutoreleasePool addObject:] types=v24@0:8@16
    => IMP @0x0000000102a330a4
objc_lookup_class -[NXObject] @0x0000000102a4a270
objc_msg_lookup +[NXObject class]
  +[NXObject class] types=#16@0:8
  +[Object class] types=#16@0:8
    => IMP @0x0000000102a3b104
objc_msg_lookup -[NXConstantString cStr]
  -[NXConstantString cStr] types=r*16@0:8
    => IMP @0x0000000102a3aed4
  autorelease retain: [NXNumberInt32] @0x0000000140106d68
objc_msg_lookup -[NXNumberInt32 int32Value]
  -[NXNumberInt32 int32Value] types=i16@0:8
    => IMP @0x0000000102a34b1c
objc_msg_lookup -[NXNumberInt32 int64Value]
  -[NXNumberInt32 int64Value] types=q16@0:8
    => IMP @0x0000000102a34b9c
objc_lookup_class -[NXNumber] @0x0000000102a486b0
objc_msg_lookup +[NXNumber numberWithUnsignedInt32:]
  +[NXNumber numberWithUnsignedInt32:] types=@20@0:8I16
    => IMP @0x0000000102a33578
objc_lookup_class -[NXNumberUnsignedInt32] @0x0000000102a49bf0
  __objc_class_register_methods -[NXNumberUnsignedInt32] @0x0000000102a49bf0 size=40
    -[NXNumberUnsignedInt32 isEqual:] types=B24@0:8@16 imp=0x0000000102a3622c
    -[NXNumberUnsignedInt32 description] types=@16@0:8 imp=0x0000000102a361bc
    -[NXNumberUnsignedInt32 unsignedInt64Value] types=Q16@0:8 imp=0x0000000102a3619c
    -[NXNumberUnsignedInt32 int64Value] types=q16@0:8 imp=0x0000000102a3617c
    -[NXNumberUnsignedInt32 unsignedInt32Value] types=I16@0:8 imp=0x0000000102a36160
    -[NXNumberUnsignedInt32 int32Value] types=i16@0:8 imp=0x0000000102a360fc
    -[NXNumberUnsignedInt32 unsignedInt16Value] types=S16@0:8 imp=0x0000000102a36090
    -[NXNumberUnsignedInt32 int16Value] types=s16@0:8 imp=0x0000000102a36024
    -[NXNumberUnsignedInt32 boolValue] types=B16@0:8 imp=0x0000000102a35ffc
    -[NXNumberUnsignedInt32 initWithUnsignedInt32:] types=@20@0:8I16 imp=0x0000000102a35d04
objc_lookup_class -[NXNumber] @0x0000000102a486b0
  __objc_class_register_methods +[NXNumberUnsignedInt32] @0x0000000102a49a68 size=104
    +[NXNumberUnsignedInt32 zeroValue] types=@16@0:8 imp=0x0000000102a35e70
    +[NXNumberUnsignedInt32 numberWithUnsignedInt32:] types=@20@0:8I16 imp=0x0000000102a35d80
objc_msg_lookup +[NXNumberUnsignedInt32 numberWithUnsignedInt32:]
  +[NXNumberUnsignedInt32 numberWithUnsignedInt32:] types=@20@0:8I16
    => IMP @0x0000000102a35d80
  +[NXNumberUnsignedInt32 initialize] 
objc_msg_lookup +[NXNumberUnsignedInt32 initialize]
  +[NXNumberUnsignedInt32 initialize] types=v16@0:8
  +[NXNumber initialize] types=v16@0:8
  +[NXObject initialize] types=v16@0:8
  +[Object initialize] types=v16@0:8
objc_lookup_class -[NXNumberUnsignedInt32] @0x0000000102a49bf0
objc_msg_lookup +[NXNumberUnsignedInt32 alloc]
  +[NXNumberUnsignedInt32 alloc] types=@16@0:8
  +[NXNumber alloc] types=@16@0:8
  +[NXObject alloc] types=@16@0:8
    => IMP @0x0000000102a36b40
objc_msg_lookup +[NXNumberUnsignedInt32 allocWithZone:]
  +[NXNumberUnsignedInt32 allocWithZone:] types=@24@0:8@16
  +[NXNumber allocWithZone:] types=@24@0:8@16
  +[NXObject allocWithZone:] types=@24@0:8@16
    => IMP @0x0000000102a36b8c
objc_lookup_class -[NXZone] @0x0000000102a4ab68
objc_msg_lookup +[NXZone defaultZone]
  +[NXZone defaultZone] types=@16@0:8
    => IMP @0x0000000102a380e4
objc_msg_lookup -[NXZone allocWithSize:]
  -[NXZone allocWithSize:] types=^v24@0:8Q16
    => IMP @0x0000000102a38104
objc_msg_lookup -[NXConstantString cStr]
  -[NXConstantString cStr] types=r*16@0:8
    => IMP @0x0000000102a3aed4
  allocWithSize: size=40 => @0x0000000140106d28
objc_msg_lookup -[NXNumberUnsignedInt32 initWithUnsignedInt32:]
  -[NXNumberUnsignedInt32 initWithUnsignedInt32:] types=@20@0:8I16
    => IMP @0x0000000102a35d04
objc_msg_lookup -[NXNumber init]
  -[NXNumber init] types=@16@0:8
  -[NXObject init] types=@16@0:8
  -[Object init] types=@16@0:8
objc_msg_lookup -[NXNumberUnsignedInt32 autorelease]
  -[NXNumberUnsignedInt32 autorelease] types=@16@0:8
  -[NXNumber autorelease] types=@16@0:8
  -[NXObject autorelease] types=@16@0:8
    => IMP @0x0000000102a36ed8
objc_lookup_class -[NXAutoreleasePool] @0x0000000102a48350
objc_msg_lookup +[NXAutoreleasePool currentPool]
  +[NXAutoreleasePool currentPool] types=@16@0:8
    => IMP @0x0000000102a33060
objc_msg_lookup -[NXAutoreleasePool addObject:]
  -[NXAutoreleasePool addObject:] types=v24@0:8@16
    => IMP @0x0000000102a330a4
objc_lookup_class -[NXObject] @0x0000000102a4a270
objc_msg_lookup +[NXObject class]
  +[NXObject class] types=#16@0:8
  +[Object class] types=#16@0:8
    => IMP @0x0000000102a3b104
objc_msg_lookup -[NXConstantString cStr]
  -[NXConstantString cStr] types=r*16@0:8
    => IMP @0x0000000102a3aed4
  autorelease retain: [NXNumberUnsignedInt32] @0x0000000140106d28
objc_msg_lookup -[NXNumberUnsignedInt32 unsignedInt32Value]
  -[NXNumberUnsignedInt32 unsignedInt32Value] types=I16@0:8
    => IMP @0x0000000102a36160
objc_msg_lookup -[NXNumberUnsignedInt32 unsignedInt64Value]
  -[NXNumberUnsignedInt32 unsignedInt64Value] types=Q16@0:8
    => IMP @0x0000000102a3619c
objc_lookup_class -[NXNumber] @0x0000000102a486b0
objc_msg_lookup +[NXNumber numberWithUnsignedInt32:]
  +[NXNumber numberWithUnsignedInt32:] types=@20@0:8I16
    => IMP @0x0000000102a33578
objc_lookup_class -[NXNumberUnsignedInt32] @0x0000000102a49bf0
objc_msg_lookup +[NXNumberUnsignedInt32 numberWithUnsignedInt32:]
  +[NXNumberUnsignedInt32 numberWithUnsignedInt32:] types=@20@0:8I16
    => IMP @0x0000000102a35d80
objc_lookup_class -[NXNumberUnsignedInt32] @0x0000000102a49bf0
objc_msg_lookup +[NXNumberUnsignedInt32 zeroValue]
  +[NXNumberUnsignedInt32 zeroValue] types=@16@0:8
    => IMP @0x0000000102a35e70
objc_lookup_class -[NXAutoreleasePool] @0x0000000102a48350
objc_msg_lookup +[NXAutoreleasePool currentPool]
  +[NXAutoreleasePool currentPool] types=@16@0:8
    => IMP @0x0000000102a33060
objc_lookup_class -[NXNumberUnsignedInt32] @0x0000000102a49bf0
objc_msg_lookup +[NXNumberUnsignedInt32 alloc]
  +[NXNumberUnsignedInt32 alloc] types=@16@0:8
  +[NXNumber alloc] types=@16@0:8
  +[NXObject alloc] types=@16@0:8
    => IMP @0x0000000102a36b40
objc_msg_lookup +[NXNumberUnsignedInt32 allocWithZone:]
  +[NXNumberUnsignedInt32 allocWithZone:] types=@24@0:8@16
  +[NXNumber allocWithZone:] types=@24@0:8@16
  +[NXObject allocWithZone:] types=@24@0:8@16
    => IMP @0x0000000102a36b8c
objc_lookup_class -[NXZone] @0x0000000102a4ab68
objc_msg_lookup +[NXZone defaultZone]
  +[NXZone defaultZone] types=@16@0:8
    => IMP @0x0000000102a380e4
objc_msg_lookup -[NXZone allocWithSize:]
  -[NXZone allocWithSize:] types=^v24@0:8Q16
    => IMP @0x0000000102a38104
objc_msg_lookup -[NXConstantString cStr]
  -[NXConstantString cStr] types=r*16@0:8
    => IMP @0x0000000102a3aed4
  allocWithSize: size=40 => @0x0000000140106ce8
objc_msg_lookup -[NXNumberUnsignedInt32 initWithUnsignedInt32:]
  -[NXNumberUnsignedInt32 initWithUnsignedInt32:] types=@20@0:8I16
    => IMP @0x0000000102a35d04
objc_msg_lookup -[NXNumber init]
  -[NXNumber init] types=@16@0:8
  -[NXObject init] types=@16@0:8
  -[Object init] types=@16@0:8
objc_msg_lookup -[NXNumberUnsignedInt32 autorelease]
  -[NXNumberUnsignedInt32 autorelease] types=@16@0:8
  -[NXNumber autorelease] types=@16@0:8
  -[NXObject autorelease] types=@16@0:8
    => IMP @0x0000000102a36ed8
objc_lookup_class -[NXAutoreleasePool] @0x0000000102a48350
objc_msg_lookup +[NXAutoreleasePool currentPool]
  +[NXAutoreleasePool currentPool] types=@16@0:8
    => IMP @0x0000000102a33060
objc_msg_lookup -[NXAutoreleasePool addObject:]
  -[NXAutoreleasePool addObject:] types=v24@0:8@16
    => IMP @0x0000000102a330a4
objc_lookup_class -[NXObject] @0x0000000102a4a270
objc_msg_lookup +[NXObject class]
  +[NXObject class] types=#16@0:8
  +[Object class] types=#16@0:8
    => IMP @0x0000000102a3b104
objc_msg_lookup -[NXConstantString cStr]
  -[NXConstantString cStr] types=r*16@0:8
    => IMP @0x0000000102a3aed4
  autorelease retain: [NXNumberUnsignedInt32] @0x0000000140106ce8
objc_msg_lookup -[NXNumberUnsignedInt32 unsignedInt32Value]
  -[NXNumberUnsignedInt32 unsignedInt32Value] types=I16@0:8
    => IMP @0x0000000102a36160
objc_msg_lookup -[NXNumberUnsignedInt32 unsignedInt64Value]
  -[NXNumberUnsignedInt32 unsignedInt64Value] types=Q16@0:8
    => IMP @0x0000000102a3619c
objc_lookup_class -[NXNumber] @0x0000000102a486b0
objc_msg_lookup +[NXNumber numberWithUnsignedInt32:]
  +[NXNumber numberWithUnsignedInt32:] types=@20@0:8I16
    => IMP @0x0000000102a33578
objc_lookup_class -[NXNumberUnsignedInt32] @0x0000000102a49bf0
objc_msg_lookup +[NXNumberUnsignedInt32 numberWithUnsignedInt32:]
  +[NXNumberUnsignedInt32 numberWithUnsignedInt32:] types=@20@0:8I16
    => IMP @0x0000000102a35d80
objc_lookup_class -[NXNumberUnsignedInt32] @0x0000000102a49bf0
objc_msg_lookup +[NXNumberUnsignedInt32 alloc]
  +[NXNumberUnsignedInt32 alloc] types=@16@0:8
  +[NXNumber alloc] types=@16@0:8
  +[NXObject alloc] types=@16@0:8
    => IMP @0x0000000102a36b40
objc_msg_lookup +[NXNumberUnsignedInt32 allocWithZone:]
  +[NXNumberUnsignedInt32 allocWithZone:] types=@24@0:8@16
  +[NXNumber allocWithZone:] types=@24@0:8@16
  +[NXObject allocWithZone:] types=@24@0:8@16
    => IMP @0x0000000102a36b8c
objc_lookup_class -[NXZone] @0x0000000102a4ab68
objc_msg_lookup +[NXZone defaultZone]
  +[NXZone defaultZone] types=@16@0:8
    => IMP @0x0000000102a380e4
objc_msg_lookup -[NXZone allocWithSize:]
  -[NXZone allocWithSize:] types=^v24@0:8Q16
    => IMP @0x0000000102a38104
objc_msg_lookup -[NXConstantString cStr]
  -[NXConstantString cStr] types=r*16@0:8
    => IMP @0x0000000102a3aed4
  allocWithSize: size=40 => @0x0000000140106ca8
objc_msg_lookup -[NXNumberUnsignedInt32 initWithUnsignedInt32:]
  -[NXNumberUnsignedInt32 initWithUnsignedInt32:] types=@20@0:8I16
    => IMP @0x0000000102a35d04
objc_msg_lookup -[NXNumber init]
  -[NXNumber init] types=@16@0:8
  -[NXObject init] types=@16@0:8
  -[Object init] types=@16@0:8
objc_msg_lookup -[NXNumberUnsignedInt32 autorelease]
  -[NXNumberUnsignedInt32 autorelease] types=@16@0:8
  -[NXNumber autorelease] types=@16@0:8
  -[NXObject autorelease] types=@16@0:8
    => IMP @0x0000000102a36ed8
objc_lookup_class -[NXAutoreleasePool] @0x0000000102a48350
objc_msg_lookup +[NXAutoreleasePool currentPool]
  +[NXAutoreleasePool currentPool] types=@16@0:8
    => IMP @0x0000000102a33060
objc_msg_lookup -[NXAutoreleasePool addObject:]
  -[NXAutoreleasePool addObject:] types=v24@0:8@16
    => IMP @0x0000000102a330a4
objc_lookup_class -[NXObject] @0x0000000102a4a270
objc_msg_lookup +[NXObject class]
  +[NXObject class] types=#16@0:8
  +[Object class] types=#16@0:8
    => IMP @0x0000000102a3b104
objc_msg_lookup -[NXConstantString cStr]
  -[NXConstantString cStr] types=r*16@0:8
    => IMP @0x0000000102a3aed4
  autorelease retain: [NXNumberUnsignedInt32] @0x0000000140106ca8
objc_msg_lookup -[NXNumberUnsignedInt32 unsignedInt32Value]
  -[NXNumberUnsignedInt32 unsignedInt32Value] types=I16@0:8
    => IMP @0x0000000102a36160
objc_msg_lookup -[NXNumberUnsignedInt32 unsignedInt64Value]
  -[NXNumberUnsignedInt32 unsignedInt64Value] types=Q16@0:8
    => IMP @0x0000000102a3619c
objc_lookup_class -[NXNumber] @0x0000000102a486b0
objc_msg_lookup +[NXNumber numberWithInt32:]
  +[NXNumber numberWithInt32:] types=@20@0:8i16
    => IMP @0x0000000102a3351c
objc_lookup_class -[NXNumberInt32] @0x0000000102a49120
objc_msg_lookup +[NXNumberInt32 numberWithInt32:]
  +[NXNumberInt32 numberWithInt32:] types=@20@0:8i16
    => IMP @0x0000000102a34780
objc_lookup_class -[NXNumberInt32] @0x0000000102a49120
objc_msg_lookup +[NXNumberInt32 alloc]
  +[NXNumberInt32 alloc] types=@16@0:8
  +[NXNumber alloc] types=@16@0:8
  +[NXObject alloc] types=@16@0:8
    => IMP @0x0000000102a36b40
objc_msg_lookup +[NXNumberInt32 allocWithZone:]
  +[NXNumberInt32 allocWithZone:] types=@24@0:8@16
  +[NXNumber allocWithZone:] types=@24@0:8@16
  +[NXObject allocWithZone:] types=@24@0:8@16
    => IMP @0x0000000102a36b8c
objc_lookup_class -[NXZone] @0x0000000102a4ab68
objc_msg_lookup +[NXZone defaultZone]
  +[NXZone defaultZone] types=@16@0:8
    => IMP @0x0000000102a380e4
objc_msg_lookup -[NXZone allocWithSize:]
  -[NXZone allocWithSize:] types=^v24@0:8Q16
    => IMP @0x0000000102a38104
objc_msg_lookup -[NXConstantString cStr]
  -[NXConstantString cStr] types=r*16@0:8
    => IMP @0x0000000102a3aed4
  allocWithSize: size=40 => @0x0000000140106c68
objc_msg_lookup -[NXNumberInt32 initWithInt32:]
  -[NXNumberInt32 initWithInt32:] types=@20@0:8i16
    => IMP @0x0000000102a34704
objc_msg_lookup -[NXNumber init]
  -[NXNumber init] types=@16@0:8
  -[NXObject init] types=@16@0:8
  -[Object init] types=@16@0:8
objc_msg_lookup -[NXNumberInt32 autorelease]
  -[NXNumberInt32 autorelease] types=@16@0:8
  -[NXNumber autorelease] types=@16@0:8
  -[NXObject autorelease] types=@16@0:8
    => IMP @0x0000000102a36ed8
objc_lookup_class -[NXAutoreleasePool] @0x0000000102a48350
objc_msg_lookup +[NXAutoreleasePool currentPool]
  +[NXAutoreleasePool currentPool] types=@16@0:8
    => IMP @0x0000000102a33060
objc_msg_lookup -[NXAutoreleasePool addObject:]
  -[NXAutoreleasePool addObject:] types=v24@0:8@16
    => IMP @0x0000000102a330a4
objc_lookup_class -[NXObject] @0x0000000102a4a270
objc_msg_lookup +[NXObject class]
  +[NXObject class] types=#16@0:8
  +[Object class] types=#16@0:8
    => IMP @0x0000000102a3b104
objc_msg_lookup -[NXConstantString cStr]
  -[NXConstantString cStr] types=r*16@0:8
    => IMP @0x0000000102a3aed4
  autorelease retain: [NXNumberInt32] @0x0000000140106c68
objc_lookup_class -[NXNumber] @0x0000000102a486b0
objc_msg_lookup +[NXNumber numberWithInt64:]
  +[NXNumber numberWithInt64:] types=@24@0:8q16
    => IMP @0x0000000102a335d4
objc_lookup_class -[NXNumberInt64] @0x0000000102a494c0
objc_msg_lookup +[NXNumberInt64 numberWithInt64:]
  +[NXNumberInt64 numberWithInt64:] types=@24@0:8q16
    => IMP @0x0000000102a34f24
objc_lookup_class -[NXNumberInt64] @0x0000000102a494c0
objc_msg_lookup +[NXNumberInt64 alloc]
  +[NXNumberInt64 alloc] types=@16@0:8
  +[NXNumber alloc] types=@16@0:8
  +[NXObject alloc] types=@16@0:8
    => IMP @0x0000000102a36b40
objc_msg_lookup +[NXNumberInt64 allocWithZone:]
  +[NXNumberInt64 allocWithZone:] types=@24@0:8@16
  +[NXNumber allocWithZone:] types=@24@0:8@16
  +[NXObject allocWithZone:] types=@24@0:8@16
    => IMP @0x0000000102a36b8c
objc_lookup_class -[NXZone] @0x0000000102a4ab68
objc_msg_lookup +[NXZone defaultZone]
  +[NXZone defaultZone] types=@16@0:8
    => IMP @0x0000000102a380e4
objc_msg_lookup -[NXZone allocWithSize:]
  -[NXZone allocWithSize:] types=^v24@0:8Q16
    => IMP @0x0000000102a38104
objc_msg_lookup -[NXConstantString cStr]
  -[NXConstantString cStr] types=r*16@0:8
    => IMP @0x0000000102a3aed4
  allocWithSize: size=40 => @0x0000000140106c28
objc_msg_lookup -[NXNumberInt64 initWithInt64:]
  -[NXNumberInt64 initWithInt64:] types=@24@0:8q16
    => IMP @0x0000000102a34ea8
objc_msg_lookup -[NXNumber init]
  -[NXNumber init] types=@16@0:8
  -[NXObject init] types=@16@0:8
  -[Object init] types=@16@0:8
objc_msg_lookup -[NXNumberInt64 autorelease]
  -[NXNumberInt64 autorelease] types=@16@0:8
  -[NXNumber autorelease] types=@16@0:8
  -[NXObject autorelease] types=@16@0:8
    => IMP @0x0000000102a36ed8
objc_lookup_class -[NXAutoreleasePool] @0x0000000102a48350
objc_msg_lookup +[NXAutoreleasePool currentPool]
  +[NXAutoreleasePool currentPool] types=@16@0:8
    => IMP @0x0000000102a33060
objc_msg_lookup -[NXAutoreleasePool addObject:]
  -[NXAutoreleasePool addObject:] types=v24@0:8@16
    => IMP @0x0000000102a330a4
objc_lookup_class -[NXObject] @0x0000000102a4a270
objc_msg_lookup +[NXObject class]
  +[NXObject class] types=#16@0:8
  +[Object class] types=#16@0:8
    => IMP @0x0000000102a3b104
objc_msg_lookup -[NXConstantString cStr]
  -[NXConstantString cStr] types=r*16@0:8
    => IMP @0x0000000102a3aed4
  autorelease retain: [NXNumberInt64] @0x0000000140106c28
objc_msg_lookup -[NXNumberInt32 isEqual:]
  -[NXNumberInt32 isEqual:] types=B24@0:8@16
    => IMP @0x0000000102a34c94
objc_msg_lookup -[NXNumberInt64 isKindOfClass:]
  -[NXNumberInt64 isKindOfClass:] types=B24@0:8#16
  -[NXNumber isKindOfClass:] types=B24@0:8#16
  -[NXObject isKindOfClass:] types=B24@0:8#16
  -[Object isKindOfClass:] types=B24@0:8#16
    => IMP @0x0000000102a3b1a8
objc_lookup_class -[NXNumberInt32] @0x0000000102a49120
objc_msg_lookup +[NXNumberInt32 class]
  +[NXNumberInt32 class] types=#16@0:8
  +[NXNumber class] types=#16@0:8
  +[NXObject class] types=#16@0:8
  +[Object class] types=#16@0:8
    => IMP @0x0000000102a3b104
objc_msg_lookup -[NXNumberInt64 isKindOfClass:]
  -[NXNumberInt64 isKindOfClass:] types=B24@0:8#16
  -[NXNumber isKindOfClass:] types=B24@0:8#16
  -[NXObject isKindOfClass:] types=B24@0:8#16
  -[Object isKindOfClass:] types=B24@0:8#16
    => IMP @0x0000000102a3b1a8
objc_lookup_class -[NXNumber] @0x0000000102a486b0
objc_msg_lookup +[NXNumber class]
  +[NXNumber class] types=#16@0:8
  +[NXObject class] types=#16@0:8
  +[Object class] types=#16@0:8
    => IMP @0x0000000102a3b104
objc_msg_lookup -[NXNumberInt64 unsignedInt64Value]
  -[NXNumberInt64 unsignedInt64Value] types=Q16@0:8
    => IMP @0x0000000102a353d0
objc_msg_lookup -[NXNumberInt64 isEqual:]
  -[NXNumberInt64 isEqual:] types=B24@0:8@16
    => IMP @0x0000000102a354a4
objc_msg_lookup -[NXNumberInt32 isKindOfClass:]
  -[NXNumberInt32 isKindOfClass:] types=B24@0:8#16
  -[NXNumber isKindOfClass:] types=B24@0:8#16
  -[NXObject isKindOfClass:] types=B24@0:8#16
  -[Object isKindOfClass:] types=B24@0:8#16
    => IMP @0x0000000102a3b1a8
objc_lookup_class -[NXNumberInt64] @0x0000000102a494c0
objc_msg_lookup +[NXNumberInt64 class]
  +[NXNumberInt64 class] types=#16@0:8
  +[NXNumber class] types=#16@0:8
  +[NXObject class] types=#16@0:8
  +[Object class] types=#16@0:8
    => IMP @0x0000000102a3b104
objc_msg_lookup -[NXNumberInt32 isKindOfClass:]
  -[NXNumberInt32 isKindOfClass:] types=B24@0:8#16
  -[NXNumber isKindOfClass:] types=B24@0:8#16
  -[NXObject isKindOfClass:] types=B24@0:8#16
  -[Object isKindOfClass:] types=B24@0:8#16
    => IMP @0x0000000102a3b1a8
objc_lookup_class -[NXNumber] @0x0000000102a486b0
objc_msg_lookup +[NXNumber class]
  +[NXNumber class] types=#16@0:8
  +[NXObject class] types=#16@0:8
  +[Object class] types=#16@0:8
    => IMP @0x0000000102a3b104
objc_msg_lookup -[NXNumberInt32 unsignedInt64Value]
  -[NXNumberInt32 unsignedInt64Value] types=Q16@0:8
    => IMP @0x0000000102a34bbc
objc_lookup_class -[NXNumber] @0x0000000102a486b0
objc_msg_lookup +[NXNumber numberWithUnsignedInt32:]
  +[NXNumber numberWithUnsignedInt32:] types=@20@0:8I16
    => IMP @0x0000000102a33578
objc_lookup_class -[NXNumberUnsignedInt32] @0x0000000102a49bf0
objc_msg_lookup +[NXNumberUnsignedInt32 numberWithUnsignedInt32:]
  +[NXNumberUnsignedInt32 numberWithUnsignedInt32:] types=@20@0:8I16
    => IMP @0x0000000102a35d80
objc_lookup_class -[NXNumberUnsignedInt32] @0x0000000102a49bf0
objc_msg_lookup +[NXNumberUnsignedInt32 alloc]
  +[NXNumberUnsignedInt32 alloc] types=@16@0:8
  +[NXNumber alloc] types=@16@0:8
  +[NXObject alloc] types=@16@0:8
    => IMP @0x0000000102a36b40
objc_msg_lookup +[NXNumberUnsignedInt32 allocWithZone:]
  +[NXNumberUnsignedInt32 allocWithZone:] types=@24@0:8@16
  +[NXNumber allocWithZone:] types=@24@0:8@16
  +[NXObject allocWithZone:] types=@24@0:8@16
    => IMP @0x0000000102a36b8c
objc_lookup_class -[NXZone] @0x0000000102a4ab68
objc_msg_lookup +[NXZone defaultZone]
  +[NXZone defaultZone] types=@16@0:8
    => IMP @0x0000000102a380e4
objc_msg_lookup -[NXZone allocWithSize:]
  -[NXZone allocWithSize:] types=^v24@0:8Q16
    => IMP @0x0000000102a38104
objc_msg_lookup -[NXConstantString cStr]
  -[NXConstantString cStr] types=r*16@0:8
    => IMP @0x0000000102a3aed4
  allocWithSize: size=40 => @0x0000000140106be8
objc_msg_lookup -[NXNumberUnsignedInt32 initWithUnsignedInt32:]
  -[NXNumberUnsignedInt32 initWithUnsignedInt32:] types=@20@0:8I16
    => IMP @0x0000000102a35d04
objc_msg_lookup -[NXNumber init]
  -[NXNumber init] types=@16@0:8
  -[NXObject init] types=@16@0:8
  -[Object init] types=@16@0:8
objc_msg_lookup -[NXNumberUnsignedInt32 autorelease]
  -[NXNumberUnsignedInt32 autorelease] types=@16@0:8
  -[NXNumber autorelease] types=@16@0:8
  -[NXObject autorelease] types=@16@0:8
    => IMP @0x0000000102a36ed8
objc_lookup_class -[NXAutoreleasePool] @0x0000000102a48350
objc_msg_lookup +[NXAutoreleasePool currentPool]
  +[NXAutoreleasePool currentPool] types=@16@0:8
    => IMP @0x0000000102a33060
objc_msg_lookup -[NXAutoreleasePool addObject:]
  -[NXAutoreleasePool addObject:] types=v24@0:8@16
    => IMP @0x0000000102a330a4
objc_lookup_class -[NXObject] @0x0000000102a4a270
objc_msg_lookup +[NXObject class]
  +[NXObject class] types=#16@0:8
  +[Object class] types=#16@0:8
    => IMP @0x0000000102a3b104
objc_msg_lookup -[NXConstantString cStr]
  -[NXConstantString cStr] types=r*16@0:8
    => IMP @0x0000000102a3aed4
  autorelease retain: [NXNumberUnsignedInt32] @0x0000000140106be8
objc_lookup_class -[NXNumber] @0x0000000102a486b0
objc_msg_lookup +[NXNumber numberWithUnsignedInt64:]
  +[NXNumber numberWithUnsignedInt64:] types=@24@0:8Q16
    => IMP @0x0000000102a33630
objc_lookup_class -[NXNumberUnsignedInt64] @0x0000000102a49f80
objc_msg_lookup +[NXNumberUnsignedInt64 numberWithUnsignedInt64:]
  +[NXNumberUnsignedInt64 numberWithUnsignedInt64:] types=@24@0:8Q16
    => IMP @0x0000000102a3646c
objc_lookup_class -[NXNumberUnsignedInt64] @0x0000000102a49f80
objc_msg_lookup +[NXNumberUnsignedInt64 alloc]
  +[NXNumberUnsignedInt64 alloc] types=@16@0:8
  +[NXNumber alloc] types=@16@0:8
  +[NXObject alloc] types=@16@0:8
    => IMP @0x0000000102a36b40
objc_msg_lookup +[NXNumberUnsignedInt64 allocWithZone:]
  +[NXNumberUnsignedInt64 allocWithZone:] types=@24@0:8@16
  +[NXNumber allocWithZone:] types=@24@0:8@16
  +[NXObject allocWithZone:] types=@24@0:8@16
    => IMP @0x0000000102a36b8c
objc_lookup_class -[NXZone] @0x0000000102a4ab68
objc_msg_lookup +[NXZone defaultZone]
  +[NXZone defaultZone] types=@16@0:8
    => IMP @0x0000000102a380e4
objc_msg_lookup -[NXZone allocWithSize:]
  -[NXZone allocWithSize:] types=^v24@0:8Q16
    => IMP @0x0000000102a38104
objc_msg_lookup -[NXConstantString cStr]
  -[NXConstantString cStr] types=r*16@0:8
    => IMP @0x0000000102a3aed4
  allocWithSize: size=40 => @0x0000000140106ba8
objc_msg_lookup -[NXNumberUnsignedInt64 initWithUnsignedInt64:]
  -[NXNumberUnsignedInt64 initWithUnsignedInt64:] types=@24@0:8Q16
    => IMP @0x0000000102a363f0
objc_msg_lookup -[NXNumber init]
  -[NXNumber init] types=@16@0:8
  -[NXObject init] types=@16@0:8
  -[Object init] types=@16@0:8
objc_msg_lookup -[NXNumberUnsignedInt64 autorelease]
  -[NXNumberUnsignedInt64 autorelease] types=@16@0:8
  -[NXNumber autorelease] types=@16@0:8
  -[NXObject autorelease] types=@16@0:8
    => IMP @0x0000000102a36ed8
objc_lookup_class -[NXAutoreleasePool] @0x0000000102a48350
objc_msg_lookup +[NXAutoreleasePool currentPool]
  +[NXAutoreleasePool currentPool] types=@16@0:8
    => IMP @0x0000000102a33060
objc_msg_lookup -[NXAutoreleasePool addObject:]
  -[NXAutoreleasePool addObject:] types=v24@0:8@16
    => IMP @0x0000000102a330a4
objc_lookup_class -[NXObject] @0x0000000102a4a270
objc_msg_lookup +[NXObject class]
  +[NXObject class] types=#16@0:8
  +[Object class] types=#16@0:8
    => IMP @0x0000000102a3b104
objc_msg_lookup -[NXConstantString cStr]
  -[NXConstantString cStr] types=r*16@0:8
    => IMP @0x0000000102a3aed4
  autorelease retain: [NXNumberUnsignedInt64] @0x0000000140106ba8
objc_msg_lookup -[NXNumberUnsignedInt32 isEqual:]
  -[NXNumberUnsignedInt32 isEqual:] types=B24@0:8@16
    => IMP @0x0000000102a3622c
objc_msg_lookup -[NXNumberUnsignedInt64 isKindOfClass:]
  -[NXNumberUnsignedInt64 isKindOfClass:] types=B24@0:8#16
  -[NXNumber isKindOfClass:] types=B24@0:8#16
  -[NXObject isKindOfClass:] types=B24@0:8#16
  -[Object isKindOfClass:] types=B24@0:8#16
    => IMP @0x0000000102a3b1a8
objc_lookup_class -[NXNumberUnsignedInt32] @0x0000000102a49bf0
objc_msg_lookup +[NXNumberUnsignedInt32 class]
  +[NXNumberUnsignedInt32 class] types=#16@0:8
  +[NXNumber class] types=#16@0:8
  +[NXObject class] types=#16@0:8
  +[Object class] types=#16@0:8
    => IMP @0x0000000102a3b104
objc_msg_lookup -[NXNumberUnsignedInt64 isKindOfClass:]
  -[NXNumberUnsignedInt64 isKindOfClass:] types=B24@0:8#16
  -[NXNumber isKindOfClass:] types=B24@0:8#16
  -[NXObject isKindOfClass:] types=B24@0:8#16
  -[Object isKindOfClass:] types=B24@0:8#16
    => IMP @0x0000000102a3b1a8
objc_lookup_class -[NXNumber] @0x0000000102a486b0
objc_msg_lookup +[NXNumber class]
  +[NXNumber class] types=#16@0:8
  +[NXObject class] types=#16@0:8
  +[Object class] types=#16@0:8
    => IMP @0x0000000102a3b104
objc_msg_lookup -[NXNumberUnsignedInt64 int64Value]
  -[NXNumberUnsignedInt64 int64Value] types=q16@0:8
    => IMP @0x0000000102a368b8
objc_msg_lookup -[NXNumberUnsignedInt64 isEqual:]
  -[NXNumberUnsignedInt64 isEqual:] types=B24@0:8@16
    => IMP @0x0000000102a36960
objc_msg_lookup -[NXNumberUnsignedInt32 isKindOfClass:]
  -[NXNumberUnsignedInt32 isKindOfClass:] types=B24@0:8#16
  -[NXNumber isKindOfClass:] types=B24@0:8#16
  -[NXObject isKindOfClass:] types=B24@0:8#16
  -[Object isKindOfClass:] types=B24@0:8#16
    => IMP @0x0000000102a3b1a8
objc_lookup_class -[NXNumberUnsignedInt64] @0x0000000102a49f80
objc_msg_lookup +[NXNumberUnsignedInt64 class]
  +[NXNumberUnsignedInt64 class] types=#16@0:8
  +[NXNumber class] types=#16@0:8
  +[NXObject class] types=#16@0:8
  +[Object class] types=#16@0:8
    => IMP @0x0000000102a3b104
objc_msg_lookup -[NXNumberUnsignedInt32 isKindOfClass:]
  -[NXNumberUnsignedInt32 isKindOfClass:] types=B24@0:8#16
  -[NXNumber isKindOfClass:] types=B24@0:8#16
  -[NXObject isKindOfClass:] types=B24@0:8#16
  -[Object isKindOfClass:] types=B24@0:8#16
    => IMP @0x0000000102a3b1a8
objc_lookup_class -[NXNumber] @0x0000000102a486b0
objc_msg_lookup +[NXNumber class]
  +[NXNumber class] types=#16@0:8
  +[NXObject class] types=#16@0:8
  +[Object class] types=#16@0:8
    => IMP @0x0000000102a3b104
objc_msg_lookup -[NXNumberUnsignedInt32 int64Value]
  -[NXNumberUnsignedInt32 int64Value] types=q16@0:8
    => IMP @0x0000000102a3617c
objc_msg_lookup -[NXNumberInt32 isEqual:]
  -[NXNumberInt32 isEqual:] types=B24@0:8@16
    => IMP @0x0000000102a34c94
objc_msg_lookup -[NXNumberUnsignedInt32 isKindOfClass:]
  -[NXNumberUnsignedInt32 isKindOfClass:] types=B24@0:8#16
  -[NXNumber isKindOfClass:] types=B24@0:8#16
  -[NXObject isKindOfClass:] types=B24@0:8#16
  -[Object isKindOfClass:] types=B24@0:8#16
    => IMP @0x0000000102a3b1a8
objc_lookup_class -[NXNumberInt32] @0x0000000102a49120
objc_msg_lookup +[NXNumberInt32 class]
  +[NXNumberInt32 class] types=#16@0:8
  +[NXNumber class] types=#16@0:8
  +[NXObject class] types=#16@0:8
  +[Object class] types=#16@0:8
    => IMP @0x0000000102a3b104
objc_msg_lookup -[NXNumberUnsignedInt32 isKindOfClass:]
  -[NXNumberUnsignedInt32 isKindOfClass:] types=B24@0:8#16
  -[NXNumber isKindOfClass:] types=B24@0:8#16
  -[NXObject isKindOfClass:] types=B24@0:8#16
  -[Object isKindOfClass:] types=B24@0:8#16
    => IMP @0x0000000102a3b1a8
objc_lookup_class -[NXNumber] @0x0000000102a486b0
objc_msg_lookup +[NXNumber class]
  +[NXNumber class] types=#16@0:8
  +[NXObject class] types=#16@0:8
  +[Object class] types=#16@0:8
    => IMP @0x0000000102a3b104
objc_msg_lookup -[NXNumberUnsignedInt32 unsignedInt64Value]
  -[NXNumberUnsignedInt32 unsignedInt64Value] types=Q16@0:8
    => IMP @0x0000000102a3619c
objc_msg_lookup -[NXNumberUnsignedInt32 isEqual:]
  -[NXNumberUnsignedInt32 isEqual:] types=B24@0:8@16
    => IMP @0x0000000102a3622c
objc_msg_lookup -[NXNumberInt32 isKindOfClass:]
  -[NXNumberInt32 isKindOfClass:] types=B24@0:8#16
  -[NXNumber isKindOfClass:] types=B24@0:8#16
  -[NXObject isKindOfClass:] types=B24@0:8#16
  -[Object isKindOfClass:] types=B24@0:8#16
    => IMP @0x0000000102a3b1a8
objc_lookup_class -[NXNumberUnsignedInt32] @0x0000000102a49bf0
objc_msg_lookup +[NXNumberUnsignedInt32 class]
  +[NXNumberUnsignedInt32 class] types=#16@0:8
  +[NXNumber class] types=#16@0:8
  +[NXObject class] types=#16@0:8
  +[Object class] types=#16@0:8
    => IMP @0x0000000102a3b104
objc_msg_lookup -[NXNumberInt32 isKindOfClass:]
  -[NXNumberInt32 isKindOfClass:] types=B24@0:8#16
  -[NXNumber isKindOfClass:] types=B24@0:8#16
  -[NXObject isKindOfClass:] types=B24@0:8#16
  -[Object isKindOfClass:] types=B24@0:8#16
    => IMP @0x0000000102a3b1a8
objc_lookup_class -[NXNumber] @0x0000000102a486b0
objc_msg_lookup +[NXNumber class]
  +[NXNumber class] types=#16@0:8
  +[NXObject class] types=#16@0:8
  +[Object class] types=#16@0:8
    => IMP @0x0000000102a3b104
objc_msg_lookup -[NXNumberInt32 int64Value]
  -[NXNumberInt32 int64Value] types=q16@0:8
    => IMP @0x0000000102a34b9c
objc_msg_lookup -[NXNumberInt32 isEqual:]
  -[NXNumberInt32 isEqual:] types=B24@0:8@16
    => IMP @0x0000000102a34c94
objc_msg_lookup -[NXNumberUnsignedInt64 isKindOfClass:]
  -[NXNumberUnsignedInt64 isKindOfClass:] types=B24@0:8#16
  -[NXNumber isKindOfClass:] types=B24@0:8#16
  -[NXObject isKindOfClass:] types=B24@0:8#16
  -[Object isKindOfClass:] types=B24@0:8#16
    => IMP @0x0000000102a3b1a8
objc_lookup_class -[NXNumberInt32] @0x0000000102a49120
objc_msg_lookup +[NXNumberInt32 class]
  +[NXNumberInt32 class] types=#16@0:8
  +[NXNumber class] types=#16@0:8
  +[NXObject class] types=#16@0:8
  +[Object class] types=#16@0:8
    => IMP @0x0000000102a3b104
objc_msg_lookup -[NXNumberUnsignedInt64 isKindOfClass:]
  -[NXNumberUnsignedInt64 isKindOfClass:] types=B24@0:8#16
  -[NXNumber isKindOfClass:] types=B24@0:8#16
  -[NXObject isKindOfClass:] types=B24@0:8#16
  -[Object isKindOfClass:] types=B24@0:8#16
    => IMP @0x0000000102a3b1a8
objc_lookup_class -[NXNumber] @0x0000000102a486b0
objc_msg_lookup +[NXNumber class]
  +[NXNumber class] types=#16@0:8
  +[NXObject class] types=#16@0:8
  +[Object class] types=#16@0:8
    => IMP @0x0000000102a3b104
objc_msg_lookup -[NXNumberUnsignedInt64 unsignedInt64Value]
  -[NXNumberUnsignedInt64 unsignedInt64Value] types=Q16@0:8
    => IMP @0x0000000102a368d4
objc_msg_lookup -[NXNumberUnsignedInt64 isEqual:]
  -[NXNumberUnsignedInt64 isEqual:] types=B24@0:8@16
    => IMP @0x0000000102a36960
objc_msg_lookup -[NXNumberInt32 isKindOfClass:]
  -[NXNumberInt32 isKindOfClass:] types=B24@0:8#16
  -[NXNumber isKindOfClass:] types=B24@0:8#16
  -[NXObject isKindOfClass:] types=B24@0:8#16
  -[Object isKindOfClass:] types=B24@0:8#16
    => IMP @0x0000000102a3b1a8
objc_lookup_class -[NXNumberUnsignedInt64] @0x0000000102a49f80
objc_msg_lookup +[NXNumberUnsignedInt64 class]
  +[NXNumberUnsignedInt64 class] types=#16@0:8
  +[NXNumber class] types=#16@0:8
  +[NXObject class] types=#16@0:8
  +[Object class] types=#16@0:8
    => IMP @0x0000000102a3b104
objc_msg_lookup -[NXNumberInt32 isKindOfClass:]
  -[NXNumberInt32 isKindOfClass:] types=B24@0:8#16
  -[NXNumber isKindOfClass:] types=B24@0:8#16
  -[NXObject isKindOfClass:] types=B24@0:8#16
  -[Object isKindOfClass:] types=B24@0:8#16
    => IMP @0x0000000102a3b1a8
objc_lookup_class -[NXNumber] @0x0000000102a486b0
objc_msg_lookup +[NXNumber class]
  +[NXNumber class] types=#16@0:8
  +[NXObject class] types=#16@0:8
  +[Object class] types=#16@0:8
    => IMP @0x0000000102a3b104
objc_msg_lookup -[NXNumberInt32 int64Value]
  -[NXNumberInt32 int64Value] types=q16@0:8
    => IMP @0x0000000102a34b9c
objc_lookup_class -[NXNumber] @0x0000000102a486b0
objc_msg_lookup +[NXNumber numberWithInt32:]
  +[NXNumber numberWithInt32:] types=@20@0:8i16
    => IMP @0x0000000102a3351c
objc_lookup_class -[NXNumberInt32] @0x0000000102a49120
objc_msg_lookup +[NXNumberInt32 numberWithInt32:]
  +[NXNumberInt32 numberWithInt32:] types=@20@0:8i16
    => IMP @0x0000000102a34780
objc_lookup_class -[NXNumberInt32] @0x0000000102a49120
objc_msg_lookup +[NXNumberInt32 alloc]
  +[NXNumberInt32 alloc] types=@16@0:8
  +[NXNumber alloc] types=@16@0:8
  +[NXObject alloc] types=@16@0:8
    => IMP @0x0000000102a36b40
objc_msg_lookup +[NXNumberInt32 allocWithZone:]
  +[NXNumberInt32 allocWithZone:] types=@24@0:8@16
  +[NXNumber allocWithZone:] types=@24@0:8@16
  +[NXObject allocWithZone:] types=@24@0:8@16
    => IMP @0x0000000102a36b8c
objc_lookup_class -[NXZone] @0x0000000102a4ab68
objc_msg_lookup +[NXZone defaultZone]
  +[NXZone defaultZone] types=@16@0:8
    => IMP @0x0000000102a380e4
objc_msg_lookup -[NXZone allocWithSize:]
  -[NXZone allocWithSize:] types=^v24@0:8Q16
    => IMP @0x0000000102a38104
objc_msg_lookup -[NXConstantString cStr]
  -[NXConstantString cStr] types=r*16@0:8
    => IMP @0x0000000102a3aed4
  allocWithSize: size=40 => @0x0000000140106b68
objc_msg_lookup -[NXNumberInt32 initWithInt32:]
  -[NXNumberInt32 initWithInt32:] types=@20@0:8i16
    => IMP @0x0000000102a34704
objc_msg_lookup -[NXNumber init]
  -[NXNumber init] types=@16@0:8
  -[NXObject init] types=@16@0:8
  -[Object init] types=@16@0:8
objc_msg_lookup -[NXNumberInt32 autorelease]
  -[NXNumberInt32 autorelease] types=@16@0:8
  -[NXNumber autorelease] types=@16@0:8
  -[NXObject autorelease] types=@16@0:8
    => IMP @0x0000000102a36ed8
objc_lookup_class -[NXAutoreleasePool] @0x0000000102a48350
objc_msg_lookup +[NXAutoreleasePool currentPool]
  +[NXAutoreleasePool currentPool] types=@16@0:8
    => IMP @0x0000000102a33060
objc_msg_lookup -[NXAutoreleasePool addObject:]
  -[NXAutoreleasePool addObject:] types=v24@0:8@16
    => IMP @0x0000000102a330a4
objc_lookup_class -[NXObject] @0x0000000102a4a270
objc_msg_lookup +[NXObject class]
  +[NXObject class] types=#16@0:8
  +[Object class] types=#16@0:8
    => IMP @0x0000000102a3b104
objc_msg_lookup -[NXConstantString cStr]
  -[NXConstantString cStr] types=r*16@0:8
    => IMP @0x0000000102a3aed4
  autorelease retain: [NXNumberInt32] @0x0000000140106b68
objc_msg_lookup -[NXNumberInt32 isEqual:]
  -[NXNumberInt32 isEqual:] types=B24@0:8@16
    => IMP @0x0000000102a34c94
objc_msg_lookup -[NXNumberInt32 isKindOfClass:]
  -[NXNumberInt32 isKindOfClass:] types=B24@0:8#16
  -[NXNumber isKindOfClass:] types=B24@0:8#16
  -[NXObject isKindOfClass:] types=B24@0:8#16
  -[Object isKindOfClass:] types=B24@0:8#16
    => IMP @0x0000000102a3b1a8
objc_lookup_class -[NXNumberInt32] @0x0000000102a49120
objc_msg_lookup +[NXNumberInt32 class]
  +[NXNumberInt32 class] types=#16@0:8
  +[NXNumber class] types=#16@0:8
  +[NXObject class] types=#16@0:8
  +[Object class] types=#16@0:8
    => IMP @0x0000000102a3b104
objc_msg_lookup -[NXNumberInt32 isEqual:]
  -[NXNumberInt32 isEqual:] types=B24@0:8@16
    => IMP @0x0000000102a34c94
objc_msg_lookup -[NXNumberInt32 isKindOfClass:]
  -[NXNumberInt32 isKindOfClass:] types=B24@0:8#16
  -[NXNumber isKindOfClass:] types=B24@0:8#16
  -[NXObject isKindOfClass:] types=B24@0:8#16
  -[Object isKindOfClass:] types=B24@0:8#16
    => IMP @0x0000000102a3b1a8
objc_lookup_class -[NXNumberInt32] @0x0000000102a49120
objc_msg_lookup +[NXNumberInt32 class]
  +[NXNumberInt32 class] types=#16@0:8
  +[NXNumber class] types=#16@0:8
  +[NXObject class] types=#16@0:8
  +[Object class] types=#16@0:8
    => IMP @0x0000000102a3b104
objc_lookup_class -[NXNumber] @0x0000000102a486b0
objc_msg_lookup +[NXNumber numberWithInt32:]
  +[NXNumber numberWithInt32:] types=@20@0:8i16
    => IMP @0x0000000102a3351c
objc_lookup_class -[NXNumberInt32] @0x0000000102a49120
objc_msg_lookup +[NXNumberInt32 numberWithInt32:]
  +[NXNumberInt32 numberWithInt32:] types=@20@0:8i16
    => IMP @0x0000000102a34780
objc_lookup_class -[NXNumberInt32] @0x0000000102a49120
objc_msg_lookup +[NXNumberInt32 alloc]
  +[NXNumberInt32 alloc] types=@16@0:8
  +[NXNumber alloc] types=@16@0:8
  +[NXObject alloc] types=@16@0:8
    => IMP @0x0000000102a36b40
objc_msg_lookup +[NXNumberInt32 allocWithZone:]
  +[NXNumberInt32 allocWithZone:] types=@24@0:8@16
  +[NXNumber allocWithZone:] types=@24@0:8@16
  +[NXObject allocWithZone:] types=@24@0:8@16
    => IMP @0x0000000102a36b8c
objc_lookup_class -[NXZone] @0x0000000102a4ab68
objc_msg_lookup +[NXZone defaultZone]
  +[NXZone defaultZone] types=@16@0:8
    => IMP @0x0000000102a380e4
objc_msg_lookup -[NXZone allocWithSize:]
  -[NXZone allocWithSize:] types=^v24@0:8Q16
    => IMP @0x0000000102a38104
objc_msg_lookup -[NXConstantString cStr]
  -[NXConstantString cStr] types=r*16@0:8
    => IMP @0x0000000102a3aed4
  allocWithSize: size=40 => @0x0000000140106b28
objc_msg_lookup -[NXNumberInt32 initWithInt32:]
  -[NXNumberInt32 initWithInt32:] types=@20@0:8i16
    => IMP @0x0000000102a34704
objc_msg_lookup -[NXNumber init]
  -[NXNumber init] types=@16@0:8
  -[NXObject init] types=@16@0:8
  -[Object init] types=@16@0:8
objc_msg_lookup -[NXNumberInt32 autorelease]
  -[NXNumberInt32 autorelease] types=@16@0:8
  -[NXNumber autorelease] types=@16@0:8
  -[NXObject autorelease] types=@16@0:8
    => IMP @0x0000000102a36ed8
objc_lookup_class -[NXAutoreleasePool] @0x0000000102a48350
objc_msg_lookup +[NXAutoreleasePool currentPool]
  +[NXAutoreleasePool currentPool] types=@16@0:8
    => IMP @0x0000000102a33060
objc_msg_lookup -[NXAutoreleasePool addObject:]
  -[NXAutoreleasePool addObject:] types=v24@0:8@16
    => IMP @0x0000000102a330a4
objc_lookup_class -[NXObject] @0x0000000102a4a270
objc_msg_lookup +[NXObject class]
  +[NXObject class] types=#16@0:8
  +[Object class] types=#16@0:8
    => IMP @0x0000000102a3b104
objc_msg_lookup -[NXConstantString cStr]
  -[NXConstantString cStr] types=r*16@0:8
    => IMP @0x0000000102a3aed4
  autorelease retain: [NXNumberInt32] @0x0000000140106b28
objc_lookup_class -[NXNumber] @0x0000000102a486b0
objc_msg_lookup +[NXNumber numberWithUnsignedInt32:]
  +[NXNumber numberWithUnsignedInt32:] types=@20@0:8I16
    => IMP @0x0000000102a33578
objc_lookup_class -[NXNumberUnsignedInt32] @0x0000000102a49bf0
objc_msg_lookup +[NXNumberUnsignedInt32 numberWithUnsignedInt32:]
  +[NXNumberUnsignedInt32 numberWithUnsignedInt32:] types=@20@0:8I16
    => IMP @0x0000000102a35d80
objc_lookup_class -[NXNumberUnsignedInt32] @0x0000000102a49bf0
objc_msg_lookup +[NXNumberUnsignedInt32 alloc]
  +[NXNumberUnsignedInt32 alloc] types=@16@0:8
  +[NXNumber alloc] types=@16@0:8
  +[NXObject alloc] types=@16@0:8
    => IMP @0x0000000102a36b40
objc_msg_lookup +[NXNumberUnsignedInt32 allocWithZone:]
  +[NXNumberUnsignedInt32 allocWithZone:] types=@24@0:8@16
  +[NXNumber allocWithZone:] types=@24@0:8@16
  +[NXObject allocWithZone:] types=@24@0:8@16
    => IMP @0x0000000102a36b8c
objc_lookup_class -[NXZone] @0x0000000102a4ab68
objc_msg_lookup +[NXZone defaultZone]
  +[NXZone defaultZone] types=@16@0:8
    => IMP @0x0000000102a380e4
objc_msg_lookup -[NXZone allocWithSize:]
  -[NXZone allocWithSize:] types=^v24@0:8Q16
    => IMP @0x0000000102a38104
objc_msg_lookup -[NXConstantString cStr]
  -[NXConstantString cStr] types=r*16@0:8
    => IMP @0x0000000102a3aed4
  allocWithSize: size=40 => @0x0000000140106ae8
objc_msg_lookup -[NXNumberUnsignedInt32 initWithUnsignedInt32:]
  -[NXNumberUnsignedInt32 initWithUnsignedInt32:] types=@20@0:8I16
    => IMP @0x0000000102a35d04
objc_msg_lookup -[NXNumber init]
  -[NXNumber init] types=@16@0:8
  -[NXObject init] types=@16@0:8
  -[Object init] types=@16@0:8
objc_msg_lookup -[NXNumberUnsignedInt32 autorelease]
  -[NXNumberUnsignedInt32 autorelease] types=@16@0:8
  -[NXNumber autorelease] types=@16@0:8
  -[NXObject autorelease] types=@16@0:8
    => IMP @0x0000000102a36ed8
objc_lookup_class -[NXAutoreleasePool] @0x0000000102a48350
objc_msg_lookup +[NXAutoreleasePool currentPool]
  +[NXAutoreleasePool currentPool] types=@16@0:8
    => IMP @0x0000000102a33060
objc_msg_lookup -[NXAutoreleasePool addObject:]
  -[NXAutoreleasePool addObject:] types=v24@0:8@16
    => IMP @0x0000000102a330a4
objc_lookup_class -[NXObject] @0x0000000102a4a270
objc_msg_lookup +[NXObject class]
  +[NXObject class] types=#16@0:8
  +[Object class] types=#16@0:8
    => IMP @0x0000000102a3b104
objc_msg_lookup -[NXConstantString cStr]
  -[NXConstantString cStr] types=r*16@0:8
    => IMP @0x0000000102a3aed4
  autorelease retain: [NXNumberUnsignedInt32] @0x0000000140106ae8
objc_msg_lookup -[NXNumberInt32 isEqual:]
  -[NXNumberInt32 isEqual:] types=B24@0:8@16
    => IMP @0x0000000102a34c94
objc_msg_lookup -[NXNumberUnsignedInt32 isKindOfClass:]
  -[NXNumberUnsignedInt32 isKindOfClass:] types=B24@0:8#16
  -[NXNumber isKindOfClass:] types=B24@0:8#16
  -[NXObject isKindOfClass:] types=B24@0:8#16
  -[Object isKindOfClass:] types=B24@0:8#16
    => IMP @0x0000000102a3b1a8
objc_lookup_class -[NXNumberInt32] @0x0000000102a49120
objc_msg_lookup +[NXNumberInt32 class]
  +[NXNumberInt32 class] types=#16@0:8
  +[NXNumber class] types=#16@0:8
  +[NXObject class] types=#16@0:8
  +[Object class] types=#16@0:8
    => IMP @0x0000000102a3b104
objc_msg_lookup -[NXNumberUnsignedInt32 isKindOfClass:]
  -[NXNumberUnsignedInt32 isKindOfClass:] types=B24@0:8#16
  -[NXNumber isKindOfClass:] types=B24@0:8#16
  -[NXObject isKindOfClass:] types=B24@0:8#16
  -[Object isKindOfClass:] types=B24@0:8#16
    => IMP @0x0000000102a3b1a8
objc_lookup_class -[NXNumber] @0x0000000102a486b0
objc_msg_lookup +[NXNumber class]
  +[NXNumber class] types=#16@0:8
  +[NXObject class] types=#16@0:8
  +[Object class] types=#16@0:8
    => IMP @0x0000000102a3b104
objc_msg_lookup -[NXNumberUnsignedInt32 int64Value]
  -[NXNumberUnsignedInt32 int64Value] types=q16@0:8
    => IMP @0x0000000102a3617c
objc_msg_lookup -[NXNumberUnsignedInt32 isEqual:]
  -[NXNumberUnsignedInt32 isEqual:] types=B24@0:8@16
    => IMP @0x0000000102a3622c
objc_msg_lookup -[NXNumberInt32 isKindOfClass:]
  -[NXNumberInt32 isKindOfClass:] types=B24@0:8#16
  -[NXNumber isKindOfClass:] types=B24@0:8#16
  -[NXObject isKindOfClass:] types=B24@0:8#16
  -[Object isKindOfClass:] types=B24@0:8#16
    => IMP @0x0000000102a3b1a8
objc_lookup_class -[NXNumberUnsignedInt32] @0x0000000102a49bf0
objc_msg_lookup +[NXNumberUnsignedInt32 class]
  +[NXNumberUnsignedInt32 class] types=#16@0:8
  +[NXNumber class] types=#16@0:8
  +[NXObject class] types=#16@0:8
  +[Object class] types=#16@0:8
    => IMP @0x0000000102a3b104
objc_msg_lookup -[NXNumberInt32 isKindOfClass:]
  -[NXNumberInt32 isKindOfClass:] types=B24@0:8#16
  -[NXNumber isKindOfClass:] types=B24@0:8#16
  -[NXObject isKindOfClass:] types=B24@0:8#16
  -[Object isKindOfClass:] types=B24@0:8#16
    => IMP @0x0000000102a3b1a8
objc_lookup_class -[NXNumber] @0x0000000102a486b0
objc_msg_lookup +[NXNumber class]
  +[NXNumber class] types=#16@0:8
  +[NXObject class] types=#16@0:8
  +[Object class] types=#16@0:8
    => IMP @0x0000000102a3b104
objc_msg_lookup -[NXNumberInt32 int64Value]
  -[NXNumberInt32 int64Value] types=q16@0:8
    => IMP @0x0000000102a34b9c
objc_lookup_class -[NXNumber] @0x0000000102a486b0
objc_msg_lookup +[NXNumber numberWithInt32:]
  +[NXNumber numberWithInt32:] types=@20@0:8i16
    => IMP @0x0000000102a3351c
objc_lookup_class -[NXNumberInt32] @0x0000000102a49120
objc_msg_lookup +[NXNumberInt32 numberWithInt32:]
  +[NXNumberInt32 numberWithInt32:] types=@20@0:8i16
    => IMP @0x0000000102a34780
objc_lookup_class -[NXNumberInt32] @0x0000000102a49120
objc_msg_lookup +[NXNumberInt32 alloc]
  +[NXNumberInt32 alloc] types=@16@0:8
  +[NXNumber alloc] types=@16@0:8
  +[NXObject alloc] types=@16@0:8
    => IMP @0x0000000102a36b40
objc_msg_lookup +[NXNumberInt32 allocWithZone:]
  +[NXNumberInt32 allocWithZone:] types=@24@0:8@16
  +[NXNumber allocWithZone:] types=@24@0:8@16
  +[NXObject allocWithZone:] types=@24@0:8@16
    => IMP @0x0000000102a36b8c
objc_lookup_class -[NXZone] @0x0000000102a4ab68
objc_msg_lookup +[NXZone defaultZone]
  +[NXZone defaultZone] types=@16@0:8
    => IMP @0x0000000102a380e4
objc_msg_lookup -[NXZone allocWithSize:]
  -[NXZone allocWithSize:] types=^v24@0:8Q16
    => IMP @0x0000000102a38104
objc_msg_lookup -[NXConstantString cStr]
  -[NXConstantString cStr] types=r*16@0:8
    => IMP @0x0000000102a3aed4
  allocWithSize: size=40 => @0x0000000140106aa8
objc_msg_lookup -[NXNumberInt32 initWithInt32:]
  -[NXNumberInt32 initWithInt32:] types=@20@0:8i16
    => IMP @0x0000000102a34704
objc_msg_lookup -[NXNumber init]
  -[NXNumber init] types=@16@0:8
  -[NXObject init] types=@16@0:8
  -[Object init] types=@16@0:8
objc_msg_lookup -[NXNumberInt32 autorelease]
  -[NXNumberInt32 autorelease] types=@16@0:8
  -[NXNumber autorelease] types=@16@0:8
  -[NXObject autorelease] types=@16@0:8
    => IMP @0x0000000102a36ed8
objc_lookup_class -[NXAutoreleasePool] @0x0000000102a48350
objc_msg_lookup +[NXAutoreleasePool currentPool]
  +[NXAutoreleasePool currentPool] types=@16@0:8
    => IMP @0x0000000102a33060
objc_msg_lookup -[NXAutoreleasePool addObject:]
  -[NXAutoreleasePool addObject:] types=v24@0:8@16
    => IMP @0x0000000102a330a4
objc_lookup_class -[NXObject] @0x0000000102a4a270
objc_msg_lookup +[NXObject class]
  +[NXObject class] types=#16@0:8
  +[Object class] types=#16@0:8
    => IMP @0x0000000102a3b104
objc_msg_lookup -[NXConstantString cStr]
  -[NXConstantString cStr] types=r*16@0:8
    => IMP @0x0000000102a3aed4
  autorelease retain: [NXNumberInt32] @0x0000000140106aa8
objc_msg_lookup -[NXNumberInt32 description]
  -[NXNumberInt32 description] types=@16@0:8
    => IMP @0x0000000102a34c24
objc_lookup_class -[NXString] @0x0000000102a4a650
objc_msg_lookup +[NXString stringWithFormat:]
  +[NXString stringWithFormat:] types=@24@0:8@16
    => IMP @0x0000000102a3780c
objc_lookup_class -[NXAutoreleasePool] @0x0000000102a48350
objc_msg_lookup +[NXAutoreleasePool currentPool]
  +[NXAutoreleasePool currentPool] types=@16@0:8
    => IMP @0x0000000102a33060
objc_lookup_class -[NXString] @0x0000000102a4a650
objc_msg_lookup +[NXString alloc]
  +[NXString alloc] types=@16@0:8
  +[NXObject alloc] types=@16@0:8
    => IMP @0x0000000102a36b40
objc_msg_lookup +[NXString allocWithZone:]
  +[NXString allocWithZone:] types=@24@0:8@16
  +[NXObject allocWithZone:] types=@24@0:8@16
    => IMP @0x0000000102a36b8c
objc_lookup_class -[NXZone] @0x0000000102a4ab68
objc_msg_lookup +[NXZone defaultZone]
  +[NXZone defaultZone] types=@16@0:8
    => IMP @0x0000000102a380e4
objc_msg_lookup -[NXZone allocWithSize:]
  -[NXZone allocWithSize:] types=^v24@0:8Q16
    => IMP @0x0000000102a38104
objc_msg_lookup -[NXConstantString cStr]
  -[NXConstantString cStr] types=r*16@0:8
    => IMP @0x0000000102a3aed4
  allocWithSize: size=56 => @0x0000000140106a58
objc_msg_lookup -[NXConstantString cStr]
  -[NXConstantString cStr] types=r*16@0:8
    => IMP @0x0000000102a3aed4
objc_msg_lookup -[NXZone allocWithSize:]
  -[NXZone allocWithSize:] types=^v24@0:8Q16
    => IMP @0x0000000102a38104
objc_msg_lookup -[NXConstantString cStr]
  -[NXConstantString cStr] types=r*16@0:8
    => IMP @0x0000000102a3aed4
  allocWithSize: size=4 => @0x0000000140106a38
objc_msg_lookup -[NXString autorelease]
  -[NXString autorelease] types=@16@0:8
  -[NXObject autorelease] types=@16@0:8
    => IMP @0x0000000102a36ed8
objc_lookup_class -[NXAutoreleasePool] @0x0000000102a48350
objc_msg_lookup +[NXAutoreleasePool currentPool]
  +[NXAutoreleasePool currentPool] types=@16@0:8
    => IMP @0x0000000102a33060
objc_msg_lookup -[NXAutoreleasePool addObject:]
  -[NXAutoreleasePool addObject:] types=v24@0:8@16
    => IMP @0x0000000102a330a4
objc_lookup_class -[NXObject] @0x0000000102a4a270
objc_msg_lookup +[NXObject class]
  +[NXObject class] types=#16@0:8
  +[Object class] types=#16@0:8
    => IMP @0x0000000102a3b104
objc_msg_lookup -[NXConstantString cStr]
  -[NXConstantString cStr] types=r*16@0:8
    => IMP @0x0000000102a3aed4
  autorelease retain: [NXString] @0x0000000140106a58
objc_msg_lookup -[NXString cStr]
  -[NXString cStr] types=r*16@0:8
    => IMP @0x0000000102a37b38
objc_lookup_class -[NXNumber] @0x0000000102a486b0
objc_msg_lookup +[NXNumber numberWithInt32:]
  +[NXNumber numberWithInt32:] types=@20@0:8i16
    => IMP @0x0000000102a3351c
objc_lookup_class -[NXNumberInt32] @0x0000000102a49120
objc_msg_lookup +[NXNumberInt32 numberWithInt32:]
  +[NXNumberInt32 numberWithInt32:] types=@20@0:8i16
    => IMP @0x0000000102a34780
objc_lookup_class -[NXNumberInt32] @0x0000000102a49120
objc_msg_lookup +[NXNumberInt32 alloc]
  +[NXNumberInt32 alloc] types=@16@0:8
  +[NXNumber alloc] types=@16@0:8
  +[NXObject alloc] types=@16@0:8
    => IMP @0x0000000102a36b40
objc_msg_lookup +[NXNumberInt32 allocWithZone:]
  +[NXNumberInt32 allocWithZone:] types=@24@0:8@16
  +[NXNumber allocWithZone:] types=@24@0:8@16
  +[NXObject allocWithZone:] types=@24@0:8@16
    => IMP @0x0000000102a36b8c
objc_lookup_class -[NXZone] @0x0000000102a4ab68
objc_msg_lookup +[NXZone defaultZone]
  +[NXZone defaultZone] types=@16@0:8
    => IMP @0x0000000102a380e4
objc_msg_lookup -[NXZone allocWithSize:]
  -[NXZone allocWithSize:] types=^v24@0:8Q16
    => IMP @0x0000000102a38104
objc_msg_lookup -[NXConstantString cStr]
  -[NXConstantString cStr] types=r*16@0:8
    => IMP @0x0000000102a3aed4
  allocWithSize: size=40 => @0x00000001401069f8
objc_msg_lookup -[NXNumberInt32 initWithInt32:]
  -[NXNumberInt32 initWithInt32:] types=@20@0:8i16
    => IMP @0x0000000102a34704
objc_msg_lookup -[NXNumber init]
  -[NXNumber init] types=@16@0:8
  -[NXObject init] types=@16@0:8
  -[Object init] types=@16@0:8
objc_msg_lookup -[NXNumberInt32 autorelease]
  -[NXNumberInt32 autorelease] types=@16@0:8
  -[NXNumber autorelease] types=@16@0:8
  -[NXObject autorelease] types=@16@0:8
    => IMP @0x0000000102a36ed8
objc_lookup_class -[NXAutoreleasePool] @0x0000000102a48350
objc_msg_lookup +[NXAutoreleasePool currentPool]
  +[NXAutoreleasePool currentPool] types=@16@0:8
    => IMP @0x0000000102a33060
objc_msg_lookup -[NXAutoreleasePool addObject:]
  -[NXAutoreleasePool addObject:] types=v24@0:8@16
    => IMP @0x0000000102a330a4
objc_lookup_class -[NXObject] @0x0000000102a4a270
objc_msg_lookup +[NXObject class]
  +[NXObject class] types=#16@0:8
  +[Object class] types=#16@0:8
    => IMP @0x0000000102a3b104
objc_msg_lookup -[NXConstantString cStr]
  -[NXConstantString cStr] types=r*16@0:8
    => IMP @0x0000000102a3aed4
  autorelease retain: [NXNumberInt32] @0x00000001401069f8
objc_msg_lookup -[NXNumberInt32 description]
  -[NXNumberInt32 description] types=@16@0:8
    => IMP @0x0000000102a34c24
objc_lookup_class -[NXString] @0x0000000102a4a650
objc_msg_lookup +[NXString stringWithFormat:]
  +[NXString stringWithFormat:] types=@24@0:8@16
    => IMP @0x0000000102a3780c
objc_lookup_class -[NXAutoreleasePool] @0x0000000102a48350
objc_msg_lookup +[NXAutoreleasePool currentPool]
  +[NXAutoreleasePool currentPool] types=@16@0:8
    => IMP @0x0000000102a33060
objc_lookup_class -[NXString] @0x0000000102a4a650
objc_msg_lookup +[NXString alloc]
  +[NXString alloc] types=@16@0:8
  +[NXObject alloc] types=@16@0:8
    => IMP @0x0000000102a36b40
objc_msg_lookup +[NXString allocWithZone:]
  +[NXString allocWithZone:] types=@24@0:8@16
  +[NXObject allocWithZone:] types=@24@0:8@16
    => IMP @0x0000000102a36b8c
objc_lookup_class -[NXZone] @0x0000000102a4ab68
objc_msg_lookup +[NXZone defaultZone]
  +[NXZone defaultZone] types=@16@0:8
    => IMP @0x0000000102a380e4
objc_msg_lookup -[NXZone allocWithSize:]
  -[NXZone allocWithSize:] types=^v24@0:8Q16
    => IMP @0x0000000102a38104
objc_msg_lookup -[NXConstantString cStr]
  -[NXConstantString cStr] types=r*16@0:8
    => IMP @0x0000000102a3aed4
  allocWithSize: size=56 => @0x00000001401069a8
objc_msg_lookup -[NXConstantString cStr]
  -[NXConstantString cStr] types=r*16@0:8
    => IMP @0x0000000102a3aed4
objc_msg_lookup -[NXZone allocWithSize:]
  -[NXZone allocWithSize:] types=^v24@0:8Q16
    => IMP @0x0000000102a38104
objc_msg_lookup -[NXConstantString cStr]
  -[NXConstantString cStr] types=r*16@0:8
    => IMP @0x0000000102a3aed4
  allocWithSize: size=5 => @0x0000000140106988
objc_msg_lookup -[NXString autorelease]
  -[NXString autorelease] types=@16@0:8
  -[NXObject autorelease] types=@16@0:8
    => IMP @0x0000000102a36ed8
objc_lookup_class -[NXAutoreleasePool] @0x0000000102a48350
objc_msg_lookup +[NXAutoreleasePool currentPool]
  +[NXAutoreleasePool currentPool] types=@16@0:8
    => IMP @0x0000000102a33060
objc_msg_lookup -[NXAutoreleasePool addObject:]
  -[NXAutoreleasePool addObject:] types=v24@0:8@16
    => IMP @0x0000000102a330a4
objc_lookup_class -[NXObject] @0x0000000102a4a270
objc_msg_lookup +[NXObject class]
  +[NXObject class] types=#16@0:8
  +[Object class] types=#16@0:8
    => IMP @0x0000000102a3b104
objc_msg_lookup -[NXConstantString cStr]
  -[NXConstantString cStr] types=r*16@0:8
    => IMP @0x0000000102a3aed4
  autorelease retain: [NXString] @0x00000001401069a8
objc_msg_lookup -[NXString cStr]
  -[NXString cStr] types=r*16@0:8
    => IMP @0x0000000102a37b38
objc_lookup_class -[NXNumber] @0x0000000102a486b0
objc_msg_lookup +[NXNumber numberWithUnsignedInt32:]
  +[NXNumber numberWithUnsignedInt32:] types=@20@0:8I16
    => IMP @0x0000000102a33578
objc_lookup_class -[NXNumberUnsignedInt32] @0x0000000102a49bf0
objc_msg_lookup +[NXNumberUnsignedInt32 numberWithUnsignedInt32:]
  +[NXNumberUnsignedInt32 numberWithUnsignedInt32:] types=@20@0:8I16
    => IMP @0x0000000102a35d80
objc_lookup_class -[NXNumberUnsignedInt32] @0x0000000102a49bf0
objc_msg_lookup +[NXNumberUnsignedInt32 alloc]
  +[NXNumberUnsignedInt32 alloc] types=@16@0:8
  +[NXNumber alloc] types=@16@0:8
  +[NXObject alloc] types=@16@0:8
    => IMP @0x0000000102a36b40
objc_msg_lookup +[NXNumberUnsignedInt32 allocWithZone:]
  +[NXNumberUnsignedInt32 allocWithZone:] types=@24@0:8@16
  +[NXNumber allocWithZone:] types=@24@0:8@16
  +[NXObject allocWithZone:] types=@24@0:8@16
    => IMP @0x0000000102a36b8c
objc_lookup_class -[NXZone] @0x0000000102a4ab68
objc_msg_lookup +[NXZone defaultZone]
  +[NXZone defaultZone] types=@16@0:8
    => IMP @0x0000000102a380e4
objc_msg_lookup -[NXZone allocWithSize:]
  -[NXZone allocWithSize:] types=^v24@0:8Q16
    => IMP @0x0000000102a38104
objc_msg_lookup -[NXConstantString cStr]
  -[NXConstantString cStr] types=r*16@0:8
    => IMP @0x0000000102a3aed4
  allocWithSize: size=40 => @0x0000000140106948
objc_msg_lookup -[NXNumberUnsignedInt32 initWithUnsignedInt32:]
  -[NXNumberUnsignedInt32 initWithUnsignedInt32:] types=@20@0:8I16
    => IMP @0x0000000102a35d04
objc_msg_lookup -[NXNumber init]
  -[NXNumber init] types=@16@0:8
  -[NXObject init] types=@16@0:8
  -[Object init] types=@16@0:8
objc_msg_lookup -[NXNumberUnsignedInt32 autorelease]
  -[NXNumberUnsignedInt32 autorelease] types=@16@0:8
  -[NXNumber autorelease] types=@16@0:8
  -[NXObject autorelease] types=@16@0:8
    => IMP @0x0000000102a36ed8
objc_lookup_class -[NXAutoreleasePool] @0x0000000102a48350
objc_msg_lookup +[NXAutoreleasePool currentPool]
  +[NXAutoreleasePool currentPool] types=@16@0:8
    => IMP @0x0000000102a33060
objc_msg_lookup -[NXAutoreleasePool addObject:]
  -[NXAutoreleasePool addObject:] types=v24@0:8@16
    => IMP @0x0000000102a330a4
objc_lookup_class -[NXObject] @0x0000000102a4a270
objc_msg_lookup +[NXObject class]
  +[NXObject class] types=#16@0:8
  +[Object class] types=#16@0:8
    => IMP @0x0000000102a3b104
objc_msg_lookup -[NXConstantString cStr]
  -[NXConstantString cStr] types=r*16@0:8
    => IMP @0x0000000102a3aed4
  autorelease retain: [NXNumberUnsignedInt32] @0x0000000140106948
objc_msg_lookup -[NXNumberUnsignedInt32 description]
  -[NXNumberUnsignedInt32 description] types=@16@0:8
    => IMP @0x0000000102a361bc
objc_lookup_class -[NXString] @0x0000000102a4a650
objc_msg_lookup +[NXString stringWithFormat:]
  +[NXString stringWithFormat:] types=@24@0:8@16
    => IMP @0x0000000102a3780c
objc_lookup_class -[NXAutoreleasePool] @0x0000000102a48350
objc_msg_lookup +[NXAutoreleasePool currentPool]
  +[NXAutoreleasePool currentPool] types=@16@0:8
    => IMP @0x0000000102a33060
objc_lookup_class -[NXString] @0x0000000102a4a650
objc_msg_lookup +[NXString alloc]
  +[NXString alloc] types=@16@0:8
  +[NXObject alloc] types=@16@0:8
    => IMP @0x0000000102a36b40
objc_msg_lookup +[NXString allocWithZone:]
  +[NXString allocWithZone:] types=@24@0:8@16
  +[NXObject allocWithZone:] types=@24@0:8@16
    => IMP @0x0000000102a36b8c
objc_lookup_class -[NXZone] @0x0000000102a4ab68
objc_msg_lookup +[NXZone defaultZone]
  +[NXZone defaultZone] types=@16@0:8
    => IMP @0x0000000102a380e4
objc_msg_lookup -[NXZone allocWithSize:]
  -[NXZone allocWithSize:] types=^v24@0:8Q16
    => IMP @0x0000000102a38104
objc_msg_lookup -[NXConstantString cStr]
  -[NXConstantString cStr] types=r*16@0:8
    => IMP @0x0000000102a3aed4
  allocWithSize: size=56 => @0x00000001401068f8
objc_msg_lookup -[NXConstantString cStr]
  -[NXConstantString cStr] types=r*16@0:8
    => IMP @0x0000000102a3aed4
objc_msg_lookup -[NXZone allocWithSize:]
  -[NXZone allocWithSize:] types=^v24@0:8Q16
    => IMP @0x0000000102a38104
objc_msg_lookup -[NXConstantString cStr]
  -[NXConstantString cStr] types=r*16@0:8
    => IMP @0x0000000102a3aed4
  allocWithSize: size=4 => @0x00000001401068d8
objc_msg_lookup -[NXString autorelease]
  -[NXString autorelease] types=@16@0:8
  -[NXObject autorelease] types=@16@0:8
    => IMP @0x0000000102a36ed8
objc_lookup_class -[NXAutoreleasePool] @0x0000000102a48350
objc_msg_lookup +[NXAutoreleasePool currentPool]
  +[NXAutoreleasePool currentPool] types=@16@0:8
    => IMP @0x0000000102a33060
objc_msg_lookup -[NXAutoreleasePool addObject:]
  -[NXAutoreleasePool addObject:] types=v24@0:8@16
    => IMP @0x0000000102a330a4
objc_lookup_class -[NXObject] @0x0000000102a4a270
objc_msg_lookup +[NXObject class]
  +[NXObject class] types=#16@0:8
  +[Object class] types=#16@0:8
    => IMP @0x0000000102a3b104
objc_msg_lookup -[NXConstantString cStr]
  -[NXConstantString cStr] types=r*16@0:8
    => IMP @0x0000000102a3aed4
  autorelease retain: [NXString] @0x00000001401068f8
objc_msg_lookup -[NXString cStr]
  -[NXString cStr] types=r*16@0:8
    => IMP @0x0000000102a37b38
objc_lookup_class -[NXNumber] @0x0000000102a486b0
objc_msg_lookup +[NXNumber numberWithUnsignedInt32:]
  +[NXNumber numberWithUnsignedInt32:] types=@20@0:8I16
    => IMP @0x0000000102a33578
objc_lookup_class -[NXNumberUnsignedInt32] @0x0000000102a49bf0
objc_msg_lookup +[NXNumberUnsignedInt32 numberWithUnsignedInt32:]
  +[NXNumberUnsignedInt32 numberWithUnsignedInt32:] types=@20@0:8I16
    => IMP @0x0000000102a35d80
objc_lookup_class -[NXNumberUnsignedInt32] @0x0000000102a49bf0
objc_msg_lookup +[NXNumberUnsignedInt32 alloc]
  +[NXNumberUnsignedInt32 alloc] types=@16@0:8
  +[NXNumber alloc] types=@16@0:8
  +[NXObject alloc] types=@16@0:8
    => IMP @0x0000000102a36b40
objc_msg_lookup +[NXNumberUnsignedInt32 allocWithZone:]
  +[NXNumberUnsignedInt32 allocWithZone:] types=@24@0:8@16
  +[NXNumber allocWithZone:] types=@24@0:8@16
  +[NXObject allocWithZone:] types=@24@0:8@16
    => IMP @0x0000000102a36b8c
objc_lookup_class -[NXZone] @0x0000000102a4ab68
objc_msg_lookup +[NXZone defaultZone]
  +[NXZone defaultZone] types=@16@0:8
    => IMP @0x0000000102a380e4
objc_msg_lookup -[NXZone allocWithSize:]
  -[NXZone allocWithSize:] types=^v24@0:8Q16
    => IMP @0x0000000102a38104
objc_msg_lookup -[NXConstantString cStr]
  -[NXConstantString cStr] types=r*16@0:8
    => IMP @0x0000000102a3aed4
  allocWithSize: size=40 => @0x0000000140106898
objc_msg_lookup -[NXNumberUnsignedInt32 initWithUnsignedInt32:]
  -[NXNumberUnsignedInt32 initWithUnsignedInt32:] types=@20@0:8I16
    => IMP @0x0000000102a35d04
objc_msg_lookup -[NXNumber init]
  -[NXNumber init] types=@16@0:8
  -[NXObject init] types=@16@0:8
  -[Object init] types=@16@0:8
objc_msg_lookup -[NXNumberUnsignedInt32 autorelease]
  -[NXNumberUnsignedInt32 autorelease] types=@16@0:8
  -[NXNumber autorelease] types=@16@0:8
  -[NXObject autorelease] types=@16@0:8
    => IMP @0x0000000102a36ed8
objc_lookup_class -[NXAutoreleasePool] @0x0000000102a48350
objc_msg_lookup +[NXAutoreleasePool currentPool]
  +[NXAutoreleasePool currentPool] types=@16@0:8
    => IMP @0x0000000102a33060
objc_msg_lookup -[NXAutoreleasePool addObject:]
  -[NXAutoreleasePool addObject:] types=v24@0:8@16
    => IMP @0x0000000102a330a4
objc_lookup_class -[NXObject] @0x0000000102a4a270
objc_msg_lookup +[NXObject class]
  +[NXObject class] types=#16@0:8
  +[Object class] types=#16@0:8
    => IMP @0x0000000102a3b104
objc_msg_lookup -[NXConstantString cStr]
  -[NXConstantString cStr] types=r*16@0:8
    => IMP @0x0000000102a3aed4
  autorelease retain: [NXNumberUnsignedInt32] @0x0000000140106898
objc_msg_lookup -[NXNumberUnsignedInt32 description]
  -[NXNumberUnsignedInt32 description] types=@16@0:8
    => IMP @0x0000000102a361bc
objc_lookup_class -[NXString] @0x0000000102a4a650
objc_msg_lookup +[NXString stringWithFormat:]
  +[NXString stringWithFormat:] types=@24@0:8@16
    => IMP @0x0000000102a3780c
objc_lookup_class -[NXAutoreleasePool] @0x0000000102a48350
objc_msg_lookup +[NXAutoreleasePool currentPool]
  +[NXAutoreleasePool currentPool] types=@16@0:8
    => IMP @0x0000000102a33060
objc_lookup_class -[NXString] @0x0000000102a4a650
objc_msg_lookup +[NXString alloc]
  +[NXString alloc] types=@16@0:8
  +[NXObject alloc] types=@16@0:8
    => IMP @0x0000000102a36b40
objc_msg_lookup +[NXString allocWithZone:]
  +[NXString allocWithZone:] types=@24@0:8@16
  +[NXObject allocWithZone:] types=@24@0:8@16
    => IMP @0x0000000102a36b8c
objc_lookup_class -[NXZone] @0x0000000102a4ab68
objc_msg_lookup +[NXZone defaultZone]
  +[NXZone defaultZone] types=@16@0:8
    => IMP @0x0000000102a380e4
objc_msg_lookup -[NXZone allocWithSize:]
  -[NXZone allocWithSize:] types=^v24@0:8Q16
    => IMP @0x0000000102a38104
objc_msg_lookup -[NXConstantString cStr]
  -[NXConstantString cStr] types=r*16@0:8
    => IMP @0x0000000102a3aed4
  allocWithSize: size=56 => @0x0000000140106848
objc_msg_lookup -[NXConstantString cStr]
  -[NXConstantString cStr] types=r*16@0:8
    => IMP @0x0000000102a3aed4
objc_msg_lookup -[NXZone allocWithSize:]
  -[NXZone allocWithSize:] types=^v24@0:8Q16
    => IMP @0x0000000102a38104
objc_msg_lookup -[NXConstantString cStr]
  -[NXConstantString cStr] types=r*16@0:8
    => IMP @0x0000000102a3aed4
  allocWithSize: size=11 => @0x0000000140106820
objc_msg_lookup -[NXString autorelease]
  -[NXString autorelease] types=@16@0:8
  -[NXObject autorelease] types=@16@0:8
    => IMP @0x0000000102a36ed8
objc_lookup_class -[NXAutoreleasePool] @0x0000000102a48350
objc_msg_lookup +[NXAutoreleasePool currentPool]
  +[NXAutoreleasePool currentPool] types=@16@0:8
    => IMP @0x0000000102a33060
objc_msg_lookup -[NXAutoreleasePool addObject:]
  -[NXAutoreleasePool addObject:] types=v24@0:8@16
    => IMP @0x0000000102a330a4
objc_lookup_class -[NXObject] @0x0000000102a4a270
objc_msg_lookup +[NXObject class]
  +[NXObject class] types=#16@0:8
  +[Object class] types=#16@0:8
    => IMP @0x0000000102a3b104
objc_msg_lookup -[NXConstantString cStr]
  -[NXConstantString cStr] types=r*16@0:8
    => IMP @0x0000000102a3aed4
  autorelease retain: [NXString] @0x0000000140106848
objc_msg_lookup -[NXString cStr]
  -[NXString cStr] types=r*16@0:8
    => IMP @0x0000000102a37b38
objc_lookup_class -[NXNumber] @0x0000000102a486b0
objc_msg_lookup +[NXNumber numberWithInt16:]
  +[NXNumber numberWithInt16:] types=@20@0:8s16
    => IMP @0x0000000102a33454
objc_lookup_class -[NXNumberInt16] @0x0000000102a48d80
  __objc_class_register_methods -[NXNumberInt16] @0x0000000102a48d80 size=40
    -[NXNumberInt16 isEqual:] types=B24@0:8@16 imp=0x0000000102a344f0
    -[NXNumberInt16 description] types=@16@0:8 imp=0x0000000102a34480
    -[NXNumberInt16 unsignedInt64Value] types=Q16@0:8 imp=0x0000000102a34418
    -[NXNumberInt16 unsignedInt32Value] types=I16@0:8 imp=0x0000000102a343b4
    -[NXNumberInt16 unsignedInt16Value] types=S16@0:8 imp=0x0000000102a3434c
    -[NXNumberInt16 int64Value] types=q16@0:8 imp=0x0000000102a3432c
    -[NXNumberInt16 int32Value] types=i16@0:8 imp=0x0000000102a34310
    -[NXNumberInt16 int16Value] types=s16@0:8 imp=0x0000000102a342f4
    -[NXNumberInt16 boolValue] types=B16@0:8 imp=0x0000000102a342cc
    -[NXNumberInt16 initWithInt16:] types=@20@0:8s16 imp=0x0000000102a33fc8
objc_lookup_class -[NXNumber] @0x0000000102a486b0
  __objc_class_register_methods +[NXNumberInt16] @0x0000000102a48bf8 size=104
    +[NXNumberInt16 zeroValue] types=@16@0:8 imp=0x0000000102a34140
    +[NXNumberInt16 numberWithInt16:] types=@20@0:8s16 imp=0x0000000102a34048
objc_msg_lookup +[NXNumberInt16 numberWithInt16:]
  +[NXNumberInt16 numberWithInt16:] types=@20@0:8s16
    => IMP @0x0000000102a34048
  +[NXNumberInt16 initialize] 
objc_msg_lookup +[NXNumberInt16 initialize]
  +[NXNumberInt16 initialize] types=v16@0:8
  +[NXNumber initialize] types=v16@0:8
  +[NXObject initialize] types=v16@0:8
  +[Object initialize] types=v16@0:8
objc_lookup_class -[NXNumberInt16] @0x0000000102a48d80
objc_msg_lookup +[NXNumberInt16 alloc]
  +[NXNumberInt16 alloc] types=@16@0:8
  +[NXNumber alloc] types=@16@0:8
  +[NXObject alloc] types=@16@0:8
    => IMP @0x0000000102a36b40
objc_msg_lookup +[NXNumberInt16 allocWithZone:]
  +[NXNumberInt16 allocWithZone:] types=@24@0:8@16
  +[NXNumber allocWithZone:] types=@24@0:8@16
  +[NXObject allocWithZone:] types=@24@0:8@16
    => IMP @0x0000000102a36b8c
objc_lookup_class -[NXZone] @0x0000000102a4ab68
objc_msg_lookup +[NXZone defaultZone]
  +[NXZone defaultZone] types=@16@0:8
    => IMP @0x0000000102a380e4
objc_msg_lookup -[NXZone allocWithSize:]
  -[NXZone allocWithSize:] types=^v24@0:8Q16
    => IMP @0x0000000102a38104
objc_msg_lookup -[NXConstantString cStr]
  -[NXConstantString cStr] types=r*16@0:8
    => IMP @0x0000000102a3aed4
  allocWithSize: size=40 => @0x00000001401067e0
objc_msg_lookup -[NXNumberInt16 initWithInt16:]
  -[NXNumberInt16 initWithInt16:] types=@20@0:8s16
    => IMP @0x0000000102a33fc8
objc_msg_lookup -[NXNumber init]
  -[NXNumber init] types=@16@0:8
  -[NXObject init] types=@16@0:8
  -[Object init] types=@16@0:8
objc_msg_lookup -[NXNumberInt16 autorelease]
  -[NXNumberInt16 autorelease] types=@16@0:8
  -[NXNumber autorelease] types=@16@0:8
  -[NXObject autorelease] types=@16@0:8
    => IMP @0x0000000102a36ed8
objc_lookup_class -[NXAutoreleasePool] @0x0000000102a48350
objc_msg_lookup +[NXAutoreleasePool currentPool]
  +[NXAutoreleasePool currentPool] types=@16@0:8
    => IMP @0x0000000102a33060
objc_msg_lookup -[NXAutoreleasePool addObject:]
  -[NXAutoreleasePool addObject:] types=v24@0:8@16
    => IMP @0x0000000102a330a4
objc_lookup_class -[NXObject] @0x0000000102a4a270
objc_msg_lookup +[NXObject class]
  +[NXObject class] types=#16@0:8
  +[Object class] types=#16@0:8
    => IMP @0x0000000102a3b104
objc_msg_lookup -[NXConstantString cStr]
  -[NXConstantString cStr] types=r*16@0:8
    => IMP @0x0000000102a3aed4
  autorelease retain: [NXNumberInt16] @0x00000001401067e0
objc_msg_lookup -[NXNumberInt16 int16Value]
  -[NXNumberInt16 int16Value] types=s16@0:8
    => IMP @0x0000000102a342f4
objc_msg_lookup -[NXNumberInt16 int32Value]
  -[NXNumberInt16 int32Value] types=i16@0:8
    => IMP @0x0000000102a34310
objc_msg_lookup -[NXNumberInt16 int64Value]
  -[NXNumberInt16 int64Value] types=q16@0:8
    => IMP @0x0000000102a3432c
objc_lookup_class -[NXNumber] @0x0000000102a486b0
objc_msg_lookup +[NXNumber numberWithInt16:]
  +[NXNumber numberWithInt16:] types=@20@0:8s16
    => IMP @0x0000000102a33454
objc_lookup_class -[NXNumberInt16] @0x0000000102a48d80
objc_msg_lookup +[NXNumberInt16 numberWithInt16:]
  +[NXNumberInt16 numberWithInt16:] types=@20@0:8s16
    => IMP @0x0000000102a34048
objc_lookup_class -[NXNumberInt16] @0x0000000102a48d80
objc_msg_lookup +[NXNumberInt16 alloc]
  +[NXNumberInt16 alloc] types=@16@0:8
  +[NXNumber alloc] types=@16@0:8
  +[NXObject alloc] types=@16@0:8
    => IMP @0x0000000102a36b40
objc_msg_lookup +[NXNumberInt16 allocWithZone:]
  +[NXNumberInt16 allocWithZone:] types=@24@0:8@16
  +[NXNumber allocWithZone:] types=@24@0:8@16
  +[NXObject allocWithZone:] types=@24@0:8@16
    => IMP @0x0000000102a36b8c
objc_lookup_class -[NXZone] @0x0000000102a4ab68
objc_msg_lookup +[NXZone defaultZone]
  +[NXZone defaultZone] types=@16@0:8
    => IMP @0x0000000102a380e4
objc_msg_lookup -[NXZone allocWithSize:]
  -[NXZone allocWithSize:] types=^v24@0:8Q16
    => IMP @0x0000000102a38104
objc_msg_lookup -[NXConstantString cStr]
  -[NXConstantString cStr] types=r*16@0:8
    => IMP @0x0000000102a3aed4
  allocWithSize: size=40 => @0x00000001401067a0
objc_msg_lookup -[NXNumberInt16 initWithInt16:]
  -[NXNumberInt16 initWithInt16:] types=@20@0:8s16
    => IMP @0x0000000102a33fc8
objc_msg_lookup -[NXNumber init]
  -[NXNumber init] types=@16@0:8
  -[NXObject init] types=@16@0:8
  -[Object init] types=@16@0:8
objc_msg_lookup -[NXNumberInt16 autorelease]
  -[NXNumberInt16 autorelease] types=@16@0:8
  -[NXNumber autorelease] types=@16@0:8
  -[NXObject autorelease] types=@16@0:8
    => IMP @0x0000000102a36ed8
objc_lookup_class -[NXAutoreleasePool] @0x0000000102a48350
objc_msg_lookup +[NXAutoreleasePool currentPool]
  +[NXAutoreleasePool currentPool] types=@16@0:8
    => IMP @0x0000000102a33060
objc_msg_lookup -[NXAutoreleasePool addObject:]
  -[NXAutoreleasePool addObject:] types=v24@0:8@16
    => IMP @0x0000000102a330a4
objc_lookup_class -[NXObject] @0x0000000102a4a270
objc_msg_lookup +[NXObject class]
  +[NXObject class] types=#16@0:8
  +[Object class] types=#16@0:8
    => IMP @0x0000000102a3b104
objc_msg_lookup -[NXConstantString cStr]
  -[NXConstantString cStr] types=r*16@0:8
    => IMP @0x0000000102a3aed4
  autorelease retain: [NXNumberInt16] @0x00000001401067a0
objc_msg_lookup -[NXNumberInt16 int16Value]
  -[NXNumberInt16 int16Value] types=s16@0:8
    => IMP @0x0000000102a342f4
objc_msg_lookup -[NXNumberInt16 int32Value]
  -[NXNumberInt16 int32Value] types=i16@0:8
    => IMP @0x0000000102a34310
objc_msg_lookup -[NXNumberInt16 int64Value]
  -[NXNumberInt16 int64Value] types=q16@0:8
    => IMP @0x0000000102a3432c
objc_lookup_class -[NXNumber] @0x0000000102a486b0
objc_msg_lookup +[NXNumber numberWithInt16:]
  +[NXNumber numberWithInt16:] types=@20@0:8s16
    => IMP @0x0000000102a33454
objc_lookup_class -[NXNumberInt16] @0x0000000102a48d80
objc_msg_lookup +[NXNumberInt16 numberWithInt16:]
  +[NXNumberInt16 numberWithInt16:] types=@20@0:8s16
    => IMP @0x0000000102a34048
objc_lookup_class -[NXNumberInt16] @0x0000000102a48d80
objc_msg_lookup +[NXNumberInt16 zeroValue]
  +[NXNumberInt16 zeroValue] types=@16@0:8
    => IMP @0x0000000102a34140
objc_lookup_class -[NXAutoreleasePool] @0x0000000102a48350
objc_msg_lookup +[NXAutoreleasePool currentPool]
  +[NXAutoreleasePool currentPool] types=@16@0:8
    => IMP @0x0000000102a33060
objc_lookup_class -[NXNumberInt16] @0x0000000102a48d80
objc_msg_lookup +[NXNumberInt16 alloc]
  +[NXNumberInt16 alloc] types=@16@0:8
  +[NXNumber alloc] types=@16@0:8
  +[NXObject alloc] types=@16@0:8
    => IMP @0x0000000102a36b40
objc_msg_lookup +[NXNumberInt16 allocWithZone:]
  +[NXNumberInt16 allocWithZone:] types=@24@0:8@16
  +[NXNumber allocWithZone:] types=@24@0:8@16
  +[NXObject allocWithZone:] types=@24@0:8@16
    => IMP @0x0000000102a36b8c
objc_lookup_class -[NXZone] @0x0000000102a4ab68
objc_msg_lookup +[NXZone defaultZone]
  +[NXZone defaultZone] types=@16@0:8
    => IMP @0x0000000102a380e4
objc_msg_lookup -[NXZone allocWithSize:]
  -[NXZone allocWithSize:] types=^v24@0:8Q16
    => IMP @0x0000000102a38104
objc_msg_lookup -[NXConstantString cStr]
  -[NXConstantString cStr] types=r*16@0:8
    => IMP @0x0000000102a3aed4
  allocWithSize: size=40 => @0x0000000140106760
objc_msg_lookup -[NXNumberInt16 initWithInt16:]
  -[NXNumberInt16 initWithInt16:] types=@20@0:8s16
    => IMP @0x0000000102a33fc8
objc_msg_lookup -[NXNumber init]
  -[NXNumber init] types=@16@0:8
  -[NXObject init] types=@16@0:8
  -[Object init] types=@16@0:8
objc_msg_lookup -[NXNumberInt16 autorelease]
  -[NXNumberInt16 autorelease] types=@16@0:8
  -[NXNumber autorelease] types=@16@0:8
  -[NXObject autorelease] types=@16@0:8
    => IMP @0x0000000102a36ed8
objc_lookup_class -[NXAutoreleasePool] @0x0000000102a48350
objc_msg_lookup +[NXAutoreleasePool currentPool]
  +[NXAutoreleasePool currentPool] types=@16@0:8
    => IMP @0x0000000102a33060
objc_msg_lookup -[NXAutoreleasePool addObject:]
  -[NXAutoreleasePool addObject:] types=v24@0:8@16
    => IMP @0x0000000102a330a4
objc_lookup_class -[NXObject] @0x0000000102a4a270
objc_msg_lookup +[NXObject class]
  +[NXObject class] types=#16@0:8
  +[Object class] types=#16@0:8
    => IMP @0x0000000102a3b104
objc_msg_lookup -[NXConstantString cStr]
  -[NXConstantString cStr] types=r*16@0:8
    => IMP @0x0000000102a3aed4
  autorelease retain: [NXNumberInt16] @0x0000000140106760
objc_msg_lookup -[NXNumberInt16 int16Value]
  -[NXNumberInt16 int16Value] types=s16@0:8
    => IMP @0x0000000102a342f4
objc_msg_lookup -[NXNumberInt16 int32Value]
  -[NXNumberInt16 int32Value] types=i16@0:8
    => IMP @0x0000000102a34310
objc_msg_lookup -[NXNumberInt16 int64Value]
  -[NXNumberInt16 int64Value] types=q16@0:8
    => IMP @0x0000000102a3432c
objc_lookup_class -[NXNumber] @0x0000000102a486b0
objc_msg_lookup +[NXNumber numberWithInt16:]
  +[NXNumber numberWithInt16:] types=@20@0:8s16
    => IMP @0x0000000102a33454
objc_lookup_class -[NXNumberInt16] @0x0000000102a48d80
objc_msg_lookup +[NXNumberInt16 numberWithInt16:]
  +[NXNumberInt16 numberWithInt16:] types=@20@0:8s16
    => IMP @0x0000000102a34048
objc_lookup_class -[NXNumberInt16] @0x0000000102a48d80
objc_msg_lookup +[NXNumberInt16 alloc]
  +[NXNumberInt16 alloc] types=@16@0:8
  +[NXNumber alloc] types=@16@0:8
  +[NXObject alloc] types=@16@0:8
    => IMP @0x0000000102a36b40
objc_msg_lookup +[NXNumberInt16 allocWithZone:]
  +[NXNumberInt16 allocWithZone:] types=@24@0:8@16
  +[NXNumber allocWithZone:] types=@24@0:8@16
  +[NXObject allocWithZone:] types=@24@0:8@16
    => IMP @0x0000000102a36b8c
objc_lookup_class -[NXZone] @0x0000000102a4ab68
objc_msg_lookup +[NXZone defaultZone]
  +[NXZone defaultZone] types=@16@0:8
    => IMP @0x0000000102a380e4
objc_msg_lookup -[NXZone allocWithSize:]
  -[NXZone allocWithSize:] types=^v24@0:8Q16
    => IMP @0x0000000102a38104
objc_msg_lookup -[NXConstantString cStr]
  -[NXConstantString cStr] types=r*16@0:8
    => IMP @0x0000000102a3aed4
  allocWithSize: size=40 => @0x0000000140106720
objc_msg_lookup -[NXNumberInt16 initWithInt16:]
  -[NXNumberInt16 initWithInt16:] types=@20@0:8s16
    => IMP @0x0000000102a33fc8
objc_msg_lookup -[NXNumber init]
  -[NXNumber init] types=@16@0:8
  -[NXObject init] types=@16@0:8
  -[Object init] types=@16@0:8
objc_msg_lookup -[NXNumberInt16 autorelease]
  -[NXNumberInt16 autorelease] types=@16@0:8
  -[NXNumber autorelease] types=@16@0:8
  -[NXObject autorelease] types=@16@0:8
    => IMP @0x0000000102a36ed8
objc_lookup_class -[NXAutoreleasePool] @0x0000000102a48350
objc_msg_lookup +[NXAutoreleasePool currentPool]
  +[NXAutoreleasePool currentPool] types=@16@0:8
    => IMP @0x0000000102a33060
objc_msg_lookup -[NXAutoreleasePool addObject:]
  -[NXAutoreleasePool addObject:] types=v24@0:8@16
    => IMP @0x0000000102a330a4
objc_lookup_class -[NXObject] @0x0000000102a4a270
objc_msg_lookup +[NXObject class]
  +[NXObject class] types=#16@0:8
  +[Object class] types=#16@0:8
    => IMP @0x0000000102a3b104
objc_msg_lookup -[NXConstantString cStr]
  -[NXConstantString cStr] types=r*16@0:8
    => IMP @0x0000000102a3aed4
  autorelease retain: [NXNumberInt16] @0x0000000140106720
objc_msg_lookup -[NXNumberInt16 int16Value]
  -[NXNumberInt16 int16Value] types=s16@0:8
    => IMP @0x0000000102a342f4
objc_msg_lookup -[NXNumberInt16 int32Value]
  -[NXNumberInt16 int32Value] types=i16@0:8
    => IMP @0x0000000102a34310
objc_msg_lookup -[NXNumberInt16 int64Value]
  -[NXNumberInt16 int64Value] types=q16@0:8
    => IMP @0x0000000102a3432c
objc_lookup_class -[NXNumber] @0x0000000102a486b0
objc_msg_lookup +[NXNumber numberWithInt16:]
  +[NXNumber numberWithInt16:] types=@20@0:8s16
    => IMP @0x0000000102a33454
objc_lookup_class -[NXNumberInt16] @0x0000000102a48d80
objc_msg_lookup +[NXNumberInt16 numberWithInt16:]
  +[NXNumberInt16 numberWithInt16:] types=@20@0:8s16
    => IMP @0x0000000102a34048
objc_lookup_class -[NXNumberInt16] @0x0000000102a48d80
objc_msg_lookup +[NXNumberInt16 alloc]
  +[NXNumberInt16 alloc] types=@16@0:8
  +[NXNumber alloc] types=@16@0:8
  +[NXObject alloc] types=@16@0:8
    => IMP @0x0000000102a36b40
objc_msg_lookup +[NXNumberInt16 allocWithZone:]
  +[NXNumberInt16 allocWithZone:] types=@24@0:8@16
  +[NXNumber allocWithZone:] types=@24@0:8@16
  +[NXObject allocWithZone:] types=@24@0:8@16
    => IMP @0x0000000102a36b8c
objc_lookup_class -[NXZone] @0x0000000102a4ab68
objc_msg_lookup +[NXZone defaultZone]
  +[NXZone defaultZone] types=@16@0:8
    => IMP @0x0000000102a380e4
objc_msg_lookup -[NXZone allocWithSize:]
  -[NXZone allocWithSize:] types=^v24@0:8Q16
    => IMP @0x0000000102a38104
objc_msg_lookup -[NXConstantString cStr]
  -[NXConstantString cStr] types=r*16@0:8
    => IMP @0x0000000102a3aed4
  allocWithSize: size=40 => @0x00000001401066e0
objc_msg_lookup -[NXNumberInt16 initWithInt16:]
  -[NXNumberInt16 initWithInt16:] types=@20@0:8s16
    => IMP @0x0000000102a33fc8
objc_msg_lookup -[NXNumber init]
  -[NXNumber init] types=@16@0:8
  -[NXObject init] types=@16@0:8
  -[Object init] types=@16@0:8
objc_msg_lookup -[NXNumberInt16 autorelease]
  -[NXNumberInt16 autorelease] types=@16@0:8
  -[NXNumber autorelease] types=@16@0:8
  -[NXObject autorelease] types=@16@0:8
    => IMP @0x0000000102a36ed8
objc_lookup_class -[NXAutoreleasePool] @0x0000000102a48350
objc_msg_lookup +[NXAutoreleasePool currentPool]
  +[NXAutoreleasePool currentPool] types=@16@0:8
    => IMP @0x0000000102a33060
objc_msg_lookup -[NXAutoreleasePool addObject:]
  -[NXAutoreleasePool addObject:] types=v24@0:8@16
    => IMP @0x0000000102a330a4
objc_lookup_class -[NXObject] @0x0000000102a4a270
objc_msg_lookup +[NXObject class]
  +[NXObject class] types=#16@0:8
  +[Object class] types=#16@0:8
    => IMP @0x0000000102a3b104
objc_msg_lookup -[NXConstantString cStr]
  -[NXConstantString cStr] types=r*16@0:8
    => IMP @0x0000000102a3aed4
  autorelease retain: [NXNumberInt16] @0x00000001401066e0
objc_msg_lookup -[NXNumberInt16 int16Value]
  -[NXNumberInt16 int16Value] types=s16@0:8
    => IMP @0x0000000102a342f4
objc_msg_lookup -[NXNumberInt16 int32Value]
  -[NXNumberInt16 int32Value] types=i16@0:8
    => IMP @0x0000000102a34310
objc_msg_lookup -[NXNumberInt16 int64Value]
  -[NXNumberInt16 int64Value] types=q16@0:8
    => IMP @0x0000000102a3432c
objc_lookup_class -[NXNumber] @0x0000000102a486b0
objc_msg_lookup +[NXNumber numberWithUnsignedInt16:]
  +[NXNumber numberWithUnsignedInt16:] types=@20@0:8S16
    => IMP @0x0000000102a334b8
objc_lookup_class -[NXNumberUnsignedInt16] @0x0000000102a49860
  __objc_class_register_methods -[NXNumberUnsignedInt16] @0x0000000102a49860 size=40
    -[NXNumberUnsignedInt16 isEqual:] types=B24@0:8@16 imp=0x0000000102a35b4c
    -[NXNumberUnsignedInt16 description] types=@16@0:8 imp=0x0000000102a35adc
    -[NXNumberUnsignedInt16 unsignedInt64Value] types=Q16@0:8 imp=0x0000000102a35abc
    -[NXNumberUnsignedInt16 unsignedInt32Value] types=I16@0:8 imp=0x0000000102a35aa0
    -[NXNumberUnsignedInt16 unsignedInt16Value] types=S16@0:8 imp=0x0000000102a35a84
    -[NXNumberUnsignedInt16 int64Value] types=q16@0:8 imp=0x0000000102a35a64
    -[NXNumberUnsignedInt16 int32Value] types=i16@0:8 imp=0x0000000102a35a48
    -[NXNumberUnsignedInt16 int16Value] types=s16@0:8 imp=0x0000000102a359dc
    -[NXNumberUnsignedInt16 boolValue] types=B16@0:8 imp=0x0000000102a359b4
    -[NXNumberUnsignedInt16 initWithUnsignedInt16:] types=@20@0:8S16 imp=0x0000000102a356b0
objc_lookup_class -[NXNumber] @0x0000000102a486b0
  __objc_class_register_methods +[NXNumberUnsignedInt16] @0x0000000102a496d8 size=104
    +[NXNumberUnsignedInt16 zeroValue] types=@16@0:8 imp=0x0000000102a35828
    +[NXNumberUnsignedInt16 numberWithUnsignedInt16:] types=@20@0:8S16 imp=0x0000000102a35730
objc_msg_lookup +[NXNumberUnsignedInt16 numberWithUnsignedInt16:]
  +[NXNumberUnsignedInt16 numberWithUnsignedInt16:] types=@20@0:8S16
    => IMP @0x0000000102a35730
  +[NXNumberUnsignedInt16 initialize] 
objc_msg_lookup +[NXNumberUnsignedInt16 initialize]
  +[NXNumberUnsignedInt16 initialize] types=v16@0:8
  +[NXNumber initialize] types=v16@0:8
  +[NXObject initialize] types=v16@0:8
  +[Object initialize] types=v16@0:8
objc_lookup_class -[NXNumberUnsignedInt16] @0x0000000102a49860
objc_msg_lookup +[NXNumberUnsignedInt16 alloc]
  +[NXNumberUnsignedInt16 alloc] types=@16@0:8
  +[NXNumber alloc] types=@16@0:8
  +[NXObject alloc] types=@16@0:8
    => IMP @0x0000000102a36b40
objc_msg_lookup +[NXNumberUnsignedInt16 allocWithZone:]
  +[NXNumberUnsignedInt16 allocWithZone:] types=@24@0:8@16
  +[NXNumber allocWithZone:] types=@24@0:8@16
  +[NXObject allocWithZone:] types=@24@0:8@16
    => IMP @0x0000000102a36b8c
objc_lookup_class -[NXZone] @0x0000000102a4ab68
objc_msg_lookup +[NXZone defaultZone]
  +[NXZone defaultZone] types=@16@0:8
    => IMP @0x0000000102a380e4
objc_msg_lookup -[NXZone allocWithSize:]
  -[NXZone allocWithSize:] types=^v24@0:8Q16
    => IMP @0x0000000102a38104
objc_msg_lookup -[NXConstantString cStr]
  -[NXConstantString cStr] types=r*16@0:8
    => IMP @0x0000000102a3aed4
  allocWithSize: size=40 => @0x00000001401066a0
objc_msg_lookup -[NXNumberUnsignedInt16 initWithUnsignedInt16:]
  -[NXNumberUnsignedInt16 initWithUnsignedInt16:] types=@20@0:8S16
    => IMP @0x0000000102a356b0
objc_msg_lookup -[NXNumber init]
  -[NXNumber init] types=@16@0:8
  -[NXObject init] types=@16@0:8
  -[Object init] types=@16@0:8
objc_msg_lookup -[NXNumberUnsignedInt16 autorelease]
  -[NXNumberUnsignedInt16 autorelease] types=@16@0:8
  -[NXNumber autorelease] types=@16@0:8
  -[NXObject autorelease] types=@16@0:8
    => IMP @0x0000000102a36ed8
objc_lookup_class -[NXAutoreleasePool] @0x0000000102a48350
objc_msg_lookup +[NXAutoreleasePool currentPool]
  +[NXAutoreleasePool currentPool] types=@16@0:8
    => IMP @0x0000000102a33060
objc_msg_lookup -[NXAutoreleasePool addObject:]
  -[NXAutoreleasePool addObject:] types=v24@0:8@16
    => IMP @0x0000000102a330a4
objc_lookup_class -[NXObject] @0x0000000102a4a270
objc_msg_lookup +[NXObject class]
  +[NXObject class] types=#16@0:8
  +[Object class] types=#16@0:8
    => IMP @0x0000000102a3b104
objc_msg_lookup -[NXConstantString cStr]
  -[NXConstantString cStr] types=r*16@0:8
    => IMP @0x0000000102a3aed4
  autorelease retain: [NXNumberUnsignedInt16] @0x00000001401066a0
objc_msg_lookup -[NXNumberUnsignedInt16 unsignedInt16Value]
  -[NXNumberUnsignedInt16 unsignedInt16Value] types=S16@0:8
    => IMP @0x0000000102a35a84
objc_msg_lookup -[NXNumberUnsignedInt16 unsignedInt32Value]
  -[NXNumberUnsignedInt16 unsignedInt32Value] types=I16@0:8
    => IMP @0x0000000102a35aa0
objc_msg_lookup -[NXNumberUnsignedInt16 unsignedInt64Value]
  -[NXNumberUnsignedInt16 unsignedInt64Value] types=Q16@0:8
    => IMP @0x0000000102a35abc
objc_lookup_class -[NXNumber] @0x0000000102a486b0
objc_msg_lookup +[NXNumber numberWithUnsignedInt16:]
  +[NXNumber numberWithUnsignedInt16:] types=@20@0:8S16
    => IMP @0x0000000102a334b8
objc_lookup_class -[NXNumberUnsignedInt16] @0x0000000102a49860
objc_msg_lookup +[NXNumberUnsignedInt16 numberWithUnsignedInt16:]
  +[NXNumberUnsignedInt16 numberWithUnsignedInt16:] types=@20@0:8S16
    => IMP @0x0000000102a35730
objc_lookup_class -[NXNumberUnsignedInt16] @0x0000000102a49860
objc_msg_lookup +[NXNumberUnsignedInt16 zeroValue]
  +[NXNumberUnsignedInt16 zeroValue] types=@16@0:8
    => IMP @0x0000000102a35828
objc_lookup_class -[NXAutoreleasePool] @0x0000000102a48350
objc_msg_lookup +[NXAutoreleasePool currentPool]
  +[NXAutoreleasePool currentPool] types=@16@0:8
    => IMP @0x0000000102a33060
objc_lookup_class -[NXNumberUnsignedInt16] @0x0000000102a49860
objc_msg_lookup +[NXNumberUnsignedInt16 alloc]
  +[NXNumberUnsignedInt16 alloc] types=@16@0:8
  +[NXNumber alloc] types=@16@0:8
  +[NXObject alloc] types=@16@0:8
    => IMP @0x0000000102a36b40
objc_msg_lookup +[NXNumberUnsignedInt16 allocWithZone:]
  +[NXNumberUnsignedInt16 allocWithZone:] types=@24@0:8@16
  +[NXNumber allocWithZone:] types=@24@0:8@16
  +[NXObject allocWithZone:] types=@24@0:8@16
    => IMP @0x0000000102a36b8c
objc_lookup_class -[NXZone] @0x0000000102a4ab68
objc_msg_lookup +[NXZone defaultZone]
  +[NXZone defaultZone] types=@16@0:8
    => IMP @0x0000000102a380e4
objc_msg_lookup -[NXZone allocWithSize:]
  -[NXZone allocWithSize:] types=^v24@0:8Q16
    => IMP @0x0000000102a38104
objc_msg_lookup -[NXConstantString cStr]
  -[NXConstantString cStr] types=r*16@0:8
    => IMP @0x0000000102a3aed4
  allocWithSize: size=40 => @0x0000000140106660
objc_msg_lookup -[NXNumberUnsignedInt16 initWithUnsignedInt16:]
  -[NXNumberUnsignedInt16 initWithUnsignedInt16:] types=@20@0:8S16
    => IMP @0x0000000102a356b0
objc_msg_lookup -[NXNumber init]
  -[NXNumber init] types=@16@0:8
  -[NXObject init] types=@16@0:8
  -[Object init] types=@16@0:8
objc_msg_lookup -[NXNumberUnsignedInt16 autorelease]
  -[NXNumberUnsignedInt16 autorelease] types=@16@0:8
  -[NXNumber autorelease] types=@16@0:8
  -[NXObject autorelease] types=@16@0:8
    => IMP @0x0000000102a36ed8
objc_lookup_class -[NXAutoreleasePool] @0x0000000102a48350
objc_msg_lookup +[NXAutoreleasePool currentPool]
  +[NXAutoreleasePool currentPool] types=@16@0:8
    => IMP @0x0000000102a33060
objc_msg_lookup -[NXAutoreleasePool addObject:]
  -[NXAutoreleasePool addObject:] types=v24@0:8@16
    => IMP @0x0000000102a330a4
objc_lookup_class -[NXObject] @0x0000000102a4a270
objc_msg_lookup +[NXObject class]
  +[NXObject class] types=#16@0:8
  +[Object class] types=#16@0:8
    => IMP @0x0000000102a3b104
objc_msg_lookup -[NXConstantString cStr]
  -[NXConstantString cStr] types=r*16@0:8
    => IMP @0x0000000102a3aed4
  autorelease retain: [NXNumberUnsignedInt16] @0x0000000140106660
objc_msg_lookup -[NXNumberUnsignedInt16 unsignedInt16Value]
  -[NXNumberUnsignedInt16 unsignedInt16Value] types=S16@0:8
    => IMP @0x0000000102a35a84
objc_msg_lookup -[NXNumberUnsignedInt16 unsignedInt32Value]
  -[NXNumberUnsignedInt16 unsignedInt32Value] types=I16@0:8
    => IMP @0x0000000102a35aa0
objc_msg_lookup -[NXNumberUnsignedInt16 unsignedInt64Value]
  -[NXNumberUnsignedInt16 unsignedInt64Value] types=Q16@0:8
    => IMP @0x0000000102a35abc
objc_lookup_class -[NXNumber] @0x0000000102a486b0
objc_msg_lookup +[NXNumber numberWithUnsignedInt16:]
  +[NXNumber numberWithUnsignedInt16:] types=@20@0:8S16
    => IMP @0x0000000102a334b8
objc_lookup_class -[NXNumberUnsignedInt16] @0x0000000102a49860
objc_msg_lookup +[NXNumberUnsignedInt16 numberWithUnsignedInt16:]
  +[NXNumberUnsignedInt16 numberWithUnsignedInt16:] types=@20@0:8S16
    => IMP @0x0000000102a35730
objc_lookup_class -[NXNumberUnsignedInt16] @0x0000000102a49860
objc_msg_lookup +[NXNumberUnsignedInt16 alloc]
  +[NXNumberUnsignedInt16 alloc] types=@16@0:8
  +[NXNumber alloc] types=@16@0:8
  +[NXObject alloc] types=@16@0:8
    => IMP @0x0000000102a36b40
objc_msg_lookup +[NXNumberUnsignedInt16 allocWithZone:]
  +[NXNumberUnsignedInt16 allocWithZone:] types=@24@0:8@16
  +[NXNumber allocWithZone:] types=@24@0:8@16
  +[NXObject allocWithZone:] types=@24@0:8@16
    => IMP @0x0000000102a36b8c
objc_lookup_class -[NXZone] @0x0000000102a4ab68
objc_msg_lookup +[NXZone defaultZone]
  +[NXZone defaultZone] types=@16@0:8
    => IMP @0x0000000102a380e4
objc_msg_lookup -[NXZone allocWithSize:]
  -[NXZone allocWithSize:] types=^v24@0:8Q16
    => IMP @0x0000000102a38104
objc_msg_lookup -[NXConstantString cStr]
  -[NXConstantString cStr] types=r*16@0:8
    => IMP @0x0000000102a3aed4
  allocWithSize: size=40 => @0x0000000140106620
objc_msg_lookup -[NXNumberUnsignedInt16 initWithUnsignedInt16:]
  -[NXNumberUnsignedInt16 initWithUnsignedInt16:] types=@20@0:8S16
    => IMP @0x0000000102a356b0
objc_msg_lookup -[NXNumber init]
  -[NXNumber init] types=@16@0:8
  -[NXObject init] types=@16@0:8
  -[Object init] types=@16@0:8
objc_msg_lookup -[NXNumberUnsignedInt16 autorelease]
  -[NXNumberUnsignedInt16 autorelease] types=@16@0:8
  -[NXNumber autorelease] types=@16@0:8
  -[NXObject autorelease] types=@16@0:8
    => IMP @0x0000000102a36ed8
objc_lookup_class -[NXAutoreleasePool] @0x0000000102a48350
objc_msg_lookup +[NXAutoreleasePool currentPool]
  +[NXAutoreleasePool currentPool] types=@16@0:8
    => IMP @0x0000000102a33060
objc_msg_lookup -[NXAutoreleasePool addObject:]
  -[NXAutoreleasePool addObject:] types=v24@0:8@16
    => IMP @0x0000000102a330a4
objc_lookup_class -[NXObject] @0x0000000102a4a270
objc_msg_lookup +[NXObject class]
  +[NXObject class] types=#16@0:8
  +[Object class] types=#16@0:8
    => IMP @0x0000000102a3b104
objc_msg_lookup -[NXConstantString cStr]
  -[NXConstantString cStr] types=r*16@0:8
    => IMP @0x0000000102a3aed4
  autorelease retain: [NXNumberUnsignedInt16] @0x0000000140106620
objc_msg_lookup -[NXNumberUnsignedInt16 unsignedInt16Value]
  -[NXNumberUnsignedInt16 unsignedInt16Value] types=S16@0:8
    => IMP @0x0000000102a35a84
objc_msg_lookup -[NXNumberUnsignedInt16 unsignedInt32Value]
  -[NXNumberUnsignedInt16 unsignedInt32Value] types=I16@0:8
    => IMP @0x0000000102a35aa0
objc_msg_lookup -[NXNumberUnsignedInt16 unsignedInt64Value]
  -[NXNumberUnsignedInt16 unsignedInt64Value] types=Q16@0:8
    => IMP @0x0000000102a35abc
objc_lookup_class -[NXNumber] @0x0000000102a486b0
objc_msg_lookup +[NXNumber numberWithInt16:]
  +[NXNumber numberWithInt16:] types=@20@0:8s16
    => IMP @0x0000000102a33454
objc_lookup_class -[NXNumberInt16] @0x0000000102a48d80
objc_msg_lookup +[NXNumberInt16 numberWithInt16:]
  +[NXNumberInt16 numberWithInt16:] types=@20@0:8s16
    => IMP @0x0000000102a34048
objc_lookup_class -[NXNumberInt16] @0x0000000102a48d80
objc_msg_lookup +[NXNumberInt16 alloc]
  +[NXNumberInt16 alloc] types=@16@0:8
  +[NXNumber alloc] types=@16@0:8
  +[NXObject alloc] types=@16@0:8
    => IMP @0x0000000102a36b40
objc_msg_lookup +[NXNumberInt16 allocWithZone:]
  +[NXNumberInt16 allocWithZone:] types=@24@0:8@16
  +[NXNumber allocWithZone:] types=@24@0:8@16
  +[NXObject allocWithZone:] types=@24@0:8@16
    => IMP @0x0000000102a36b8c
objc_lookup_class -[NXZone] @0x0000000102a4ab68
objc_msg_lookup +[NXZone defaultZone]
  +[NXZone defaultZone] types=@16@0:8
    => IMP @0x0000000102a380e4
objc_msg_lookup -[NXZone allocWithSize:]
  -[NXZone allocWithSize:] types=^v24@0:8Q16
    => IMP @0x0000000102a38104
objc_msg_lookup -[NXConstantString cStr]
  -[NXConstantString cStr] types=r*16@0:8
    => IMP @0x0000000102a3aed4
  allocWithSize: size=40 => @0x00000001401065e0
objc_msg_lookup -[NXNumberInt16 initWithInt16:]
  -[NXNumberInt16 initWithInt16:] types=@20@0:8s16
    => IMP @0x0000000102a33fc8
objc_msg_lookup -[NXNumber init]
  -[NXNumber init] types=@16@0:8
  -[NXObject init] types=@16@0:8
  -[Object init] types=@16@0:8
objc_msg_lookup -[NXNumberInt16 autorelease]
  -[NXNumberInt16 autorelease] types=@16@0:8
  -[NXNumber autorelease] types=@16@0:8
  -[NXObject autorelease] types=@16@0:8
    => IMP @0x0000000102a36ed8
objc_lookup_class -[NXAutoreleasePool] @0x0000000102a48350
objc_msg_lookup +[NXAutoreleasePool currentPool]
  +[NXAutoreleasePool currentPool] types=@16@0:8
    => IMP @0x0000000102a33060
objc_msg_lookup -[NXAutoreleasePool addObject:]
  -[NXAutoreleasePool addObject:] types=v24@0:8@16
    => IMP @0x0000000102a330a4
objc_lookup_class -[NXObject] @0x0000000102a4a270
objc_msg_lookup +[NXObject class]
  +[NXObject class] types=#16@0:8
  +[Object class] types=#16@0:8
    => IMP @0x0000000102a3b104
objc_msg_lookup -[NXConstantString cStr]
  -[NXConstantString cStr] types=r*16@0:8
    => IMP @0x0000000102a3aed4
  autorelease retain: [NXNumberInt16] @0x00000001401065e0
objc_lookup_class -[NXNumber] @0x0000000102a486b0
objc_msg_lookup +[NXNumber numberWithInt32:]
  +[NXNumber numberWithInt32:] types=@20@0:8i16
    => IMP @0x0000000102a3351c
objc_lookup_class -[NXNumberInt32] @0x0000000102a49120
objc_msg_lookup +[NXNumberInt32 numberWithInt32:]
  +[NXNumberInt32 numberWithInt32:] types=@20@0:8i16
    => IMP @0x0000000102a34780
objc_lookup_class -[NXNumberInt32] @0x0000000102a49120
objc_msg_lookup +[NXNumberInt32 alloc]
  +[NXNumberInt32 alloc] types=@16@0:8
  +[NXNumber alloc] types=@16@0:8
  +[NXObject alloc] types=@16@0:8
    => IMP @0x0000000102a36b40
objc_msg_lookup +[NXNumberInt32 allocWithZone:]
  +[NXNumberInt32 allocWithZone:] types=@24@0:8@16
  +[NXNumber allocWithZone:] types=@24@0:8@16
  +[NXObject allocWithZone:] types=@24@0:8@16
    => IMP @0x0000000102a36b8c
objc_lookup_class -[NXZone] @0x0000000102a4ab68
objc_msg_lookup +[NXZone defaultZone]
  +[NXZone defaultZone] types=@16@0:8
    => IMP @0x0000000102a380e4
objc_msg_lookup -[NXZone allocWithSize:]
  -[NXZone allocWithSize:] types=^v24@0:8Q16
    => IMP @0x0000000102a38104
objc_msg_lookup -[NXConstantString cStr]
  -[NXConstantString cStr] types=r*16@0:8
    => IMP @0x0000000102a3aed4
  allocWithSize: size=40 => @0x00000001401065a0
objc_msg_lookup -[NXNumberInt32 initWithInt32:]
  -[NXNumberInt32 initWithInt32:] types=@20@0:8i16
    => IMP @0x0000000102a34704
objc_msg_lookup -[NXNumber init]
  -[NXNumber init] types=@16@0:8
  -[NXObject init] types=@16@0:8
  -[Object init] types=@16@0:8
objc_msg_lookup -[NXNumberInt32 autorelease]
  -[NXNumberInt32 autorelease] types=@16@0:8
  -[NXNumber autorelease] types=@16@0:8
  -[NXObject autorelease] types=@16@0:8
    => IMP @0x0000000102a36ed8
objc_lookup_class -[NXAutoreleasePool] @0x0000000102a48350
objc_msg_lookup +[NXAutoreleasePool currentPool]
  +[NXAutoreleasePool currentPool] types=@16@0:8
    => IMP @0x0000000102a33060
objc_msg_lookup -[NXAutoreleasePool addObject:]
  -[NXAutoreleasePool addObject:] types=v24@0:8@16
    => IMP @0x0000000102a330a4
objc_lookup_class -[NXObject] @0x0000000102a4a270
objc_msg_lookup +[NXObject class]
  +[NXObject class] types=#16@0:8
  +[Object class] types=#16@0:8
    => IMP @0x0000000102a3b104
objc_msg_lookup -[NXConstantString cStr]
  -[NXConstantString cStr] types=r*16@0:8
    => IMP @0x0000000102a3aed4
  autorelease retain: [NXNumberInt32] @0x00000001401065a0
objc_msg_lookup -[NXNumberInt16 isEqual:]
  -[NXNumberInt16 isEqual:] types=B24@0:8@16
    => IMP @0x0000000102a344f0
objc_msg_lookup -[NXNumberInt32 isKindOfClass:]
  -[NXNumberInt32 isKindOfClass:] types=B24@0:8#16
  -[NXNumber isKindOfClass:] types=B24@0:8#16
  -[NXObject isKindOfClass:] types=B24@0:8#16
  -[Object isKindOfClass:] types=B24@0:8#16
    => IMP @0x0000000102a3b1a8
objc_lookup_class -[NXNumberInt16] @0x0000000102a48d80
objc_msg_lookup +[NXNumberInt16 class]
  +[NXNumberInt16 class] types=#16@0:8
  +[NXNumber class] types=#16@0:8
  +[NXObject class] types=#16@0:8
  +[Object class] types=#16@0:8
    => IMP @0x0000000102a3b104
objc_msg_lookup -[NXNumberInt32 isKindOfClass:]
  -[NXNumberInt32 isKindOfClass:] types=B24@0:8#16
  -[NXNumber isKindOfClass:] types=B24@0:8#16
  -[NXObject isKindOfClass:] types=B24@0:8#16
  -[Object isKindOfClass:] types=B24@0:8#16
    => IMP @0x0000000102a3b1a8
objc_lookup_class -[NXNumber] @0x0000000102a486b0
objc_msg_lookup +[NXNumber class]
  +[NXNumber class] types=#16@0:8
  +[NXObject class] types=#16@0:8
  +[Object class] types=#16@0:8
    => IMP @0x0000000102a3b104
objc_msg_lookup -[NXNumberInt32 unsignedInt64Value]
  -[NXNumberInt32 unsignedInt64Value] types=Q16@0:8
    => IMP @0x0000000102a34bbc
objc_msg_lookup -[NXNumberInt32 isEqual:]
  -[NXNumberInt32 isEqual:] types=B24@0:8@16
    => IMP @0x0000000102a34c94
objc_msg_lookup -[NXNumberInt16 isKindOfClass:]
  -[NXNumberInt16 isKindOfClass:] types=B24@0:8#16
  -[NXNumber isKindOfClass:] types=B24@0:8#16
  -[NXObject isKindOfClass:] types=B24@0:8#16
  -[Object isKindOfClass:] types=B24@0:8#16
    => IMP @0x0000000102a3b1a8
objc_lookup_class -[NXNumberInt32] @0x0000000102a49120
objc_msg_lookup +[NXNumberInt32 class]
  +[NXNumberInt32 class] types=#16@0:8
  +[NXNumber class] types=#16@0:8
  +[NXObject class] types=#16@0:8
  +[Object class] types=#16@0:8
    => IMP @0x0000000102a3b104
objc_msg_lookup -[NXNumberInt16 isKindOfClass:]
  -[NXNumberInt16 isKindOfClass:] types=B24@0:8#16
  -[NXNumber isKindOfClass:] types=B24@0:8#16
  -[NXObject isKindOfClass:] types=B24@0:8#16
  -[Object isKindOfClass:] types=B24@0:8#16
    => IMP @0x0000000102a3b1a8
objc_lookup_class -[NXNumber] @0x0000000102a486b0
objc_msg_lookup +[NXNumber class]
  +[NXNumber class] types=#16@0:8
  +[NXObject class] types=#16@0:8
  +[Object class] types=#16@0:8
    => IMP @0x0000000102a3b104
objc_msg_lookup -[NXNumberInt16 unsignedInt64Value]
  -[NXNumberInt16 unsignedInt64Value] types=Q16@0:8
    => IMP @0x0000000102a34418
objc_lookup_class -[NXNumber] @0x0000000102a486b0
objc_msg_lookup +[NXNumber numberWithInt64:]
  +[NXNumber numberWithInt64:] types=@24@0:8q16
    => IMP @0x0000000102a335d4
objc_lookup_class -[NXNumberInt64] @0x0000000102a494c0
objc_msg_lookup +[NXNumberInt64 numberWithInt64:]
  +[NXNumberInt64 numberWithInt64:] types=@24@0:8q16
    => IMP @0x0000000102a34f24
objc_lookup_class -[NXNumberInt64] @0x0000000102a494c0
objc_msg_lookup +[NXNumberInt64 alloc]
  +[NXNumberInt64 alloc] types=@16@0:8
  +[NXNumber alloc] types=@16@0:8
  +[NXObject alloc] types=@16@0:8
    => IMP @0x0000000102a36b40
objc_msg_lookup +[NXNumberInt64 allocWithZone:]
  +[NXNumberInt64 allocWithZone:] types=@24@0:8@16
  +[NXNumber allocWithZone:] types=@24@0:8@16
  +[NXObject allocWithZone:] types=@24@0:8@16
    => IMP @0x0000000102a36b8c
objc_lookup_class -[NXZone] @0x0000000102a4ab68
objc_msg_lookup +[NXZone defaultZone]
  +[NXZone defaultZone] types=@16@0:8
    => IMP @0x0000000102a380e4
objc_msg_lookup -[NXZone allocWithSize:]
  -[NXZone allocWithSize:] types=^v24@0:8Q16
    => IMP @0x0000000102a38104
objc_msg_lookup -[NXConstantString cStr]
  -[NXConstantString cStr] types=r*16@0:8
    => IMP @0x0000000102a3aed4
  allocWithSize: size=40 => @0x0000000140106560
objc_msg_lookup -[NXNumberInt64 initWithInt64:]
  -[NXNumberInt64 initWithInt64:] types=@24@0:8q16
    => IMP @0x0000000102a34ea8
objc_msg_lookup -[NXNumber init]
  -[NXNumber init] types=@16@0:8
  -[NXObject init] types=@16@0:8
  -[Object init] types=@16@0:8
objc_msg_lookup -[NXNumberInt64 autorelease]
  -[NXNumberInt64 autorelease] types=@16@0:8
  -[NXNumber autorelease] types=@16@0:8
  -[NXObject autorelease] types=@16@0:8
    => IMP @0x0000000102a36ed8
objc_lookup_class -[NXAutoreleasePool] @0x0000000102a48350
objc_msg_lookup +[NXAutoreleasePool currentPool]
  +[NXAutoreleasePool currentPool] types=@16@0:8
    => IMP @0x0000000102a33060
objc_msg_lookup -[NXAutoreleasePool addObject:]
  -[NXAutoreleasePool addObject:] types=v24@0:8@16
    => IMP @0x0000000102a330a4
objc_lookup_class -[NXObject] @0x0000000102a4a270
objc_msg_lookup +[NXObject class]
  +[NXObject class] types=#16@0:8
  +[Object class] types=#16@0:8
    => IMP @0x0000000102a3b104
objc_msg_lookup -[NXConstantString cStr]
  -[NXConstantString cStr] types=r*16@0:8
    => IMP @0x0000000102a3aed4
  autorelease retain: [NXNumberInt64] @0x0000000140106560
objc_msg_lookup -[NXNumberInt16 isEqual:]
  -[NXNumberInt16 isEqual:] types=B24@0:8@16
    => IMP @0x0000000102a344f0
objc_msg_lookup -[NXNumberInt64 isKindOfClass:]
  -[NXNumberInt64 isKindOfClass:] types=B24@0:8#16
  -[NXNumber isKindOfClass:] types=B24@0:8#16
  -[NXObject isKindOfClass:] types=B24@0:8#16
  -[Object isKindOfClass:] types=B24@0:8#16
    => IMP @0x0000000102a3b1a8
objc_lookup_class -[NXNumberInt16] @0x0000000102a48d80
objc_msg_lookup +[NXNumberInt16 class]
  +[NXNumberInt16 class] types=#16@0:8
  +[NXNumber class] types=#16@0:8
  +[NXObject class] types=#16@0:8
  +[Object class] types=#16@0:8
    => IMP @0x0000000102a3b104
objc_msg_lookup -[NXNumberInt64 isKindOfClass:]
  -[NXNumberInt64 isKindOfClass:] types=B24@0:8#16
  -[NXNumber isKindOfClass:] types=B24@0:8#16
  -[NXObject isKindOfClass:] types=B24@0:8#16
  -[Object isKindOfClass:] types=B24@0:8#16
    => IMP @0x0000000102a3b1a8
objc_lookup_class -[NXNumber] @0x0000000102a486b0
objc_msg_lookup +[NXNumber class]
  +[NXNumber class] types=#16@0:8
  +[NXObject class] types=#16@0:8
  +[Object class] types=#16@0:8
    => IMP @0x0000000102a3b104
objc_msg_lookup -[NXNumberInt64 unsignedInt64Value]
  -[NXNumberInt64 unsignedInt64Value] types=Q16@0:8
    => IMP @0x0000000102a353d0
objc_msg_lookup -[NXNumberInt64 isEqual:]
  -[NXNumberInt64 isEqual:] types=B24@0:8@16
    => IMP @0x0000000102a354a4
objc_msg_lookup -[NXNumberInt16 isKindOfClass:]
  -[NXNumberInt16 isKindOfClass:] types=B24@0:8#16
  -[NXNumber isKindOfClass:] types=B24@0:8#16
  -[NXObject isKindOfClass:] types=B24@0:8#16
  -[Object isKindOfClass:] types=B24@0:8#16
    => IMP @0x0000000102a3b1a8
objc_lookup_class -[NXNumberInt64] @0x0000000102a494c0
objc_msg_lookup +[NXNumberInt64 class]
  +[NXNumberInt64 class] types=#16@0:8
  +[NXNumber class] types=#16@0:8
  +[NXObject class] types=#16@0:8
  +[Object class] types=#16@0:8
    => IMP @0x0000000102a3b104
objc_msg_lookup -[NXNumberInt16 isKindOfClass:]
  -[NXNumberInt16 isKindOfClass:] types=B24@0:8#16
  -[NXNumber isKindOfClass:] types=B24@0:8#16
  -[NXObject isKindOfClass:] types=B24@0:8#16
  -[Object isKindOfClass:] types=B24@0:8#16
    => IMP @0x0000000102a3b1a8
objc_lookup_class -[NXNumber] @0x0000000102a486b0
objc_msg_lookup +[NXNumber class]
  +[NXNumber class] types=#16@0:8
  +[NXObject class] types=#16@0:8
  +[Object class] types=#16@0:8
    => IMP @0x0000000102a3b104
objc_msg_lookup -[NXNumberInt16 unsignedInt64Value]
  -[NXNumberInt16 unsignedInt64Value] types=Q16@0:8
    => IMP @0x0000000102a34418
objc_lookup_class -[NXNumber] @0x0000000102a486b0
objc_msg_lookup +[NXNumber numberWithUnsignedInt16:]
  +[NXNumber numberWithUnsignedInt16:] types=@20@0:8S16
    => IMP @0x0000000102a334b8
objc_lookup_class -[NXNumberUnsignedInt16] @0x0000000102a49860
objc_msg_lookup +[NXNumberUnsignedInt16 numberWithUnsignedInt16:]
  +[NXNumberUnsignedInt16 numberWithUnsignedInt16:] types=@20@0:8S16
    => IMP @0x0000000102a35730
objc_lookup_class -[NXNumberUnsignedInt16] @0x0000000102a49860
objc_msg_lookup +[NXNumberUnsignedInt16 alloc]
  +[NXNumberUnsignedInt16 alloc] types=@16@0:8
  +[NXNumber alloc] types=@16@0:8
  +[NXObject alloc] types=@16@0:8
    => IMP @0x0000000102a36b40
objc_msg_lookup +[NXNumberUnsignedInt16 allocWithZone:]
  +[NXNumberUnsignedInt16 allocWithZone:] types=@24@0:8@16
  +[NXNumber allocWithZone:] types=@24@0:8@16
  +[NXObject allocWithZone:] types=@24@0:8@16
    => IMP @0x0000000102a36b8c
objc_lookup_class -[NXZone] @0x0000000102a4ab68
objc_msg_lookup +[NXZone defaultZone]
  +[NXZone defaultZone] types=@16@0:8
    => IMP @0x0000000102a380e4
objc_msg_lookup -[NXZone allocWithSize:]
  -[NXZone allocWithSize:] types=^v24@0:8Q16
    => IMP @0x0000000102a38104
objc_msg_lookup -[NXConstantString cStr]
  -[NXConstantString cStr] types=r*16@0:8
    => IMP @0x0000000102a3aed4
  allocWithSize: size=40 => @0x0000000140106520
objc_msg_lookup -[NXNumberUnsignedInt16 initWithUnsignedInt16:]
  -[NXNumberUnsignedInt16 initWithUnsignedInt16:] types=@20@0:8S16
    => IMP @0x0000000102a356b0
objc_msg_lookup -[NXNumber init]
  -[NXNumber init] types=@16@0:8
  -[NXObject init] types=@16@0:8
  -[Object init] types=@16@0:8
objc_msg_lookup -[NXNumberUnsignedInt16 autorelease]
  -[NXNumberUnsignedInt16 autorelease] types=@16@0:8
  -[NXNumber autorelease] types=@16@0:8
  -[NXObject autorelease] types=@16@0:8
    => IMP @0x0000000102a36ed8
objc_lookup_class -[NXAutoreleasePool] @0x0000000102a48350
objc_msg_lookup +[NXAutoreleasePool currentPool]
  +[NXAutoreleasePool currentPool] types=@16@0:8
    => IMP @0x0000000102a33060
objc_msg_lookup -[NXAutoreleasePool addObject:]
  -[NXAutoreleasePool addObject:] types=v24@0:8@16
    => IMP @0x0000000102a330a4
objc_lookup_class -[NXObject] @0x0000000102a4a270
objc_msg_lookup +[NXObject class]
  +[NXObject class] types=#16@0:8
  +[Object class] types=#16@0:8
    => IMP @0x0000000102a3b104
objc_msg_lookup -[NXConstantString cStr]
  -[NXConstantString cStr] types=r*16@0:8
    => IMP @0x0000000102a3aed4
  autorelease retain: [NXNumberUnsignedInt16] @0x0000000140106520
objc_lookup_class -[NXNumber] @0x0000000102a486b0
objc_msg_lookup +[NXNumber numberWithUnsignedInt32:]
  +[NXNumber numberWithUnsignedInt32:] types=@20@0:8I16
    => IMP @0x0000000102a33578
objc_lookup_class -[NXNumberUnsignedInt32] @0x0000000102a49bf0
objc_msg_lookup +[NXNumberUnsignedInt32 numberWithUnsignedInt32:]
  +[NXNumberUnsignedInt32 numberWithUnsignedInt32:] types=@20@0:8I16
    => IMP @0x0000000102a35d80
objc_lookup_class -[NXNumberUnsignedInt32] @0x0000000102a49bf0
objc_msg_lookup +[NXNumberUnsignedInt32 alloc]
  +[NXNumberUnsignedInt32 alloc] types=@16@0:8
  +[NXNumber alloc] types=@16@0:8
  +[NXObject alloc] types=@16@0:8
    => IMP @0x0000000102a36b40
objc_msg_lookup +[NXNumberUnsignedInt32 allocWithZone:]
  +[NXNumberUnsignedInt32 allocWithZone:] types=@24@0:8@16
  +[NXNumber allocWithZone:] types=@24@0:8@16
  +[NXObject allocWithZone:] types=@24@0:8@16
    => IMP @0x0000000102a36b8c
objc_lookup_class -[NXZone] @0x0000000102a4ab68
objc_msg_lookup +[NXZone defaultZone]
  +[NXZone defaultZone] types=@16@0:8
    => IMP @0x0000000102a380e4
objc_msg_lookup -[NXZone allocWithSize:]
  -[NXZone allocWithSize:] types=^v24@0:8Q16
    => IMP @0x0000000102a38104
objc_msg_lookup -[NXConstantString cStr]
  -[NXConstantString cStr] types=r*16@0:8
    => IMP @0x0000000102a3aed4
  allocWithSize: size=40 => @0x00000001401064e0
objc_msg_lookup -[NXNumberUnsignedInt32 initWithUnsignedInt32:]
  -[NXNumberUnsignedInt32 initWithUnsignedInt32:] types=@20@0:8I16
    => IMP @0x0000000102a35d04
objc_msg_lookup -[NXNumber init]
  -[NXNumber init] types=@16@0:8
  -[NXObject init] types=@16@0:8
  -[Object init] types=@16@0:8
objc_msg_lookup -[NXNumberUnsignedInt32 autorelease]
  -[NXNumberUnsignedInt32 autorelease] types=@16@0:8
  -[NXNumber autorelease] types=@16@0:8
  -[NXObject autorelease] types=@16@0:8
    => IMP @0x0000000102a36ed8
objc_lookup_class -[NXAutoreleasePool] @0x0000000102a48350
objc_msg_lookup +[NXAutoreleasePool currentPool]
  +[NXAutoreleasePool currentPool] types=@16@0:8
    => IMP @0x0000000102a33060
objc_msg_lookup -[NXAutoreleasePool addObject:]
  -[NXAutoreleasePool addObject:] types=v24@0:8@16
    => IMP @0x0000000102a330a4
objc_lookup_class -[NXObject] @0x0000000102a4a270
objc_msg_lookup +[NXObject class]
  +[NXObject class] types=#16@0:8
  +[Object class] types=#16@0:8
    => IMP @0x0000000102a3b104
objc_msg_lookup -[NXConstantString cStr]
  -[NXConstantString cStr] types=r*16@0:8
    => IMP @0x0000000102a3aed4
  autorelease retain: [NXNumberUnsignedInt32] @0x00000001401064e0
objc_msg_lookup -[NXNumberUnsignedInt16 isEqual:]
  -[NXNumberUnsignedInt16 isEqual:] types=B24@0:8@16
    => IMP @0x0000000102a35b4c
objc_msg_lookup -[NXNumberUnsignedInt32 isKindOfClass:]
  -[NXNumberUnsignedInt32 isKindOfClass:] types=B24@0:8#16
  -[NXNumber isKindOfClass:] types=B24@0:8#16
  -[NXObject isKindOfClass:] types=B24@0:8#16
  -[Object isKindOfClass:] types=B24@0:8#16
    => IMP @0x0000000102a3b1a8
objc_lookup_class -[NXNumberUnsignedInt16] @0x0000000102a49860
objc_msg_lookup +[NXNumberUnsignedInt16 class]
  +[NXNumberUnsignedInt16 class] types=#16@0:8
  +[NXNumber class] types=#16@0:8
  +[NXObject class] types=#16@0:8
  +[Object class] types=#16@0:8
    => IMP @0x0000000102a3b104
objc_msg_lookup -[NXNumberUnsignedInt32 isKindOfClass:]
  -[NXNumberUnsignedInt32 isKindOfClass:] types=B24@0:8#16
  -[NXNumber isKindOfClass:] types=B24@0:8#16
  -[NXObject isKindOfClass:] types=B24@0:8#16
  -[Object isKindOfClass:] types=B24@0:8#16
    => IMP @0x0000000102a3b1a8
objc_lookup_class -[NXNumber] @0x0000000102a486b0
objc_msg_lookup +[NXNumber class]
  +[NXNumber class] types=#16@0:8
  +[NXObject class] types=#16@0:8
  +[Object class] types=#16@0:8
    => IMP @0x0000000102a3b104
objc_msg_lookup -[NXNumberUnsignedInt32 unsignedInt64Value]
  -[NXNumberUnsignedInt32 unsignedInt64Value] types=Q16@0:8
    => IMP @0x0000000102a3619c
objc_msg_lookup -[NXNumberUnsignedInt32 isEqual:]
  -[NXNumberUnsignedInt32 isEqual:] types=B24@0:8@16
    => IMP @0x0000000102a3622c
objc_msg_lookup -[NXNumberUnsignedInt16 isKindOfClass:]
  -[NXNumberUnsignedInt16 isKindOfClass:] types=B24@0:8#16
  -[NXNumber isKindOfClass:] types=B24@0:8#16
  -[NXObject isKindOfClass:] types=B24@0:8#16
  -[Object isKindOfClass:] types=B24@0:8#16
    => IMP @0x0000000102a3b1a8
objc_lookup_class -[NXNumberUnsignedInt32] @0x0000000102a49bf0
objc_msg_lookup +[NXNumberUnsignedInt32 class]
  +[NXNumberUnsignedInt32 class] types=#16@0:8
  +[NXNumber class] types=#16@0:8
  +[NXObject class] types=#16@0:8
  +[Object class] types=#16@0:8
    => IMP @0x0000000102a3b104
objc_msg_lookup -[NXNumberUnsignedInt16 isKindOfClass:]
  -[NXNumberUnsignedInt16 isKindOfClass:] types=B24@0:8#16
  -[NXNumber isKindOfClass:] types=B24@0:8#16
  -[NXObject isKindOfClass:] types=B24@0:8#16
  -[Object isKindOfClass:] types=B24@0:8#16
    => IMP @0x0000000102a3b1a8
objc_lookup_class -[NXNumber] @0x0000000102a486b0
objc_msg_lookup +[NXNumber class]
  +[NXNumber class] types=#16@0:8
  +[NXObject class] types=#16@0:8
  +[Object class] types=#16@0:8
    => IMP @0x0000000102a3b104
objc_msg_lookup -[NXNumberUnsignedInt16 int64Value]
  -[NXNumberUnsignedInt16 int64Value] types=q16@0:8
    => IMP @0x0000000102a35a64
objc_lookup_class -[NXNumber] @0x0000000102a486b0
objc_msg_lookup +[NXNumber numberWithUnsignedInt64:]
  +[NXNumber numberWithUnsignedInt64:] types=@24@0:8Q16
    => IMP @0x0000000102a33630
objc_lookup_class -[NXNumberUnsignedInt64] @0x0000000102a49f80
objc_msg_lookup +[NXNumberUnsignedInt64 numberWithUnsignedInt64:]
  +[NXNumberUnsignedInt64 numberWithUnsignedInt64:] types=@24@0:8Q16
    => IMP @0x0000000102a3646c
objc_lookup_class -[NXNumberUnsignedInt64] @0x0000000102a49f80
objc_msg_lookup +[NXNumberUnsignedInt64 alloc]
  +[NXNumberUnsignedInt64 alloc] types=@16@0:8
  +[NXNumber alloc] types=@16@0:8
  +[NXObject alloc] types=@16@0:8
    => IMP @0x0000000102a36b40
objc_msg_lookup +[NXNumberUnsignedInt64 allocWithZone:]
  +[NXNumberUnsignedInt64 allocWithZone:] types=@24@0:8@16
  +[NXNumber allocWithZone:] types=@24@0:8@16
  +[NXObject allocWithZone:] types=@24@0:8@16
    => IMP @0x0000000102a36b8c
objc_lookup_class -[NXZone] @0x0000000102a4ab68
objc_msg_lookup +[NXZone defaultZone]
  +[NXZone defaultZone] types=@16@0:8
    => IMP @0x0000000102a380e4
objc_msg_lookup -[NXZone allocWithSize:]
  -[NXZone allocWithSize:] types=^v24@0:8Q16
    => IMP @0x0000000102a38104
objc_msg_lookup -[NXConstantString cStr]
  -[NXConstantString cStr] types=r*16@0:8
    => IMP @0x0000000102a3aed4
  allocWithSize: size=40 => @0x00000001401064a0
objc_msg_lookup -[NXNumberUnsignedInt64 initWithUnsignedInt64:]
  -[NXNumberUnsignedInt64 initWithUnsignedInt64:] types=@24@0:8Q16
    => IMP @0x0000000102a363f0
objc_msg_lookup -[NXNumber init]
  -[NXNumber init] types=@16@0:8
  -[NXObject init] types=@16@0:8
  -[Object init] types=@16@0:8
objc_msg_lookup -[NXNumberUnsignedInt64 autorelease]
  -[NXNumberUnsignedInt64 autorelease] types=@16@0:8
  -[NXNumber autorelease] types=@16@0:8
  -[NXObject autorelease] types=@16@0:8
    => IMP @0x0000000102a36ed8
objc_lookup_class -[NXAutoreleasePool] @0x0000000102a48350
objc_msg_lookup +[NXAutoreleasePool currentPool]
  +[NXAutoreleasePool currentPool] types=@16@0:8
    => IMP @0x0000000102a33060
objc_msg_lookup -[NXAutoreleasePool addObject:]
  -[NXAutoreleasePool addObject:] types=v24@0:8@16
    => IMP @0x0000000102a330a4
objc_lookup_class -[NXObject] @0x0000000102a4a270
objc_msg_lookup +[NXObject class]
  +[NXObject class] types=#16@0:8
  +[Object class] types=#16@0:8
    => IMP @0x0000000102a3b104
objc_msg_lookup -[NXConstantString cStr]
  -[NXConstantString cStr] types=r*16@0:8
    => IMP @0x0000000102a3aed4
  autorelease retain: [NXNumberUnsignedInt64] @0x00000001401064a0
objc_msg_lookup -[NXNumberUnsignedInt16 isEqual:]
  -[NXNumberUnsignedInt16 isEqual:] types=B24@0:8@16
    => IMP @0x0000000102a35b4c
objc_msg_lookup -[NXNumberUnsignedInt64 isKindOfClass:]
  -[NXNumberUnsignedInt64 isKindOfClass:] types=B24@0:8#16
  -[NXNumber isKindOfClass:] types=B24@0:8#16
  -[NXObject isKindOfClass:] types=B24@0:8#16
  -[Object isKindOfClass:] types=B24@0:8#16
    => IMP @0x0000000102a3b1a8
objc_lookup_class -[NXNumberUnsignedInt16] @0x0000000102a49860
objc_msg_lookup +[NXNumberUnsignedInt16 class]
  +[NXNumberUnsignedInt16 class] types=#16@0:8
  +[NXNumber class] types=#16@0:8
  +[NXObject class] types=#16@0:8
  +[Object class] types=#16@0:8
    => IMP @0x0000000102a3b104
objc_msg_lookup -[NXNumberUnsignedInt64 isKindOfClass:]
  -[NXNumberUnsignedInt64 isKindOfClass:] types=B24@0:8#16
  -[NXNumber isKindOfClass:] types=B24@0:8#16
  -[NXObject isKindOfClass:] types=B24@0:8#16
  -[Object isKindOfClass:] types=B24@0:8#16
    => IMP @0x0000000102a3b1a8
objc_lookup_class -[NXNumber] @0x0000000102a486b0
objc_msg_lookup +[NXNumber class]
  +[NXNumber class] types=#16@0:8
  +[NXObject class] types=#16@0:8
  +[Object class] types=#16@0:8
    => IMP @0x0000000102a3b104
objc_msg_lookup -[NXNumberUnsignedInt64 unsignedInt64Value]
  -[NXNumberUnsignedInt64 unsignedInt64Value] types=Q16@0:8
    => IMP @0x0000000102a368d4
objc_msg_lookup -[NXNumberUnsignedInt64 isEqual:]
  -[NXNumberUnsignedInt64 isEqual:] types=B24@0:8@16
    => IMP @0x0000000102a36960
objc_msg_lookup -[NXNumberUnsignedInt16 isKindOfClass:]
  -[NXNumberUnsignedInt16 isKindOfClass:] types=B24@0:8#16
  -[NXNumber isKindOfClass:] types=B24@0:8#16
  -[NXObject isKindOfClass:] types=B24@0:8#16
  -[Object isKindOfClass:] types=B24@0:8#16
    => IMP @0x0000000102a3b1a8
objc_lookup_class -[NXNumberUnsignedInt64] @0x0000000102a49f80
objc_msg_lookup +[NXNumberUnsignedInt64 class]
  +[NXNumberUnsignedInt64 class] types=#16@0:8
  +[NXNumber class] types=#16@0:8
  +[NXObject class] types=#16@0:8
  +[Object class] types=#16@0:8
    => IMP @0x0000000102a3b104
objc_msg_lookup -[NXNumberUnsignedInt16 isKindOfClass:]
  -[NXNumberUnsignedInt16 isKindOfClass:] types=B24@0:8#16
  -[NXNumber isKindOfClass:] types=B24@0:8#16
  -[NXObject isKindOfClass:] types=B24@0:8#16
  -[Object isKindOfClass:] types=B24@0:8#16
    => IMP @0x0000000102a3b1a8
objc_lookup_class -[NXNumber] @0x0000000102a486b0
objc_msg_lookup +[NXNumber class]
  +[NXNumber class] types=#16@0:8
  +[NXObject class] types=#16@0:8
  +[Object class] types=#16@0:8
    => IMP @0x0000000102a3b104
objc_msg_lookup -[NXNumberUnsignedInt16 int64Value]
  -[NXNumberUnsignedInt16 int64Value] types=q16@0:8
    => IMP @0x0000000102a35a64
objc_msg_lookup -[NXNumberInt16 isEqual:]
  -[NXNumberInt16 isEqual:] types=B24@0:8@16
    => IMP @0x0000000102a344f0
objc_msg_lookup -[NXNumberUnsignedInt16 isKindOfClass:]
  -[NXNumberUnsignedInt16 isKindOfClass:] types=B24@0:8#16
  -[NXNumber isKindOfClass:] types=B24@0:8#16
  -[NXObject isKindOfClass:] types=B24@0:8#16
  -[Object isKindOfClass:] types=B24@0:8#16
    => IMP @0x0000000102a3b1a8
objc_lookup_class -[NXNumberInt16] @0x0000000102a48d80
objc_msg_lookup +[NXNumberInt16 class]
  +[NXNumberInt16 class] types=#16@0:8
  +[NXNumber class] types=#16@0:8
  +[NXObject class] types=#16@0:8
  +[Object class] types=#16@0:8
    => IMP @0x0000000102a3b104
objc_msg_lookup -[NXNumberUnsignedInt16 isKindOfClass:]
  -[NXNumberUnsignedInt16 isKindOfClass:] types=B24@0:8#16
  -[NXNumber isKindOfClass:] types=B24@0:8#16
  -[NXObject isKindOfClass:] types=B24@0:8#16
  -[Object isKindOfClass:] types=B24@0:8#16
    => IMP @0x0000000102a3b1a8
objc_lookup_class -[NXNumber] @0x0000000102a486b0
objc_msg_lookup +[NXNumber class]
  +[NXNumber class] types=#16@0:8
  +[NXObject class] types=#16@0:8
  +[Object class] types=#16@0:8
    => IMP @0x0000000102a3b104
objc_msg_lookup -[NXNumberUnsignedInt16 unsignedInt64Value]
  -[NXNumberUnsignedInt16 unsignedInt64Value] types=Q16@0:8
    => IMP @0x0000000102a35abc
objc_msg_lookup -[NXNumberUnsignedInt16 isEqual:]
  -[NXNumberUnsignedInt16 isEqual:] types=B24@0:8@16
    => IMP @0x0000000102a35b4c
objc_msg_lookup -[NXNumberInt16 isKindOfClass:]
  -[NXNumberInt16 isKindOfClass:] types=B24@0:8#16
  -[NXNumber isKindOfClass:] types=B24@0:8#16
  -[NXObject isKindOfClass:] types=B24@0:8#16
  -[Object isKindOfClass:] types=B24@0:8#16
    => IMP @0x0000000102a3b1a8
objc_lookup_class -[NXNumberUnsignedInt16] @0x0000000102a49860
objc_msg_lookup +[NXNumberUnsignedInt16 class]
  +[NXNumberUnsignedInt16 class] types=#16@0:8
  +[NXNumber class] types=#16@0:8
  +[NXObject class] types=#16@0:8
  +[Object class] types=#16@0:8
    => IMP @0x0000000102a3b104
objc_msg_lookup -[NXNumberInt16 isKindOfClass:]
  -[NXNumberInt16 isKindOfClass:] types=B24@0:8#16
  -[NXNumber isKindOfClass:] types=B24@0:8#16
  -[NXObject isKindOfClass:] types=B24@0:8#16
  -[Object isKindOfClass:] types=B24@0:8#16
    => IMP @0x0000000102a3b1a8
objc_lookup_class -[NXNumber] @0x0000000102a486b0
objc_msg_lookup +[NXNumber class]
  +[NXNumber class] types=#16@0:8
  +[NXObject class] types=#16@0:8
  +[Object class] types=#16@0:8
    => IMP @0x0000000102a3b104
objc_msg_lookup -[NXNumberInt16 unsignedInt64Value]
  -[NXNumberInt16 unsignedInt64Value] types=Q16@0:8
    => IMP @0x0000000102a34418
objc_lookup_class -[NXNumber] @0x0000000102a486b0
objc_msg_lookup +[NXNumber numberWithInt16:]
  +[NXNumber numberWithInt16:] types=@20@0:8s16
    => IMP @0x0000000102a33454
objc_lookup_class -[NXNumberInt16] @0x0000000102a48d80
objc_msg_lookup +[NXNumberInt16 numberWithInt16:]
  +[NXNumberInt16 numberWithInt16:] types=@20@0:8s16
    => IMP @0x0000000102a34048
objc_lookup_class -[NXNumberInt16] @0x0000000102a48d80
objc_msg_lookup +[NXNumberInt16 alloc]
  +[NXNumberInt16 alloc] types=@16@0:8
  +[NXNumber alloc] types=@16@0:8
  +[NXObject alloc] types=@16@0:8
    => IMP @0x0000000102a36b40
objc_msg_lookup +[NXNumberInt16 allocWithZone:]
  +[NXNumberInt16 allocWithZone:] types=@24@0:8@16
  +[NXNumber allocWithZone:] types=@24@0:8@16
  +[NXObject allocWithZone:] types=@24@0:8@16
    => IMP @0x0000000102a36b8c
objc_lookup_class -[NXZone] @0x0000000102a4ab68
objc_msg_lookup +[NXZone defaultZone]
  +[NXZone defaultZone] types=@16@0:8
    => IMP @0x0000000102a380e4
objc_msg_lookup -[NXZone allocWithSize:]
  -[NXZone allocWithSize:] types=^v24@0:8Q16
    => IMP @0x0000000102a38104
objc_msg_lookup -[NXConstantString cStr]
  -[NXConstantString cStr] types=r*16@0:8
    => IMP @0x0000000102a3aed4
  allocWithSize: size=40 => @0x0000000140106460
objc_msg_lookup -[NXNumberInt16 initWithInt16:]
  -[NXNumberInt16 initWithInt16:] types=@20@0:8s16
    => IMP @0x0000000102a33fc8
objc_msg_lookup -[NXNumber init]
  -[NXNumber init] types=@16@0:8
  -[NXObject init] types=@16@0:8
  -[Object init] types=@16@0:8
objc_msg_lookup -[NXNumberInt16 autorelease]
  -[NXNumberInt16 autorelease] types=@16@0:8
  -[NXNumber autorelease] types=@16@0:8
  -[NXObject autorelease] types=@16@0:8
    => IMP @0x0000000102a36ed8
objc_lookup_class -[NXAutoreleasePool] @0x0000000102a48350
objc_msg_lookup +[NXAutoreleasePool currentPool]
  +[NXAutoreleasePool currentPool] types=@16@0:8
    => IMP @0x0000000102a33060
objc_msg_lookup -[NXAutoreleasePool addObject:]
  -[NXAutoreleasePool addObject:] types=v24@0:8@16
    => IMP @0x0000000102a330a4
objc_lookup_class -[NXObject] @0x0000000102a4a270
objc_msg_lookup +[NXObject class]
  +[NXObject class] types=#16@0:8
  +[Object class] types=#16@0:8
    => IMP @0x0000000102a3b104
objc_msg_lookup -[NXConstantString cStr]
  -[NXConstantString cStr] types=r*16@0:8
    => IMP @0x0000000102a3aed4
  autorelease retain: [NXNumberInt16] @0x0000000140106460
objc_msg_lookup -[NXNumberInt16 isEqual:]
  -[NXNumberInt16 isEqual:] types=B24@0:8@16
    => IMP @0x0000000102a344f0
objc_msg_lookup -[NXNumberInt16 isKindOfClass:]
  -[NXNumberInt16 isKindOfClass:] types=B24@0:8#16
  -[NXNumber isKindOfClass:] types=B24@0:8#16
  -[NXObject isKindOfClass:] types=B24@0:8#16
  -[Object isKindOfClass:] types=B24@0:8#16
    => IMP @0x0000000102a3b1a8
objc_lookup_class -[NXNumberInt16] @0x0000000102a48d80
objc_msg_lookup +[NXNumberInt16 class]
  +[NXNumberInt16 class] types=#16@0:8
  +[NXNumber class] types=#16@0:8
  +[NXObject class] types=#16@0:8
  +[Object class] types=#16@0:8
    => IMP @0x0000000102a3b104
objc_msg_lookup -[NXNumberInt16 isEqual:]
  -[NXNumberInt16 isEqual:] types=B24@0:8@16
    => IMP @0x0000000102a344f0
objc_msg_lookup -[NXNumberInt16 isKindOfClass:]
  -[NXNumberInt16 isKindOfClass:] types=B24@0:8#16
  -[NXNumber isKindOfClass:] types=B24@0:8#16
  -[NXObject isKindOfClass:] types=B24@0:8#16
  -[Object isKindOfClass:] types=B24@0:8#16
    => IMP @0x0000000102a3b1a8
objc_lookup_class -[NXNumberInt16] @0x0000000102a48d80
objc_msg_lookup +[NXNumberInt16 class]
  +[NXNumberInt16 class] types=#16@0:8
  +[NXNumber class] types=#16@0:8
  +[NXObject class] types=#16@0:8
  +[Object class] types=#16@0:8
    => IMP @0x0000000102a3b104
objc_lookup_class -[NXNumber] @0x0000000102a486b0
objc_msg_lookup +[NXNumber numberWithInt16:]
  +[NXNumber numberWithInt16:] types=@20@0:8s16
    => IMP @0x0000000102a33454
objc_lookup_class -[NXNumberInt16] @0x0000000102a48d80
objc_msg_lookup +[NXNumberInt16 numberWithInt16:]
  +[NXNumberInt16 numberWithInt16:] types=@20@0:8s16
    => IMP @0x0000000102a34048
objc_lookup_class -[NXNumberInt16] @0x0000000102a48d80
objc_msg_lookup +[NXNumberInt16 alloc]
  +[NXNumberInt16 alloc] types=@16@0:8
  +[NXNumber alloc] types=@16@0:8
  +[NXObject alloc] types=@16@0:8
    => IMP @0x0000000102a36b40
objc_msg_lookup +[NXNumberInt16 allocWithZone:]
  +[NXNumberInt16 allocWithZone:] types=@24@0:8@16
  +[NXNumber allocWithZone:] types=@24@0:8@16
  +[NXObject allocWithZone:] types=@24@0:8@16
    => IMP @0x0000000102a36b8c
objc_lookup_class -[NXZone] @0x0000000102a4ab68
objc_msg_lookup +[NXZone defaultZone]
  +[NXZone defaultZone] types=@16@0:8
    => IMP @0x0000000102a380e4
objc_msg_lookup -[NXZone allocWithSize:]
  -[NXZone allocWithSize:] types=^v24@0:8Q16
    => IMP @0x0000000102a38104
objc_msg_lookup -[NXConstantString cStr]
  -[NXConstantString cStr] types=r*16@0:8
    => IMP @0x0000000102a3aed4
  allocWithSize: size=40 => @0x0000000140106420
objc_msg_lookup -[NXNumberInt16 initWithInt16:]
  -[NXNumberInt16 initWithInt16:] types=@20@0:8s16
    => IMP @0x0000000102a33fc8
objc_msg_lookup -[NXNumber init]
  -[NXNumber init] types=@16@0:8
  -[NXObject init] types=@16@0:8
  -[Object init] types=@16@0:8
objc_msg_lookup -[NXNumberInt16 autorelease]
  -[NXNumberInt16 autorelease] types=@16@0:8
  -[NXNumber autorelease] types=@16@0:8
  -[NXObject autorelease] types=@16@0:8
    => IMP @0x0000000102a36ed8
objc_lookup_class -[NXAutoreleasePool] @0x0000000102a48350
objc_msg_lookup +[NXAutoreleasePool currentPool]
  +[NXAutoreleasePool currentPool] types=@16@0:8
    => IMP @0x0000000102a33060
objc_msg_lookup -[NXAutoreleasePool addObject:]
  -[NXAutoreleasePool addObject:] types=v24@0:8@16
    => IMP @0x0000000102a330a4
objc_lookup_class -[NXObject] @0x0000000102a4a270
objc_msg_lookup +[NXObject class]
  +[NXObject class] types=#16@0:8
  +[Object class] types=#16@0:8
    => IMP @0x0000000102a3b104
objc_msg_lookup -[NXConstantString cStr]
  -[NXConstantString cStr] types=r*16@0:8
    => IMP @0x0000000102a3aed4
  autorelease retain: [NXNumberInt16] @0x0000000140106420
objc_msg_lookup -[NXNumberInt16 isEqual:]
  -[NXNumberInt16 isEqual:] types=B24@0:8@16
    => IMP @0x0000000102a344f0
objc_msg_lookup -[NXNumberInt16 isKindOfClass:]
  -[NXNumberInt16 isKindOfClass:] types=B24@0:8#16
  -[NXNumber isKindOfClass:] types=B24@0:8#16
  -[NXObject isKindOfClass:] types=B24@0:8#16
  -[Object isKindOfClass:] types=B24@0:8#16
    => IMP @0x0000000102a3b1a8
objc_lookup_class -[NXNumberInt16] @0x0000000102a48d80
objc_msg_lookup +[NXNumberInt16 class]
  +[NXNumberInt16 class] types=#16@0:8
  +[NXNumber class] types=#16@0:8
  +[NXObject class] types=#16@0:8
  +[Object class] types=#16@0:8
    => IMP @0x0000000102a3b104
objc_msg_lookup -[NXNumberInt16 isEqual:]
  -[NXNumberInt16 isEqual:] types=B24@0:8@16
    => IMP @0x0000000102a344f0
objc_msg_lookup -[NXNumberInt16 isKindOfClass:]
  -[NXNumberInt16 isKindOfClass:] types=B24@0:8#16
  -[NXNumber isKindOfClass:] types=B24@0:8#16
  -[NXObject isKindOfClass:] types=B24@0:8#16
  -[Object isKindOfClass:] types=B24@0:8#16
    => IMP @0x0000000102a3b1a8
objc_lookup_class -[NXNumberInt16] @0x0000000102a48d80
objc_msg_lookup +[NXNumberInt16 class]
  +[NXNumberInt16 class] types=#16@0:8
  +[NXNumber class] types=#16@0:8
  +[NXObject class] types=#16@0:8
  +[Object class] types=#16@0:8
    => IMP @0x0000000102a3b104
objc_lookup_class -[NXNumber] @0x0000000102a486b0
objc_msg_lookup +[NXNumber numberWithInt16:]
  +[NXNumber numberWithInt16:] types=@20@0:8s16
    => IMP @0x0000000102a33454
objc_lookup_class -[NXNumberInt16] @0x0000000102a48d80
objc_msg_lookup +[NXNumberInt16 numberWithInt16:]
  +[NXNumberInt16 numberWithInt16:] types=@20@0:8s16
    => IMP @0x0000000102a34048
objc_lookup_class -[NXNumberInt16] @0x0000000102a48d80
objc_msg_lookup +[NXNumberInt16 alloc]
  +[NXNumberInt16 alloc] types=@16@0:8
  +[NXNumber alloc] types=@16@0:8
  +[NXObject alloc] types=@16@0:8
    => IMP @0x0000000102a36b40
objc_msg_lookup +[NXNumberInt16 allocWithZone:]
  +[NXNumberInt16 allocWithZone:] types=@24@0:8@16
  +[NXNumber allocWithZone:] types=@24@0:8@16
  +[NXObject allocWithZone:] types=@24@0:8@16
    => IMP @0x0000000102a36b8c
objc_lookup_class -[NXZone] @0x0000000102a4ab68
objc_msg_lookup +[NXZone defaultZone]
  +[NXZone defaultZone] types=@16@0:8
    => IMP @0x0000000102a380e4
objc_msg_lookup -[NXZone allocWithSize:]
  -[NXZone allocWithSize:] types=^v24@0:8Q16
    => IMP @0x0000000102a38104
objc_msg_lookup -[NXConstantString cStr]
  -[NXConstantString cStr] types=r*16@0:8
    => IMP @0x0000000102a3aed4
  allocWithSize: size=40 => @0x00000001401063e0
objc_msg_lookup -[NXNumberInt16 initWithInt16:]
  -[NXNumberInt16 initWithInt16:] types=@20@0:8s16
    => IMP @0x0000000102a33fc8
objc_msg_lookup -[NXNumber init]
  -[NXNumber init] types=@16@0:8
  -[NXObject init] types=@16@0:8
  -[Object init] types=@16@0:8
objc_msg_lookup -[NXNumberInt16 autorelease]
  -[NXNumberInt16 autorelease] types=@16@0:8
  -[NXNumber autorelease] types=@16@0:8
  -[NXObject autorelease] types=@16@0:8
    => IMP @0x0000000102a36ed8
objc_lookup_class -[NXAutoreleasePool] @0x0000000102a48350
objc_msg_lookup +[NXAutoreleasePool currentPool]
  +[NXAutoreleasePool currentPool] types=@16@0:8
    => IMP @0x0000000102a33060
objc_msg_lookup -[NXAutoreleasePool addObject:]
  -[NXAutoreleasePool addObject:] types=v24@0:8@16
    => IMP @0x0000000102a330a4
objc_lookup_class -[NXObject] @0x0000000102a4a270
objc_msg_lookup +[NXObject class]
  +[NXObject class] types=#16@0:8
  +[Object class] types=#16@0:8
    => IMP @0x0000000102a3b104
objc_msg_lookup -[NXConstantString cStr]
  -[NXConstantString cStr] types=r*16@0:8
    => IMP @0x0000000102a3aed4
  autorelease retain: [NXNumberInt16] @0x00000001401063e0
objc_msg_lookup -[NXNumberInt16 description]
  -[NXNumberInt16 description] types=@16@0:8
    => IMP @0x0000000102a34480
objc_lookup_class -[NXString] @0x0000000102a4a650
objc_msg_lookup +[NXString stringWithFormat:]
  +[NXString stringWithFormat:] types=@24@0:8@16
    => IMP @0x0000000102a3780c
objc_lookup_class -[NXAutoreleasePool] @0x0000000102a48350
objc_msg_lookup +[NXAutoreleasePool currentPool]
  +[NXAutoreleasePool currentPool] types=@16@0:8
    => IMP @0x0000000102a33060
objc_lookup_class -[NXString] @0x0000000102a4a650
objc_msg_lookup +[NXString alloc]
  +[NXString alloc] types=@16@0:8
  +[NXObject alloc] types=@16@0:8
    => IMP @0x0000000102a36b40
objc_msg_lookup +[NXString allocWithZone:]
  +[NXString allocWithZone:] types=@24@0:8@16
  +[NXObject allocWithZone:] types=@24@0:8@16
    => IMP @0x0000000102a36b8c
objc_lookup_class -[NXZone] @0x0000000102a4ab68
objc_msg_lookup +[NXZone defaultZone]
  +[NXZone defaultZone] types=@16@0:8
    => IMP @0x0000000102a380e4
objc_msg_lookup -[NXZone allocWithSize:]
  -[NXZone allocWithSize:] types=^v24@0:8Q16
    => IMP @0x0000000102a38104
objc_msg_lookup -[NXConstantString cStr]
  -[NXConstantString cStr] types=r*16@0:8
    => IMP @0x0000000102a3aed4
  allocWithSize: size=56 => @0x0000000140106390
objc_msg_lookup -[NXConstantString cStr]
  -[NXConstantString cStr] types=r*16@0:8
    => IMP @0x0000000102a3aed4
objc_msg_lookup -[NXZone allocWithSize:]
  -[NXZone allocWithSize:] types=^v24@0:8Q16
    => IMP @0x0000000102a38104
objc_msg_lookup -[NXConstantString cStr]
  -[NXConstantString cStr] types=r*16@0:8
    => IMP @0x0000000102a3aed4
  allocWithSize: size=4 => @0x0000000140106370
objc_msg_lookup -[NXString autorelease]
  -[NXString autorelease] types=@16@0:8
  -[NXObject autorelease] types=@16@0:8
    => IMP @0x0000000102a36ed8
objc_lookup_class -[NXAutoreleasePool] @0x0000000102a48350
objc_msg_lookup +[NXAutoreleasePool currentPool]
  +[NXAutoreleasePool currentPool] types=@16@0:8
    => IMP @0x0000000102a33060
objc_msg_lookup -[NXAutoreleasePool addObject:]
  -[NXAutoreleasePool addObject:] types=v24@0:8@16
    => IMP @0x0000000102a330a4
objc_lookup_class -[NXObject] @0x0000000102a4a270
objc_msg_lookup +[NXObject class]
  +[NXObject class] types=#16@0:8
  +[Object class] types=#16@0:8
    => IMP @0x0000000102a3b104
objc_msg_lookup -[NXConstantString cStr]
  -[NXConstantString cStr] types=r*16@0:8
    => IMP @0x0000000102a3aed4
  autorelease retain: [NXString] @0x0000000140106390
objc_msg_lookup -[NXString cStr]
  -[NXString cStr] types=r*16@0:8
    => IMP @0x0000000102a37b38
objc_lookup_class -[NXNumber] @0x0000000102a486b0
objc_msg_lookup +[NXNumber numberWithInt16:]
  +[NXNumber numberWithInt16:] types=@20@0:8s16
    => IMP @0x0000000102a33454
objc_lookup_class -[NXNumberInt16] @0x0000000102a48d80
objc_msg_lookup +[NXNumberInt16 numberWithInt16:]
  +[NXNumberInt16 numberWithInt16:] types=@20@0:8s16
    => IMP @0x0000000102a34048
objc_lookup_class -[NXNumberInt16] @0x0000000102a48d80
objc_msg_lookup +[NXNumberInt16 alloc]
  +[NXNumberInt16 alloc] types=@16@0:8
  +[NXNumber alloc] types=@16@0:8
  +[NXObject alloc] types=@16@0:8
    => IMP @0x0000000102a36b40
objc_msg_lookup +[NXNumberInt16 allocWithZone:]
  +[NXNumberInt16 allocWithZone:] types=@24@0:8@16
  +[NXNumber allocWithZone:] types=@24@0:8@16
  +[NXObject allocWithZone:] types=@24@0:8@16
    => IMP @0x0000000102a36b8c
objc_lookup_class -[NXZone] @0x0000000102a4ab68
objc_msg_lookup +[NXZone defaultZone]
  +[NXZone defaultZone] types=@16@0:8
    => IMP @0x0000000102a380e4
objc_msg_lookup -[NXZone allocWithSize:]
  -[NXZone allocWithSize:] types=^v24@0:8Q16
    => IMP @0x0000000102a38104
objc_msg_lookup -[NXConstantString cStr]
  -[NXConstantString cStr] types=r*16@0:8
    => IMP @0x0000000102a3aed4
  allocWithSize: size=40 => @0x0000000140106330
objc_msg_lookup -[NXNumberInt16 initWithInt16:]
  -[NXNumberInt16 initWithInt16:] types=@20@0:8s16
    => IMP @0x0000000102a33fc8
objc_msg_lookup -[NXNumber init]
  -[NXNumber init] types=@16@0:8
  -[NXObject init] types=@16@0:8
  -[Object init] types=@16@0:8
objc_msg_lookup -[NXNumberInt16 autorelease]
  -[NXNumberInt16 autorelease] types=@16@0:8
  -[NXNumber autorelease] types=@16@0:8
  -[NXObject autorelease] types=@16@0:8
    => IMP @0x0000000102a36ed8
objc_lookup_class -[NXAutoreleasePool] @0x0000000102a48350
objc_msg_lookup +[NXAutoreleasePool currentPool]
  +[NXAutoreleasePool currentPool] types=@16@0:8
    => IMP @0x0000000102a33060
objc_msg_lookup -[NXAutoreleasePool addObject:]
  -[NXAutoreleasePool addObject:] types=v24@0:8@16
    => IMP @0x0000000102a330a4
objc_lookup_class -[NXObject] @0x0000000102a4a270
objc_msg_lookup +[NXObject class]
  +[NXObject class] types=#16@0:8
  +[Object class] types=#16@0:8
    => IMP @0x0000000102a3b104
objc_msg_lookup -[NXConstantString cStr]
  -[NXConstantString cStr] types=r*16@0:8
    => IMP @0x0000000102a3aed4
  autorelease retain: [NXNumberInt16] @0x0000000140106330
objc_msg_lookup -[NXNumberInt16 description]
  -[NXNumberInt16 description] types=@16@0:8
    => IMP @0x0000000102a34480
objc_lookup_class -[NXString] @0x0000000102a4a650
objc_msg_lookup +[NXString stringWithFormat:]
  +[NXString stringWithFormat:] types=@24@0:8@16
    => IMP @0x0000000102a3780c
objc_lookup_class -[NXAutoreleasePool] @0x0000000102a48350
objc_msg_lookup +[NXAutoreleasePool currentPool]
  +[NXAutoreleasePool currentPool] types=@16@0:8
    => IMP @0x0000000102a33060
objc_lookup_class -[NXString] @0x0000000102a4a650
objc_msg_lookup +[NXString alloc]
  +[NXString alloc] types=@16@0:8
  +[NXObject alloc] types=@16@0:8
    => IMP @0x0000000102a36b40
objc_msg_lookup +[NXString allocWithZone:]
  +[NXString allocWithZone:] types=@24@0:8@16
  +[NXObject allocWithZone:] types=@24@0:8@16
    => IMP @0x0000000102a36b8c
objc_lookup_class -[NXZone] @0x0000000102a4ab68
objc_msg_lookup +[NXZone defaultZone]
  +[NXZone defaultZone] types=@16@0:8
    => IMP @0x0000000102a380e4
objc_msg_lookup -[NXZone allocWithSize:]
  -[NXZone allocWithSize:] types=^v24@0:8Q16
    => IMP @0x0000000102a38104
objc_msg_lookup -[NXConstantString cStr]
  -[NXConstantString cStr] types=r*16@0:8
    => IMP @0x0000000102a3aed4
  allocWithSize: size=56 => @0x00000001401062e0
objc_msg_lookup -[NXConstantString cStr]
  -[NXConstantString cStr] types=r*16@0:8
    => IMP @0x0000000102a3aed4
objc_msg_lookup -[NXZone allocWithSize:]
  -[NXZone allocWithSize:] types=^v24@0:8Q16
    => IMP @0x0000000102a38104
objc_msg_lookup -[NXConstantString cStr]
  -[NXConstantString cStr] types=r*16@0:8
    => IMP @0x0000000102a3aed4
  allocWithSize: size=5 => @0x00000001401062c0
objc_msg_lookup -[NXString autorelease]
  -[NXString autorelease] types=@16@0:8
  -[NXObject autorelease] types=@16@0:8
    => IMP @0x0000000102a36ed8
objc_lookup_class -[NXAutoreleasePool] @0x0000000102a48350
objc_msg_lookup +[NXAutoreleasePool currentPool]
  +[NXAutoreleasePool currentPool] types=@16@0:8
    => IMP @0x0000000102a33060
objc_msg_lookup -[NXAutoreleasePool addObject:]
  -[NXAutoreleasePool addObject:] types=v24@0:8@16
    => IMP @0x0000000102a330a4
objc_lookup_class -[NXObject] @0x0000000102a4a270
objc_msg_lookup +[NXObject class]
  +[NXObject class] types=#16@0:8
  +[Object class] types=#16@0:8
    => IMP @0x0000000102a3b104
objc_msg_lookup -[NXConstantString cStr]
  -[NXConstantString cStr] types=r*16@0:8
    => IMP @0x0000000102a3aed4
  autorelease retain: [NXString] @0x00000001401062e0
objc_msg_lookup -[NXString cStr]
  -[NXString cStr] types=r*16@0:8
    => IMP @0x0000000102a37b38
objc_lookup_class -[NXNumber] @0x0000000102a486b0
objc_msg_lookup +[NXNumber numberWithUnsignedInt16:]
  +[NXNumber numberWithUnsignedInt16:] types=@20@0:8S16
    => IMP @0x0000000102a334b8
objc_lookup_class -[NXNumberUnsignedInt16] @0x0000000102a49860
objc_msg_lookup +[NXNumberUnsignedInt16 numberWithUnsignedInt16:]
  +[NXNumberUnsignedInt16 numberWithUnsignedInt16:] types=@20@0:8S16
    => IMP @0x0000000102a35730
objc_lookup_class -[NXNumberUnsignedInt16] @0x0000000102a49860
objc_msg_lookup +[NXNumberUnsignedInt16 alloc]
  +[NXNumberUnsignedInt16 alloc] types=@16@0:8
  +[NXNumber alloc] types=@16@0:8
  +[NXObject alloc] types=@16@0:8
    => IMP @0x0000000102a36b40
objc_msg_lookup +[NXNumberUnsignedInt16 allocWithZone:]
  +[NXNumberUnsignedInt16 allocWithZone:] types=@24@0:8@16
  +[NXNumber allocWithZone:] types=@24@0:8@16
  +[NXObject allocWithZone:] types=@24@0:8@16
    => IMP @0x0000000102a36b8c
objc_lookup_class -[NXZone] @0x0000000102a4ab68
objc_msg_lookup +[NXZone defaultZone]
  +[NXZone defaultZone] types=@16@0:8
    => IMP @0x0000000102a380e4
objc_msg_lookup -[NXZone allocWithSize:]
  -[NXZone allocWithSize:] types=^v24@0:8Q16
    => IMP @0x0000000102a38104
objc_msg_lookup -[NXConstantString cStr]
  -[NXConstantString cStr] types=r*16@0:8
    => IMP @0x0000000102a3aed4
  allocWithSize: size=40 => @0x0000000140106280
objc_msg_lookup -[NXNumberUnsignedInt16 initWithUnsignedInt16:]
  -[NXNumberUnsignedInt16 initWithUnsignedInt16:] types=@20@0:8S16
    => IMP @0x0000000102a356b0
objc_msg_lookup -[NXNumber init]
  -[NXNumber init] types=@16@0:8
  -[NXObject init] types=@16@0:8
  -[Object init] types=@16@0:8
objc_msg_lookup -[NXNumberUnsignedInt16 autorelease]
  -[NXNumberUnsignedInt16 autorelease] types=@16@0:8
  -[NXNumber autorelease] types=@16@0:8
  -[NXObject autorelease] types=@16@0:8
    => IMP @0x0000000102a36ed8
objc_lookup_class -[NXAutoreleasePool] @0x0000000102a48350
objc_msg_lookup +[NXAutoreleasePool currentPool]
  +[NXAutoreleasePool currentPool] types=@16@0:8
    => IMP @0x0000000102a33060
objc_msg_lookup -[NXAutoreleasePool addObject:]
  -[NXAutoreleasePool addObject:] types=v24@0:8@16
    => IMP @0x0000000102a330a4
objc_lookup_class -[NXObject] @0x0000000102a4a270
objc_msg_lookup +[NXObject class]
  +[NXObject class] types=#16@0:8
  +[Object class] types=#16@0:8
    => IMP @0x0000000102a3b104
objc_msg_lookup -[NXConstantString cStr]
  -[NXConstantString cStr] types=r*16@0:8
    => IMP @0x0000000102a3aed4
  autorelease retain: [NXNumberUnsignedInt16] @0x0000000140106280
objc_msg_lookup -[NXNumberUnsignedInt16 description]
  -[NXNumberUnsignedInt16 description] types=@16@0:8
    => IMP @0x0000000102a35adc
objc_lookup_class -[NXString] @0x0000000102a4a650
objc_msg_lookup +[NXString stringWithFormat:]
  +[NXString stringWithFormat:] types=@24@0:8@16
    => IMP @0x0000000102a3780c
objc_lookup_class -[NXAutoreleasePool] @0x0000000102a48350
objc_msg_lookup +[NXAutoreleasePool currentPool]
  +[NXAutoreleasePool currentPool] types=@16@0:8
    => IMP @0x0000000102a33060
objc_lookup_class -[NXString] @0x0000000102a4a650
objc_msg_lookup +[NXString alloc]
  +[NXString alloc] types=@16@0:8
  +[NXObject alloc] types=@16@0:8
    => IMP @0x0000000102a36b40
objc_msg_lookup +[NXString allocWithZone:]
  +[NXString allocWithZone:] types=@24@0:8@16
  +[NXObject allocWithZone:] types=@24@0:8@16
    => IMP @0x0000000102a36b8c
objc_lookup_class -[NXZone] @0x0000000102a4ab68
objc_msg_lookup +[NXZone defaultZone]
  +[NXZone defaultZone] types=@16@0:8
    => IMP @0x0000000102a380e4
objc_msg_lookup -[NXZone allocWithSize:]
  -[NXZone allocWithSize:] types=^v24@0:8Q16
    => IMP @0x0000000102a38104
objc_msg_lookup -[NXConstantString cStr]
  -[NXConstantString cStr] types=r*16@0:8
    => IMP @0x0000000102a3aed4
  allocWithSize: size=56 => @0x0000000140106230
objc_msg_lookup -[NXConstantString cStr]
  -[NXConstantString cStr] types=r*16@0:8
    => IMP @0x0000000102a3aed4
objc_msg_lookup -[NXZone allocWithSize:]
  -[NXZone allocWithSize:] types=^v24@0:8Q16
    => IMP @0x0000000102a38104
objc_msg_lookup -[NXConstantString cStr]
  -[NXConstantString cStr] types=r*16@0:8
    => IMP @0x0000000102a3aed4
  allocWithSize: size=4 => @0x0000000140106210
objc_msg_lookup -[NXString autorelease]
  -[NXString autorelease] types=@16@0:8
  -[NXObject autorelease] types=@16@0:8
    => IMP @0x0000000102a36ed8
objc_lookup_class -[NXAutoreleasePool] @0x0000000102a48350
objc_msg_lookup +[NXAutoreleasePool currentPool]
  +[NXAutoreleasePool currentPool] types=@16@0:8
    => IMP @0x0000000102a33060
objc_msg_lookup -[NXAutoreleasePool addObject:]
  -[NXAutoreleasePool addObject:] types=v24@0:8@16
    => IMP @0x0000000102a330a4
objc_lookup_class -[NXObject] @0x0000000102a4a270
objc_msg_lookup +[NXObject class]
  +[NXObject class] types=#16@0:8
  +[Object class] types=#16@0:8
    => IMP @0x0000000102a3b104
objc_msg_lookup -[NXConstantString cStr]
  -[NXConstantString cStr] types=r*16@0:8
    => IMP @0x0000000102a3aed4
  autorelease retain: [NXString] @0x0000000140106230
objc_msg_lookup -[NXString cStr]
  -[NXString cStr] types=r*16@0:8
    => IMP @0x0000000102a37b38
objc_lookup_class -[NXNumber] @0x0000000102a486b0
objc_msg_lookup +[NXNumber numberWithUnsignedInt16:]
  +[NXNumber numberWithUnsignedInt16:] types=@20@0:8S16
    => IMP @0x0000000102a334b8
objc_lookup_class -[NXNumberUnsignedInt16] @0x0000000102a49860
objc_msg_lookup +[NXNumberUnsignedInt16 numberWithUnsignedInt16:]
  +[NXNumberUnsignedInt16 numberWithUnsignedInt16:] types=@20@0:8S16
    => IMP @0x0000000102a35730
objc_lookup_class -[NXNumberUnsignedInt16] @0x0000000102a49860
objc_msg_lookup +[NXNumberUnsignedInt16 alloc]
  +[NXNumberUnsignedInt16 alloc] types=@16@0:8
  +[NXNumber alloc] types=@16@0:8
  +[NXObject alloc] types=@16@0:8
    => IMP @0x0000000102a36b40
objc_msg_lookup +[NXNumberUnsignedInt16 allocWithZone:]
  +[NXNumberUnsignedInt16 allocWithZone:] types=@24@0:8@16
  +[NXNumber allocWithZone:] types=@24@0:8@16
  +[NXObject allocWithZone:] types=@24@0:8@16
    => IMP @0x0000000102a36b8c
objc_lookup_class -[NXZone] @0x0000000102a4ab68
objc_msg_lookup +[NXZone defaultZone]
  +[NXZone defaultZone] types=@16@0:8
    => IMP @0x0000000102a380e4
objc_msg_lookup -[NXZone allocWithSize:]
  -[NXZone allocWithSize:] types=^v24@0:8Q16
    => IMP @0x0000000102a38104
objc_msg_lookup -[NXConstantString cStr]
  -[NXConstantString cStr] types=r*16@0:8
    => IMP @0x0000000102a3aed4
  allocWithSize: size=40 => @0x00000001401061d0
objc_msg_lookup -[NXNumberUnsignedInt16 initWithUnsignedInt16:]
  -[NXNumberUnsignedInt16 initWithUnsignedInt16:] types=@20@0:8S16
    => IMP @0x0000000102a356b0
objc_msg_lookup -[NXNumber init]
  -[NXNumber init] types=@16@0:8
  -[NXObject init] types=@16@0:8
  -[Object init] types=@16@0:8
objc_msg_lookup -[NXNumberUnsignedInt16 autorelease]
  -[NXNumberUnsignedInt16 autorelease] types=@16@0:8
  -[NXNumber autorelease] types=@16@0:8
  -[NXObject autorelease] types=@16@0:8
    => IMP @0x0000000102a36ed8
objc_lookup_class -[NXAutoreleasePool] @0x0000000102a48350
objc_msg_lookup +[NXAutoreleasePool currentPool]
  +[NXAutoreleasePool currentPool] types=@16@0:8
    => IMP @0x0000000102a33060
objc_msg_lookup -[NXAutoreleasePool addObject:]
  -[NXAutoreleasePool addObject:] types=v24@0:8@16
    => IMP @0x0000000102a330a4
objc_lookup_class -[NXObject] @0x0000000102a4a270
objc_msg_lookup +[NXObject class]
  +[NXObject class] types=#16@0:8
  +[Object class] types=#16@0:8
    => IMP @0x0000000102a3b104
objc_msg_lookup -[NXConstantString cStr]
  -[NXConstantString cStr] types=r*16@0:8
    => IMP @0x0000000102a3aed4
  autorelease retain: [NXNumberUnsignedInt16] @0x00000001401061d0
objc_msg_lookup -[NXNumberUnsignedInt16 description]
  -[NXNumberUnsignedInt16 description] types=@16@0:8
    => IMP @0x0000000102a35adc
objc_lookup_class -[NXString] @0x0000000102a4a650
objc_msg_lookup +[NXString stringWithFormat:]
  +[NXString stringWithFormat:] types=@24@0:8@16
    => IMP @0x0000000102a3780c
objc_lookup_class -[NXAutoreleasePool] @0x0000000102a48350
objc_msg_lookup +[NXAutoreleasePool currentPool]
  +[NXAutoreleasePool currentPool] types=@16@0:8
    => IMP @0x0000000102a33060
objc_lookup_class -[NXString] @0x0000000102a4a650
objc_msg_lookup +[NXString alloc]
  +[NXString alloc] types=@16@0:8
  +[NXObject alloc] types=@16@0:8
    => IMP @0x0000000102a36b40
objc_msg_lookup +[NXString allocWithZone:]
  +[NXString allocWithZone:] types=@24@0:8@16
  +[NXObject allocWithZone:] types=@24@0:8@16
    => IMP @0x0000000102a36b8c
objc_lookup_class -[NXZone] @0x0000000102a4ab68
objc_msg_lookup +[NXZone defaultZone]
  +[NXZone defaultZone] types=@16@0:8
    => IMP @0x0000000102a380e4
objc_msg_lookup -[NXZone allocWithSize:]
  -[NXZone allocWithSize:] types=^v24@0:8Q16
    => IMP @0x0000000102a38104
objc_msg_lookup -[NXConstantString cStr]
  -[NXConstantString cStr] types=r*16@0:8
    => IMP @0x0000000102a3aed4
  allocWithSize: size=56 => @0x0000000140106180
objc_msg_lookup -[NXConstantString cStr]
  -[NXConstantString cStr] types=r*16@0:8
    => IMP @0x0000000102a3aed4
objc_msg_lookup -[NXZone allocWithSize:]
  -[NXZone allocWithSize:] types=^v24@0:8Q16
    => IMP @0x0000000102a38104
objc_msg_lookup -[NXConstantString cStr]
  -[NXConstantString cStr] types=r*16@0:8
    => IMP @0x0000000102a3aed4
  allocWithSize: size=6 => @0x0000000140106160
objc_msg_lookup -[NXString autorelease]
  -[NXString autorelease] types=@16@0:8
  -[NXObject autorelease] types=@16@0:8
    => IMP @0x0000000102a36ed8
objc_lookup_class -[NXAutoreleasePool] @0x0000000102a48350
objc_msg_lookup +[NXAutoreleasePool currentPool]
  +[NXAutoreleasePool currentPool] types=@16@0:8
    => IMP @0x0000000102a33060
objc_msg_lookup -[NXAutoreleasePool addObject:]
  -[NXAutoreleasePool addObject:] types=v24@0:8@16
    => IMP @0x0000000102a330a4
objc_lookup_class -[NXObject] @0x0000000102a4a270
objc_msg_lookup +[NXObject class]
  +[NXObject class] types=#16@0:8
  +[Object class] types=#16@0:8
    => IMP @0x0000000102a3b104
objc_msg_lookup -[NXConstantString cStr]
  -[NXConstantString cStr] types=r*16@0:8
    => IMP @0x0000000102a3aed4
  autorelease retain: [NXString] @0x0000000140106180
objc_msg_lookup -[NXString cStr]
  -[NXString cStr] types=r*16@0:8
    => IMP @0x0000000102a37b38
objc_lookup_class -[NXNumber] @0x0000000102a486b0
objc_msg_lookup +[NXNumber numberWithInt16:]
  +[NXNumber numberWithInt16:] types=@20@0:8s16
    => IMP @0x0000000102a33454
objc_lookup_class -[NXNumberInt16] @0x0000000102a48d80
objc_msg_lookup +[NXNumberInt16 numberWithInt16:]
  +[NXNumberInt16 numberWithInt16:] types=@20@0:8s16
    => IMP @0x0000000102a34048
objc_lookup_class -[NXNumberInt16] @0x0000000102a48d80
objc_msg_lookup +[NXNumberInt16 alloc]
  +[NXNumberInt16 alloc] types=@16@0:8
  +[NXNumber alloc] types=@16@0:8
  +[NXObject alloc] types=@16@0:8
    => IMP @0x0000000102a36b40
objc_msg_lookup +[NXNumberInt16 allocWithZone:]
  +[NXNumberInt16 allocWithZone:] types=@24@0:8@16
  +[NXNumber allocWithZone:] types=@24@0:8@16
  +[NXObject allocWithZone:] types=@24@0:8@16
    => IMP @0x0000000102a36b8c
objc_lookup_class -[NXZone] @0x0000000102a4ab68
objc_msg_lookup +[NXZone defaultZone]
  +[NXZone defaultZone] types=@16@0:8
    => IMP @0x0000000102a380e4
objc_msg_lookup -[NXZone allocWithSize:]
  -[NXZone allocWithSize:] types=^v24@0:8Q16
    => IMP @0x0000000102a38104
objc_msg_lookup -[NXConstantString cStr]
  -[NXConstantString cStr] types=r*16@0:8
    => IMP @0x0000000102a3aed4
  allocWithSize: size=40 => @0x0000000140106120
objc_msg_lookup -[NXNumberInt16 initWithInt16:]
  -[NXNumberInt16 initWithInt16:] types=@20@0:8s16
    => IMP @0x0000000102a33fc8
objc_msg_lookup -[NXNumber init]
  -[NXNumber init] types=@16@0:8
  -[NXObject init] types=@16@0:8
  -[Object init] types=@16@0:8
objc_msg_lookup -[NXNumberInt16 autorelease]
  -[NXNumberInt16 autorelease] types=@16@0:8
  -[NXNumber autorelease] types=@16@0:8
  -[NXObject autorelease] types=@16@0:8
    => IMP @0x0000000102a36ed8
objc_lookup_class -[NXAutoreleasePool] @0x0000000102a48350
objc_msg_lookup +[NXAutoreleasePool currentPool]
  +[NXAutoreleasePool currentPool] types=@16@0:8
    => IMP @0x0000000102a33060
objc_msg_lookup -[NXAutoreleasePool addObject:]
  -[NXAutoreleasePool addObject:] types=v24@0:8@16
    => IMP @0x0000000102a330a4
objc_lookup_class -[NXObject] @0x0000000102a4a270
objc_msg_lookup +[NXObject class]
  +[NXObject class] types=#16@0:8
  +[Object class] types=#16@0:8
    => IMP @0x0000000102a3b104
objc_msg_lookup -[NXConstantString cStr]
  -[NXConstantString cStr] types=r*16@0:8
    => IMP @0x0000000102a3aed4
  autorelease retain: [NXNumberInt16] @0x0000000140106120
objc_msg_lookup -[NXNumberInt16 description]
  -[NXNumberInt16 description] types=@16@0:8
    => IMP @0x0000000102a34480
objc_lookup_class -[NXString] @0x0000000102a4a650
objc_msg_lookup +[NXString stringWithFormat:]
  +[NXString stringWithFormat:] types=@24@0:8@16
    => IMP @0x0000000102a3780c
objc_lookup_class -[NXAutoreleasePool] @0x0000000102a48350
objc_msg_lookup +[NXAutoreleasePool currentPool]
  +[NXAutoreleasePool currentPool] types=@16@0:8
    => IMP @0x0000000102a33060
objc_lookup_class -[NXString] @0x0000000102a4a650
objc_msg_lookup +[NXString alloc]
  +[NXString alloc] types=@16@0:8
  +[NXObject alloc] types=@16@0:8
    => IMP @0x0000000102a36b40
objc_msg_lookup +[NXString allocWithZone:]
  +[NXString allocWithZone:] types=@24@0:8@16
  +[NXObject allocWithZone:] types=@24@0:8@16
    => IMP @0x0000000102a36b8c
objc_lookup_class -[NXZone] @0x0000000102a4ab68
objc_msg_lookup +[NXZone defaultZone]
  +[NXZone defaultZone] types=@16@0:8
    => IMP @0x0000000102a380e4
objc_msg_lookup -[NXZone allocWithSize:]
  -[NXZone allocWithSize:] types=^v24@0:8Q16
    => IMP @0x0000000102a38104
objc_msg_lookup -[NXConstantString cStr]
  -[NXConstantString cStr] types=r*16@0:8
    => IMP @0x0000000102a3aed4
  allocWithSize: size=56 => @0x00000001401060d0
objc_msg_lookup -[NXConstantString cStr]
  -[NXConstantString cStr] types=r*16@0:8
    => IMP @0x0000000102a3aed4
objc_msg_lookup -[NXZone allocWithSize:]
  -[NXZone allocWithSize:] types=^v24@0:8Q16
    => IMP @0x0000000102a38104
objc_msg_lookup -[NXConstantString cStr]
  -[NXConstantString cStr] types=r*16@0:8
    => IMP @0x0000000102a3aed4
  allocWithSize: size=6 => @0x00000001401060b0
objc_msg_lookup -[NXString autorelease]
  -[NXString autorelease] types=@16@0:8
  -[NXObject autorelease] types=@16@0:8
    => IMP @0x0000000102a36ed8
objc_lookup_class -[NXAutoreleasePool] @0x0000000102a48350
objc_msg_lookup +[NXAutoreleasePool currentPool]
  +[NXAutoreleasePool currentPool] types=@16@0:8
    => IMP @0x0000000102a33060
objc_msg_lookup -[NXAutoreleasePool addObject:]
  -[NXAutoreleasePool addObject:] types=v24@0:8@16
    => IMP @0x0000000102a330a4
objc_lookup_class -[NXObject] @0x0000000102a4a270
objc_msg_lookup +[NXObject class]
  +[NXObject class] types=#16@0:8
  +[Object class] types=#16@0:8
    => IMP @0x0000000102a3b104
objc_msg_lookup -[NXConstantString cStr]
  -[NXConstantString cStr] types=r*16@0:8
    => IMP @0x0000000102a3aed4
  autorelease retain: [NXString] @0x00000001401060d0
objc_msg_lookup -[NXString cStr]
  -[NXString cStr] types=r*16@0:8
    => IMP @0x0000000102a37b38
objc_lookup_class -[NXNumber] @0x0000000102a486b0
objc_msg_lookup +[NXNumber numberWithInt16:]
  +[NXNumber numberWithInt16:] types=@20@0:8s16
    => IMP @0x0000000102a33454
objc_lookup_class -[NXNumberInt16] @0x0000000102a48d80
objc_msg_lookup +[NXNumberInt16 numberWithInt16:]
  +[NXNumberInt16 numberWithInt16:] types=@20@0:8s16
    => IMP @0x0000000102a34048
objc_lookup_class -[NXNumberInt16] @0x0000000102a48d80
objc_msg_lookup +[NXNumberInt16 alloc]
  +[NXNumberInt16 alloc] types=@16@0:8
  +[NXNumber alloc] types=@16@0:8
  +[NXObject alloc] types=@16@0:8
    => IMP @0x0000000102a36b40
objc_msg_lookup +[NXNumberInt16 allocWithZone:]
  +[NXNumberInt16 allocWithZone:] types=@24@0:8@16
  +[NXNumber allocWithZone:] types=@24@0:8@16
  +[NXObject allocWithZone:] types=@24@0:8@16
    => IMP @0x0000000102a36b8c
objc_lookup_class -[NXZone] @0x0000000102a4ab68
objc_msg_lookup +[NXZone defaultZone]
  +[NXZone defaultZone] types=@16@0:8
    => IMP @0x0000000102a380e4
objc_msg_lookup -[NXZone allocWithSize:]
  -[NXZone allocWithSize:] types=^v24@0:8Q16
    => IMP @0x0000000102a38104
objc_msg_lookup -[NXConstantString cStr]
  -[NXConstantString cStr] types=r*16@0:8
    => IMP @0x0000000102a3aed4
  allocWithSize: size=40 => @0x0000000140106070
objc_msg_lookup -[NXNumberInt16 initWithInt16:]
  -[NXNumberInt16 initWithInt16:] types=@20@0:8s16
    => IMP @0x0000000102a33fc8
objc_msg_lookup -[NXNumber init]
  -[NXNumber init] types=@16@0:8
  -[NXObject init] types=@16@0:8
  -[Object init] types=@16@0:8
objc_msg_lookup -[NXNumberInt16 autorelease]
  -[NXNumberInt16 autorelease] types=@16@0:8
  -[NXNumber autorelease] types=@16@0:8
  -[NXObject autorelease] types=@16@0:8
    => IMP @0x0000000102a36ed8
objc_lookup_class -[NXAutoreleasePool] @0x0000000102a48350
objc_msg_lookup +[NXAutoreleasePool currentPool]
  +[NXAutoreleasePool currentPool] types=@16@0:8
    => IMP @0x0000000102a33060
objc_msg_lookup -[NXAutoreleasePool addObject:]
  -[NXAutoreleasePool addObject:] types=v24@0:8@16
    => IMP @0x0000000102a330a4
objc_lookup_class -[NXObject] @0x0000000102a4a270
objc_msg_lookup +[NXObject class]
  +[NXObject class] types=#16@0:8
  +[Object class] types=#16@0:8
    => IMP @0x0000000102a3b104
objc_msg_lookup -[NXConstantString cStr]
  -[NXConstantString cStr] types=r*16@0:8
    => IMP @0x0000000102a3aed4
  autorelease retain: [NXNumberInt16] @0x0000000140106070
objc_msg_lookup -[NXNumberInt16 description]
  -[NXNumberInt16 description] types=@16@0:8
    => IMP @0x0000000102a34480
objc_lookup_class -[NXString] @0x0000000102a4a650
objc_msg_lookup +[NXString stringWithFormat:]
  +[NXString stringWithFormat:] types=@24@0:8@16
    => IMP @0x0000000102a3780c
objc_lookup_class -[NXAutoreleasePool] @0x0000000102a48350
objc_msg_lookup +[NXAutoreleasePool currentPool]
  +[NXAutoreleasePool currentPool] types=@16@0:8
    => IMP @0x0000000102a33060
objc_lookup_class -[NXString] @0x0000000102a4a650
objc_msg_lookup +[NXString alloc]
  +[NXString alloc] types=@16@0:8
  +[NXObject alloc] types=@16@0:8
    => IMP @0x0000000102a36b40
objc_msg_lookup +[NXString allocWithZone:]
  +[NXString allocWithZone:] types=@24@0:8@16
  +[NXObject allocWithZone:] types=@24@0:8@16
    => IMP @0x0000000102a36b8c
objc_lookup_class -[NXZone] @0x0000000102a4ab68
objc_msg_lookup +[NXZone defaultZone]
  +[NXZone defaultZone] types=@16@0:8
    => IMP @0x0000000102a380e4
objc_msg_lookup -[NXZone allocWithSize:]
  -[NXZone allocWithSize:] types=^v24@0:8Q16
    => IMP @0x0000000102a38104
objc_msg_lookup -[NXConstantString cStr]
  -[NXConstantString cStr] types=r*16@0:8
    => IMP @0x0000000102a3aed4
  allocWithSize: size=56 => @0x0000000140106020
objc_msg_lookup -[NXConstantString cStr]
  -[NXConstantString cStr] types=r*16@0:8
    => IMP @0x0000000102a3aed4
objc_msg_lookup -[NXZone allocWithSize:]
  -[NXZone allocWithSize:] types=^v24@0:8Q16
    => IMP @0x0000000102a38104
objc_msg_lookup -[NXConstantString cStr]
  -[NXConstantString cStr] types=r*16@0:8
    => IMP @0x0000000102a3aed4
  allocWithSize: size=7 => @0x0000000140106000
objc_msg_lookup -[NXString autorelease]
  -[NXString autorelease] types=@16@0:8
  -[NXObject autorelease] types=@16@0:8
    => IMP @0x0000000102a36ed8
objc_lookup_class -[NXAutoreleasePool] @0x0000000102a48350
objc_msg_lookup +[NXAutoreleasePool currentPool]
  +[NXAutoreleasePool currentPool] types=@16@0:8
    => IMP @0x0000000102a33060
objc_msg_lookup -[NXAutoreleasePool addObject:]
  -[NXAutoreleasePool addObject:] types=v24@0:8@16
    => IMP @0x0000000102a330a4
objc_lookup_class -[NXObject] @0x0000000102a4a270
objc_msg_lookup +[NXObject class]
  +[NXObject class] types=#16@0:8
  +[Object class] types=#16@0:8
    => IMP @0x0000000102a3b104
objc_msg_lookup -[NXConstantString cStr]
  -[NXConstantString cStr] types=r*16@0:8
    => IMP @0x0000000102a3aed4
  autorelease retain: [NXString] @0x0000000140106020
objc_msg_lookup -[NXString cStr]
  -[NXString cStr] types=r*16@0:8
    => IMP @0x0000000102a37b38
objc_msg_lookup -[NXAutoreleasePool release]
  -[NXAutoreleasePool release] types=v16@0:8
  -[NXObject release] types=v16@0:8
    => IMP @0x0000000102a36df4
objc_msg_lookup -[NXAutoreleasePool dealloc]
  -[NXAutoreleasePool dealloc] types=v16@0:8
    => IMP @0x0000000102a32f84
objc_msg_lookup -[NXAutoreleasePool drain]
  -[NXAutoreleasePool drain] types=v16@0:8
    => IMP @0x0000000102a3323c
objc_msg_lookup -[NXConstantString cStr]
  -[NXConstantString cStr] types=r*16@0:8
    => IMP @0x0000000102a3aed4
  autorelease release: [NXString] @0x0000000140106020
objc_msg_lookup -[NXString release]
  -[NXString release] types=v16@0:8
  -[NXObject release] types=v16@0:8
    => IMP @0x0000000102a36df4
objc_msg_lookup -[NXString dealloc]
  -[NXString dealloc] types=v16@0:8
    => IMP @0x0000000102a37a8c
objc_msg_lookup -[NXZone free:]
  -[NXZone free:] types=v24@0:8^v16
    => IMP @0x0000000102a38288
objc_msg_lookup -[NXConstantString cStr]
  -[NXConstantString cStr] types=r*16@0:8
    => IMP @0x0000000102a3aed4
  free: @0x0000000140106000
objc_msg_lookup -[NXObject dealloc]
  -[NXObject dealloc] types=v16@0:8
objc_lookup_class -[NXZone] @0x0000000102a4ab68
objc_msg_lookup +[NXZone class]
  +[NXZone class] types=#16@0:8
  +[NXObject class] types=#16@0:8
  +[Object class] types=#16@0:8
    => IMP @0x0000000102a3b104
objc_msg_lookup -[NXZone free:]
  -[NXZone free:] types=v24@0:8^v16
    => IMP @0x0000000102a38288
objc_msg_lookup -[NXConstantString cStr]
  -[NXConstantString cStr] types=r*16@0:8
    => IMP @0x0000000102a3aed4
  free: @0x0000000140106020
objc_msg_lookup -[NXConstantString cStr]
  -[NXConstantString cStr] types=r*16@0:8
    => IMP @0x0000000102a3aed4
  autorelease release: [NXNumberInt16] @0x0000000140106070
objc_msg_lookup -[NXNumberInt16 release]
  -[NXNumberInt16 release] types=v16@0:8
  -[NXNumber release] types=v16@0:8
  -[NXObject release] types=v16@0:8
    => IMP @0x0000000102a36df4
objc_msg_lookup -[NXNumberInt16 dealloc]
  -[NXNumberInt16 dealloc] types=v16@0:8
  -[NXNumber dealloc] types=v16@0:8
  -[NXObject dealloc] types=v16@0:8
    => IMP @0x0000000102a36ca0
objc_lookup_class -[NXZone] @0x0000000102a4ab68
objc_msg_lookup +[NXZone class]
  +[NXZone class] types=#16@0:8
  +[NXObject class] types=#16@0:8
  +[Object class] types=#16@0:8
    => IMP @0x0000000102a3b104
objc_msg_lookup -[NXZone free:]
  -[NXZone free:] types=v24@0:8^v16
    => IMP @0x0000000102a38288
objc_msg_lookup -[NXConstantString cStr]
  -[NXConstantString cStr] types=r*16@0:8
    => IMP @0x0000000102a3aed4
  free: @0x0000000140106070
objc_msg_lookup -[NXConstantString cStr]
  -[NXConstantString cStr] types=r*16@0:8
    => IMP @0x0000000102a3aed4
  autorelease release: [NXString] @0x00000001401060d0
objc_msg_lookup -[NXString release]
  -[NXString release] types=v16@0:8
  -[NXObject release] types=v16@0:8
    => IMP @0x0000000102a36df4
objc_msg_lookup -[NXString dealloc]
  -[NXString dealloc] types=v16@0:8
    => IMP @0x0000000102a37a8c
objc_msg_lookup -[NXZone free:]
  -[NXZone free:] types=v24@0:8^v16
    => IMP @0x0000000102a38288
objc_msg_lookup -[NXConstantString cStr]
  -[NXConstantString cStr] types=r*16@0:8
    => IMP @0x0000000102a3aed4
  free: @0x00000001401060b0
objc_msg_lookup -[NXObject dealloc]
  -[NXObject dealloc] types=v16@0:8
objc_lookup_class -[NXZone] @0x0000000102a4ab68
objc_msg_lookup +[NXZone class]
  +[NXZone class] types=#16@0:8
  +[NXObject class] types=#16@0:8
  +[Object class] types=#16@0:8
    => IMP @0x0000000102a3b104
objc_msg_lookup -[NXZone free:]
  -[NXZone free:] types=v24@0:8^v16
    => IMP @0x0000000102a38288
objc_msg_lookup -[NXConstantString cStr]
  -[NXConstantString cStr] types=r*16@0:8
    => IMP @0x0000000102a3aed4
  free: @0x00000001401060d0
objc_msg_lookup -[NXConstantString cStr]
  -[NXConstantString cStr] types=r*16@0:8
    => IMP @0x0000000102a3aed4
  autorelease release: [NXNumberInt16] @0x0000000140106120
objc_msg_lookup -[NXNumberInt16 release]
  -[NXNumberInt16 release] types=v16@0:8
  -[NXNumber release] types=v16@0:8
  -[NXObject release] types=v16@0:8
    => IMP @0x0000000102a36df4
objc_msg_lookup -[NXNumberInt16 dealloc]
  -[NXNumberInt16 dealloc] types=v16@0:8
  -[NXNumber dealloc] types=v16@0:8
  -[NXObject dealloc] types=v16@0:8
    => IMP @0x0000000102a36ca0
objc_lookup_class -[NXZone] @0x0000000102a4ab68
objc_msg_lookup +[NXZone class]
  +[NXZone class] types=#16@0:8
  +[NXObject class] types=#16@0:8
  +[Object class] types=#16@0:8
    => IMP @0x0000000102a3b104
objc_msg_lookup -[NXZone free:]
  -[NXZone free:] types=v24@0:8^v16
    => IMP @0x0000000102a38288
objc_msg_lookup -[NXConstantString cStr]
  -[NXConstantString cStr] types=r*16@0:8
    => IMP @0x0000000102a3aed4
  free: @0x0000000140106120
objc_msg_lookup -[NXConstantString cStr]
  -[NXConstantString cStr] types=r*16@0:8
    => IMP @0x0000000102a3aed4
  autorelease release: [NXString] @0x0000000140106180
objc_msg_lookup -[NXString release]
  -[NXString release] types=v16@0:8
  -[NXObject release] types=v16@0:8
    => IMP @0x0000000102a36df4
objc_msg_lookup -[NXString dealloc]
  -[NXString dealloc] types=v16@0:8
    => IMP @0x0000000102a37a8c
objc_msg_lookup -[NXZone free:]
  -[NXZone free:] types=v24@0:8^v16
    => IMP @0x0000000102a38288
objc_msg_lookup -[NXConstantString cStr]
  -[NXConstantString cStr] types=r*16@0:8
    => IMP @0x0000000102a3aed4
  free: @0x0000000140106160
objc_msg_lookup -[NXObject dealloc]
  -[NXObject dealloc] types=v16@0:8
objc_lookup_class -[NXZone] @0x0000000102a4ab68
objc_msg_lookup +[NXZone class]
  +[NXZone class] types=#16@0:8
  +[NXObject class] types=#16@0:8
  +[Object class] types=#16@0:8
    => IMP @0x0000000102a3b104
objc_msg_lookup -[NXZone free:]
  -[NXZone free:] types=v24@0:8^v16
    => IMP @0x0000000102a38288
objc_msg_lookup -[NXConstantString cStr]
  -[NXConstantString cStr] types=r*16@0:8
    => IMP @0x0000000102a3aed4
  free: @0x0000000140106180
objc_msg_lookup -[NXConstantString cStr]
  -[NXConstantString cStr] types=r*16@0:8
    => IMP @0x0000000102a3aed4
  autorelease release: [NXNumberUnsignedInt16] @0x00000001401061d0
objc_msg_lookup -[NXNumberUnsignedInt16 release]
  -[NXNumberUnsignedInt16 release] types=v16@0:8
  -[NXNumber release] types=v16@0:8
  -[NXObject release] types=v16@0:8
    => IMP @0x0000000102a36df4
objc_msg_lookup -[NXNumberUnsignedInt16 dealloc]
  -[NXNumberUnsignedInt16 dealloc] types=v16@0:8
  -[NXNumber dealloc] types=v16@0:8
  -[NXObject dealloc] types=v16@0:8
    => IMP @0x0000000102a36ca0
objc_lookup_class -[NXZone] @0x0000000102a4ab68
objc_msg_lookup +[NXZone class]
  +[NXZone class] types=#16@0:8
  +[NXObject class] types=#16@0:8
  +[Object class] types=#16@0:8
    => IMP @0x0000000102a3b104
objc_msg_lookup -[NXZone free:]
  -[NXZone free:] types=v24@0:8^v16
    => IMP @0x0000000102a38288
objc_msg_lookup -[NXConstantString cStr]
  -[NXConstantString cStr] types=r*16@0:8
    => IMP @0x0000000102a3aed4
  free: @0x00000001401061d0
objc_msg_lookup -[NXConstantString cStr]
  -[NXConstantString cStr] types=r*16@0:8
    => IMP @0x0000000102a3aed4
  autorelease release: [NXString] @0x0000000140106230
objc_msg_lookup -[NXString release]
  -[NXString release] types=v16@0:8
  -[NXObject release] types=v16@0:8
    => IMP @0x0000000102a36df4
objc_msg_lookup -[NXString dealloc]
  -[NXString dealloc] types=v16@0:8
    => IMP @0x0000000102a37a8c
objc_msg_lookup -[NXZone free:]
  -[NXZone free:] types=v24@0:8^v16
    => IMP @0x0000000102a38288
objc_msg_lookup -[NXConstantString cStr]
  -[NXConstantString cStr] types=r*16@0:8
    => IMP @0x0000000102a3aed4
  free: @0x0000000140106210
objc_msg_lookup -[NXObject dealloc]
  -[NXObject dealloc] types=v16@0:8
objc_lookup_class -[NXZone] @0x0000000102a4ab68
objc_msg_lookup +[NXZone class]
  +[NXZone class] types=#16@0:8
  +[NXObject class] types=#16@0:8
  +[Object class] types=#16@0:8
    => IMP @0x0000000102a3b104
objc_msg_lookup -[NXZone free:]
  -[NXZone free:] types=v24@0:8^v16
    => IMP @0x0000000102a38288
objc_msg_lookup -[NXConstantString cStr]
  -[NXConstantString cStr] types=r*16@0:8
    => IMP @0x0000000102a3aed4
  free: @0x0000000140106230
objc_msg_lookup -[NXConstantString cStr]
  -[NXConstantString cStr] types=r*16@0:8
    => IMP @0x0000000102a3aed4
  autorelease release: [NXNumberUnsignedInt16] @0x0000000140106280
objc_msg_lookup -[NXNumberUnsignedInt16 release]
  -[NXNumberUnsignedInt16 release] types=v16@0:8
  -[NXNumber release] types=v16@0:8
  -[NXObject release] types=v16@0:8
    => IMP @0x0000000102a36df4
objc_msg_lookup -[NXNumberUnsignedInt16 dealloc]
  -[NXNumberUnsignedInt16 dealloc] types=v16@0:8
  -[NXNumber dealloc] types=v16@0:8
  -[NXObject dealloc] types=v16@0:8
    => IMP @0x0000000102a36ca0
objc_lookup_class -[NXZone] @0x0000000102a4ab68
objc_msg_lookup +[NXZone class]
  +[NXZone class] types=#16@0:8
  +[NXObject class] types=#16@0:8
  +[Object class] types=#16@0:8
    => IMP @0x0000000102a3b104
objc_msg_lookup -[NXZone free:]
  -[NXZone free:] types=v24@0:8^v16
    => IMP @0x0000000102a38288
objc_msg_lookup -[NXConstantString cStr]
  -[NXConstantString cStr] types=r*16@0:8
    => IMP @0x0000000102a3aed4
  free: @0x0000000140106280
objc_msg_lookup -[NXConstantString cStr]
  -[NXConstantString cStr] types=r*16@0:8
    => IMP @0x0000000102a3aed4
  autorelease release: [NXString] @0x00000001401062e0
objc_msg_lookup -[NXString release]
  -[NXString release] types=v16@0:8
  -[NXObject release] types=v16@0:8
    => IMP @0x0000000102a36df4
objc_msg_lookup -[NXString dealloc]
  -[NXString dealloc] types=v16@0:8
    => IMP @0x0000000102a37a8c
objc_msg_lookup -[NXZone free:]
  -[NXZone free:] types=v24@0:8^v16
    => IMP @0x0000000102a38288
objc_msg_lookup -[NXConstantString cStr]
  -[NXConstantString cStr] types=r*16@0:8
    => IMP @0x0000000102a3aed4
  free: @0x00000001401062c0
objc_msg_lookup -[NXObject dealloc]
  -[NXObject dealloc] types=v16@0:8
objc_lookup_class -[NXZone] @0x0000000102a4ab68
objc_msg_lookup +[NXZone class]
  +[NXZone class] types=#16@0:8
  +[NXObject class] types=#16@0:8
  +[Object class] types=#16@0:8
    => IMP @0x0000000102a3b104
objc_msg_lookup -[NXZone free:]
  -[NXZone free:] types=v24@0:8^v16
    => IMP @0x0000000102a38288
objc_msg_lookup -[NXConstantString cStr]
  -[NXConstantString cStr] types=r*16@0:8
    => IMP @0x0000000102a3aed4
  free: @0x00000001401062e0
objc_msg_lookup -[NXConstantString cStr]
  -[NXConstantString cStr] types=r*16@0:8
    => IMP @0x0000000102a3aed4
  autorelease release: [NXNumberInt16] @0x0000000140106330
objc_msg_lookup -[NXNumberInt16 release]
  -[NXNumberInt16 release] types=v16@0:8
  -[NXNumber release] types=v16@0:8
  -[NXObject release] types=v16@0:8
    => IMP @0x0000000102a36df4
objc_msg_lookup -[NXNumberInt16 dealloc]
  -[NXNumberInt16 dealloc] types=v16@0:8
  -[NXNumber dealloc] types=v16@0:8
  -[NXObject dealloc] types=v16@0:8
    => IMP @0x0000000102a36ca0
objc_lookup_class -[NXZone] @0x0000000102a4ab68
objc_msg_lookup +[NXZone class]
  +[NXZone class] types=#16@0:8
  +[NXObject class] types=#16@0:8
  +[Object class] types=#16@0:8
    => IMP @0x0000000102a3b104
objc_msg_lookup -[NXZone free:]
  -[NXZone free:] types=v24@0:8^v16
    => IMP @0x0000000102a38288
objc_msg_lookup -[NXConstantString cStr]
  -[NXConstantString cStr] types=r*16@0:8
    => IMP @0x0000000102a3aed4
  free: @0x0000000140106330
objc_msg_lookup -[NXConstantString cStr]
  -[NXConstantString cStr] types=r*16@0:8
    => IMP @0x0000000102a3aed4
  autorelease release: [NXString] @0x0000000140106390
objc_msg_lookup -[NXString release]
  -[NXString release] types=v16@0:8
  -[NXObject release] types=v16@0:8
    => IMP @0x0000000102a36df4
objc_msg_lookup -[NXString dealloc]
  -[NXString dealloc] types=v16@0:8
    => IMP @0x0000000102a37a8c
objc_msg_lookup -[NXZone free:]
  -[NXZone free:] types=v24@0:8^v16
    => IMP @0x0000000102a38288
objc_msg_lookup -[NXConstantString cStr]
  -[NXConstantString cStr] types=r*16@0:8
    => IMP @0x0000000102a3aed4
  free: @0x0000000140106370
objc_msg_lookup -[NXObject dealloc]
  -[NXObject dealloc] types=v16@0:8
objc_lookup_class -[NXZone] @0x0000000102a4ab68
objc_msg_lookup +[NXZone class]
  +[NXZone class] types=#16@0:8
  +[NXObject class] types=#16@0:8
  +[Object class] types=#16@0:8
    => IMP @0x0000000102a3b104
objc_msg_lookup -[NXZone free:]
  -[NXZone free:] types=v24@0:8^v16
    => IMP @0x0000000102a38288
objc_msg_lookup -[NXConstantString cStr]
  -[NXConstantString cStr] types=r*16@0:8
    => IMP @0x0000000102a3aed4
  free: @0x0000000140106390
objc_msg_lookup -[NXConstantString cStr]
  -[NXConstantString cStr] types=r*16@0:8
    => IMP @0x0000000102a3aed4
  autorelease release: [NXNumberInt16] @0x00000001401063e0
objc_msg_lookup -[NXNumberInt16 release]
  -[NXNumberInt16 release] types=v16@0:8
  -[NXNumber release] types=v16@0:8
  -[NXObject release] types=v16@0:8
    => IMP @0x0000000102a36df4
objc_msg_lookup -[NXNumberInt16 dealloc]
  -[NXNumberInt16 dealloc] types=v16@0:8
  -[NXNumber dealloc] types=v16@0:8
  -[NXObject dealloc] types=v16@0:8
    => IMP @0x0000000102a36ca0
objc_lookup_class -[NXZone] @0x0000000102a4ab68
objc_msg_lookup +[NXZone class]
  +[NXZone class] types=#16@0:8
  +[NXObject class] types=#16@0:8
  +[Object class] types=#16@0:8
    => IMP @0x0000000102a3b104
objc_msg_lookup -[NXZone free:]
  -[NXZone free:] types=v24@0:8^v16
    => IMP @0x0000000102a38288
objc_msg_lookup -[NXConstantString cStr]
  -[NXConstantString cStr] types=r*16@0:8
    => IMP @0x0000000102a3aed4
  free: @0x00000001401063e0
objc_msg_lookup -[NXConstantString cStr]
  -[NXConstantString cStr] types=r*16@0:8
    => IMP @0x0000000102a3aed4
  autorelease release: [NXNumberInt16] @0x0000000140106420
objc_msg_lookup -[NXNumberInt16 release]
  -[NXNumberInt16 release] types=v16@0:8
  -[NXNumber release] types=v16@0:8
  -[NXObject release] types=v16@0:8
    => IMP @0x0000000102a36df4
objc_msg_lookup -[NXNumberInt16 dealloc]
  -[NXNumberInt16 dealloc] types=v16@0:8
  -[NXNumber dealloc] types=v16@0:8
  -[NXObject dealloc] types=v16@0:8
    => IMP @0x0000000102a36ca0
objc_lookup_class -[NXZone] @0x0000000102a4ab68
objc_msg_lookup +[NXZone class]
  +[NXZone class] types=#16@0:8
  +[NXObject class] types=#16@0:8
  +[Object class] types=#16@0:8
    => IMP @0x0000000102a3b104
objc_msg_lookup -[NXZone free:]
  -[NXZone free:] types=v24@0:8^v16
    => IMP @0x0000000102a38288
objc_msg_lookup -[NXConstantString cStr]
  -[NXConstantString cStr] types=r*16@0:8
    => IMP @0x0000000102a3aed4
  free: @0x0000000140106420
objc_msg_lookup -[NXConstantString cStr]
  -[NXConstantString cStr] types=r*16@0:8
    => IMP @0x0000000102a3aed4
  autorelease release: [NXNumberInt16] @0x0000000140106460
objc_msg_lookup -[NXNumberInt16 release]
  -[NXNumberInt16 release] types=v16@0:8
  -[NXNumber release] types=v16@0:8
  -[NXObject release] types=v16@0:8
    => IMP @0x0000000102a36df4
objc_msg_lookup -[NXNumberInt16 dealloc]
  -[NXNumberInt16 dealloc] types=v16@0:8
  -[NXNumber dealloc] types=v16@0:8
  -[NXObject dealloc] types=v16@0:8
    => IMP @0x0000000102a36ca0
objc_lookup_class -[NXZone] @0x0000000102a4ab68
objc_msg_lookup +[NXZone class]
  +[NXZone class] types=#16@0:8
  +[NXObject class] types=#16@0:8
  +[Object class] types=#16@0:8
    => IMP @0x0000000102a3b104
objc_msg_lookup -[NXZone free:]
  -[NXZone free:] types=v24@0:8^v16
    => IMP @0x0000000102a38288
objc_msg_lookup -[NXConstantString cStr]
  -[NXConstantString cStr] types=r*16@0:8
    => IMP @0x0000000102a3aed4
  free: @0x0000000140106460
objc_msg_lookup -[NXConstantString cStr]
  -[NXConstantString cStr] types=r*16@0:8
    => IMP @0x0000000102a3aed4
  autorelease release: [NXNumberUnsignedInt64] @0x00000001401064a0
objc_msg_lookup -[NXNumberUnsignedInt64 release]
  -[NXNumberUnsignedInt64 release] types=v16@0:8
  -[NXNumber release] types=v16@0:8
  -[NXObject release] types=v16@0:8
    => IMP @0x0000000102a36df4
objc_msg_lookup -[NXNumberUnsignedInt64 dealloc]
  -[NXNumberUnsignedInt64 dealloc] types=v16@0:8
  -[NXNumber dealloc] types=v16@0:8
  -[NXObject dealloc] types=v16@0:8
    => IMP @0x0000000102a36ca0
objc_lookup_class -[NXZone] @0x0000000102a4ab68
objc_msg_lookup +[NXZone class]
  +[NXZone class] types=#16@0:8
  +[NXObject class] types=#16@0:8
  +[Object class] types=#16@0:8
    => IMP @0x0000000102a3b104
objc_msg_lookup -[NXZone free:]
  -[NXZone free:] types=v24@0:8^v16
    => IMP @0x0000000102a38288
objc_msg_lookup -[NXConstantString cStr]
  -[NXConstantString cStr] types=r*16@0:8
    => IMP @0x0000000102a3aed4
  free: @0x00000001401064a0
objc_msg_lookup -[NXConstantString cStr]
  -[NXConstantString cStr] types=r*16@0:8
    => IMP @0x0000000102a3aed4
  autorelease release: [NXNumberUnsignedInt32] @0x00000001401064e0
objc_msg_lookup -[NXNumberUnsignedInt32 release]
  -[NXNumberUnsignedInt32 release] types=v16@0:8
  -[NXNumber release] types=v16@0:8
  -[NXObject release] types=v16@0:8
    => IMP @0x0000000102a36df4
objc_msg_lookup -[NXNumberUnsignedInt32 dealloc]
  -[NXNumberUnsignedInt32 dealloc] types=v16@0:8
  -[NXNumber dealloc] types=v16@0:8
  -[NXObject dealloc] types=v16@0:8
    => IMP @0x0000000102a36ca0
objc_lookup_class -[NXZone] @0x0000000102a4ab68
objc_msg_lookup +[NXZone class]
  +[NXZone class] types=#16@0:8
  +[NXObject class] types=#16@0:8
  +[Object class] types=#16@0:8
    => IMP @0x0000000102a3b104
objc_msg_lookup -[NXZone free:]
  -[NXZone free:] types=v24@0:8^v16
    => IMP @0x0000000102a38288
objc_msg_lookup -[NXConstantString cStr]
  -[NXConstantString cStr] types=r*16@0:8
    => IMP @0x0000000102a3aed4
  free: @0x00000001401064e0
objc_msg_lookup -[NXConstantString cStr]
  -[NXConstantString cStr] types=r*16@0:8
    => IMP @0x0000000102a3aed4
  autorelease release: [NXNumberUnsignedInt16] @0x0000000140106520
objc_msg_lookup -[NXNumberUnsignedInt16 release]
  -[NXNumberUnsignedInt16 release] types=v16@0:8
  -[NXNumber release] types=v16@0:8
  -[NXObject release] types=v16@0:8
    => IMP @0x0000000102a36df4
objc_msg_lookup -[NXNumberUnsignedInt16 dealloc]
  -[NXNumberUnsignedInt16 dealloc] types=v16@0:8
  -[NXNumber dealloc] types=v16@0:8
  -[NXObject dealloc] types=v16@0:8
    => IMP @0x0000000102a36ca0
objc_lookup_class -[NXZone] @0x0000000102a4ab68
objc_msg_lookup +[NXZone class]
  +[NXZone class] types=#16@0:8
  +[NXObject class] types=#16@0:8
  +[Object class] types=#16@0:8
    => IMP @0x0000000102a3b104
objc_msg_lookup -[NXZone free:]
  -[NXZone free:] types=v24@0:8^v16
    => IMP @0x0000000102a38288
objc_msg_lookup -[NXConstantString cStr]
  -[NXConstantString cStr] types=r*16@0:8
    => IMP @0x0000000102a3aed4
  free: @0x0000000140106520
objc_msg_lookup -[NXConstantString cStr]
  -[NXConstantString cStr] types=r*16@0:8
    => IMP @0x0000000102a3aed4
  autorelease release: [NXNumberInt64] @0x0000000140106560
objc_msg_lookup -[NXNumberInt64 release]
  -[NXNumberInt64 release] types=v16@0:8
  -[NXNumber release] types=v16@0:8
  -[NXObject release] types=v16@0:8
    => IMP @0x0000000102a36df4
objc_msg_lookup -[NXNumberInt64 dealloc]
  -[NXNumberInt64 dealloc] types=v16@0:8
  -[NXNumber dealloc] types=v16@0:8
  -[NXObject dealloc] types=v16@0:8
    => IMP @0x0000000102a36ca0
objc_lookup_class -[NXZone] @0x0000000102a4ab68
objc_msg_lookup +[NXZone class]
  +[NXZone class] types=#16@0:8
  +[NXObject class] types=#16@0:8
  +[Object class] types=#16@0:8
    => IMP @0x0000000102a3b104
objc_msg_lookup -[NXZone free:]
  -[NXZone free:] types=v24@0:8^v16
    => IMP @0x0000000102a38288
objc_msg_lookup -[NXConstantString cStr]
  -[NXConstantString cStr] types=r*16@0:8
    => IMP @0x0000000102a3aed4
  free: @0x0000000140106560
objc_msg_lookup -[NXConstantString cStr]
  -[NXConstantString cStr] types=r*16@0:8
    => IMP @0x0000000102a3aed4
  autorelease release: [NXNumberInt32] @0x00000001401065a0
objc_msg_lookup -[NXNumberInt32 release]
  -[NXNumberInt32 release] types=v16@0:8
  -[NXNumber release] types=v16@0:8
  -[NXObject release] types=v16@0:8
    => IMP @0x0000000102a36df4
objc_msg_lookup -[NXNumberInt32 dealloc]
  -[NXNumberInt32 dealloc] types=v16@0:8
  -[NXNumber dealloc] types=v16@0:8
  -[NXObject dealloc] types=v16@0:8
    => IMP @0x0000000102a36ca0
objc_lookup_class -[NXZone] @0x0000000102a4ab68
objc_msg_lookup +[NXZone class]
  +[NXZone class] types=#16@0:8
  +[NXObject class] types=#16@0:8
  +[Object class] types=#16@0:8
    => IMP @0x0000000102a3b104
objc_msg_lookup -[NXZone free:]
  -[NXZone free:] types=v24@0:8^v16
    => IMP @0x0000000102a38288
objc_msg_lookup -[NXConstantString cStr]
  -[NXConstantString cStr] types=r*16@0:8
    => IMP @0x0000000102a3aed4
  free: @0x00000001401065a0
objc_msg_lookup -[NXConstantString cStr]
  -[NXConstantString cStr] types=r*16@0:8
    => IMP @0x0000000102a3aed4
  autorelease release: [NXNumberInt16] @0x00000001401065e0
objc_msg_lookup -[NXNumberInt16 release]
  -[NXNumberInt16 release] types=v16@0:8
  -[NXNumber release] types=v16@0:8
  -[NXObject release] types=v16@0:8
    => IMP @0x0000000102a36df4
objc_msg_lookup -[NXNumberInt16 dealloc]
  -[NXNumberInt16 dealloc] types=v16@0:8
  -[NXNumber dealloc] types=v16@0:8
  -[NXObject dealloc] types=v16@0:8
    => IMP @0x0000000102a36ca0
objc_lookup_class -[NXZone] @0x0000000102a4ab68
objc_msg_lookup +[NXZone class]
  +[NXZone class] types=#16@0:8
  +[NXObject class] types=#16@0:8
  +[Object class] types=#16@0:8
    => IMP @0x0000000102a3b104
objc_msg_lookup -[NXZone free:]
  -[NXZone free:] types=v24@0:8^v16
    => IMP @0x0000000102a38288
objc_msg_lookup -[NXConstantString cStr]
  -[NXConstantString cStr] types=r*16@0:8
    => IMP @0x0000000102a3aed4
  free: @0x00000001401065e0
objc_msg_lookup -[NXConstantString cStr]
  -[NXConstantString cStr] types=r*16@0:8
    => IMP @0x0000000102a3aed4
  autorelease release: [NXNumberUnsignedInt16] @0x0000000140106620
objc_msg_lookup -[NXNumberUnsignedInt16 release]
  -[NXNumberUnsignedInt16 release] types=v16@0:8
  -[NXNumber release] types=v16@0:8
  -[NXObject release] types=v16@0:8
    => IMP @0x0000000102a36df4
objc_msg_lookup -[NXNumberUnsignedInt16 dealloc]
  -[NXNumberUnsignedInt16 dealloc] types=v16@0:8
  -[NXNumber dealloc] types=v16@0:8
  -[NXObject dealloc] types=v16@0:8
    => IMP @0x0000000102a36ca0
objc_lookup_class -[NXZone] @0x0000000102a4ab68
objc_msg_lookup +[NXZone class]
  +[NXZone class] types=#16@0:8
  +[NXObject class] types=#16@0:8
  +[Object class] types=#16@0:8
    => IMP @0x0000000102a3b104
objc_msg_lookup -[NXZone free:]
  -[NXZone free:] types=v24@0:8^v16
    => IMP @0x0000000102a38288
objc_msg_lookup -[NXConstantString cStr]
  -[NXConstantString cStr] types=r*16@0:8
    => IMP @0x0000000102a3aed4
  free: @0x0000000140106620
objc_msg_lookup -[NXConstantString cStr]
  -[NXConstantString cStr] types=r*16@0:8
    => IMP @0x0000000102a3aed4
  autorelease release: [NXNumberUnsignedInt16] @0x0000000140106660
objc_msg_lookup -[NXNumberUnsignedInt16 release]
  -[NXNumberUnsignedInt16 release] types=v16@0:8
  -[NXNumber release] types=v16@0:8
  -[NXObject release] types=v16@0:8
    => IMP @0x0000000102a36df4
objc_msg_lookup -[NXNumberUnsignedInt16 dealloc]
  -[NXNumberUnsignedInt16 dealloc] types=v16@0:8
  -[NXNumber dealloc] types=v16@0:8
  -[NXObject dealloc] types=v16@0:8
    => IMP @0x0000000102a36ca0
objc_lookup_class -[NXZone] @0x0000000102a4ab68
objc_msg_lookup +[NXZone class]
  +[NXZone class] types=#16@0:8
  +[NXObject class] types=#16@0:8
  +[Object class] types=#16@0:8
    => IMP @0x0000000102a3b104
objc_msg_lookup -[NXZone free:]
  -[NXZone free:] types=v24@0:8^v16
    => IMP @0x0000000102a38288
objc_msg_lookup -[NXConstantString cStr]
  -[NXConstantString cStr] types=r*16@0:8
    => IMP @0x0000000102a3aed4
  free: @0x0000000140106660
objc_msg_lookup -[NXConstantString cStr]
  -[NXConstantString cStr] types=r*16@0:8
    => IMP @0x0000000102a3aed4
  autorelease release: [NXNumberUnsignedInt16] @0x00000001401066a0
objc_msg_lookup -[NXNumberUnsignedInt16 release]
  -[NXNumberUnsignedInt16 release] types=v16@0:8
  -[NXNumber release] types=v16@0:8
  -[NXObject release] types=v16@0:8
    => IMP @0x0000000102a36df4
objc_msg_lookup -[NXNumberUnsignedInt16 dealloc]
  -[NXNumberUnsignedInt16 dealloc] types=v16@0:8
  -[NXNumber dealloc] types=v16@0:8
  -[NXObject dealloc] types=v16@0:8
    => IMP @0x0000000102a36ca0
objc_lookup_class -[NXZone] @0x0000000102a4ab68
objc_msg_lookup +[NXZone class]
  +[NXZone class] types=#16@0:8
  +[NXObject class] types=#16@0:8
  +[Object class] types=#16@0:8
    => IMP @0x0000000102a3b104
objc_msg_lookup -[NXZone free:]
  -[NXZone free:] types=v24@0:8^v16
    => IMP @0x0000000102a38288
objc_msg_lookup -[NXConstantString cStr]
  -[NXConstantString cStr] types=r*16@0:8
    => IMP @0x0000000102a3aed4
  free: @0x00000001401066a0
objc_msg_lookup -[NXConstantString cStr]
  -[NXConstantString cStr] types=r*16@0:8
    => IMP @0x0000000102a3aed4
  autorelease release: [NXNumberInt16] @0x00000001401066e0
objc_msg_lookup -[NXNumberInt16 release]
  -[NXNumberInt16 release] types=v16@0:8
  -[NXNumber release] types=v16@0:8
  -[NXObject release] types=v16@0:8
    => IMP @0x0000000102a36df4
objc_msg_lookup -[NXNumberInt16 dealloc]
  -[NXNumberInt16 dealloc] types=v16@0:8
  -[NXNumber dealloc] types=v16@0:8
  -[NXObject dealloc] types=v16@0:8
    => IMP @0x0000000102a36ca0
objc_lookup_class -[NXZone] @0x0000000102a4ab68
objc_msg_lookup +[NXZone class]
  +[NXZone class] types=#16@0:8
  +[NXObject class] types=#16@0:8
  +[Object class] types=#16@0:8
    => IMP @0x0000000102a3b104
objc_msg_lookup -[NXZone free:]
  -[NXZone free:] types=v24@0:8^v16
    => IMP @0x0000000102a38288
objc_msg_lookup -[NXConstantString cStr]
  -[NXConstantString cStr] types=r*16@0:8
    => IMP @0x0000000102a3aed4
  free: @0x00000001401066e0
objc_msg_lookup -[NXConstantString cStr]
  -[NXConstantString cStr] types=r*16@0:8
    => IMP @0x0000000102a3aed4
  autorelease release: [NXNumberInt16] @0x0000000140106720
objc_msg_lookup -[NXNumberInt16 release]
  -[NXNumberInt16 release] types=v16@0:8
  -[NXNumber release] types=v16@0:8
  -[NXObject release] types=v16@0:8
    => IMP @0x0000000102a36df4
objc_msg_lookup -[NXNumberInt16 dealloc]
  -[NXNumberInt16 dealloc] types=v16@0:8
  -[NXNumber dealloc] types=v16@0:8
  -[NXObject dealloc] types=v16@0:8
    => IMP @0x0000000102a36ca0
objc_lookup_class -[NXZone] @0x0000000102a4ab68
objc_msg_lookup +[NXZone class]
  +[NXZone class] types=#16@0:8
  +[NXObject class] types=#16@0:8
  +[Object class] types=#16@0:8
    => IMP @0x0000000102a3b104
objc_msg_lookup -[NXZone free:]
  -[NXZone free:] types=v24@0:8^v16
    => IMP @0x0000000102a38288
objc_msg_lookup -[NXConstantString cStr]
  -[NXConstantString cStr] types=r*16@0:8
    => IMP @0x0000000102a3aed4
  free: @0x0000000140106720
objc_msg_lookup -[NXConstantString cStr]
  -[NXConstantString cStr] types=r*16@0:8
    => IMP @0x0000000102a3aed4
  autorelease release: [NXNumberInt16] @0x0000000140106760
objc_msg_lookup -[NXNumberInt16 release]
  -[NXNumberInt16 release] types=v16@0:8
  -[NXNumber release] types=v16@0:8
  -[NXObject release] types=v16@0:8
    => IMP @0x0000000102a36df4
objc_msg_lookup -[NXNumberInt16 dealloc]
  -[NXNumberInt16 dealloc] types=v16@0:8
  -[NXNumber dealloc] types=v16@0:8
  -[NXObject dealloc] types=v16@0:8
    => IMP @0x0000000102a36ca0
objc_lookup_class -[NXZone] @0x0000000102a4ab68
objc_msg_lookup +[NXZone class]
  +[NXZone class] types=#16@0:8
  +[NXObject class] types=#16@0:8
  +[Object class] types=#16@0:8
    => IMP @0x0000000102a3b104
objc_msg_lookup -[NXZone free:]
  -[NXZone free:] types=v24@0:8^v16
    => IMP @0x0000000102a38288
objc_msg_lookup -[NXConstantString cStr]
  -[NXConstantString cStr] types=r*16@0:8
    => IMP @0x0000000102a3aed4
  free: @0x0000000140106760
objc_msg_lookup -[NXConstantString cStr]
  -[NXConstantString cStr] types=r*16@0:8
    => IMP @0x0000000102a3aed4
  autorelease release: [NXNumberInt16] @0x00000001401067a0
objc_msg_lookup -[NXNumberInt16 release]
  -[NXNumberInt16 release] types=v16@0:8
  -[NXNumber release] types=v16@0:8
  -[NXObject release] types=v16@0:8
    => IMP @0x0000000102a36df4
objc_msg_lookup -[NXNumberInt16 dealloc]
  -[NXNumberInt16 dealloc] types=v16@0:8
  -[NXNumber dealloc] types=v16@0:8
  -[NXObject dealloc] types=v16@0:8
    => IMP @0x0000000102a36ca0
objc_lookup_class -[NXZone] @0x0000000102a4ab68
objc_msg_lookup +[NXZone class]
  +[NXZone class] types=#16@0:8
  +[NXObject class] types=#16@0:8
  +[Object class] types=#16@0:8
    => IMP @0x0000000102a3b104
objc_msg_lookup -[NXZone free:]
  -[NXZone free:] types=v24@0:8^v16
    => IMP @0x0000000102a38288
objc_msg_lookup -[NXConstantString cStr]
  -[NXConstantString cStr] types=r*16@0:8
    => IMP @0x0000000102a3aed4
  free: @0x00000001401067a0
objc_msg_lookup -[NXConstantString cStr]
  -[NXConstantString cStr] types=r*16@0:8
    => IMP @0x0000000102a3aed4
  autorelease release: [NXNumberInt16] @0x00000001401067e0
objc_msg_lookup -[NXNumberInt16 release]
  -[NXNumberInt16 release] types=v16@0:8
  -[NXNumber release] types=v16@0:8
  -[NXObject release] types=v16@0:8
    => IMP @0x0000000102a36df4
objc_msg_lookup -[NXNumberInt16 dealloc]
  -[NXNumberInt16 dealloc] types=v16@0:8
  -[NXNumber dealloc] types=v16@0:8
  -[NXObject dealloc] types=v16@0:8
    => IMP @0x0000000102a36ca0
objc_lookup_class -[NXZone] @0x0000000102a4ab68
objc_msg_lookup +[NXZone class]
  +[NXZone class] types=#16@0:8
  +[NXObject class] types=#16@0:8
  +[Object class] types=#16@0:8
    => IMP @0x0000000102a3b104
objc_msg_lookup -[NXZone free:]
  -[NXZone free:] types=v24@0:8^v16
    => IMP @0x0000000102a38288
objc_msg_lookup -[NXConstantString cStr]
  -[NXConstantString cStr] types=r*16@0:8
    => IMP @0x0000000102a3aed4
  free: @0x00000001401067e0
objc_msg_lookup -[NXConstantString cStr]
  -[NXConstantString cStr] types=r*16@0:8
    => IMP @0x0000000102a3aed4
  autorelease release: [NXString] @0x0000000140106848
objc_msg_lookup -[NXString release]
  -[NXString release] types=v16@0:8
  -[NXObject release] types=v16@0:8
    => IMP @0x0000000102a36df4
objc_msg_lookup -[NXString dealloc]
  -[NXString dealloc] types=v16@0:8
    => IMP @0x0000000102a37a8c
objc_msg_lookup -[NXZone free:]
  -[NXZone free:] types=v24@0:8^v16
    => IMP @0x0000000102a38288
objc_msg_lookup -[NXConstantString cStr]
  -[NXConstantString cStr] types=r*16@0:8
    => IMP @0x0000000102a3aed4
  free: @0x0000000140106820
objc_msg_lookup -[NXObject dealloc]
  -[NXObject dealloc] types=v16@0:8
objc_lookup_class -[NXZone] @0x0000000102a4ab68
objc_msg_lookup +[NXZone class]
  +[NXZone class] types=#16@0:8
  +[NXObject class] types=#16@0:8
  +[Object class] types=#16@0:8
    => IMP @0x0000000102a3b104
objc_msg_lookup -[NXZone free:]
  -[NXZone free:] types=v24@0:8^v16
    => IMP @0x0000000102a38288
objc_msg_lookup -[NXConstantString cStr]
  -[NXConstantString cStr] types=r*16@0:8
    => IMP @0x0000000102a3aed4
  free: @0x0000000140106848
objc_msg_lookup -[NXConstantString cStr]
  -[NXConstantString cStr] types=r*16@0:8
    => IMP @0x0000000102a3aed4
  autorelease release: [NXNumberUnsignedInt32] @0x0000000140106898
objc_msg_lookup -[NXNumberUnsignedInt32 release]
  -[NXNumberUnsignedInt32 release] types=v16@0:8
  -[NXNumber release] types=v16@0:8
  -[NXObject release] types=v16@0:8
    => IMP @0x0000000102a36df4
objc_msg_lookup -[NXNumberUnsignedInt32 dealloc]
  -[NXNumberUnsignedInt32 dealloc] types=v16@0:8
  -[NXNumber dealloc] types=v16@0:8
  -[NXObject dealloc] types=v16@0:8
    => IMP @0x0000000102a36ca0
objc_lookup_class -[NXZone] @0x0000000102a4ab68
objc_msg_lookup +[NXZone class]
  +[NXZone class] types=#16@0:8
  +[NXObject class] types=#16@0:8
  +[Object class] types=#16@0:8
    => IMP @0x0000000102a3b104
objc_msg_lookup -[NXZone free:]
  -[NXZone free:] types=v24@0:8^v16
    => IMP @0x0000000102a38288
objc_msg_lookup -[NXConstantString cStr]
  -[NXConstantString cStr] types=r*16@0:8
    => IMP @0x0000000102a3aed4
  free: @0x0000000140106898
objc_msg_lookup -[NXConstantString cStr]
  -[NXConstantString cStr] types=r*16@0:8
    => IMP @0x0000000102a3aed4
  autorelease release: [NXString] @0x00000001401068f8
objc_msg_lookup -[NXString release]
  -[NXString release] types=v16@0:8
  -[NXObject release] types=v16@0:8
    => IMP @0x0000000102a36df4
objc_msg_lookup -[NXString dealloc]
  -[NXString dealloc] types=v16@0:8
    => IMP @0x0000000102a37a8c
objc_msg_lookup -[NXZone free:]
  -[NXZone free:] types=v24@0:8^v16
    => IMP @0x0000000102a38288
objc_msg_lookup -[NXConstantString cStr]
  -[NXConstantString cStr] types=r*16@0:8
    => IMP @0x0000000102a3aed4
  free: @0x00000001401068d8
objc_msg_lookup -[NXObject dealloc]
  -[NXObject dealloc] types=v16@0:8
objc_lookup_class -[NXZone] @0x0000000102a4ab68
objc_msg_lookup +[NXZone class]
  +[NXZone class] types=#16@0:8
  +[NXObject class] types=#16@0:8
  +[Object class] types=#16@0:8
    => IMP @0x0000000102a3b104
objc_msg_lookup -[NXZone free:]
  -[NXZone free:] types=v24@0:8^v16
    => IMP @0x0000000102a38288
objc_msg_lookup -[NXConstantString cStr]
  -[NXConstantString cStr] types=r*16@0:8
    => IMP @0x0000000102a3aed4
  free: @0x00000001401068f8
objc_msg_lookup -[NXConstantString cStr]
  -[NXConstantString cStr] types=r*16@0:8
    => IMP @0x0000000102a3aed4
  autorelease release: [NXNumberUnsignedInt32] @0x0000000140106948
objc_msg_lookup -[NXNumberUnsignedInt32 release]
  -[NXNumberUnsignedInt32 release] types=v16@0:8
  -[NXNumber release] types=v16@0:8
  -[NXObject release] types=v16@0:8
    => IMP @0x0000000102a36df4
objc_msg_lookup -[NXNumberUnsignedInt32 dealloc]
  -[NXNumberUnsignedInt32 dealloc] types=v16@0:8
  -[NXNumber dealloc] types=v16@0:8
  -[NXObject dealloc] types=v16@0:8
    => IMP @0x0000000102a36ca0
objc_lookup_class -[NXZone] @0x0000000102a4ab68
objc_msg_lookup +[NXZone class]
  +[NXZone class] types=#16@0:8
  +[NXObject class] types=#16@0:8
  +[Object class] types=#16@0:8
    => IMP @0x0000000102a3b104
objc_msg_lookup -[NXZone free:]
  -[NXZone free:] types=v24@0:8^v16
    => IMP @0x0000000102a38288
objc_msg_lookup -[NXConstantString cStr]
  -[NXConstantString cStr] types=r*16@0:8
    => IMP @0x0000000102a3aed4
  free: @0x0000000140106948
objc_msg_lookup -[NXConstantString cStr]
  -[NXConstantString cStr] types=r*16@0:8
    => IMP @0x0000000102a3aed4
  autorelease release: [NXString] @0x00000001401069a8
objc_msg_lookup -[NXString release]
  -[NXString release] types=v16@0:8
  -[NXObject release] types=v16@0:8
    => IMP @0x0000000102a36df4
objc_msg_lookup -[NXString dealloc]
  -[NXString dealloc] types=v16@0:8
    => IMP @0x0000000102a37a8c
objc_msg_lookup -[NXZone free:]
  -[NXZone free:] types=v24@0:8^v16
    => IMP @0x0000000102a38288
objc_msg_lookup -[NXConstantString cStr]
  -[NXConstantString cStr] types=r*16@0:8
    => IMP @0x0000000102a3aed4
  free: @0x0000000140106988
objc_msg_lookup -[NXObject dealloc]
  -[NXObject dealloc] types=v16@0:8
objc_lookup_class -[NXZone] @0x0000000102a4ab68
objc_msg_lookup +[NXZone class]
  +[NXZone class] types=#16@0:8
  +[NXObject class] types=#16@0:8
  +[Object class] types=#16@0:8
    => IMP @0x0000000102a3b104
objc_msg_lookup -[NXZone free:]
  -[NXZone free:] types=v24@0:8^v16
    => IMP @0x0000000102a38288
objc_msg_lookup -[NXConstantString cStr]
  -[NXConstantString cStr] types=r*16@0:8
    => IMP @0x0000000102a3aed4
  free: @0x00000001401069a8
objc_msg_lookup -[NXConstantString cStr]
  -[NXConstantString cStr] types=r*16@0:8
    => IMP @0x0000000102a3aed4
  autorelease release: [NXNumberInt32] @0x00000001401069f8
objc_msg_lookup -[NXNumberInt32 release]
  -[NXNumberInt32 release] types=v16@0:8
  -[NXNumber release] types=v16@0:8
  -[NXObject release] types=v16@0:8
    => IMP @0x0000000102a36df4
objc_msg_lookup -[NXNumberInt32 dealloc]
  -[NXNumberInt32 dealloc] types=v16@0:8
  -[NXNumber dealloc] types=v16@0:8
  -[NXObject dealloc] types=v16@0:8
    => IMP @0x0000000102a36ca0
objc_lookup_class -[NXZone] @0x0000000102a4ab68
objc_msg_lookup +[NXZone class]
  +[NXZone class] types=#16@0:8
  +[NXObject class] types=#16@0:8
  +[Object class] types=#16@0:8
    => IMP @0x0000000102a3b104
objc_msg_lookup -[NXZone free:]
  -[NXZone free:] types=v24@0:8^v16
    => IMP @0x0000000102a38288
objc_msg_lookup -[NXConstantString cStr]
  -[NXConstantString cStr] types=r*16@0:8
    => IMP @0x0000000102a3aed4
  free: @0x00000001401069f8
objc_msg_lookup -[NXConstantString cStr]
  -[NXConstantString cStr] types=r*16@0:8
    => IMP @0x0000000102a3aed4
  autorelease release: [NXString] @0x0000000140106a58
objc_msg_lookup -[NXString release]
  -[NXString release] types=v16@0:8
  -[NXObject release] types=v16@0:8
    => IMP @0x0000000102a36df4
objc_msg_lookup -[NXString dealloc]
  -[NXString dealloc] types=v16@0:8
    => IMP @0x0000000102a37a8c
objc_msg_lookup -[NXZone free:]
  -[NXZone free:] types=v24@0:8^v16
    => IMP @0x0000000102a38288
objc_msg_lookup -[NXConstantString cStr]
  -[NXConstantString cStr] types=r*16@0:8
    => IMP @0x0000000102a3aed4
  free: @0x0000000140106a38
objc_msg_lookup -[NXObject dealloc]
  -[NXObject dealloc] types=v16@0:8
objc_lookup_class -[NXZone] @0x0000000102a4ab68
objc_msg_lookup +[NXZone class]
  +[NXZone class] types=#16@0:8
  +[NXObject class] types=#16@0:8
  +[Object class] types=#16@0:8
    => IMP @0x0000000102a3b104
objc_msg_lookup -[NXZone free:]
  -[NXZone free:] types=v24@0:8^v16
    => IMP @0x0000000102a38288
objc_msg_lookup -[NXConstantString cStr]
  -[NXConstantString cStr] types=r*16@0:8
    => IMP @0x0000000102a3aed4
  free: @0x0000000140106a58
objc_msg_lookup -[NXConstantString cStr]
  -[NXConstantString cStr] types=r*16@0:8
    => IMP @0x0000000102a3aed4
  autorelease release: [NXNumberInt32] @0x0000000140106aa8
objc_msg_lookup -[NXNumberInt32 release]
  -[NXNumberInt32 release] types=v16@0:8
  -[NXNumber release] types=v16@0:8
  -[NXObject release] types=v16@0:8
    => IMP @0x0000000102a36df4
objc_msg_lookup -[NXNumberInt32 dealloc]
  -[NXNumberInt32 dealloc] types=v16@0:8
  -[NXNumber dealloc] types=v16@0:8
  -[NXObject dealloc] types=v16@0:8
    => IMP @0x0000000102a36ca0
objc_lookup_class -[NXZone] @0x0000000102a4ab68
objc_msg_lookup +[NXZone class]
  +[NXZone class] types=#16@0:8
  +[NXObject class] types=#16@0:8
  +[Object class] types=#16@0:8
    => IMP @0x0000000102a3b104
objc_msg_lookup -[NXZone free:]
  -[NXZone free:] types=v24@0:8^v16
    => IMP @0x0000000102a38288
objc_msg_lookup -[NXConstantString cStr]
  -[NXConstantString cStr] types=r*16@0:8
    => IMP @0x0000000102a3aed4
  free: @0x0000000140106aa8
objc_msg_lookup -[NXConstantString cStr]
  -[NXConstantString cStr] types=r*16@0:8
    => IMP @0x0000000102a3aed4
  autorelease release: [NXNumberUnsignedInt32] @0x0000000140106ae8
objc_msg_lookup -[NXNumberUnsignedInt32 release]
  -[NXNumberUnsignedInt32 release] types=v16@0:8
  -[NXNumber release] types=v16@0:8
  -[NXObject release] types=v16@0:8
    => IMP @0x0000000102a36df4
objc_msg_lookup -[NXNumberUnsignedInt32 dealloc]
  -[NXNumberUnsignedInt32 dealloc] types=v16@0:8
  -[NXNumber dealloc] types=v16@0:8
  -[NXObject dealloc] types=v16@0:8
    => IMP @0x0000000102a36ca0
objc_lookup_class -[NXZone] @0x0000000102a4ab68
objc_msg_lookup +[NXZone class]
  +[NXZone class] types=#16@0:8
  +[NXObject class] types=#16@0:8
  +[Object class] types=#16@0:8
    => IMP @0x0000000102a3b104
objc_msg_lookup -[NXZone free:]
  -[NXZone free:] types=v24@0:8^v16
    => IMP @0x0000000102a38288
objc_msg_lookup -[NXConstantString cStr]
  -[NXConstantString cStr] types=r*16@0:8
    => IMP @0x0000000102a3aed4
  free: @0x0000000140106ae8
objc_msg_lookup -[NXConstantString cStr]
  -[NXConstantString cStr] types=r*16@0:8
    => IMP @0x0000000102a3aed4
  autorelease release: [NXNumberInt32] @0x0000000140106b28
objc_msg_lookup -[NXNumberInt32 release]
  -[NXNumberInt32 release] types=v16@0:8
  -[NXNumber release] types=v16@0:8
  -[NXObject release] types=v16@0:8
    => IMP @0x0000000102a36df4
objc_msg_lookup -[NXNumberInt32 dealloc]
  -[NXNumberInt32 dealloc] types=v16@0:8
  -[NXNumber dealloc] types=v16@0:8
  -[NXObject dealloc] types=v16@0:8
    => IMP @0x0000000102a36ca0
objc_lookup_class -[NXZone] @0x0000000102a4ab68
objc_msg_lookup +[NXZone class]
  +[NXZone class] types=#16@0:8
  +[NXObject class] types=#16@0:8
  +[Object class] types=#16@0:8
    => IMP @0x0000000102a3b104
objc_msg_lookup -[NXZone free:]
  -[NXZone free:] types=v24@0:8^v16
    => IMP @0x0000000102a38288
objc_msg_lookup -[NXConstantString cStr]
  -[NXConstantString cStr] types=r*16@0:8
    => IMP @0x0000000102a3aed4
  free: @0x0000000140106b28
objc_msg_lookup -[NXConstantString cStr]
  -[NXConstantString cStr] types=r*16@0:8
    => IMP @0x0000000102a3aed4
  autorelease release: [NXNumberInt32] @0x0000000140106b68
objc_msg_lookup -[NXNumberInt32 release]
  -[NXNumberInt32 release] types=v16@0:8
  -[NXNumber release] types=v16@0:8
  -[NXObject release] types=v16@0:8
    => IMP @0x0000000102a36df4
objc_msg_lookup -[NXNumberInt32 dealloc]
  -[NXNumberInt32 dealloc] types=v16@0:8
  -[NXNumber dealloc] types=v16@0:8
  -[NXObject dealloc] types=v16@0:8
    => IMP @0x0000000102a36ca0
objc_lookup_class -[NXZone] @0x0000000102a4ab68
objc_msg_lookup +[NXZone class]
  +[NXZone class] types=#16@0:8
  +[NXObject class] types=#16@0:8
  +[Object class] types=#16@0:8
    => IMP @0x0000000102a3b104
objc_msg_lookup -[NXZone free:]
  -[NXZone free:] types=v24@0:8^v16
    => IMP @0x0000000102a38288
objc_msg_lookup -[NXConstantString cStr]
  -[NXConstantString cStr] types=r*16@0:8
    => IMP @0x0000000102a3aed4
  free: @0x0000000140106b68
objc_msg_lookup -[NXConstantString cStr]
  -[NXConstantString cStr] types=r*16@0:8
    => IMP @0x0000000102a3aed4
  autorelease release: [NXNumberUnsignedInt64] @0x0000000140106ba8
objc_msg_lookup -[NXNumberUnsignedInt64 release]
  -[NXNumberUnsignedInt64 release] types=v16@0:8
  -[NXNumber release] types=v16@0:8
  -[NXObject release] types=v16@0:8
    => IMP @0x0000000102a36df4
objc_msg_lookup -[NXNumberUnsignedInt64 dealloc]
  -[NXNumberUnsignedInt64 dealloc] types=v16@0:8
  -[NXNumber dealloc] types=v16@0:8
  -[NXObject dealloc] types=v16@0:8
    => IMP @0x0000000102a36ca0
objc_lookup_class -[NXZone] @0x0000000102a4ab68
objc_msg_lookup +[NXZone class]
  +[NXZone class] types=#16@0:8
  +[NXObject class] types=#16@0:8
  +[Object class] types=#16@0:8
    => IMP @0x0000000102a3b104
objc_msg_lookup -[NXZone free:]
  -[NXZone free:] types=v24@0:8^v16
    => IMP @0x0000000102a38288
objc_msg_lookup -[NXConstantString cStr]
  -[NXConstantString cStr] types=r*16@0:8
    => IMP @0x0000000102a3aed4
  free: @0x0000000140106ba8
objc_msg_lookup -[NXConstantString cStr]
  -[NXConstantString cStr] types=r*16@0:8
    => IMP @0x0000000102a3aed4
  autorelease release: [NXNumberUnsignedInt32] @0x0000000140106be8
objc_msg_lookup -[NXNumberUnsignedInt32 release]
  -[NXNumberUnsignedInt32 release] types=v16@0:8
  -[NXNumber release] types=v16@0:8
  -[NXObject release] types=v16@0:8
    => IMP @0x0000000102a36df4
objc_msg_lookup -[NXNumberUnsignedInt32 dealloc]
  -[NXNumberUnsignedInt32 dealloc] types=v16@0:8
  -[NXNumber dealloc] types=v16@0:8
  -[NXObject dealloc] types=v16@0:8
    => IMP @0x0000000102a36ca0
objc_lookup_class -[NXZone] @0x0000000102a4ab68
objc_msg_lookup +[NXZone class]
  +[NXZone class] types=#16@0:8
  +[NXObject class] types=#16@0:8
  +[Object class] types=#16@0:8
    => IMP @0x0000000102a3b104
objc_msg_lookup -[NXZone free:]
  -[NXZone free:] types=v24@0:8^v16
    => IMP @0x0000000102a38288
objc_msg_lookup -[NXConstantString cStr]
  -[NXConstantString cStr] types=r*16@0:8
    => IMP @0x0000000102a3aed4
  free: @0x0000000140106be8
objc_msg_lookup -[NXConstantString cStr]
  -[NXConstantString cStr] types=r*16@0:8
    => IMP @0x0000000102a3aed4
  autorelease release: [NXNumberInt64] @0x0000000140106c28
objc_msg_lookup -[NXNumberInt64 release]
  -[NXNumberInt64 release] types=v16@0:8
  -[NXNumber release] types=v16@0:8
  -[NXObject release] types=v16@0:8
    => IMP @0x0000000102a36df4
objc_msg_lookup -[NXNumberInt64 dealloc]
  -[NXNumberInt64 dealloc] types=v16@0:8
  -[NXNumber dealloc] types=v16@0:8
  -[NXObject dealloc] types=v16@0:8
    => IMP @0x0000000102a36ca0
objc_lookup_class -[NXZone] @0x0000000102a4ab68
objc_msg_lookup +[NXZone class]
  +[NXZone class] types=#16@0:8
  +[NXObject class] types=#16@0:8
  +[Object class] types=#16@0:8
    => IMP @0x0000000102a3b104
objc_msg_lookup -[NXZone free:]
  -[NXZone free:] types=v24@0:8^v16
    => IMP @0x0000000102a38288
objc_msg_lookup -[NXConstantString cStr]
  -[NXConstantString cStr] types=r*16@0:8
    => IMP @0x0000000102a3aed4
  free: @0x0000000140106c28
objc_msg_lookup -[NXConstantString cStr]
  -[NXConstantString cStr] types=r*16@0:8
    => IMP @0x0000000102a3aed4
  autorelease release: [NXNumberInt32] @0x0000000140106c68
objc_msg_lookup -[NXNumberInt32 release]
  -[NXNumberInt32 release] types=v16@0:8
  -[NXNumber release] types=v16@0:8
  -[NXObject release] types=v16@0:8
    => IMP @0x0000000102a36df4
objc_msg_lookup -[NXNumberInt32 dealloc]
  -[NXNumberInt32 dealloc] types=v16@0:8
  -[NXNumber dealloc] types=v16@0:8
  -[NXObject dealloc] types=v16@0:8
    => IMP @0x0000000102a36ca0
objc_lookup_class -[NXZone] @0x0000000102a4ab68
objc_msg_lookup +[NXZone class]
  +[NXZone class] types=#16@0:8
  +[NXObject class] types=#16@0:8
  +[Object class] types=#16@0:8
    => IMP @0x0000000102a3b104
objc_msg_lookup -[NXZone free:]
  -[NXZone free:] types=v24@0:8^v16
    => IMP @0x0000000102a38288
objc_msg_lookup -[NXConstantString cStr]
  -[NXConstantString cStr] types=r*16@0:8
    => IMP @0x0000000102a3aed4
  free: @0x0000000140106c68
objc_msg_lookup -[NXConstantString cStr]
  -[NXConstantString cStr] types=r*16@0:8
    => IMP @0x0000000102a3aed4
  autorelease release: [NXNumberUnsignedInt32] @0x0000000140106ca8
objc_msg_lookup -[NXNumberUnsignedInt32 release]
  -[NXNumberUnsignedInt32 release] types=v16@0:8
  -[NXNumber release] types=v16@0:8
  -[NXObject release] types=v16@0:8
    => IMP @0x0000000102a36df4
objc_msg_lookup -[NXNumberUnsignedInt32 dealloc]
  -[NXNumberUnsignedInt32 dealloc] types=v16@0:8
  -[NXNumber dealloc] types=v16@0:8
  -[NXObject dealloc] types=v16@0:8
    => IMP @0x0000000102a36ca0
objc_lookup_class -[NXZone] @0x0000000102a4ab68
objc_msg_lookup +[NXZone class]
  +[NXZone class] types=#16@0:8
  +[NXObject class] types=#16@0:8
  +[Object class] types=#16@0:8
    => IMP @0x0000000102a3b104
objc_msg_lookup -[NXZone free:]
  -[NXZone free:] types=v24@0:8^v16
    => IMP @0x0000000102a38288
objc_msg_lookup -[NXConstantString cStr]
  -[NXConstantString cStr] types=r*16@0:8
    => IMP @0x0000000102a3aed4
  free: @0x0000000140106ca8
objc_msg_lookup -[NXConstantString cStr]
  -[NXConstantString cStr] types=r*16@0:8
    => IMP @0x0000000102a3aed4
  autorelease release: [NXNumberUnsignedInt32] @0x0000000140106ce8
objc_msg_lookup -[NXNumberUnsignedInt32 release]
  -[NXNumberUnsignedInt32 release] types=v16@0:8
  -[NXNumber release] types=v16@0:8
  -[NXObject release] types=v16@0:8
    => IMP @0x0000000102a36df4
objc_msg_lookup -[NXNumberUnsignedInt32 dealloc]
  -[NXNumberUnsignedInt32 dealloc] types=v16@0:8
  -[NXNumber dealloc] types=v16@0:8
  -[NXObject dealloc] types=v16@0:8
    => IMP @0x0000000102a36ca0
objc_lookup_class -[NXZone] @0x0000000102a4ab68
objc_msg_lookup +[NXZone class]
  +[NXZone class] types=#16@0:8
  +[NXObject class] types=#16@0:8
  +[Object class] types=#16@0:8
    => IMP @0x0000000102a3b104
objc_msg_lookup -[NXZone free:]
  -[NXZone free:] types=v24@0:8^v16
    => IMP @0x0000000102a38288
objc_msg_lookup -[NXConstantString cStr]
  -[NXConstantString cStr] types=r*16@0:8
    => IMP @0x0000000102a3aed4
  free: @0x0000000140106ce8
objc_msg_lookup -[NXConstantString cStr]
  -[NXConstantString cStr] types=r*16@0:8
    => IMP @0x0000000102a3aed4
  autorelease release: [NXNumberUnsignedInt32] @0x0000000140106d28
objc_msg_lookup -[NXNumberUnsignedInt32 release]
  -[NXNumberUnsignedInt32 release] types=v16@0:8
  -[NXNumber release] types=v16@0:8
  -[NXObject release] types=v16@0:8
    => IMP @0x0000000102a36df4
objc_msg_lookup -[NXNumberUnsignedInt32 dealloc]
  -[NXNumberUnsignedInt32 dealloc] types=v16@0:8
  -[NXNumber dealloc] types=v16@0:8
  -[NXObject dealloc] types=v16@0:8
    => IMP @0x0000000102a36ca0
objc_lookup_class -[NXZone] @0x0000000102a4ab68
objc_msg_lookup +[NXZone class]
  +[NXZone class] types=#16@0:8
  +[NXObject class] types=#16@0:8
  +[Object class] types=#16@0:8
    => IMP @0x0000000102a3b104
objc_msg_lookup -[NXZone free:]
  -[NXZone free:] types=v24@0:8^v16
    => IMP @0x0000000102a38288
objc_msg_lookup -[NXConstantString cStr]
  -[NXConstantString cStr] types=r*16@0:8
    => IMP @0x0000000102a3aed4
  free: @0x0000000140106d28
objc_msg_lookup -[NXConstantString cStr]
  -[NXConstantString cStr] types=r*16@0:8
    => IMP @0x0000000102a3aed4
  autorelease release: [NXNumberInt32] @0x0000000140106d68
objc_msg_lookup -[NXNumberInt32 release]
  -[NXNumberInt32 release] types=v16@0:8
  -[NXNumber release] types=v16@0:8
  -[NXObject release] types=v16@0:8
    => IMP @0x0000000102a36df4
objc_msg_lookup -[NXNumberInt32 dealloc]
  -[NXNumberInt32 dealloc] types=v16@0:8
  -[NXNumber dealloc] types=v16@0:8
  -[NXObject dealloc] types=v16@0:8
    => IMP @0x0000000102a36ca0
objc_lookup_class -[NXZone] @0x0000000102a4ab68
objc_msg_lookup +[NXZone class]
  +[NXZone class] types=#16@0:8
  +[NXObject class] types=#16@0:8
  +[Object class] types=#16@0:8
    => IMP @0x0000000102a3b104
objc_msg_lookup -[NXZone free:]
  -[NXZone free:] types=v24@0:8^v16
    => IMP @0x0000000102a38288
objc_msg_lookup -[NXConstantString cStr]
  -[NXConstantString cStr] types=r*16@0:8
    => IMP @0x0000000102a3aed4
  free: @0x0000000140106d68
objc_msg_lookup -[NXConstantString cStr]
  -[NXConstantString cStr] types=r*16@0:8
    => IMP @0x0000000102a3aed4
  autorelease release: [NXNumberInt32] @0x0000000140106da8
objc_msg_lookup -[NXNumberInt32 release]
  -[NXNumberInt32 release] types=v16@0:8
  -[NXNumber release] types=v16@0:8
  -[NXObject release] types=v16@0:8
    => IMP @0x0000000102a36df4
objc_msg_lookup -[NXNumberInt32 dealloc]
  -[NXNumberInt32 dealloc] types=v16@0:8
  -[NXNumber dealloc] types=v16@0:8
  -[NXObject dealloc] types=v16@0:8
    => IMP @0x0000000102a36ca0
objc_lookup_class -[NXZone] @0x0000000102a4ab68
objc_msg_lookup +[NXZone class]
  +[NXZone class] types=#16@0:8
  +[NXObject class] types=#16@0:8
  +[Object class] types=#16@0:8
    => IMP @0x0000000102a3b104
objc_msg_lookup -[NXZone free:]
  -[NXZone free:] types=v24@0:8^v16
    => IMP @0x0000000102a38288
objc_msg_lookup -[NXConstantString cStr]
  -[NXConstantString cStr] types=r*16@0:8
    => IMP @0x0000000102a3aed4
  free: @0x0000000140106da8
objc_msg_lookup -[NXConstantString cStr]
  -[NXConstantString cStr] types=r*16@0:8
    => IMP @0x0000000102a3aed4
  autorelease release: [NXNumberInt32] @0x0000000140106de8
objc_msg_lookup -[NXNumberInt32 release]
  -[NXNumberInt32 release] types=v16@0:8
  -[NXNumber release] types=v16@0:8
  -[NXObject release] types=v16@0:8
    => IMP @0x0000000102a36df4
objc_msg_lookup -[NXNumberInt32 dealloc]
  -[NXNumberInt32 dealloc] types=v16@0:8
  -[NXNumber dealloc] types=v16@0:8
  -[NXObject dealloc] types=v16@0:8
    => IMP @0x0000000102a36ca0
objc_lookup_class -[NXZone] @0x0000000102a4ab68
objc_msg_lookup +[NXZone class]
  +[NXZone class] types=#16@0:8
  +[NXObject class] types=#16@0:8
  +[Object class] types=#16@0:8
    => IMP @0x0000000102a3b104
objc_msg_lookup -[NXZone free:]
  -[NXZone free:] types=v24@0:8^v16
    => IMP @0x0000000102a38288
objc_msg_lookup -[NXConstantString cStr]
  -[NXConstantString cStr] types=r*16@0:8
    => IMP @0x0000000102a3aed4
  free: @0x0000000140106de8
objc_msg_lookup -[NXConstantString cStr]
  -[NXConstantString cStr] types=r*16@0:8
    => IMP @0x0000000102a3aed4
  autorelease release: [NXNumberInt32] @0x0000000140106e28
objc_msg_lookup -[NXNumberInt32 release]
  -[NXNumberInt32 release] types=v16@0:8
  -[NXNumber release] types=v16@0:8
  -[NXObject release] types=v16@0:8
    => IMP @0x0000000102a36df4
objc_msg_lookup -[NXNumberInt32 dealloc]
  -[NXNumberInt32 dealloc] types=v16@0:8
  -[NXNumber dealloc] types=v16@0:8
  -[NXObject dealloc] types=v16@0:8
    => IMP @0x0000000102a36ca0
objc_lookup_class -[NXZone] @0x0000000102a4ab68
objc_msg_lookup +[NXZone class]
  +[NXZone class] types=#16@0:8
  +[NXObject class] types=#16@0:8
  +[Object class] types=#16@0:8
    => IMP @0x0000000102a3b104
objc_msg_lookup -[NXZone free:]
  -[NXZone free:] types=v24@0:8^v16
    => IMP @0x0000000102a38288
objc_msg_lookup -[NXConstantString cStr]
  -[NXConstantString cStr] types=r*16@0:8
    => IMP @0x0000000102a3aed4
  free: @0x0000000140106e28
objc_msg_lookup -[NXConstantString cStr]
  -[NXConstantString cStr] types=r*16@0:8
    => IMP @0x0000000102a3aed4
  autorelease release: [NXNumberInt32] @0x0000000140106e68
objc_msg_lookup -[NXNumberInt32 release]
  -[NXNumberInt32 release] types=v16@0:8
  -[NXNumber release] types=v16@0:8
  -[NXObject release] types=v16@0:8
    => IMP @0x0000000102a36df4
objc_msg_lookup -[NXNumberInt32 dealloc]
  -[NXNumberInt32 dealloc] types=v16@0:8
  -[NXNumber dealloc] types=v16@0:8
  -[NXObject dealloc] types=v16@0:8
    => IMP @0x0000000102a36ca0
objc_lookup_class -[NXZone] @0x0000000102a4ab68
objc_msg_lookup +[NXZone class]
  +[NXZone class] types=#16@0:8
  +[NXObject class] types=#16@0:8
  +[Object class] types=#16@0:8
    => IMP @0x0000000102a3b104
objc_msg_lookup -[NXZone free:]
  -[NXZone free:] types=v24@0:8^v16
    => IMP @0x0000000102a38288
objc_msg_lookup -[NXConstantString cStr]
  -[NXConstantString cStr] types=r*16@0:8
    => IMP @0x0000000102a3aed4
  free: @0x0000000140106e68
objc_msg_lookup -[NXConstantString cStr]
  -[NXConstantString cStr] types=r*16@0:8
    => IMP @0x0000000102a3aed4
  autorelease release: [NXNumberUnsignedInt64] @0x0000000140106ea8
objc_msg_lookup -[NXNumberUnsignedInt64 release]
  -[NXNumberUnsignedInt64 release] types=v16@0:8
  -[NXNumber release] types=v16@0:8
  -[NXObject release] types=v16@0:8
    => IMP @0x0000000102a36df4
objc_msg_lookup -[NXNumberUnsignedInt64 dealloc]
  -[NXNumberUnsignedInt64 dealloc] types=v16@0:8
  -[NXNumber dealloc] types=v16@0:8
  -[NXObject dealloc] types=v16@0:8
    => IMP @0x0000000102a36ca0
objc_lookup_class -[NXZone] @0x0000000102a4ab68
objc_msg_lookup +[NXZone class]
  +[NXZone class] types=#16@0:8
  +[NXObject class] types=#16@0:8
  +[Object class] types=#16@0:8
    => IMP @0x0000000102a3b104
objc_msg_lookup -[NXZone free:]
  -[NXZone free:] types=v24@0:8^v16
    => IMP @0x0000000102a38288
objc_msg_lookup -[NXConstantString cStr]
  -[NXConstantString cStr] types=r*16@0:8
    => IMP @0x0000000102a3aed4
  free: @0x0000000140106ea8
objc_msg_lookup -[NXConstantString cStr]
  -[NXConstantString cStr] types=r*16@0:8
    => IMP @0x0000000102a3aed4
  autorelease release: [NXNumberUnsignedInt64] @0x0000000140106ee8
objc_msg_lookup -[NXNumberUnsignedInt64 release]
  -[NXNumberUnsignedInt64 release] types=v16@0:8
  -[NXNumber release] types=v16@0:8
  -[NXObject release] types=v16@0:8
    => IMP @0x0000000102a36df4
objc_msg_lookup -[NXNumberUnsignedInt64 dealloc]
  -[NXNumberUnsignedInt64 dealloc] types=v16@0:8
  -[NXNumber dealloc] types=v16@0:8
  -[NXObject dealloc] types=v16@0:8
    => IMP @0x0000000102a36ca0
objc_lookup_class -[NXZone] @0x0000000102a4ab68
objc_msg_lookup +[NXZone class]
  +[NXZone class] types=#16@0:8
  +[NXObject class] types=#16@0:8
  +[Object class] types=#16@0:8
    => IMP @0x0000000102a3b104
objc_msg_lookup -[NXZone free:]
  -[NXZone free:] types=v24@0:8^v16
    => IMP @0x0000000102a38288
objc_msg_lookup -[NXConstantString cStr]
  -[NXConstantString cStr] types=r*16@0:8
    => IMP @0x0000000102a3aed4
  free: @0x0000000140106ee8
objc_msg_lookup -[NXConstantString cStr]
  -[NXConstantString cStr] types=r*16@0:8
    => IMP @0x0000000102a3aed4
  autorelease release: [NXNumberUnsignedInt64] @0x0000000140106f28
objc_msg_lookup -[NXNumberUnsignedInt64 release]
  -[NXNumberUnsignedInt64 release] types=v16@0:8
  -[NXNumber release] types=v16@0:8
  -[NXObject release] types=v16@0:8
    => IMP @0x0000000102a36df4
objc_msg_lookup -[NXNumberUnsignedInt64 dealloc]
  -[NXNumberUnsignedInt64 dealloc] types=v16@0:8
  -[NXNumber dealloc] types=v16@0:8
  -[NXObject dealloc] types=v16@0:8
    => IMP @0x0000000102a36ca0
objc_lookup_class -[NXZone] @0x0000000102a4ab68
objc_msg_lookup +[NXZone class]
  +[NXZone class] types=#16@0:8
  +[NXObject class] types=#16@0:8
  +[Object class] types=#16@0:8
    => IMP @0x0000000102a3b104
objc_msg_lookup -[NXZone free:]
  -[NXZone free:] types=v24@0:8^v16
    => IMP @0x0000000102a38288
objc_msg_lookup -[NXConstantString cStr]
  -[NXConstantString cStr] types=r*16@0:8
    => IMP @0x0000000102a3aed4
  free: @0x0000000140106f28
objc_msg_lookup -[NXConstantString cStr]
  -[NXConstantString cStr] types=r*16@0:8
    => IMP @0x0000000102a3aed4
  autorelease release: [NXNumberUnsignedInt64] @0x0000000140106f68
objc_msg_lookup -[NXNumberUnsignedInt64 release]
  -[NXNumberUnsignedInt64 release] types=v16@0:8
  -[NXNumber release] types=v16@0:8
  -[NXObject release] types=v16@0:8
    => IMP @0x0000000102a36df4
objc_msg_lookup -[NXNumberUnsignedInt64 dealloc]
  -[NXNumberUnsignedInt64 dealloc] types=v16@0:8
  -[NXNumber dealloc] types=v16@0:8
  -[NXObject dealloc] types=v16@0:8
    => IMP @0x0000000102a36ca0
objc_lookup_class -[NXZone] @0x0000000102a4ab68
objc_msg_lookup +[NXZone class]
  +[NXZone class] types=#16@0:8
  +[NXObject class] types=#16@0:8
  +[Object class] types=#16@0:8
    => IMP @0x0000000102a3b104
objc_msg_lookup -[NXZone free:]
  -[NXZone free:] types=v24@0:8^v16
    => IMP @0x0000000102a38288
objc_msg_lookup -[NXConstantString cStr]
  -[NXConstantString cStr] types=r*16@0:8
    => IMP @0x0000000102a3aed4
  free: @0x0000000140106f68
objc_msg_lookup -[NXConstantString cStr]
  -[NXConstantString cStr] types=r*16@0:8
    => IMP @0x0000000102a3aed4
  autorelease release: [NXNumberInt64] @0x0000000140106fa8
objc_msg_lookup -[NXNumberInt64 release]
  -[NXNumberInt64 release] types=v16@0:8
  -[NXNumber release] types=v16@0:8
  -[NXObject release] types=v16@0:8
    => IMP @0x0000000102a36df4
objc_msg_lookup -[NXNumberInt64 dealloc]
  -[NXNumberInt64 dealloc] types=v16@0:8
  -[NXNumber dealloc] types=v16@0:8
  -[NXObject dealloc] types=v16@0:8
    => IMP @0x0000000102a36ca0
objc_lookup_class -[NXZone] @0x0000000102a4ab68
objc_msg_lookup +[NXZone class]
  +[NXZone class] types=#16@0:8
  +[NXObject class] types=#16@0:8
  +[Object class] types=#16@0:8
    => IMP @0x0000000102a3b104
objc_msg_lookup -[NXZone free:]
  -[NXZone free:] types=v24@0:8^v16
    => IMP @0x0000000102a38288
objc_msg_lookup -[NXConstantString cStr]
  -[NXConstantString cStr] types=r*16@0:8
    => IMP @0x0000000102a3aed4
  free: @0x0000000140106fa8
objc_msg_lookup -[NXConstantString cStr]
  -[NXConstantString cStr] types=r*16@0:8
    => IMP @0x0000000102a3aed4
  autorelease release: [NXString] @0x0000000140107008
objc_msg_lookup -[NXString release]
  -[NXString release] types=v16@0:8
  -[NXObject release] types=v16@0:8
    => IMP @0x0000000102a36df4
objc_msg_lookup -[NXString dealloc]
  -[NXString dealloc] types=v16@0:8
    => IMP @0x0000000102a37a8c
objc_msg_lookup -[NXZone free:]
  -[NXZone free:] types=v24@0:8^v16
    => IMP @0x0000000102a38288
objc_msg_lookup -[NXConstantString cStr]
  -[NXConstantString cStr] types=r*16@0:8
    => IMP @0x0000000102a3aed4
  free: @0x0000000140106fe8
objc_msg_lookup -[NXObject dealloc]
  -[NXObject dealloc] types=v16@0:8
objc_lookup_class -[NXZone] @0x0000000102a4ab68
objc_msg_lookup +[NXZone class]
  +[NXZone class] types=#16@0:8
  +[NXObject class] types=#16@0:8
  +[Object class] types=#16@0:8
    => IMP @0x0000000102a3b104
objc_msg_lookup -[NXZone free:]
  -[NXZone free:] types=v24@0:8^v16
    => IMP @0x0000000102a38288
objc_msg_lookup -[NXConstantString cStr]
  -[NXConstantString cStr] types=r*16@0:8
    => IMP @0x0000000102a3aed4
  free: @0x0000000140107008
objc_msg_lookup -[NXConstantString cStr]
  -[NXConstantString cStr] types=r*16@0:8
    => IMP @0x0000000102a3aed4
  autorelease release: [NXString] @0x0000000140107088
objc_msg_lookup -[NXString release]
  -[NXString release] types=v16@0:8
  -[NXObject release] types=v16@0:8
    => IMP @0x0000000102a36df4
objc_msg_lookup -[NXString dealloc]
  -[NXString dealloc] types=v16@0:8
    => IMP @0x0000000102a37a8c
objc_msg_lookup -[NXZone free:]
  -[NXZone free:] types=v24@0:8^v16
    => IMP @0x0000000102a38288
objc_msg_lookup -[NXConstantString cStr]
  -[NXConstantString cStr] types=r*16@0:8
    => IMP @0x0000000102a3aed4
  free: @0x0000000140107058
objc_msg_lookup -[NXObject dealloc]
  -[NXObject dealloc] types=v16@0:8
objc_lookup_class -[NXZone] @0x0000000102a4ab68
objc_msg_lookup +[NXZone class]
  +[NXZone class] types=#16@0:8
  +[NXObject class] types=#16@0:8
  +[Object class] types=#16@0:8
    => IMP @0x0000000102a3b104
objc_msg_lookup -[NXZone free:]
  -[NXZone free:] types=v24@0:8^v16
    => IMP @0x0000000102a38288
objc_msg_lookup -[NXConstantString cStr]
  -[NXConstantString cStr] types=r*16@0:8
    => IMP @0x0000000102a3aed4
  free: @0x0000000140107088
objc_msg_lookup -[NXConstantString cStr]
  -[NXConstantString cStr] types=r*16@0:8
    => IMP @0x0000000102a3aed4
  autorelease release: [NXNumberUnsignedInt64] @0x00000001401070d8
objc_msg_lookup -[NXNumberUnsignedInt64 release]
  -[NXNumberUnsignedInt64 release] types=v16@0:8
  -[NXNumber release] types=v16@0:8
  -[NXObject release] types=v16@0:8
    => IMP @0x0000000102a36df4
objc_msg_lookup -[NXNumberUnsignedInt64 dealloc]
  -[NXNumberUnsignedInt64 dealloc] types=v16@0:8
  -[NXNumber dealloc] types=v16@0:8
  -[NXObject dealloc] types=v16@0:8
    => IMP @0x0000000102a36ca0
objc_lookup_class -[NXZone] @0x0000000102a4ab68
objc_msg_lookup +[NXZone class]
  +[NXZone class] types=#16@0:8
  +[NXObject class] types=#16@0:8
  +[Object class] types=#16@0:8
    => IMP @0x0000000102a3b104
objc_msg_lookup -[NXZone free:]
  -[NXZone free:] types=v24@0:8^v16
    => IMP @0x0000000102a38288
objc_msg_lookup -[NXConstantString cStr]
  -[NXConstantString cStr] types=r*16@0:8
    => IMP @0x0000000102a3aed4
  free: @0x00000001401070d8
objc_msg_lookup -[NXConstantString cStr]
  -[NXConstantString cStr] types=r*16@0:8
    => IMP @0x0000000102a3aed4
  autorelease release: [NXString] @0x0000000140107138
objc_msg_lookup -[NXString release]
  -[NXString release] types=v16@0:8
  -[NXObject release] types=v16@0:8
    => IMP @0x0000000102a36df4
objc_msg_lookup -[NXString dealloc]
  -[NXString dealloc] types=v16@0:8
    => IMP @0x0000000102a37a8c
objc_msg_lookup -[NXZone free:]
  -[NXZone free:] types=v24@0:8^v16
    => IMP @0x0000000102a38288
objc_msg_lookup -[NXConstantString cStr]
  -[NXConstantString cStr] types=r*16@0:8
    => IMP @0x0000000102a3aed4
  free: @0x0000000140107118
objc_msg_lookup -[NXObject dealloc]
  -[NXObject dealloc] types=v16@0:8
objc_lookup_class -[NXZone] @0x0000000102a4ab68
objc_msg_lookup +[NXZone class]
  +[NXZone class] types=#16@0:8
  +[NXObject class] types=#16@0:8
  +[Object class] types=#16@0:8
    => IMP @0x0000000102a3b104
objc_msg_lookup -[NXZone free:]
  -[NXZone free:] types=v24@0:8^v16
    => IMP @0x0000000102a38288
objc_msg_lookup -[NXConstantString cStr]
  -[NXConstantString cStr] types=r*16@0:8
    => IMP @0x0000000102a3aed4
  free: @0x0000000140107138
objc_msg_lookup -[NXConstantString cStr]
  -[NXConstantString cStr] types=r*16@0:8
    => IMP @0x0000000102a3aed4
  autorelease release: [NXNumberUnsignedInt64] @0x0000000140107188
objc_msg_lookup -[NXNumberUnsignedInt64 release]
  -[NXNumberUnsignedInt64 release] types=v16@0:8
  -[NXNumber release] types=v16@0:8
  -[NXObject release] types=v16@0:8
    => IMP @0x0000000102a36df4
objc_msg_lookup -[NXNumberUnsignedInt64 dealloc]
  -[NXNumberUnsignedInt64 dealloc] types=v16@0:8
  -[NXNumber dealloc] types=v16@0:8
  -[NXObject dealloc] types=v16@0:8
    => IMP @0x0000000102a36ca0
objc_lookup_class -[NXZone] @0x0000000102a4ab68
objc_msg_lookup +[NXZone class]
  +[NXZone class] types=#16@0:8
  +[NXObject class] types=#16@0:8
  +[Object class] types=#16@0:8
    => IMP @0x0000000102a3b104
objc_msg_lookup -[NXZone free:]
  -[NXZone free:] types=v24@0:8^v16
    => IMP @0x0000000102a38288
objc_msg_lookup -[NXConstantString cStr]
  -[NXConstantString cStr] types=r*16@0:8
    => IMP @0x0000000102a3aed4
  free: @0x0000000140107188
objc_msg_lookup -[NXConstantString cStr]
  -[NXConstantString cStr] types=r*16@0:8
    => IMP @0x0000000102a3aed4
  autorelease release: [NXString] @0x00000001401071e8
objc_msg_lookup -[NXString release]
  -[NXString release] types=v16@0:8
  -[NXObject release] types=v16@0:8
    => IMP @0x0000000102a36df4
objc_msg_lookup -[NXString dealloc]
  -[NXString dealloc] types=v16@0:8
    => IMP @0x0000000102a37a8c
objc_msg_lookup -[NXZone free:]
  -[NXZone free:] types=v24@0:8^v16
    => IMP @0x0000000102a38288
objc_msg_lookup -[NXConstantString cStr]
  -[NXConstantString cStr] types=r*16@0:8
    => IMP @0x0000000102a3aed4
  free: @0x00000001401071c8
objc_msg_lookup -[NXObject dealloc]
  -[NXObject dealloc] types=v16@0:8
objc_lookup_class -[NXZone] @0x0000000102a4ab68
objc_msg_lookup +[NXZone class]
  +[NXZone class] types=#16@0:8
  +[NXObject class] types=#16@0:8
  +[Object class] types=#16@0:8
    => IMP @0x0000000102a3b104
objc_msg_lookup -[NXZone free:]
  -[NXZone free:] types=v24@0:8^v16
    => IMP @0x0000000102a38288
objc_msg_lookup -[NXConstantString cStr]
  -[NXConstantString cStr] types=r*16@0:8
    => IMP @0x0000000102a3aed4
  free: @0x00000001401071e8
objc_msg_lookup -[NXConstantString cStr]
  -[NXConstantString cStr] types=r*16@0:8
    => IMP @0x0000000102a3aed4
  autorelease release: [NXString] @0x0000000140107258
objc_msg_lookup -[NXString release]
  -[NXString release] types=v16@0:8
  -[NXObject release] types=v16@0:8
    => IMP @0x0000000102a36df4
objc_msg_lookup -[NXString dealloc]
  -[NXString dealloc] types=v16@0:8
    => IMP @0x0000000102a37a8c
objc_msg_lookup -[NXZone free:]
  -[NXZone free:] types=v24@0:8^v16
    => IMP @0x0000000102a38288
objc_msg_lookup -[NXConstantString cStr]
  -[NXConstantString cStr] types=r*16@0:8
    => IMP @0x0000000102a3aed4
  free: @0x0000000140107238
objc_msg_lookup -[NXObject dealloc]
  -[NXObject dealloc] types=v16@0:8
objc_lookup_class -[NXZone] @0x0000000102a4ab68
objc_msg_lookup +[NXZone class]
  +[NXZone class] types=#16@0:8
  +[NXObject class] types=#16@0:8
  +[Object class] types=#16@0:8
    => IMP @0x0000000102a3b104
objc_msg_lookup -[NXZone free:]
  -[NXZone free:] types=v24@0:8^v16
    => IMP @0x0000000102a38288
objc_msg_lookup -[NXConstantString cStr]
  -[NXConstantString cStr] types=r*16@0:8
    => IMP @0x0000000102a3aed4
  free: @0x0000000140107258
objc_msg_lookup -[NXConstantString cStr]
  -[NXConstantString cStr] types=r*16@0:8
    => IMP @0x0000000102a3aed4
  autorelease release: [NXNumberInt64] @0x00000001401072a8
objc_msg_lookup -[NXNumberInt64 release]
  -[NXNumberInt64 release] types=v16@0:8
  -[NXNumber release] types=v16@0:8
  -[NXObject release] types=v16@0:8
    => IMP @0x0000000102a36df4
objc_msg_lookup -[NXNumberInt64 dealloc]
  -[NXNumberInt64 dealloc] types=v16@0:8
  -[NXNumber dealloc] types=v16@0:8
  -[NXObject dealloc] types=v16@0:8
    => IMP @0x0000000102a36ca0
objc_lookup_class -[NXZone] @0x0000000102a4ab68
objc_msg_lookup +[NXZone class]
  +[NXZone class] types=#16@0:8
  +[NXObject class] types=#16@0:8
  +[Object class] types=#16@0:8
    => IMP @0x0000000102a3b104
objc_msg_lookup -[NXZone free:]
  -[NXZone free:] types=v24@0:8^v16
    => IMP @0x0000000102a38288
objc_msg_lookup -[NXConstantString cStr]
  -[NXConstantString cStr] types=r*16@0:8
    => IMP @0x0000000102a3aed4
  free: @0x00000001401072a8
objc_msg_lookup -[NXConstantString cStr]
  -[NXConstantString cStr] types=r*16@0:8
    => IMP @0x0000000102a3aed4
  autorelease release: [NXString] @0x0000000140107308
objc_msg_lookup -[NXString release]
  -[NXString release] types=v16@0:8
  -[NXObject release] types=v16@0:8
    => IMP @0x0000000102a36df4
objc_msg_lookup -[NXString dealloc]
  -[NXString dealloc] types=v16@0:8
    => IMP @0x0000000102a37a8c
objc_msg_lookup -[NXZone free:]
  -[NXZone free:] types=v24@0:8^v16
    => IMP @0x0000000102a38288
objc_msg_lookup -[NXConstantString cStr]
  -[NXConstantString cStr] types=r*16@0:8
    => IMP @0x0000000102a3aed4
  free: @0x00000001401072e8
objc_msg_lookup -[NXObject dealloc]
  -[NXObject dealloc] types=v16@0:8
objc_lookup_class -[NXZone] @0x0000000102a4ab68
objc_msg_lookup +[NXZone class]
  +[NXZone class] types=#16@0:8
  +[NXObject class] types=#16@0:8
  +[Object class] types=#16@0:8
    => IMP @0x0000000102a3b104
objc_msg_lookup -[NXZone free:]
  -[NXZone free:] types=v24@0:8^v16
    => IMP @0x0000000102a38288
objc_msg_lookup -[NXConstantString cStr]
  -[NXConstantString cStr] types=r*16@0:8
    => IMP @0x0000000102a3aed4
  free: @0x0000000140107308
objc_msg_lookup -[NXConstantString cStr]
  -[NXConstantString cStr] types=r*16@0:8
    => IMP @0x0000000102a3aed4
  autorelease release: [NXNumberInt64] @0x0000000140107358
objc_msg_lookup -[NXNumberInt64 release]
  -[NXNumberInt64 release] types=v16@0:8
  -[NXNumber release] types=v16@0:8
  -[NXObject release] types=v16@0:8
    => IMP @0x0000000102a36df4
objc_msg_lookup -[NXNumberInt64 dealloc]
  -[NXNumberInt64 dealloc] types=v16@0:8
  -[NXNumber dealloc] types=v16@0:8
  -[NXObject dealloc] types=v16@0:8
    => IMP @0x0000000102a36ca0
objc_lookup_class -[NXZone] @0x0000000102a4ab68
objc_msg_lookup +[NXZone class]
  +[NXZone class] types=#16@0:8
  +[NXObject class] types=#16@0:8
  +[Object class] types=#16@0:8
    => IMP @0x0000000102a3b104
objc_msg_lookup -[NXZone free:]
  -[NXZone free:] types=v24@0:8^v16
    => IMP @0x0000000102a38288
objc_msg_lookup -[NXConstantString cStr]
  -[NXConstantString cStr] types=r*16@0:8
    => IMP @0x0000000102a3aed4
  free: @0x0000000140107358
objc_msg_lookup -[NXConstantString cStr]
  -[NXConstantString cStr] types=r*16@0:8
    => IMP @0x0000000102a3aed4
  autorelease release: [NXNumberUnsignedInt64] @0x0000000140107398
objc_msg_lookup -[NXNumberUnsignedInt64 release]
  -[NXNumberUnsignedInt64 release] types=v16@0:8
  -[NXNumber release] types=v16@0:8
  -[NXObject release] types=v16@0:8
    => IMP @0x0000000102a36df4
objc_msg_lookup -[NXNumberUnsignedInt64 dealloc]
  -[NXNumberUnsignedInt64 dealloc] types=v16@0:8
  -[NXNumber dealloc] types=v16@0:8
  -[NXObject dealloc] types=v16@0:8
    => IMP @0x0000000102a36ca0
objc_lookup_class -[NXZone] @0x0000000102a4ab68
objc_msg_lookup +[NXZone class]
  +[NXZone class] types=#16@0:8
  +[NXObject class] types=#16@0:8
  +[Object class] types=#16@0:8
    => IMP @0x0000000102a3b104
objc_msg_lookup -[NXZone free:]
  -[NXZone free:] types=v24@0:8^v16
    => IMP @0x0000000102a38288
objc_msg_lookup -[NXConstantString cStr]
  -[NXConstantString cStr] types=r*16@0:8
    => IMP @0x0000000102a3aed4
  free: @0x0000000140107398
objc_msg_lookup -[NXConstantString cStr]
  -[NXConstantString cStr] types=r*16@0:8
    => IMP @0x0000000102a3aed4
  autorelease release: [NXNumberInt64] @0x00000001401073d8
objc_msg_lookup -[NXNumberInt64 release]
  -[NXNumberInt64 release] types=v16@0:8
  -[NXNumber release] types=v16@0:8
  -[NXObject release] types=v16@0:8
    => IMP @0x0000000102a36df4
objc_msg_lookup -[NXNumberInt64 dealloc]
  -[NXNumberInt64 dealloc] types=v16@0:8
  -[NXNumber dealloc] types=v16@0:8
  -[NXObject dealloc] types=v16@0:8
    => IMP @0x0000000102a36ca0
objc_lookup_class -[NXZone] @0x0000000102a4ab68
objc_msg_lookup +[NXZone class]
  +[NXZone class] types=#16@0:8
  +[NXObject class] types=#16@0:8
  +[Object class] types=#16@0:8
    => IMP @0x0000000102a3b104
objc_msg_lookup -[NXZone free:]
  -[NXZone free:] types=v24@0:8^v16
    => IMP @0x0000000102a38288
objc_msg_lookup -[NXConstantString cStr]
  -[NXConstantString cStr] types=r*16@0:8
    => IMP @0x0000000102a3aed4
  free: @0x00000001401073d8
objc_msg_lookup -[NXConstantString cStr]
  -[NXConstantString cStr] types=r*16@0:8
    => IMP @0x0000000102a3aed4
  autorelease release: [NXNumberUnsignedInt64] @0x0000000140107418
objc_msg_lookup -[NXNumberUnsignedInt64 release]
  -[NXNumberUnsignedInt64 release] types=v16@0:8
  -[NXNumber release] types=v16@0:8
  -[NXObject release] types=v16@0:8
    => IMP @0x0000000102a36df4
objc_msg_lookup -[NXNumberUnsignedInt64 dealloc]
  -[NXNumberUnsignedInt64 dealloc] types=v16@0:8
  -[NXNumber dealloc] types=v16@0:8
  -[NXObject dealloc] types=v16@0:8
    => IMP @0x0000000102a36ca0
objc_lookup_class -[NXZone] @0x0000000102a4ab68
objc_msg_lookup +[NXZone class]
  +[NXZone class] types=#16@0:8
  +[NXObject class] types=#16@0:8
  +[Object class] types=#16@0:8
    => IMP @0x0000000102a3b104
objc_msg_lookup -[NXZone free:]
  -[NXZone free:] types=v24@0:8^v16
    => IMP @0x0000000102a38288
objc_msg_lookup -[NXConstantString cStr]
  -[NXConstantString cStr] types=r*16@0:8
    => IMP @0x0000000102a3aed4
  free: @0x0000000140107418
objc_msg_lookup -[NXConstantString cStr]
  -[NXConstantString cStr] types=r*16@0:8
    => IMP @0x0000000102a3aed4
  autorelease release: [NXNumberInt64] @0x0000000140107458
objc_msg_lookup -[NXNumberInt64 release]
  -[NXNumberInt64 release] types=v16@0:8
  -[NXNumber release] types=v16@0:8
  -[NXObject release] types=v16@0:8
    => IMP @0x0000000102a36df4
objc_msg_lookup -[NXNumberInt64 dealloc]
  -[NXNumberInt64 dealloc] types=v16@0:8
  -[NXNumber dealloc] types=v16@0:8
  -[NXObject dealloc] types=v16@0:8
    => IMP @0x0000000102a36ca0
objc_lookup_class -[NXZone] @0x0000000102a4ab68
objc_msg_lookup +[NXZone class]
  +[NXZone class] types=#16@0:8
  +[NXObject class] types=#16@0:8
  +[Object class] types=#16@0:8
    => IMP @0x0000000102a3b104
objc_msg_lookup -[NXZone free:]
  -[NXZone free:] types=v24@0:8^v16
    => IMP @0x0000000102a38288
objc_msg_lookup -[NXConstantString cStr]
  -[NXConstantString cStr] types=r*16@0:8
    => IMP @0x0000000102a3aed4
  free: @0x0000000140107458
objc_msg_lookup -[NXConstantString cStr]
  -[NXConstantString cStr] types=r*16@0:8
    => IMP @0x0000000102a3aed4
  autorelease release: [NXNumberUnsignedInt64] @0x0000000140107498
objc_msg_lookup -[NXNumberUnsignedInt64 release]
  -[NXNumberUnsignedInt64 release] types=v16@0:8
  -[NXNumber release] types=v16@0:8
  -[NXObject release] types=v16@0:8
    => IMP @0x0000000102a36df4
objc_msg_lookup -[NXNumberUnsignedInt64 dealloc]
  -[NXNumberUnsignedInt64 dealloc] types=v16@0:8
  -[NXNumber dealloc] types=v16@0:8
  -[NXObject dealloc] types=v16@0:8
    => IMP @0x0000000102a36ca0
objc_lookup_class -[NXZone] @0x0000000102a4ab68
objc_msg_lookup +[NXZone class]
  +[NXZone class] types=#16@0:8
  +[NXObject class] types=#16@0:8
  +[Object class] types=#16@0:8
    => IMP @0x0000000102a3b104
objc_msg_lookup -[NXZone free:]
  -[NXZone free:] types=v24@0:8^v16
    => IMP @0x0000000102a38288
objc_msg_lookup -[NXConstantString cStr]
  -[NXConstantString cStr] types=r*16@0:8
    => IMP @0x0000000102a3aed4
  free: @0x0000000140107498
objc_msg_lookup -[NXConstantString cStr]
  -[NXConstantString cStr] types=r*16@0:8
    => IMP @0x0000000102a3aed4
  autorelease release: [NXNumberInt64] @0x00000001401074d8
objc_msg_lookup -[NXNumberInt64 release]
  -[NXNumberInt64 release] types=v16@0:8
  -[NXNumber release] types=v16@0:8
  -[NXObject release] types=v16@0:8
    => IMP @0x0000000102a36df4
objc_msg_lookup -[NXNumberInt64 dealloc]
  -[NXNumberInt64 dealloc] types=v16@0:8
  -[NXNumber dealloc] types=v16@0:8
  -[NXObject dealloc] types=v16@0:8
    => IMP @0x0000000102a36ca0
objc_lookup_class -[NXZone] @0x0000000102a4ab68
objc_msg_lookup +[NXZone class]
  +[NXZone class] types=#16@0:8
  +[NXObject class] types=#16@0:8
  +[Object class] types=#16@0:8
    => IMP @0x0000000102a3b104
objc_msg_lookup -[NXZone free:]
  -[NXZone free:] types=v24@0:8^v16
    => IMP @0x0000000102a38288
objc_msg_lookup -[NXConstantString cStr]
  -[NXConstantString cStr] types=r*16@0:8
    => IMP @0x0000000102a3aed4
  free: @0x00000001401074d8
objc_msg_lookup -[NXConstantString cStr]
  -[NXConstantString cStr] types=r*16@0:8
    => IMP @0x0000000102a3aed4
  autorelease release: [NXNumberUnsignedInt64] @0x0000000140107518
objc_msg_lookup -[NXNumberUnsignedInt64 release]
  -[NXNumberUnsignedInt64 release] types=v16@0:8
  -[NXNumber release] types=v16@0:8
  -[NXObject release] types=v16@0:8
    => IMP @0x0000000102a36df4
objc_msg_lookup -[NXNumberUnsignedInt64 dealloc]
  -[NXNumberUnsignedInt64 dealloc] types=v16@0:8
  -[NXNumber dealloc] types=v16@0:8
  -[NXObject dealloc] types=v16@0:8
    => IMP @0x0000000102a36ca0
objc_lookup_class -[NXZone] @0x0000000102a4ab68
objc_msg_lookup +[NXZone class]
  +[NXZone class] types=#16@0:8
  +[NXObject class] types=#16@0:8
  +[Object class] types=#16@0:8
    => IMP @0x0000000102a3b104
objc_msg_lookup -[NXZone free:]
  -[NXZone free:] types=v24@0:8^v16
    => IMP @0x0000000102a38288
objc_msg_lookup -[NXConstantString cStr]
  -[NXConstantString cStr] types=r*16@0:8
    => IMP @0x0000000102a3aed4
  free: @0x0000000140107518
objc_msg_lookup -[NXConstantString cStr]
  -[NXConstantString cStr] types=r*16@0:8
    => IMP @0x0000000102a3aed4
  autorelease release: [NXNumberInt64] @0x0000000140107558
objc_msg_lookup -[NXNumberInt64 release]
  -[NXNumberInt64 release] types=v16@0:8
  -[NXNumber release] types=v16@0:8
  -[NXObject release] types=v16@0:8
    => IMP @0x0000000102a36df4
objc_msg_lookup -[NXNumberInt64 dealloc]
  -[NXNumberInt64 dealloc] types=v16@0:8
  -[NXNumber dealloc] types=v16@0:8
  -[NXObject dealloc] types=v16@0:8
    => IMP @0x0000000102a36ca0
objc_lookup_class -[NXZone] @0x0000000102a4ab68
objc_msg_lookup +[NXZone class]
  +[NXZone class] types=#16@0:8
  +[NXObject class] types=#16@0:8
  +[Object class] types=#16@0:8
    => IMP @0x0000000102a3b104
objc_msg_lookup -[NXZone free:]
  -[NXZone free:] types=v24@0:8^v16
    => IMP @0x0000000102a38288
objc_msg_lookup -[NXConstantString cStr]
  -[NXConstantString cStr] types=r*16@0:8
    => IMP @0x0000000102a3aed4
  free: @0x0000000140107558
objc_msg_lookup -[NXConstantString cStr]
  -[NXConstantString cStr] types=r*16@0:8
    => IMP @0x0000000102a3aed4
  autorelease release: [NXNumberUnsignedInt64] @0x0000000140107598
objc_msg_lookup -[NXNumberUnsignedInt64 release]
  -[NXNumberUnsignedInt64 release] types=v16@0:8
  -[NXNumber release] types=v16@0:8
  -[NXObject release] types=v16@0:8
    => IMP @0x0000000102a36df4
objc_msg_lookup -[NXNumberUnsignedInt64 dealloc]
  -[NXNumberUnsignedInt64 dealloc] types=v16@0:8
  -[NXNumber dealloc] types=v16@0:8
  -[NXObject dealloc] types=v16@0:8
    => IMP @0x0000000102a36ca0
objc_lookup_class -[NXZone] @0x0000000102a4ab68
objc_msg_lookup +[NXZone class]
  +[NXZone class] types=#16@0:8
  +[NXObject class] types=#16@0:8
  +[Object class] types=#16@0:8
    => IMP @0x0000000102a3b104
objc_msg_lookup -[NXZone free:]
  -[NXZone free:] types=v24@0:8^v16
    => IMP @0x0000000102a38288
objc_msg_lookup -[NXConstantString cStr]
  -[NXConstantString cStr] types=r*16@0:8
    => IMP @0x0000000102a3aed4
  free: @0x0000000140107598
objc_msg_lookup -[NXConstantString cStr]
  -[NXConstantString cStr] types=r*16@0:8
    => IMP @0x0000000102a3aed4
  autorelease release: [NXNumberUnsignedInt64] @0x00000001401075d8
objc_msg_lookup -[NXNumberUnsignedInt64 release]
  -[NXNumberUnsignedInt64 release] types=v16@0:8
  -[NXNumber release] types=v16@0:8
  -[NXObject release] types=v16@0:8
    => IMP @0x0000000102a36df4
objc_msg_lookup -[NXNumberUnsignedInt64 dealloc]
  -[NXNumberUnsignedInt64 dealloc] types=v16@0:8
  -[NXNumber dealloc] types=v16@0:8
  -[NXObject dealloc] types=v16@0:8
    => IMP @0x0000000102a36ca0
objc_lookup_class -[NXZone] @0x0000000102a4ab68
objc_msg_lookup +[NXZone class]
  +[NXZone class] types=#16@0:8
  +[NXObject class] types=#16@0:8
  +[Object class] types=#16@0:8
    => IMP @0x0000000102a3b104
objc_msg_lookup -[NXZone free:]
  -[NXZone free:] types=v24@0:8^v16
    => IMP @0x0000000102a38288
objc_msg_lookup -[NXConstantString cStr]
  -[NXConstantString cStr] types=r*16@0:8
    => IMP @0x0000000102a3aed4
  free: @0x00000001401075d8
objc_msg_lookup -[NXConstantString cStr]
  -[NXConstantString cStr] types=r*16@0:8
    => IMP @0x0000000102a3aed4
  autorelease release: [NXNumberUnsignedInt64] @0x0000000140107618
objc_msg_lookup -[NXNumberUnsignedInt64 release]
  -[NXNumberUnsignedInt64 release] types=v16@0:8
  -[NXNumber release] types=v16@0:8
  -[NXObject release] types=v16@0:8
    => IMP @0x0000000102a36df4
objc_msg_lookup -[NXNumberUnsignedInt64 dealloc]
  -[NXNumberUnsignedInt64 dealloc] types=v16@0:8
  -[NXNumber dealloc] types=v16@0:8
  -[NXObject dealloc] types=v16@0:8
    => IMP @0x0000000102a36ca0
objc_lookup_class -[NXZone] @0x0000000102a4ab68
objc_msg_lookup +[NXZone class]
  +[NXZone class] types=#16@0:8
  +[NXObject class] types=#16@0:8
  +[Object class] types=#16@0:8
    => IMP @0x0000000102a3b104
objc_msg_lookup -[NXZone free:]
  -[NXZone free:] types=v24@0:8^v16
    => IMP @0x0000000102a38288
objc_msg_lookup -[NXConstantString cStr]
  -[NXConstantString cStr] types=r*16@0:8
    => IMP @0x0000000102a3aed4
  free: @0x0000000140107618
objc_msg_lookup -[NXConstantString cStr]
  -[NXConstantString cStr] types=r*16@0:8
    => IMP @0x0000000102a3aed4
  autorelease release: [NXNumberUnsignedInt64] @0x0000000140107658
objc_msg_lookup -[NXNumberUnsignedInt64 release]
  -[NXNumberUnsignedInt64 release] types=v16@0:8
  -[NXNumber release] types=v16@0:8
  -[NXObject release] types=v16@0:8
    => IMP @0x0000000102a36df4
objc_msg_lookup -[NXNumberUnsignedInt64 dealloc]
  -[NXNumberUnsignedInt64 dealloc] types=v16@0:8
  -[NXNumber dealloc] types=v16@0:8
  -[NXObject dealloc] types=v16@0:8
    => IMP @0x0000000102a36ca0
objc_lookup_class -[NXZone] @0x0000000102a4ab68
objc_msg_lookup +[NXZone class]
  +[NXZone class] types=#16@0:8
  +[NXObject class] types=#16@0:8
  +[Object class] types=#16@0:8
    => IMP @0x0000000102a3b104
objc_msg_lookup -[NXZone free:]
  -[NXZone free:] types=v24@0:8^v16
    => IMP @0x0000000102a38288
objc_msg_lookup -[NXConstantString cStr]
  -[NXConstantString cStr] types=r*16@0:8
    => IMP @0x0000000102a3aed4
  free: @0x0000000140107658
objc_msg_lookup -[NXConstantString cStr]
  -[NXConstantString cStr] types=r*16@0:8
    => IMP @0x0000000102a3aed4
  autorelease release: [NXNumberUnsignedInt64] @0x0000000140107698
objc_msg_lookup -[NXNumberUnsignedInt64 release]
  -[NXNumberUnsignedInt64 release] types=v16@0:8
  -[NXNumber release] types=v16@0:8
  -[NXObject release] types=v16@0:8
    => IMP @0x0000000102a36df4
objc_msg_lookup -[NXNumberUnsignedInt64 dealloc]
  -[NXNumberUnsignedInt64 dealloc] types=v16@0:8
  -[NXNumber dealloc] types=v16@0:8
  -[NXObject dealloc] types=v16@0:8
    => IMP @0x0000000102a36ca0
objc_lookup_class -[NXZone] @0x0000000102a4ab68
objc_msg_lookup +[NXZone class]
  +[NXZone class] types=#16@0:8
  +[NXObject class] types=#16@0:8
  +[Object class] types=#16@0:8
    => IMP @0x0000000102a3b104
objc_msg_lookup -[NXZone free:]
  -[NXZone free:] types=v24@0:8^v16
    => IMP @0x0000000102a38288
objc_msg_lookup -[NXConstantString cStr]
  -[NXConstantString cStr] types=r*16@0:8
    => IMP @0x0000000102a3aed4
  free: @0x0000000140107698
objc_msg_lookup -[NXConstantString cStr]
  -[NXConstantString cStr] types=r*16@0:8
    => IMP @0x0000000102a3aed4
  autorelease release: [NXNumberInt64] @0x00000001401076d8
objc_msg_lookup -[NXNumberInt64 release]
  -[NXNumberInt64 release] types=v16@0:8
  -[NXNumber release] types=v16@0:8
  -[NXObject release] types=v16@0:8
    => IMP @0x0000000102a36df4
objc_msg_lookup -[NXNumberInt64 dealloc]
  -[NXNumberInt64 dealloc] types=v16@0:8
  -[NXNumber dealloc] types=v16@0:8
  -[NXObject dealloc] types=v16@0:8
    => IMP @0x0000000102a36ca0
objc_lookup_class -[NXZone] @0x0000000102a4ab68
objc_msg_lookup +[NXZone class]
  +[NXZone class] types=#16@0:8
  +[NXObject class] types=#16@0:8
  +[Object class] types=#16@0:8
    => IMP @0x0000000102a3b104
objc_msg_lookup -[NXZone free:]
  -[NXZone free:] types=v24@0:8^v16
    => IMP @0x0000000102a38288
objc_msg_lookup -[NXConstantString cStr]
  -[NXConstantString cStr] types=r*16@0:8
    => IMP @0x0000000102a3aed4
  free: @0x00000001401076d8
objc_msg_lookup -[NXConstantString cStr]
  -[NXConstantString cStr] types=r*16@0:8
    => IMP @0x0000000102a3aed4
  autorelease release: [NXNumberInt64] @0x0000000140107718
objc_msg_lookup -[NXNumberInt64 release]
  -[NXNumberInt64 release] types=v16@0:8
  -[NXNumber release] types=v16@0:8
  -[NXObject release] types=v16@0:8
    => IMP @0x0000000102a36df4
objc_msg_lookup -[NXNumberInt64 dealloc]
  -[NXNumberInt64 dealloc] types=v16@0:8
  -[NXNumber dealloc] types=v16@0:8
  -[NXObject dealloc] types=v16@0:8
    => IMP @0x0000000102a36ca0
objc_lookup_class -[NXZone] @0x0000000102a4ab68
objc_msg_lookup +[NXZone class]
  +[NXZone class] types=#16@0:8
  +[NXObject class] types=#16@0:8
  +[Object class] types=#16@0:8
    => IMP @0x0000000102a3b104
objc_msg_lookup -[NXZone free:]
  -[NXZone free:] types=v24@0:8^v16
    => IMP @0x0000000102a38288
objc_msg_lookup -[NXConstantString cStr]
  -[NXConstantString cStr] types=r*16@0:8
    => IMP @0x0000000102a3aed4
  free: @0x0000000140107718
objc_msg_lookup -[NXConstantString cStr]
  -[NXConstantString cStr] types=r*16@0:8
    => IMP @0x0000000102a3aed4
  autorelease release: [NXNumberInt64] @0x0000000140107758
objc_msg_lookup -[NXNumberInt64 release]
  -[NXNumberInt64 release] types=v16@0:8
  -[NXNumber release] types=v16@0:8
  -[NXObject release] types=v16@0:8
    => IMP @0x0000000102a36df4
objc_msg_lookup -[NXNumberInt64 dealloc]
  -[NXNumberInt64 dealloc] types=v16@0:8
  -[NXNumber dealloc] types=v16@0:8
  -[NXObject dealloc] types=v16@0:8
    => IMP @0x0000000102a36ca0
objc_lookup_class -[NXZone] @0x0000000102a4ab68
objc_msg_lookup +[NXZone class]
  +[NXZone class] types=#16@0:8
  +[NXObject class] types=#16@0:8
  +[Object class] types=#16@0:8
    => IMP @0x0000000102a3b104
objc_msg_lookup -[NXZone free:]
  -[NXZone free:] types=v24@0:8^v16
    => IMP @0x0000000102a38288
objc_msg_lookup -[NXConstantString cStr]
  -[NXConstantString cStr] types=r*16@0:8
    => IMP @0x0000000102a3aed4
  free: @0x0000000140107758
objc_msg_lookup -[NXConstantString cStr]
  -[NXConstantString cStr] types=r*16@0:8
    => IMP @0x0000000102a3aed4
  autorelease release: [NXNumberUnsignedInt64] @0x0000000140107798
objc_msg_lookup -[NXNumberUnsignedInt64 release]
  -[NXNumberUnsignedInt64 release] types=v16@0:8
  -[NXNumber release] types=v16@0:8
  -[NXObject release] types=v16@0:8
    => IMP @0x0000000102a36df4
objc_msg_lookup -[NXNumberUnsignedInt64 dealloc]
  -[NXNumberUnsignedInt64 dealloc] types=v16@0:8
  -[NXNumber dealloc] types=v16@0:8
  -[NXObject dealloc] types=v16@0:8
    => IMP @0x0000000102a36ca0
objc_lookup_class -[NXZone] @0x0000000102a4ab68
objc_msg_lookup +[NXZone class]
  +[NXZone class] types=#16@0:8
  +[NXObject class] types=#16@0:8
  +[Object class] types=#16@0:8
    => IMP @0x0000000102a3b104
objc_msg_lookup -[NXZone free:]
  -[NXZone free:] types=v24@0:8^v16
    => IMP @0x0000000102a38288
objc_msg_lookup -[NXConstantString cStr]
  -[NXConstantString cStr] types=r*16@0:8
    => IMP @0x0000000102a3aed4
  free: @0x0000000140107798
objc_msg_lookup -[NXConstantString cStr]
  -[NXConstantString cStr] types=r*16@0:8
    => IMP @0x0000000102a3aed4
  autorelease release: [NXNumberUnsignedInt64] @0x00000001401077d8
objc_msg_lookup -[NXNumberUnsignedInt64 release]
  -[NXNumberUnsignedInt64 release] types=v16@0:8
  -[NXNumber release] types=v16@0:8
  -[NXObject release] types=v16@0:8
    => IMP @0x0000000102a36df4
objc_msg_lookup -[NXNumberUnsignedInt64 dealloc]
  -[NXNumberUnsignedInt64 dealloc] types=v16@0:8
  -[NXNumber dealloc] types=v16@0:8
  -[NXObject dealloc] types=v16@0:8
    => IMP @0x0000000102a36ca0
objc_lookup_class -[NXZone] @0x0000000102a4ab68
objc_msg_lookup +[NXZone class]
  +[NXZone class] types=#16@0:8
  +[NXObject class] types=#16@0:8
  +[Object class] types=#16@0:8
    => IMP @0x0000000102a3b104
objc_msg_lookup -[NXZone free:]
  -[NXZone free:] types=v24@0:8^v16
    => IMP @0x0000000102a38288
objc_msg_lookup -[NXConstantString cStr]
  -[NXConstantString cStr] types=r*16@0:8
    => IMP @0x0000000102a3aed4
  free: @0x00000001401077d8
objc_msg_lookup -[NXConstantString cStr]
  -[NXConstantString cStr] types=r*16@0:8
    => IMP @0x0000000102a3aed4
  autorelease release: [NXNumberUnsignedInt64] @0x0000000140107818
objc_msg_lookup -[NXNumberUnsignedInt64 release]
  -[NXNumberUnsignedInt64 release] types=v16@0:8
  -[NXNumber release] types=v16@0:8
  -[NXObject release] types=v16@0:8
    => IMP @0x0000000102a36df4
objc_msg_lookup -[NXNumberUnsignedInt64 dealloc]
  -[NXNumberUnsignedInt64 dealloc] types=v16@0:8
  -[NXNumber dealloc] types=v16@0:8
  -[NXObject dealloc] types=v16@0:8
    => IMP @0x0000000102a36ca0
objc_lookup_class -[NXZone] @0x0000000102a4ab68
objc_msg_lookup +[NXZone class]
  +[NXZone class] types=#16@0:8
  +[NXObject class] types=#16@0:8
  +[Object class] types=#16@0:8
    => IMP @0x0000000102a3b104
objc_msg_lookup -[NXZone free:]
  -[NXZone free:] types=v24@0:8^v16
    => IMP @0x0000000102a38288
objc_msg_lookup -[NXConstantString cStr]
  -[NXConstantString cStr] types=r*16@0:8
    => IMP @0x0000000102a3aed4
  free: @0x0000000140107818
objc_msg_lookup -[NXConstantString cStr]
  -[NXConstantString cStr] types=r*16@0:8
    => IMP @0x0000000102a3aed4
  autorelease release: [NXNumberInt64] @0x0000000140107858
objc_msg_lookup -[NXNumberInt64 release]
  -[NXNumberInt64 release] types=v16@0:8
  -[NXNumber release] types=v16@0:8
  -[NXObject release] types=v16@0:8
    => IMP @0x0000000102a36df4
objc_msg_lookup -[NXNumberInt64 dealloc]
  -[NXNumberInt64 dealloc] types=v16@0:8
  -[NXNumber dealloc] types=v16@0:8
  -[NXObject dealloc] types=v16@0:8
    => IMP @0x0000000102a36ca0
objc_lookup_class -[NXZone] @0x0000000102a4ab68
objc_msg_lookup +[NXZone class]
  +[NXZone class] types=#16@0:8
  +[NXObject class] types=#16@0:8
  +[Object class] types=#16@0:8
    => IMP @0x0000000102a3b104
objc_msg_lookup -[NXZone free:]
  -[NXZone free:] types=v24@0:8^v16
    => IMP @0x0000000102a38288
objc_msg_lookup -[NXConstantString cStr]
  -[NXConstantString cStr] types=r*16@0:8
    => IMP @0x0000000102a3aed4
  free: @0x0000000140107858
objc_msg_lookup -[NXConstantString cStr]
  -[NXConstantString cStr] types=r*16@0:8
    => IMP @0x0000000102a3aed4
  autorelease release: [NXNumberInt64] @0x0000000140107898
objc_msg_lookup -[NXNumberInt64 release]
  -[NXNumberInt64 release] types=v16@0:8
  -[NXNumber release] types=v16@0:8
  -[NXObject release] types=v16@0:8
    => IMP @0x0000000102a36df4
objc_msg_lookup -[NXNumberInt64 dealloc]
  -[NXNumberInt64 dealloc] types=v16@0:8
  -[NXNumber dealloc] types=v16@0:8
  -[NXObject dealloc] types=v16@0:8
    => IMP @0x0000000102a36ca0
objc_lookup_class -[NXZone] @0x0000000102a4ab68
objc_msg_lookup +[NXZone class]
  +[NXZone class] types=#16@0:8
  +[NXObject class] types=#16@0:8
  +[Object class] types=#16@0:8
    => IMP @0x0000000102a3b104
objc_msg_lookup -[NXZone free:]
  -[NXZone free:] types=v24@0:8^v16
    => IMP @0x0000000102a38288
objc_msg_lookup -[NXConstantString cStr]
  -[NXConstantString cStr] types=r*16@0:8
    => IMP @0x0000000102a3aed4
  free: @0x0000000140107898
objc_msg_lookup -[NXConstantString cStr]
  -[NXConstantString cStr] types=r*16@0:8
    => IMP @0x0000000102a3aed4
  autorelease release: [NXNumberInt64] @0x00000001401078d8
objc_msg_lookup -[NXNumberInt64 release]
  -[NXNumberInt64 release] types=v16@0:8
  -[NXNumber release] types=v16@0:8
  -[NXObject release] types=v16@0:8
    => IMP @0x0000000102a36df4
objc_msg_lookup -[NXNumberInt64 dealloc]
  -[NXNumberInt64 dealloc] types=v16@0:8
  -[NXNumber dealloc] types=v16@0:8
  -[NXObject dealloc] types=v16@0:8
    => IMP @0x0000000102a36ca0
objc_lookup_class -[NXZone] @0x0000000102a4ab68
objc_msg_lookup +[NXZone class]
  +[NXZone class] types=#16@0:8
  +[NXObject class] types=#16@0:8
  +[Object class] types=#16@0:8
    => IMP @0x0000000102a3b104
objc_msg_lookup -[NXZone free:]
  -[NXZone free:] types=v24@0:8^v16
    => IMP @0x0000000102a38288
objc_msg_lookup -[NXConstantString cStr]
  -[NXConstantString cStr] types=r*16@0:8
    => IMP @0x0000000102a3aed4
  free: @0x00000001401078d8
objc_msg_lookup -[NXConstantString cStr]
  -[NXConstantString cStr] types=r*16@0:8
    => IMP @0x0000000102a3aed4
  autorelease release: [NXNumberUnsignedInt64] @0x0000000140107918
objc_msg_lookup -[NXNumberUnsignedInt64 release]
  -[NXNumberUnsignedInt64 release] types=v16@0:8
  -[NXNumber release] types=v16@0:8
  -[NXObject release] types=v16@0:8
    => IMP @0x0000000102a36df4
objc_msg_lookup -[NXNumberUnsignedInt64 dealloc]
  -[NXNumberUnsignedInt64 dealloc] types=v16@0:8
  -[NXNumber dealloc] types=v16@0:8
  -[NXObject dealloc] types=v16@0:8
    => IMP @0x0000000102a36ca0
objc_lookup_class -[NXZone] @0x0000000102a4ab68
objc_msg_lookup +[NXZone class]
  +[NXZone class] types=#16@0:8
  +[NXObject class] types=#16@0:8
  +[Object class] types=#16@0:8
    => IMP @0x0000000102a3b104
objc_msg_lookup -[NXZone free:]
  -[NXZone free:] types=v24@0:8^v16
    => IMP @0x0000000102a38288
objc_msg_lookup -[NXConstantString cStr]
  -[NXConstantString cStr] types=r*16@0:8
    => IMP @0x0000000102a3aed4
  free: @0x0000000140107918
objc_msg_lookup -[NXConstantString cStr]
  -[NXConstantString cStr] types=r*16@0:8
    => IMP @0x0000000102a3aed4
  autorelease release: [NXNumberUnsignedInt64] @0x0000000140107958
objc_msg_lookup -[NXNumberUnsignedInt64 release]
  -[NXNumberUnsignedInt64 release] types=v16@0:8
  -[NXNumber release] types=v16@0:8
  -[NXObject release] types=v16@0:8
    => IMP @0x0000000102a36df4
objc_msg_lookup -[NXNumberUnsignedInt64 dealloc]
  -[NXNumberUnsignedInt64 dealloc] types=v16@0:8
  -[NXNumber dealloc] types=v16@0:8
  -[NXObject dealloc] types=v16@0:8
    => IMP @0x0000000102a36ca0
objc_lookup_class -[NXZone] @0x0000000102a4ab68
objc_msg_lookup +[NXZone class]
  +[NXZone class] types=#16@0:8
  +[NXObject class] types=#16@0:8
  +[Object class] types=#16@0:8
    => IMP @0x0000000102a3b104
objc_msg_lookup -[NXZone free:]
  -[NXZone free:] types=v24@0:8^v16
    => IMP @0x0000000102a38288
objc_msg_lookup -[NXConstantString cStr]
  -[NXConstantString cStr] types=r*16@0:8
    => IMP @0x0000000102a3aed4
  free: @0x0000000140107958
objc_msg_lookup -[NXConstantString cStr]
  -[NXConstantString cStr] types=r*16@0:8
    => IMP @0x0000000102a3aed4
  autorelease release: [NXNumberUnsignedInt64] @0x0000000140107998
objc_msg_lookup -[NXNumberUnsignedInt64 release]
  -[NXNumberUnsignedInt64 release] types=v16@0:8
  -[NXNumber release] types=v16@0:8
  -[NXObject release] types=v16@0:8
    => IMP @0x0000000102a36df4
objc_msg_lookup -[NXNumberUnsignedInt64 dealloc]
  -[NXNumberUnsignedInt64 dealloc] types=v16@0:8
  -[NXNumber dealloc] types=v16@0:8
  -[NXObject dealloc] types=v16@0:8
    => IMP @0x0000000102a36ca0
objc_lookup_class -[NXZone] @0x0000000102a4ab68
objc_msg_lookup +[NXZone class]
  +[NXZone class] types=#16@0:8
  +[NXObject class] types=#16@0:8
  +[Object class] types=#16@0:8
    => IMP @0x0000000102a3b104
objc_msg_lookup -[NXZone free:]
  -[NXZone free:] types=v24@0:8^v16
    => IMP @0x0000000102a38288
objc_msg_lookup -[NXConstantString cStr]
  -[NXConstantString cStr] types=r*16@0:8
    => IMP @0x0000000102a3aed4
  free: @0x0000000140107998
objc_msg_lookup -[NXConstantString cStr]
  -[NXConstantString cStr] types=r*16@0:8
    => IMP @0x0000000102a3aed4
  autorelease release: [NXNumberUnsignedInt64] @0x00000001401079d8
objc_msg_lookup -[NXNumberUnsignedInt64 release]
  -[NXNumberUnsignedInt64 release] types=v16@0:8
  -[NXNumber release] types=v16@0:8
  -[NXObject release] types=v16@0:8
    => IMP @0x0000000102a36df4
objc_msg_lookup -[NXNumberUnsignedInt64 dealloc]
  -[NXNumberUnsignedInt64 dealloc] types=v16@0:8
  -[NXNumber dealloc] types=v16@0:8
  -[NXObject dealloc] types=v16@0:8
    => IMP @0x0000000102a36ca0
objc_lookup_class -[NXZone] @0x0000000102a4ab68
objc_msg_lookup +[NXZone class]
  +[NXZone class] types=#16@0:8
  +[NXObject class] types=#16@0:8
  +[Object class] types=#16@0:8
    => IMP @0x0000000102a3b104
objc_msg_lookup -[NXZone free:]
  -[NXZone free:] types=v24@0:8^v16
    => IMP @0x0000000102a38288
objc_msg_lookup -[NXConstantString cStr]
  -[NXConstantString cStr] types=r*16@0:8
    => IMP @0x0000000102a3aed4
  free: @0x00000001401079d8
objc_msg_lookup -[NXConstantString cStr]
  -[NXConstantString cStr] types=r*16@0:8
    => IMP @0x0000000102a3aed4
  autorelease release: [NXNumberUnsignedInt64] @0x0000000140107a18
objc_msg_lookup -[NXNumberUnsignedInt64 release]
  -[NXNumberUnsignedInt64 release] types=v16@0:8
  -[NXNumber release] types=v16@0:8
  -[NXObject release] types=v16@0:8
    => IMP @0x0000000102a36df4
objc_msg_lookup -[NXNumberUnsignedInt64 dealloc]
  -[NXNumberUnsignedInt64 dealloc] types=v16@0:8
  -[NXNumber dealloc] types=v16@0:8
  -[NXObject dealloc] types=v16@0:8
    => IMP @0x0000000102a36ca0
objc_lookup_class -[NXZone] @0x0000000102a4ab68
objc_msg_lookup +[NXZone class]
  +[NXZone class] types=#16@0:8
  +[NXObject class] types=#16@0:8
  +[Object class] types=#16@0:8
    => IMP @0x0000000102a3b104
objc_msg_lookup -[NXZone free:]
  -[NXZone free:] types=v24@0:8^v16
    => IMP @0x0000000102a38288
objc_msg_lookup -[NXConstantString cStr]
  -[NXConstantString cStr] types=r*16@0:8
    => IMP @0x0000000102a3aed4
  free: @0x0000000140107a18
objc_msg_lookup -[NXConstantString cStr]
  -[NXConstantString cStr] types=r*16@0:8
    => IMP @0x0000000102a3aed4
  autorelease release: [NXNumberUnsignedInt64] @0x0000000140107a58
objc_msg_lookup -[NXNumberUnsignedInt64 release]
  -[NXNumberUnsignedInt64 release] types=v16@0:8
  -[NXNumber release] types=v16@0:8
  -[NXObject release] types=v16@0:8
    => IMP @0x0000000102a36df4
objc_msg_lookup -[NXNumberUnsignedInt64 dealloc]
  -[NXNumberUnsignedInt64 dealloc] types=v16@0:8
  -[NXNumber dealloc] types=v16@0:8
  -[NXObject dealloc] types=v16@0:8
    => IMP @0x0000000102a36ca0
objc_lookup_class -[NXZone] @0x0000000102a4ab68
objc_msg_lookup +[NXZone class]
  +[NXZone class] types=#16@0:8
  +[NXObject class] types=#16@0:8
  +[Object class] types=#16@0:8
    => IMP @0x0000000102a3b104
objc_msg_lookup -[NXZone free:]
  -[NXZone free:] types=v24@0:8^v16
    => IMP @0x0000000102a38288
objc_msg_lookup -[NXConstantString cStr]
  -[NXConstantString cStr] types=r*16@0:8
    => IMP @0x0000000102a3aed4
  free: @0x0000000140107a58
objc_msg_lookup -[NXConstantString cStr]
  -[NXConstantString cStr] types=r*16@0:8
    => IMP @0x0000000102a3aed4
  autorelease release: [NXNumberUnsignedInt64] @0x0000000140107a98
objc_msg_lookup -[NXNumberUnsignedInt64 release]
  -[NXNumberUnsignedInt64 release] types=v16@0:8
  -[NXNumber release] types=v16@0:8
  -[NXObject release] types=v16@0:8
    => IMP @0x0000000102a36df4
objc_msg_lookup -[NXNumberUnsignedInt64 dealloc]
  -[NXNumberUnsignedInt64 dealloc] types=v16@0:8
  -[NXNumber dealloc] types=v16@0:8
  -[NXObject dealloc] types=v16@0:8
    => IMP @0x0000000102a36ca0
objc_lookup_class -[NXZone] @0x0000000102a4ab68
objc_msg_lookup +[NXZone class]
  +[NXZone class] types=#16@0:8
  +[NXObject class] types=#16@0:8
  +[Object class] types=#16@0:8
    => IMP @0x0000000102a3b104
objc_msg_lookup -[NXZone free:]
  -[NXZone free:] types=v24@0:8^v16
    => IMP @0x0000000102a38288
objc_msg_lookup -[NXConstantString cStr]
  -[NXConstantString cStr] types=r*16@0:8
    => IMP @0x0000000102a3aed4
  free: @0x0000000140107a98
objc_msg_lookup -[NXConstantString cStr]
  -[NXConstantString cStr] types=r*16@0:8
    => IMP @0x0000000102a3aed4
  autorelease release: [NXNumberUnsignedInt64] @0x0000000140107ad8
objc_msg_lookup -[NXNumberUnsignedInt64 release]
  -[NXNumberUnsignedInt64 release] types=v16@0:8
  -[NXNumber release] types=v16@0:8
  -[NXObject release] types=v16@0:8
    => IMP @0x0000000102a36df4
objc_msg_lookup -[NXNumberUnsignedInt64 dealloc]
  -[NXNumberUnsignedInt64 dealloc] types=v16@0:8
  -[NXNumber dealloc] types=v16@0:8
  -[NXObject dealloc] types=v16@0:8
    => IMP @0x0000000102a36ca0
objc_lookup_class -[NXZone] @0x0000000102a4ab68
objc_msg_lookup +[NXZone class]
  +[NXZone class] types=#16@0:8
  +[NXObject class] types=#16@0:8
  +[Object class] types=#16@0:8
    => IMP @0x0000000102a3b104
objc_msg_lookup -[NXZone free:]
  -[NXZone free:] types=v24@0:8^v16
    => IMP @0x0000000102a38288
objc_msg_lookup -[NXConstantString cStr]
  -[NXConstantString cStr] types=r*16@0:8
    => IMP @0x0000000102a3aed4
  free: @0x0000000140107ad8
objc_msg_lookup -[NXConstantString cStr]
  -[NXConstantString cStr] types=r*16@0:8
    => IMP @0x0000000102a3aed4
  autorelease release: [NXNumberUnsignedInt64] @0x0000000140107b18
objc_msg_lookup -[NXNumberUnsignedInt64 release]
  -[NXNumberUnsignedInt64 release] types=v16@0:8
  -[NXNumber release] types=v16@0:8
  -[NXObject release] types=v16@0:8
    => IMP @0x0000000102a36df4
objc_msg_lookup -[NXNumberUnsignedInt64 dealloc]
  -[NXNumberUnsignedInt64 dealloc] types=v16@0:8
  -[NXNumber dealloc] types=v16@0:8
  -[NXObject dealloc] types=v16@0:8
    => IMP @0x0000000102a36ca0
objc_lookup_class -[NXZone] @0x0000000102a4ab68
objc_msg_lookup +[NXZone class]
  +[NXZone class] types=#16@0:8
  +[NXObject class] types=#16@0:8
  +[Object class] types=#16@0:8
    => IMP @0x0000000102a3b104
objc_msg_lookup -[NXZone free:]
  -[NXZone free:] types=v24@0:8^v16
    => IMP @0x0000000102a38288
objc_msg_lookup -[NXConstantString cStr]
  -[NXConstantString cStr] types=r*16@0:8
    => IMP @0x0000000102a3aed4
  free: @0x0000000140107b18
objc_msg_lookup -[NXConstantString cStr]
  -[NXConstantString cStr] types=r*16@0:8
    => IMP @0x0000000102a3aed4
  autorelease release: [NXNumberInt64] @0x0000000140107b58
objc_msg_lookup -[NXNumberInt64 release]
  -[NXNumberInt64 release] types=v16@0:8
  -[NXNumber release] types=v16@0:8
  -[NXObject release] types=v16@0:8
    => IMP @0x0000000102a36df4
objc_msg_lookup -[NXNumberInt64 dealloc]
  -[NXNumberInt64 dealloc] types=v16@0:8
  -[NXNumber dealloc] types=v16@0:8
  -[NXObject dealloc] types=v16@0:8
    => IMP @0x0000000102a36ca0
objc_lookup_class -[NXZone] @0x0000000102a4ab68
objc_msg_lookup +[NXZone class]
  +[NXZone class] types=#16@0:8
  +[NXObject class] types=#16@0:8
  +[Object class] types=#16@0:8
    => IMP @0x0000000102a3b104
objc_msg_lookup -[NXZone free:]
  -[NXZone free:] types=v24@0:8^v16
    => IMP @0x0000000102a38288
objc_msg_lookup -[NXConstantString cStr]
  -[NXConstantString cStr] types=r*16@0:8
    => IMP @0x0000000102a3aed4
  free: @0x0000000140107b58
objc_msg_lookup -[NXConstantString cStr]
  -[NXConstantString cStr] types=r*16@0:8
    => IMP @0x0000000102a3aed4
  autorelease release: [NXNumberInt64] @0x0000000140107b98
objc_msg_lookup -[NXNumberInt64 release]
  -[NXNumberInt64 release] types=v16@0:8
  -[NXNumber release] types=v16@0:8
  -[NXObject release] types=v16@0:8
    => IMP @0x0000000102a36df4
objc_msg_lookup -[NXNumberInt64 dealloc]
  -[NXNumberInt64 dealloc] types=v16@0:8
  -[NXNumber dealloc] types=v16@0:8
  -[NXObject dealloc] types=v16@0:8
    => IMP @0x0000000102a36ca0
objc_lookup_class -[NXZone] @0x0000000102a4ab68
objc_msg_lookup +[NXZone class]
  +[NXZone class] types=#16@0:8
  +[NXObject class] types=#16@0:8
  +[Object class] types=#16@0:8
    => IMP @0x0000000102a3b104
objc_msg_lookup -[NXZone free:]
  -[NXZone free:] types=v24@0:8^v16
    => IMP @0x0000000102a38288
objc_msg_lookup -[NXConstantString cStr]
  -[NXConstantString cStr] types=r*16@0:8
    => IMP @0x0000000102a3aed4
  free: @0x0000000140107b98
objc_msg_lookup -[NXConstantString cStr]
  -[NXConstantString cStr] types=r*16@0:8
    => IMP @0x0000000102a3aed4
  autorelease release: [NXNumberInt64] @0x0000000140107bd8
objc_msg_lookup -[NXNumberInt64 release]
  -[NXNumberInt64 release] types=v16@0:8
  -[NXNumber release] types=v16@0:8
  -[NXObject release] types=v16@0:8
    => IMP @0x0000000102a36df4
objc_msg_lookup -[NXNumberInt64 dealloc]
  -[NXNumberInt64 dealloc] types=v16@0:8
  -[NXNumber dealloc] types=v16@0:8
  -[NXObject dealloc] types=v16@0:8
    => IMP @0x0000000102a36ca0
objc_lookup_class -[NXZone] @0x0000000102a4ab68
objc_msg_lookup +[NXZone class]
  +[NXZone class] types=#16@0:8
  +[NXObject class] types=#16@0:8
  +[Object class] types=#16@0:8
    => IMP @0x0000000102a3b104
objc_msg_lookup -[NXZone free:]
  -[NXZone free:] types=v24@0:8^v16
    => IMP @0x0000000102a38288
objc_msg_lookup -[NXConstantString cStr]
  -[NXConstantString cStr] types=r*16@0:8
    => IMP @0x0000000102a3aed4
  free: @0x0000000140107bd8
objc_msg_lookup -[NXConstantString cStr]
  -[NXConstantString cStr] types=r*16@0:8
    => IMP @0x0000000102a3aed4
  autorelease release: [NXNumberInt64] @0x0000000140107c18
objc_msg_lookup -[NXNumberInt64 release]
  -[NXNumberInt64 release] types=v16@0:8
  -[NXNumber release] types=v16@0:8
  -[NXObject release] types=v16@0:8
    => IMP @0x0000000102a36df4
objc_msg_lookup -[NXNumberInt64 dealloc]
  -[NXNumberInt64 dealloc] types=v16@0:8
  -[NXNumber dealloc] types=v16@0:8
  -[NXObject dealloc] types=v16@0:8
    => IMP @0x0000000102a36ca0
objc_lookup_class -[NXZone] @0x0000000102a4ab68
objc_msg_lookup +[NXZone class]
  +[NXZone class] types=#16@0:8
  +[NXObject class] types=#16@0:8
  +[Object class] types=#16@0:8
    => IMP @0x0000000102a3b104
objc_msg_lookup -[NXZone free:]
  -[NXZone free:] types=v24@0:8^v16
    => IMP @0x0000000102a38288
objc_msg_lookup -[NXConstantString cStr]
  -[NXConstantString cStr] types=r*16@0:8
    => IMP @0x0000000102a3aed4
  free: @0x0000000140107c18
objc_msg_lookup -[NXConstantString cStr]
  -[NXConstantString cStr] types=r*16@0:8
    => IMP @0x0000000102a3aed4
  autorelease release: [NXNumberInt64] @0x0000000140107c58
objc_msg_lookup -[NXNumberInt64 release]
  -[NXNumberInt64 release] types=v16@0:8
  -[NXNumber release] types=v16@0:8
  -[NXObject release] types=v16@0:8
    => IMP @0x0000000102a36df4
objc_msg_lookup -[NXNumberInt64 dealloc]
  -[NXNumberInt64 dealloc] types=v16@0:8
  -[NXNumber dealloc] types=v16@0:8
  -[NXObject dealloc] types=v16@0:8
    => IMP @0x0000000102a36ca0
objc_lookup_class -[NXZone] @0x0000000102a4ab68
objc_msg_lookup +[NXZone class]
  +[NXZone class] types=#16@0:8
  +[NXObject class] types=#16@0:8
  +[Object class] types=#16@0:8
    => IMP @0x0000000102a3b104
objc_msg_lookup -[NXZone free:]
  -[NXZone free:] types=v24@0:8^v16
    => IMP @0x0000000102a38288
objc_msg_lookup -[NXConstantString cStr]
  -[NXConstantString cStr] types=r*16@0:8
    => IMP @0x0000000102a3aed4
  free: @0x0000000140107c58
objc_msg_lookup -[NXConstantString cStr]
  -[NXConstantString cStr] types=r*16@0:8
    => IMP @0x0000000102a3aed4
  autorelease release: [NXNumberInt64] @0x0000000140107c98
objc_msg_lookup -[NXNumberInt64 release]
  -[NXNumberInt64 release] types=v16@0:8
  -[NXNumber release] types=v16@0:8
  -[NXObject release] types=v16@0:8
    => IMP @0x0000000102a36df4
objc_msg_lookup -[NXNumberInt64 dealloc]
  -[NXNumberInt64 dealloc] types=v16@0:8
  -[NXNumber dealloc] types=v16@0:8
  -[NXObject dealloc] types=v16@0:8
    => IMP @0x0000000102a36ca0
objc_lookup_class -[NXZone] @0x0000000102a4ab68
objc_msg_lookup +[NXZone class]
  +[NXZone class] types=#16@0:8
  +[NXObject class] types=#16@0:8
  +[Object class] types=#16@0:8
    => IMP @0x0000000102a3b104
objc_msg_lookup -[NXZone free:]
  -[NXZone free:] types=v24@0:8^v16
    => IMP @0x0000000102a38288
objc_msg_lookup -[NXConstantString cStr]
  -[NXConstantString cStr] types=r*16@0:8
    => IMP @0x0000000102a3aed4
  free: @0x0000000140107c98
objc_msg_lookup -[NXConstantString cStr]
  -[NXConstantString cStr] types=r*16@0:8
    => IMP @0x0000000102a3aed4
  autorelease release: [NXNumberInt64] @0x0000000140107cd8
objc_msg_lookup -[NXNumberInt64 release]
  -[NXNumberInt64 release] types=v16@0:8
  -[NXNumber release] types=v16@0:8
  -[NXObject release] types=v16@0:8
    => IMP @0x0000000102a36df4
objc_msg_lookup -[NXNumberInt64 dealloc]
  -[NXNumberInt64 dealloc] types=v16@0:8
  -[NXNumber dealloc] types=v16@0:8
  -[NXObject dealloc] types=v16@0:8
    => IMP @0x0000000102a36ca0
objc_lookup_class -[NXZone] @0x0000000102a4ab68
objc_msg_lookup +[NXZone class]
  +[NXZone class] types=#16@0:8
  +[NXObject class] types=#16@0:8
  +[Object class] types=#16@0:8
    => IMP @0x0000000102a3b104
objc_msg_lookup -[NXZone free:]
  -[NXZone free:] types=v24@0:8^v16
    => IMP @0x0000000102a38288
objc_msg_lookup -[NXConstantString cStr]
  -[NXConstantString cStr] types=r*16@0:8
    => IMP @0x0000000102a3aed4
  free: @0x0000000140107cd8
objc_msg_lookup -[NXConstantString cStr]
  -[NXConstantString cStr] types=r*16@0:8
    => IMP @0x0000000102a3aed4
  autorelease release: [NXNumberInt64] @0x0000000140107d18
objc_msg_lookup -[NXNumberInt64 release]
  -[NXNumberInt64 release] types=v16@0:8
  -[NXNumber release] types=v16@0:8
  -[NXObject release] types=v16@0:8
    => IMP @0x0000000102a36df4
objc_msg_lookup -[NXNumberInt64 dealloc]
  -[NXNumberInt64 dealloc] types=v16@0:8
  -[NXNumber dealloc] types=v16@0:8
  -[NXObject dealloc] types=v16@0:8
    => IMP @0x0000000102a36ca0
objc_lookup_class -[NXZone] @0x0000000102a4ab68
objc_msg_lookup +[NXZone class]
  +[NXZone class] types=#16@0:8
  +[NXObject class] types=#16@0:8
  +[Object class] types=#16@0:8
    => IMP @0x0000000102a3b104
objc_msg_lookup -[NXZone free:]
  -[NXZone free:] types=v24@0:8^v16
    => IMP @0x0000000102a38288
objc_msg_lookup -[NXConstantString cStr]
  -[NXConstantString cStr] types=r*16@0:8
    => IMP @0x0000000102a3aed4
  free: @0x0000000140107d18
objc_msg_lookup -[NXConstantString cStr]
  -[NXConstantString cStr] types=r*16@0:8
    => IMP @0x0000000102a3aed4
  autorelease release: [NXNumberInt64] @0x0000000140107d58
objc_msg_lookup -[NXNumberInt64 release]
  -[NXNumberInt64 release] types=v16@0:8
  -[NXNumber release] types=v16@0:8
  -[NXObject release] types=v16@0:8
    => IMP @0x0000000102a36df4
objc_msg_lookup -[NXNumberInt64 dealloc]
  -[NXNumberInt64 dealloc] types=v16@0:8
  -[NXNumber dealloc] types=v16@0:8
  -[NXObject dealloc] types=v16@0:8
    => IMP @0x0000000102a36ca0
objc_lookup_class -[NXZone] @0x0000000102a4ab68
objc_msg_lookup +[NXZone class]
  +[NXZone class] types=#16@0:8
  +[NXObject class] types=#16@0:8
  +[Object class] types=#16@0:8
    => IMP @0x0000000102a3b104
objc_msg_lookup -[NXZone free:]
  -[NXZone free:] types=v24@0:8^v16
    => IMP @0x0000000102a38288
objc_msg_lookup -[NXConstantString cStr]
  -[NXConstantString cStr] types=r*16@0:8
    => IMP @0x0000000102a3aed4
  free: @0x0000000140107d58
objc_msg_lookup -[NXConstantString cStr]
  -[NXConstantString cStr] types=r*16@0:8
    => IMP @0x0000000102a3aed4
  autorelease release: [NXNumberInt64] @0x0000000140107d98
objc_msg_lookup -[NXNumberInt64 release]
  -[NXNumberInt64 release] types=v16@0:8
  -[NXNumber release] types=v16@0:8
  -[NXObject release] types=v16@0:8
    => IMP @0x0000000102a36df4
objc_msg_lookup -[NXNumberInt64 dealloc]
  -[NXNumberInt64 dealloc] types=v16@0:8
  -[NXNumber dealloc] types=v16@0:8
  -[NXObject dealloc] types=v16@0:8
    => IMP @0x0000000102a36ca0
objc_lookup_class -[NXZone] @0x0000000102a4ab68
objc_msg_lookup +[NXZone class]
  +[NXZone class] types=#16@0:8
  +[NXObject class] types=#16@0:8
  +[Object class] types=#16@0:8
    => IMP @0x0000000102a3b104
objc_msg_lookup -[NXZone free:]
  -[NXZone free:] types=v24@0:8^v16
    => IMP @0x0000000102a38288
objc_msg_lookup -[NXConstantString cStr]
  -[NXConstantString cStr] types=r*16@0:8
    => IMP @0x0000000102a3aed4
  free: @0x0000000140107d98
objc_msg_lookup -[NXConstantString cStr]
  -[NXConstantString cStr] types=r*16@0:8
    => IMP @0x0000000102a3aed4
  autorelease release: [NXNumberBool] @0x0000000140107dd8
objc_msg_lookup -[NXNumberBool release]
  -[NXNumberBool release] types=v16@0:8
  -[NXNumber release] types=v16@0:8
  -[NXObject release] types=v16@0:8
    => IMP @0x0000000102a36df4
objc_msg_lookup -[NXNumberBool dealloc]
  -[NXNumberBool dealloc] types=v16@0:8
  -[NXNumber dealloc] types=v16@0:8
  -[NXObject dealloc] types=v16@0:8
    => IMP @0x0000000102a36ca0
objc_lookup_class -[NXZone] @0x0000000102a4ab68
objc_msg_lookup +[NXZone class]
  +[NXZone class] types=#16@0:8
  +[NXObject class] types=#16@0:8
  +[Object class] types=#16@0:8
    => IMP @0x0000000102a3b104
objc_msg_lookup -[NXZone free:]
  -[NXZone free:] types=v24@0:8^v16
    => IMP @0x0000000102a38288
objc_msg_lookup -[NXConstantString cStr]
  -[NXConstantString cStr] types=r*16@0:8
    => IMP @0x0000000102a3aed4
  free: @0x0000000140107dd8
objc_msg_lookup -[NXConstantString cStr]
  -[NXConstantString cStr] types=r*16@0:8
    => IMP @0x0000000102a3aed4
  autorelease release: [NXNumberBool] @0x0000000140107e18
objc_msg_lookup -[NXNumberBool release]
  -[NXNumberBool release] types=v16@0:8
  -[NXNumber release] types=v16@0:8
  -[NXObject release] types=v16@0:8
    => IMP @0x0000000102a36df4
objc_msg_lookup -[NXNumberBool dealloc]
  -[NXNumberBool dealloc] types=v16@0:8
  -[NXNumber dealloc] types=v16@0:8
  -[NXObject dealloc] types=v16@0:8
    => IMP @0x0000000102a36ca0
objc_lookup_class -[NXZone] @0x0000000102a4ab68
objc_msg_lookup +[NXZone class]
  +[NXZone class] types=#16@0:8
  +[NXObject class] types=#16@0:8
  +[Object class] types=#16@0:8
    => IMP @0x0000000102a3b104
objc_msg_lookup -[NXZone free:]
  -[NXZone free:] types=v24@0:8^v16
    => IMP @0x0000000102a38288
objc_msg_lookup -[NXConstantString cStr]
  -[NXConstantString cStr] types=r*16@0:8
    => IMP @0x0000000102a3aed4
  free: @0x0000000140107e18
objc_msg_lookup -[NXConstantString cStr]
  -[NXConstantString cStr] types=r*16@0:8
    => IMP @0x0000000102a3aed4
  autorelease release: [NXNumberUnsignedInt64] @0x0000000140107e58
objc_msg_lookup -[NXNumberUnsignedInt64 release]
  -[NXNumberUnsignedInt64 release] types=v16@0:8
  -[NXNumber release] types=v16@0:8
  -[NXObject release] types=v16@0:8
    => IMP @0x0000000102a36df4
objc_msg_lookup -[NXNumberUnsignedInt64 dealloc]
  -[NXNumberUnsignedInt64 dealloc] types=v16@0:8
  -[NXNumber dealloc] types=v16@0:8
  -[NXObject dealloc] types=v16@0:8
    => IMP @0x0000000102a36ca0
objc_lookup_class -[NXZone] @0x0000000102a4ab68
objc_msg_lookup +[NXZone class]
  +[NXZone class] types=#16@0:8
  +[NXObject class] types=#16@0:8
  +[Object class] types=#16@0:8
    => IMP @0x0000000102a3b104
objc_msg_lookup -[NXZone free:]
  -[NXZone free:] types=v24@0:8^v16
    => IMP @0x0000000102a38288
objc_msg_lookup -[NXConstantString cStr]
  -[NXConstantString cStr] types=r*16@0:8
    => IMP @0x0000000102a3aed4
  free: @0x0000000140107e58
objc_msg_lookup -[NXConstantString cStr]
  -[NXConstantString cStr] types=r*16@0:8
    => IMP @0x0000000102a3aed4
  autorelease release: [NXNumberUnsignedInt64] @0x0000000140107e98
objc_msg_lookup -[NXNumberUnsignedInt64 release]
  -[NXNumberUnsignedInt64 release] types=v16@0:8
  -[NXNumber release] types=v16@0:8
  -[NXObject release] types=v16@0:8
    => IMP @0x0000000102a36df4
objc_msg_lookup -[NXNumberUnsignedInt64 dealloc]
  -[NXNumberUnsignedInt64 dealloc] types=v16@0:8
  -[NXNumber dealloc] types=v16@0:8
  -[NXObject dealloc] types=v16@0:8
    => IMP @0x0000000102a36ca0
objc_lookup_class -[NXZone] @0x0000000102a4ab68
objc_msg_lookup +[NXZone class]
  +[NXZone class] types=#16@0:8
  +[NXObject class] types=#16@0:8
  +[Object class] types=#16@0:8
    => IMP @0x0000000102a3b104
objc_msg_lookup -[NXZone free:]
  -[NXZone free:] types=v24@0:8^v16
    => IMP @0x0000000102a38288
objc_msg_lookup -[NXConstantString cStr]
  -[NXConstantString cStr] types=r*16@0:8
    => IMP @0x0000000102a3aed4
  free: @0x0000000140107e98
objc_msg_lookup -[NXConstantString cStr]
  -[NXConstantString cStr] types=r*16@0:8
    => IMP @0x0000000102a3aed4
  autorelease release: [NXNumberUnsignedInt64] @0x0000000140107ed8
objc_msg_lookup -[NXNumberUnsignedInt64 release]
  -[NXNumberUnsignedInt64 release] types=v16@0:8
  -[NXNumber release] types=v16@0:8
  -[NXObject release] types=v16@0:8
    => IMP @0x0000000102a36df4
objc_msg_lookup -[NXNumberUnsignedInt64 dealloc]
  -[NXNumberUnsignedInt64 dealloc] types=v16@0:8
  -[NXNumber dealloc] types=v16@0:8
  -[NXObject dealloc] types=v16@0:8
    => IMP @0x0000000102a36ca0
objc_lookup_class -[NXZone] @0x0000000102a4ab68
objc_msg_lookup +[NXZone class]
  +[NXZone class] types=#16@0:8
  +[NXObject class] types=#16@0:8
  +[Object class] types=#16@0:8
    => IMP @0x0000000102a3b104
objc_msg_lookup -[NXZone free:]
  -[NXZone free:] types=v24@0:8^v16
    => IMP @0x0000000102a38288
objc_msg_lookup -[NXConstantString cStr]
  -[NXConstantString cStr] types=r*16@0:8
    => IMP @0x0000000102a3aed4
  free: @0x0000000140107ed8
objc_msg_lookup -[NXConstantString cStr]
  -[NXConstantString cStr] types=r*16@0:8
    => IMP @0x0000000102a3aed4
  autorelease release: [NXNumberInt64] @0x0000000140107f18
objc_msg_lookup -[NXNumberInt64 release]
  -[NXNumberInt64 release] types=v16@0:8
  -[NXNumber release] types=v16@0:8
  -[NXObject release] types=v16@0:8
    => IMP @0x0000000102a36df4
objc_msg_lookup -[NXNumberInt64 dealloc]
  -[NXNumberInt64 dealloc] types=v16@0:8
  -[NXNumber dealloc] types=v16@0:8
  -[NXObject dealloc] types=v16@0:8
    => IMP @0x0000000102a36ca0
objc_lookup_class -[NXZone] @0x0000000102a4ab68
objc_msg_lookup +[NXZone class]
  +[NXZone class] types=#16@0:8
  +[NXObject class] types=#16@0:8
  +[Object class] types=#16@0:8
    => IMP @0x0000000102a3b104
objc_msg_lookup -[NXZone free:]
  -[NXZone free:] types=v24@0:8^v16
    => IMP @0x0000000102a38288
objc_msg_lookup -[NXConstantString cStr]
  -[NXConstantString cStr] types=r*16@0:8
    => IMP @0x0000000102a3aed4
  free: @0x0000000140107f18
objc_msg_lookup -[NXConstantString cStr]
  -[NXConstantString cStr] types=r*16@0:8
    => IMP @0x0000000102a3aed4
  autorelease release: [NXNumberInt64] @0x0000000140107f58
objc_msg_lookup -[NXNumberInt64 release]
  -[NXNumberInt64 release] types=v16@0:8
  -[NXNumber release] types=v16@0:8
  -[NXObject release] types=v16@0:8
    => IMP @0x0000000102a36df4
objc_msg_lookup -[NXNumberInt64 dealloc]
  -[NXNumberInt64 dealloc] types=v16@0:8
  -[NXNumber dealloc] types=v16@0:8
  -[NXObject dealloc] types=v16@0:8
    => IMP @0x0000000102a36ca0
objc_lookup_class -[NXZone] @0x0000000102a4ab68
objc_msg_lookup +[NXZone class]
  +[NXZone class] types=#16@0:8
  +[NXObject class] types=#16@0:8
  +[Object class] types=#16@0:8
    => IMP @0x0000000102a3b104
objc_msg_lookup -[NXZone free:]
  -[NXZone free:] types=v24@0:8^v16
    => IMP @0x0000000102a38288
objc_msg_lookup -[NXConstantString cStr]
  -[NXConstantString cStr] types=r*16@0:8
    => IMP @0x0000000102a3aed4
  free: @0x0000000140107f58
objc_msg_lookup -[NXConstantString cStr]
  -[NXConstantString cStr] types=r*16@0:8
    => IMP @0x0000000102a3aed4
  autorelease release: [NXNumberInt64] @0x0000000140107f98
objc_msg_lookup -[NXNumberInt64 release]
  -[NXNumberInt64 release] types=v16@0:8
  -[NXNumber release] types=v16@0:8
  -[NXObject release] types=v16@0:8
    => IMP @0x0000000102a36df4
objc_msg_lookup -[NXNumberInt64 dealloc]
  -[NXNumberInt64 dealloc] types=v16@0:8
  -[NXNumber dealloc] types=v16@0:8
  -[NXObject dealloc] types=v16@0:8
    => IMP @0x0000000102a36ca0
objc_lookup_class -[NXZone] @0x0000000102a4ab68
objc_msg_lookup +[NXZone class]
  +[NXZone class] types=#16@0:8
  +[NXObject class] types=#16@0:8
  +[Object class] types=#16@0:8
    => IMP @0x0000000102a3b104
objc_msg_lookup -[NXZone free:]
  -[NXZone free:] types=v24@0:8^v16
    => IMP @0x0000000102a38288
objc_msg_lookup -[NXConstantString cStr]
  -[NXConstantString cStr] types=r*16@0:8
    => IMP @0x0000000102a3aed4
  free: @0x0000000140107f98
objc_msg_lookup -[NXAutoreleasePool class]
  -[NXAutoreleasePool class] types=#16@0:8
  -[NXObject class] types=#16@0:8
  -[Object class] types=#16@0:8
    => IMP @0x0000000102a3b0e4
objc_msg_lookup -[NXObject dealloc]
  -[NXObject dealloc] types=v16@0:8
objc_lookup_class -[NXZone] @0x0000000102a4ab68
objc_msg_lookup +[NXZone class]
  +[NXZone class] types=#16@0:8
  +[NXObject class] types=#16@0:8
  +[Object class] types=#16@0:8
    => IMP @0x0000000102a3b104
objc_msg_lookup -[NXZone free:]
  -[NXZone free:] types=v24@0:8^v16
    => IMP @0x0000000102a38288
objc_msg_lookup -[NXConstantString cStr]
  -[NXConstantString cStr] types=r*16@0:8
    => IMP @0x0000000102a3aed4
  free: @0x0000000140107fd8
objc_msg_lookup -[NXZone release]
  -[NXZone release] types=v16@0:8
  -[NXObject release] types=v16@0:8
    => IMP @0x0000000102a36df4
objc_msg_lookup -[NXZone dealloc]
  -[NXZone dealloc] types=v16@0:8
    => IMP @0x0000000102a38028
objc_msg_lookup -[NXConstantString cStr]
  -[NXConstantString cStr] types=r*16@0:8
    => IMP @0x0000000102a3aed4
  __zone_free => @0x0000000140008000
objc_msg_lookup -[NXObject dealloc]
  -[NXObject dealloc] types=v16@0:8
objc_lookup_class -[NXZone] @0x0000000102a4ab68
objc_msg_lookup +[NXZone class]
  +[NXZone class] types=#16@0:8
  +[NXObject class] types=#16@0:8
  +[Object class] types=#16@0:8
    => IMP @0x0000000102a3b104
